INFO:     Will watch for changes in these directories: ['/Users/louis/Desktop/quantitative_trading_system']
INFO:     Uvicorn running on http://127.0.0.1:8000 (Press CTRL+C to quit)
INFO:     Started reloader process [32316] using StatReload
WARNING:root:pandas_ta not available, using pandas native ewm
WARNING:root:pandas_ta not available, using pandas native ewm
WARNING:momentum.Indicators.indicator_engine:Indicator 'ema' already registered, overwriting
/Users/louis/Library/Python/3.9/lib/python/site-packages/urllib3/__init__.py:35: NotOpenSSLWarning: urllib3 v2 only supports OpenSSL 1.1.1+, currently the 'ssl' module is compiled with 'LibreSSL 2.8.3'. See: https://github.com/urllib3/urllib3/issues/3020
  warnings.warn(
/Users/louis/Library/Python/3.9/lib/python/site-packages/pydantic/_internal/_config.py:383: UserWarning: Valid config keys have changed in V2:
* 'schema_extra' has been renamed to 'json_schema_extra'
  warnings.warn(message, UserWarning)
INFO:     Started server process [32319]
INFO:     Waiting for application startup.
2025-12-09 22:09:46 - api.startup - [32mINFO[0m - 日誌系統已初始化 - 級別: INFO
2025-12-09 22:09:46 - api.startup - [32mINFO[0m - 日誌路徑: /Users/louis/Desktop/quantitative_trading_system/logs
2025-12-09 22:09:46 - api.config_check - [32mINFO[0m - 幣安API憑證已設置
2025-12-09 22:09:46 - api.config_check - [32mINFO[0m - 數據緩存目錄: /Users/louis/Desktop/quantitative_trading_system/data_cache
2025-12-09 22:09:46 - api.config_check - [32mINFO[0m - 結果輸出目錄: /Users/louis/Desktop/quantitative_trading_system/search_results
2025-12-09 22:09:46 - api.config_check - [32mINFO[0m - 日誌目錄: /Users/louis/Desktop/quantitative_trading_system/logs
2025-12-09 22:09:46 - api.config_check - [32mINFO[0m - Momentum模組路徑: /Users/louis/Desktop/quantitative_trading_system/momentum
2025-12-09 22:09:46 - api.startup - [32mINFO[0m - API 服務器啟動成功 - Case Search API v1.0.0
2025-12-09 22:09:46 - api.startup - [32mINFO[0m - 運行環境: Development
2025-12-09 22:09:46 - api.startup - [32mINFO[0m - API 前綴: /api/v1
INFO:     Application startup complete.
2025-12-09 22:09:53 - api.middleware.request - [32mINFO[0m - [fdf1211a] Started GET /api/v1/case/list from 127.0.0.1
2025-12-09 22:09:53 - api.routes.case - [32mINFO[0m - Retrieving case list
2025-12-09 22:09:53 - api.routes.case - [32mINFO[0m - Retrieved 165 cases
2025-12-09 22:09:53 - api.request - [32mINFO[0m - GET /api/v1/case/list - 200 - 0.002s
2025-12-09 22:09:53 - api.middleware.request - [32mINFO[0m - [fdf1211a] Completed GET /api/v1/case/list - 200 - 0.002s
INFO:     127.0.0.1:55503 - "GET /api/v1/case/list HTTP/1.1" 200 OK
2025-12-09 22:09:53 - api.middleware.request - [32mINFO[0m - [4bd2de1b] Started POST /api/v1/optimization/tasks from 127.0.0.1
2025-12-09 22:09:53 - momentum.DataExtraction.kline_storage - [32mINFO[0m - KlineStorageManager initialized: /Users/louis/Desktop/quantitative_trading_system/data_cache/kline_cache.h5
2025-12-09 22:09:53 - momentum.DataExtraction.kline_storage - [32mINFO[0m - KlineStorageManager initialized: data_cache/kline_cache.h5
2025-12-09 22:09:53 - momentum.Indicators.indicator_engine - [32mINFO[0m - IndicatorEngine initialized
2025-12-09 22:09:53 - api.services.signal_analysis_service - [32mINFO[0m - SignalAnalysisService initialized
2025-12-09 22:09:53 - momentum.Optimization.checkpoint_manager - [32mINFO[0m - CheckpointManager initialized: dir=data/checkpoints, interval=50, max=10, compression=True
2025-12-09 22:09:53 - momentum.Optimization.optuna_optimizer - [32mINFO[0m - OptunaOptimizer initialized: study_name=ETHUSDT_test_1765289393, sampler=TPE, n_trials=5, param_ranges=ParameterRanges(ema_short_range=(5, 19), ema_mid_range=(21, 49), ema_long_range=(51, 200), data_sources=['close'], strategy_logics=['three_line']), checkpoint_interval=50, max_retries=3
2025-12-09 22:09:53 - api.optimization_task_service - [32mINFO[0m - Task created: f117a3f9-0ef1-4e2a-bfc2-075c1c0e7b7e, study=ETHUSDT_test_1765289393, sampler=TPE, n_trials=5
2025-12-09 22:09:53 - api.routes.optimization - [32mINFO[0m - Optimization task created: f117a3f9-0ef1-4e2a-bfc2-075c1c0e7b7e
2025-12-09 22:09:53 - api.request - [32mINFO[0m - POST /api/v1/optimization/tasks - 200 - 0.002s
2025-12-09 22:09:53 - api.middleware.request - [32mINFO[0m - [4bd2de1b] Completed POST /api/v1/optimization/tasks - 200 - 0.002s
INFO:     127.0.0.1:55505 - "POST /api/v1/optimization/tasks HTTP/1.1" 200 OK
2025-12-09 22:09:53 - api.middleware.request - [32mINFO[0m - [98525638] Started POST /api/v1/optimization/tasks/f117a3f9-0ef1-4e2a-bfc2-075c1c0e7b7e/start from 127.0.0.1
2025-12-09 22:09:53 - api.optimization_task_service - [32mINFO[0m - Task started: f117a3f9-0ef1-4e2a-bfc2-075c1c0e7b7e
2025-12-09 22:09:53 - api.routes.optimization - [32mINFO[0m - Optimization task started: f117a3f9-0ef1-4e2a-bfc2-075c1c0e7b7e
2025-12-09 22:09:53 - api.optimization_task_service - [32mINFO[0m - Starting optimization for task: f117a3f9-0ef1-4e2a-bfc2-075c1c0e7b7e
2025-12-09 22:09:53 - momentum.Optimization.optuna_optimizer - [32mINFO[0m - Validating case IDs...
2025-12-09 22:09:53 - momentum.Optimization.optuna_optimizer - [32mINFO[0m - Case validation passed: 10 positive, 10 negative
2025-12-09 22:09:53 - momentum.Optimization.optuna_optimizer - [32mINFO[0m - DUAL-DENSITY MODE detected: near window=24, far window=100. Optimization target: ratio_separation (near/far ratio difference)
[I 2025-12-09 22:09:54,108] A new study created in RDB with name: ETHUSDT_test_1765289393
2025-12-09 22:09:54 - momentum.Optimization.optuna_optimizer - [32mINFO[0m - Study created/loaded: ETHUSDT_test_1765289393, previous trials: 0
2025-12-09 22:09:54 - momentum.Optimization.optuna_optimizer - [32mINFO[0m - Starting optimization: 5 new trials, n_jobs=1, existing trials=0
2025-12-09 22:09:54 - momentum.Optimization.progress_monitor - [32mINFO[0m - ProgressMonitor initialized: total_trials=5, milestones=[25, 50, 75], log_interval=100
2025-12-09 22:09:54 - momentum.Optimization.progress_monitor - [32mINFO[0m - Optimization started at 2025-12-09 22:09:54
2025-12-09 22:09:54 - momentum.Optimization.optuna_optimizer - [32mINFO[0m - ProgressMonitor started
2025-12-09 22:09:54 - api.request - [32mINFO[0m - POST /api/v1/optimization/tasks/f117a3f9-0ef1-4e2a-bfc2-075c1c0e7b7e/start - 200 - 0.315s
2025-12-09 22:09:54 - api.middleware.request - [32mINFO[0m - [98525638] Completed POST /api/v1/optimization/tasks/f117a3f9-0ef1-4e2a-bfc2-075c1c0e7b7e/start - 200 - 0.315s
INFO:     127.0.0.1:55507 - "POST /api/v1/optimization/tasks/f117a3f9-0ef1-4e2a-bfc2-075c1c0e7b7e/start HTTP/1.1" 200 OK
  0%|          | 0/5 [00:00<?, ?it/s]2025-12-09 22:09:54 - api.middleware.request - [32mINFO[0m - [5fde0fc9] Started GET /api/v1/optimization/tasks/f117a3f9-0ef1-4e2a-bfc2-075c1c0e7b7e from 127.0.0.1
2025-12-09 22:09:54 - api.request - [32mINFO[0m - GET /api/v1/optimization/tasks/f117a3f9-0ef1-4e2a-bfc2-075c1c0e7b7e - 200 - 0.005s
2025-12-09 22:09:54 - api.middleware.request - [32mINFO[0m - [5fde0fc9] Completed GET /api/v1/optimization/tasks/f117a3f9-0ef1-4e2a-bfc2-075c1c0e7b7e - 200 - 0.005s
INFO:     127.0.0.1:55509 - "GET /api/v1/optimization/tasks/f117a3f9-0ef1-4e2a-bfc2-075c1c0e7b7e HTTP/1.1" 200 OK
                                       0%|          | 0/5 [00:00<?, ?it/s][I 2025-12-09 22:09:54,139] Trial 0 pruned. 
2025-12-09 22:09:54 - momentum.Optimization.progress_monitor - [32mINFO[0m - Progress: 0/5 trials (20.0%), best=N/A, speed=133723.2 trials/hour, ETA=N/A
                                      20%|██        | 1/5 [00:00<00:00, 17.66it/s][I 2025-12-09 22:09:54,171] Trial 1 pruned. 
2025-12-09 22:09:54 - momentum.Optimization.progress_monitor - [32mINFO[0m - 🏁 Milestone reached: 25% (0/5 trials)
2025-12-09 22:09:54 - momentum.Optimization.progress_monitor - [32mINFO[0m - Progress: 0/5 trials (40.0%), best=N/A, speed=120957.1 trials/hour, ETA=N/A
                                              40%|████      | 2/5 [00:00<00:00, 26.11it/s][I 2025-12-09 22:09:54,191] Trial 2 pruned. 
2025-12-09 22:09:54 - momentum.Optimization.progress_monitor - [32mINFO[0m - 🏁 Milestone reached: 50% (0/5 trials)
2025-12-09 22:09:54 - momentum.Optimization.progress_monitor - [32mINFO[0m - Progress: 0/5 trials (60.0%), best=N/A, speed=135763.2 trials/hour, ETA=N/A
                                              60%|██████    | 3/5 [00:00<00:00, 31.73it/s][I 2025-12-09 22:09:54,209] Trial 3 pruned. 
2025-12-09 22:09:54 - momentum.Optimization.progress_monitor - [32mINFO[0m - 🏁 Milestone reached: 75% (0/5 trials)
2025-12-09 22:09:54 - momentum.Optimization.progress_monitor - [32mINFO[0m - Progress: 0/5 trials (80.0%), best=N/A, speed=148106.9 trials/hour, ETA=N/A
2025-12-09 22:09:54 - api.services.signal_analysis_service - [32mINFO[0m - 開始信號密度分析: positive=10, negative=10, strategy=three_line
2025-12-09 22:09:54 - momentum.Analysis.signal_density_analyzer - [32mINFO[0m - 開始信號密度分析: positive=10, negative=10, strategy=three_line, indicator=ema, dual_density_mode=True
2025-12-09 22:09:54 - momentum.Analysis.signal_density_analyzer - [31mERROR[0m - 計算正例密度失敗: case_id=ETHUSDT_1735905600_1, error=❌ Warmup 數據不足: 策略需要 1030 根 warmup（EMA229 × 4.5），
   但批量下載時只設置了 180 根 warmup。
   請在批量下載時設置 warmup_bars >= 1030，然後重新下載K線數據。
Traceback (most recent call last):
  File "/Users/louis/Desktop/quantitative_trading_system/momentum/Analysis/signal_density_analyzer.py", line 970, in analyze_signal_density
    full_klines = self._extract_full_density_window(
  File "/Users/louis/Desktop/quantitative_trading_system/momentum/Analysis/signal_density_analyzer.py", line 336, in _extract_full_density_window
    raise ValueError(
ValueError: ❌ Warmup 數據不足: 策略需要 1030 根 warmup（EMA229 × 4.5），
   但批量下載時只設置了 180 根 warmup。
   請在批量下載時設置 warmup_bars >= 1030，然後重新下載K線數據。
2025-12-09 22:09:54 - api.services.signal_analysis_service - [31mERROR[0m - 參數驗證失敗: ❌ Warmup 數據不足: 策略需要 1030 根 warmup（EMA229 × 4.5），
   但批量下載時只設置了 180 根 warmup。
   請在批量下載時設置 warmup_bars >= 1030，然後重新下載K線數據。
2025-12-09 22:09:54 - momentum.Optimization.error_handler - [33mWARNING[0m - Unknown error type HTTPException, treating as RETRYABLE
2025-12-09 22:09:54 - momentum.Optimization.error_handler - [33mWARNING[0m - 
============================================================
[ERROR] Trial 4 Failed
============================================================
Error Type: RETRYABLE
Exception: HTTPException
Message: 400: ❌ Warmup 數據不足: 策略需要 1030 根 warmup（EMA229 × 4.5），
   但批量下載時只設置了 180 根 warmup。
   請在批量下載時設置 warmup_bars >= 1030，然後重新下載K線數據。
Attempt: 1/3
Traceback:
Traceback (most recent call last):
  File "/Users/louis/Desktop/quantitative_trading_system/api/services/signal_analysis_service.py", line 165, in analyze_signal_density
    result = self.analyzer.analyze_signal_density(
  File "/Users/louis/Desktop/quantitative_trading_system/momentum/Analysis/signal_density_analyzer.py", line 970, in analyze_signal_density
    full_klines = self._extract_full_density_window(
  File "/Users/louis/Desktop/quantitative_trading_system/momentum/Analysis/signal_density_analyzer.py", line 336, in _extract_full_density_window
    raise ValueError(
ValueError: ❌ Warmup 數據不足: 策略需要 1030 根 warmup（EMA229 × 4.5），
   但批量下載時只設置了 180 根 warmup。
   請在批量下載時設置 warmup_bars >= 1030，然後重新下載K線數據。

During handling of the above exception, another exception occurred:

Traceback (most recent call last):
  File "/Users/louis/Desktop/quantitative_trading_system/momentum/Optimization/optuna_optimizer.py", line 525, in _objective_function_with_retry
    return await self._objective_function_core(trial)
  File "/Users/louis/Desktop/quantitative_trading_system/momentum/Optimization/optuna_optimizer.py", line 681, in _objective_function_core
    response: SignalDensityResponse = await self.signal_service.analyze_signal_density(request)
  File "/Users/louis/Desktop/quantitative_trading_system/api/services/signal_analysis_service.py", line 186, in analyze_signal_density
    raise HTTPException(status_code=400, detail=str(e))
fastapi.exceptions.HTTPException: 400: ❌ Warmup 數據不足: 策略需要 1030 根 warmup（EMA229 × 4.5），
   但批量下載時只設置了 180 根 warmup。
   請在批量下載時設置 warmup_bars >= 1030，然後重新下載K線數據。
============================================================

2025-12-09 22:09:54 - momentum.Optimization.error_handler - [32mINFO[0m - Trial 4 will retry (attempt 1/3) after 1.0s delay
2025-12-09 22:09:55 - api.services.signal_analysis_service - [32mINFO[0m - 開始信號密度分析: positive=10, negative=10, strategy=three_line
2025-12-09 22:09:55 - momentum.Analysis.signal_density_analyzer - [32mINFO[0m - 開始信號密度分析: positive=10, negative=10, strategy=three_line, indicator=ema, dual_density_mode=True
2025-12-09 22:09:55 - momentum.Analysis.signal_density_analyzer - [31mERROR[0m - 計算正例密度失敗: case_id=ETHUSDT_1735905600_1, error=❌ Warmup 數據不足: 策略需要 1030 根 warmup（EMA229 × 4.5），
   但批量下載時只設置了 180 根 warmup。
   請在批量下載時設置 warmup_bars >= 1030，然後重新下載K線數據。
Traceback (most recent call last):
  File "/Users/louis/Desktop/quantitative_trading_system/momentum/Analysis/signal_density_analyzer.py", line 970, in analyze_signal_density
    full_klines = self._extract_full_density_window(
  File "/Users/louis/Desktop/quantitative_trading_system/momentum/Analysis/signal_density_analyzer.py", line 336, in _extract_full_density_window
    raise ValueError(
ValueError: ❌ Warmup 數據不足: 策略需要 1030 根 warmup（EMA229 × 4.5），
   但批量下載時只設置了 180 根 warmup。
   請在批量下載時設置 warmup_bars >= 1030，然後重新下載K線數據。
2025-12-09 22:09:55 - api.services.signal_analysis_service - [31mERROR[0m - 參數驗證失敗: ❌ Warmup 數據不足: 策略需要 1030 根 warmup（EMA229 × 4.5），
   但批量下載時只設置了 180 根 warmup。
   請在批量下載時設置 warmup_bars >= 1030，然後重新下載K線數據。
2025-12-09 22:09:55 - momentum.Optimization.error_handler - [33mWARNING[0m - Unknown error type HTTPException, treating as RETRYABLE
2025-12-09 22:09:55 - momentum.Optimization.error_handler - [33mWARNING[0m - 
============================================================
[ERROR] Trial 4 Failed
============================================================
Error Type: RETRYABLE
Exception: HTTPException
Message: 400: ❌ Warmup 數據不足: 策略需要 1030 根 warmup（EMA229 × 4.5），
   但批量下載時只設置了 180 根 warmup。
   請在批量下載時設置 warmup_bars >= 1030，然後重新下載K線數據。
Attempt: 2/3
Traceback:
Traceback (most recent call last):
  File "/Users/louis/Desktop/quantitative_trading_system/api/services/signal_analysis_service.py", line 165, in analyze_signal_density
    result = self.analyzer.analyze_signal_density(
  File "/Users/louis/Desktop/quantitative_trading_system/momentum/Analysis/signal_density_analyzer.py", line 970, in analyze_signal_density
    full_klines = self._extract_full_density_window(
  File "/Users/louis/Desktop/quantitative_trading_system/momentum/Analysis/signal_density_analyzer.py", line 336, in _extract_full_density_window
    raise ValueError(
ValueError: ❌ Warmup 數據不足: 策略需要 1030 根 warmup（EMA229 × 4.5），
   但批量下載時只設置了 180 根 warmup。
   請在批量下載時設置 warmup_bars >= 1030，然後重新下載K線數據。

During handling of the above exception, another exception occurred:

Traceback (most recent call last):
  File "/Users/louis/Desktop/quantitative_trading_system/momentum/Optimization/optuna_optimizer.py", line 525, in _objective_function_with_retry
    return await self._objective_function_core(trial)
  File "/Users/louis/Desktop/quantitative_trading_system/momentum/Optimization/optuna_optimizer.py", line 681, in _objective_function_core
    response: SignalDensityResponse = await self.signal_service.analyze_signal_density(request)
  File "/Users/louis/Desktop/quantitative_trading_system/api/services/signal_analysis_service.py", line 186, in analyze_signal_density
    raise HTTPException(status_code=400, detail=str(e))
fastapi.exceptions.HTTPException: 400: ❌ Warmup 數據不足: 策略需要 1030 根 warmup（EMA229 × 4.5），
   但批量下載時只設置了 180 根 warmup。
   請在批量下載時設置 warmup_bars >= 1030，然後重新下載K線數據。
============================================================

2025-12-09 22:09:55 - momentum.Optimization.error_handler - [32mINFO[0m - Trial 4 will retry (attempt 2/3) after 2.0s delay
2025-12-09 22:09:57 - api.services.signal_analysis_service - [32mINFO[0m - 開始信號密度分析: positive=10, negative=10, strategy=three_line
2025-12-09 22:09:57 - momentum.Analysis.signal_density_analyzer - [32mINFO[0m - 開始信號密度分析: positive=10, negative=10, strategy=three_line, indicator=ema, dual_density_mode=True
2025-12-09 22:09:57 - momentum.Analysis.signal_density_analyzer - [31mERROR[0m - 計算正例密度失敗: case_id=ETHUSDT_1735905600_1, error=❌ Warmup 數據不足: 策略需要 1030 根 warmup（EMA229 × 4.5），
   但批量下載時只設置了 180 根 warmup。
   請在批量下載時設置 warmup_bars >= 1030，然後重新下載K線數據。
Traceback (most recent call last):
  File "/Users/louis/Desktop/quantitative_trading_system/momentum/Analysis/signal_density_analyzer.py", line 970, in analyze_signal_density
    full_klines = self._extract_full_density_window(
  File "/Users/louis/Desktop/quantitative_trading_system/momentum/Analysis/signal_density_analyzer.py", line 336, in _extract_full_density_window
    raise ValueError(
ValueError: ❌ Warmup 數據不足: 策略需要 1030 根 warmup（EMA229 × 4.5），
   但批量下載時只設置了 180 根 warmup。
   請在批量下載時設置 warmup_bars >= 1030，然後重新下載K線數據。
2025-12-09 22:09:57 - api.services.signal_analysis_service - [31mERROR[0m - 參數驗證失敗: ❌ Warmup 數據不足: 策略需要 1030 根 warmup（EMA229 × 4.5），
   但批量下載時只設置了 180 根 warmup。
   請在批量下載時設置 warmup_bars >= 1030，然後重新下載K線數據。
2025-12-09 22:09:57 - momentum.Optimization.error_handler - [33mWARNING[0m - Unknown error type HTTPException, treating as RETRYABLE
2025-12-09 22:09:57 - momentum.Optimization.error_handler - [33mWARNING[0m - 
============================================================
[ERROR] Trial 4 Failed
============================================================
Error Type: RETRYABLE
Exception: HTTPException
Message: 400: ❌ Warmup 數據不足: 策略需要 1030 根 warmup（EMA229 × 4.5），
   但批量下載時只設置了 180 根 warmup。
   請在批量下載時設置 warmup_bars >= 1030，然後重新下載K線數據。
Attempt: 3/3
Traceback:
Traceback (most recent call last):
  File "/Users/louis/Desktop/quantitative_trading_system/api/services/signal_analysis_service.py", line 165, in analyze_signal_density
    result = self.analyzer.analyze_signal_density(
  File "/Users/louis/Desktop/quantitative_trading_system/momentum/Analysis/signal_density_analyzer.py", line 970, in analyze_signal_density
    full_klines = self._extract_full_density_window(
  File "/Users/louis/Desktop/quantitative_trading_system/momentum/Analysis/signal_density_analyzer.py", line 336, in _extract_full_density_window
    raise ValueError(
ValueError: ❌ Warmup 數據不足: 策略需要 1030 根 warmup（EMA229 × 4.5），
   但批量下載時只設置了 180 根 warmup。
   請在批量下載時設置 warmup_bars >= 1030，然後重新下載K線數據。

During handling of the above exception, another exception occurred:

Traceback (most recent call last):
  File "/Users/louis/Desktop/quantitative_trading_system/momentum/Optimization/optuna_optimizer.py", line 525, in _objective_function_with_retry
    return await self._objective_function_core(trial)
  File "/Users/louis/Desktop/quantitative_trading_system/momentum/Optimization/optuna_optimizer.py", line 681, in _objective_function_core
    response: SignalDensityResponse = await self.signal_service.analyze_signal_density(request)
  File "/Users/louis/Desktop/quantitative_trading_system/api/services/signal_analysis_service.py", line 186, in analyze_signal_density
    raise HTTPException(status_code=400, detail=str(e))
fastapi.exceptions.HTTPException: 400: ❌ Warmup 數據不足: 策略需要 1030 根 warmup（EMA229 × 4.5），
   但批量下載時只設置了 180 根 warmup。
   請在批量下載時設置 warmup_bars >= 1030，然後重新下載K線數據。
============================================================

2025-12-09 22:09:57 - momentum.Optimization.error_handler - [32mINFO[0m - Trial 4 will retry (attempt 3/3) after 4.0s delay
2025-12-09 22:09:59 - api.middleware.request - [32mINFO[0m - [fac8b433] Started GET /api/v1/optimization/tasks/f117a3f9-0ef1-4e2a-bfc2-075c1c0e7b7e from 127.0.0.1
2025-12-09 22:09:59 - api.request - [32mINFO[0m - GET /api/v1/optimization/tasks/f117a3f9-0ef1-4e2a-bfc2-075c1c0e7b7e - 200 - 0.001s
2025-12-09 22:09:59 - api.middleware.request - [32mINFO[0m - [fac8b433] Completed GET /api/v1/optimization/tasks/f117a3f9-0ef1-4e2a-bfc2-075c1c0e7b7e - 200 - 0.001s
INFO:     127.0.0.1:55521 - "GET /api/v1/optimization/tasks/f117a3f9-0ef1-4e2a-bfc2-075c1c0e7b7e HTTP/1.1" 200 OK
2025-12-09 22:10:01 - api.services.signal_analysis_service - [32mINFO[0m - 開始信號密度分析: positive=10, negative=10, strategy=three_line
2025-12-09 22:10:01 - momentum.Analysis.signal_density_analyzer - [32mINFO[0m - 開始信號密度分析: positive=10, negative=10, strategy=three_line, indicator=ema, dual_density_mode=True
2025-12-09 22:10:01 - momentum.Analysis.signal_density_analyzer - [31mERROR[0m - 計算正例密度失敗: case_id=ETHUSDT_1735905600_1, error=❌ Warmup 數據不足: 策略需要 1030 根 warmup（EMA229 × 4.5），
   但批量下載時只設置了 180 根 warmup。
   請在批量下載時設置 warmup_bars >= 1030，然後重新下載K線數據。
Traceback (most recent call last):
  File "/Users/louis/Desktop/quantitative_trading_system/momentum/Analysis/signal_density_analyzer.py", line 970, in analyze_signal_density
    full_klines = self._extract_full_density_window(
  File "/Users/louis/Desktop/quantitative_trading_system/momentum/Analysis/signal_density_analyzer.py", line 336, in _extract_full_density_window
    raise ValueError(
ValueError: ❌ Warmup 數據不足: 策略需要 1030 根 warmup（EMA229 × 4.5），
   但批量下載時只設置了 180 根 warmup。
   請在批量下載時設置 warmup_bars >= 1030，然後重新下載K線數據。
2025-12-09 22:10:01 - api.services.signal_analysis_service - [31mERROR[0m - 參數驗證失敗: ❌ Warmup 數據不足: 策略需要 1030 根 warmup（EMA229 × 4.5），
   但批量下載時只設置了 180 根 warmup。
   請在批量下載時設置 warmup_bars >= 1030，然後重新下載K線數據。
2025-12-09 22:10:01 - momentum.Optimization.error_handler - [33mWARNING[0m - Unknown error type HTTPException, treating as RETRYABLE
2025-12-09 22:10:01 - momentum.Optimization.error_handler - [33mWARNING[0m - 
============================================================
[ERROR] Trial 4 Failed
============================================================
Error Type: RETRYABLE
Exception: HTTPException
Message: 400: ❌ Warmup 數據不足: 策略需要 1030 根 warmup（EMA229 × 4.5），
   但批量下載時只設置了 180 根 warmup。
   請在批量下載時設置 warmup_bars >= 1030，然後重新下載K線數據。
Attempt: 4/3
Traceback:
Traceback (most recent call last):
  File "/Users/louis/Desktop/quantitative_trading_system/api/services/signal_analysis_service.py", line 165, in analyze_signal_density
    result = self.analyzer.analyze_signal_density(
  File "/Users/louis/Desktop/quantitative_trading_system/momentum/Analysis/signal_density_analyzer.py", line 970, in analyze_signal_density
    full_klines = self._extract_full_density_window(
  File "/Users/louis/Desktop/quantitative_trading_system/momentum/Analysis/signal_density_analyzer.py", line 336, in _extract_full_density_window
    raise ValueError(
ValueError: ❌ Warmup 數據不足: 策略需要 1030 根 warmup（EMA229 × 4.5），
   但批量下載時只設置了 180 根 warmup。
   請在批量下載時設置 warmup_bars >= 1030，然後重新下載K線數據。

During handling of the above exception, another exception occurred:

Traceback (most recent call last):
  File "/Users/louis/Desktop/quantitative_trading_system/momentum/Optimization/optuna_optimizer.py", line 525, in _objective_function_with_retry
    return await self._objective_function_core(trial)
  File "/Users/louis/Desktop/quantitative_trading_system/momentum/Optimization/optuna_optimizer.py", line 681, in _objective_function_core
    response: SignalDensityResponse = await self.signal_service.analyze_signal_density(request)
  File "/Users/louis/Desktop/quantitative_trading_system/api/services/signal_analysis_service.py", line 186, in analyze_signal_density
    raise HTTPException(status_code=400, detail=str(e))
fastapi.exceptions.HTTPException: 400: ❌ Warmup 數據不足: 策略需要 1030 根 warmup（EMA229 × 4.5），
   但批量下載時只設置了 180 根 warmup。
   請在批量下載時設置 warmup_bars >= 1030，然後重新下載K線數據。
============================================================

2025-12-09 22:10:01 - momentum.Optimization.error_handler - [32mINFO[0m - Trial 4 will not retry (error_type=retryable)
2025-12-09 22:10:01 - momentum.Optimization.error_handler - [33mWARNING[0m - Unknown error type HTTPException, treating as RETRYABLE
                                              80%|████████  | 4/5 [00:07<00:01,  1.79s/it][I 2025-12-09 22:10:01,269] Trial 4 finished with value: -500.0 and parameters: {'data_source': 'close', 'strategy_logic': 'three_line', 'indicator_type': 'ema', 'short_period': 147, 'mid_period': 184, 'long_period': 229}. Best is trial 4 with value: -500.0.
2025-12-09 22:10:01 - momentum.Optimization.progress_monitor - [32mINFO[0m - 🎯 New best value found: -500.0000 (trial 4, params={'data_source': 'close', 'strategy_logic': 'three_line', 'indicator_type': 'ema', 'short_period': 147, 'mid_period': 184, 'long_period': 229})
Best trial: 4. Best value: -500:  80%|████████  | 4/5 [00:07<00:01,  1.80s/it]Best trial: 4. Best value: -500: 100%|██████████| 5/5 [00:07<00:00,  1.44s/it]Best trial: 4. Best value: -500: 100%|██████████| 5/5 [00:07<00:00,  1.44s/it]
2025-12-09 22:10:01 - momentum.Optimization.progress_monitor - [32mINFO[0m - Optimization finished: 1 completed, 4 pruned, 0 failed, total time=0:00:07, best_value=-500.0000
2025-12-09 22:10:01 - momentum.Optimization.optuna_optimizer - [32mINFO[0m - Optimization completed: best_value=-500.0000, best_params={'data_source': 'close', 'strategy_logic': 'three_line', 'indicator_type': 'ema', 'short_period': 147, 'mid_period': 184, 'long_period': 229}, total_time=7.2s
2025-12-09 22:10:01 - api.optimization_task_service - [31mERROR[0m - Failed to save result for task f117a3f9-0ef1-4e2a-bfc2-075c1c0e7b7e: 'OptimizationResult' object has no attribute 'n_trials'
2025-12-09 22:10:01 - api.optimization_task_service - [32mINFO[0m - Task completed: f117a3f9-0ef1-4e2a-bfc2-075c1c0e7b7e, best_value=-500.0
2025-12-09 22:10:04 - api.middleware.request - [32mINFO[0m - [3cd0212f] Started GET /api/v1/optimization/tasks/f117a3f9-0ef1-4e2a-bfc2-075c1c0e7b7e from 127.0.0.1
2025-12-09 22:10:04 - api.request - [32mINFO[0m - GET /api/v1/optimization/tasks/f117a3f9-0ef1-4e2a-bfc2-075c1c0e7b7e - 200 - 0.001s
2025-12-09 22:10:04 - api.middleware.request - [32mINFO[0m - [3cd0212f] Completed GET /api/v1/optimization/tasks/f117a3f9-0ef1-4e2a-bfc2-075c1c0e7b7e - 200 - 0.001s
INFO:     127.0.0.1:55533 - "GET /api/v1/optimization/tasks/f117a3f9-0ef1-4e2a-bfc2-075c1c0e7b7e HTTP/1.1" 200 OK
2025-12-09 22:10:04 - api.middleware.request - [32mINFO[0m - [8f9b20d7] Started GET /api/v1/optimization/tasks/f117a3f9-0ef1-4e2a-bfc2-075c1c0e7b7e/result from 127.0.0.1
2025-12-09 22:10:04 - api.routes.optimization_analysis - [32mINFO[0m - Retrieved optimization result for task f117a3f9-0ef1-4e2a-bfc2-075c1c0e7b7e
2025-12-09 22:10:04 - api.request - [32mINFO[0m - GET /api/v1/optimization/tasks/f117a3f9-0ef1-4e2a-bfc2-075c1c0e7b7e/result - 200 - 0.001s
2025-12-09 22:10:04 - api.middleware.request - [32mINFO[0m - [8f9b20d7] Completed GET /api/v1/optimization/tasks/f117a3f9-0ef1-4e2a-bfc2-075c1c0e7b7e/result - 200 - 0.001s
INFO:     127.0.0.1:55535 - "GET /api/v1/optimization/tasks/f117a3f9-0ef1-4e2a-bfc2-075c1c0e7b7e/result HTTP/1.1" 200 OK
2025-12-09 22:10:04 - api.middleware.request - [32mINFO[0m - [e3ecef98] Started GET /api/v1/optimization/tasks/f117a3f9-0ef1-4e2a-bfc2-075c1c0e7b7e/analysis/param-importance from 127.0.0.1
2025-12-09 22:10:04 - api.request - [33mWARNING[0m - GET /api/v1/optimization/tasks/f117a3f9-0ef1-4e2a-bfc2-075c1c0e7b7e/analysis/param-importance - 404 - 0.001s
2025-12-09 22:10:04 - api.middleware.request - [32mINFO[0m - [e3ecef98] Completed GET /api/v1/optimization/tasks/f117a3f9-0ef1-4e2a-bfc2-075c1c0e7b7e/analysis/param-importance - 404 - 0.001s
INFO:     127.0.0.1:55537 - "GET /api/v1/optimization/tasks/f117a3f9-0ef1-4e2a-bfc2-075c1c0e7b7e/analysis/param-importance HTTP/1.1" 404 Not Found
2025-12-09 22:10:04 - api.middleware.request - [32mINFO[0m - [c27a6e51] Started GET /api/v1/optimization/tasks/f117a3f9-0ef1-4e2a-bfc2-075c1c0e7b7e/analysis/convergence from 127.0.0.1
2025-12-09 22:10:04 - api.routes.optimization_analysis - [32mINFO[0m - Convergence analysis for task f117a3f9-0ef1-4e2a-bfc2-075c1c0e7b7e: converged=False
2025-12-09 22:10:04 - api.request - [32mINFO[0m - GET /api/v1/optimization/tasks/f117a3f9-0ef1-4e2a-bfc2-075c1c0e7b7e/analysis/convergence - 200 - 0.024s
2025-12-09 22:10:04 - api.middleware.request - [32mINFO[0m - [c27a6e51] Completed GET /api/v1/optimization/tasks/f117a3f9-0ef1-4e2a-bfc2-075c1c0e7b7e/analysis/convergence - 200 - 0.024s
INFO:     127.0.0.1:55539 - "GET /api/v1/optimization/tasks/f117a3f9-0ef1-4e2a-bfc2-075c1c0e7b7e/analysis/convergence HTTP/1.1" 200 OK
2025-12-09 22:10:04 - api.middleware.request - [32mINFO[0m - [0b11a56a] Started GET /api/v1/optimization/tasks/f117a3f9-0ef1-4e2a-bfc2-075c1c0e7b7e/analysis/stability from 127.0.0.1
2025-12-09 22:10:04 - api.routes.optimization_analysis - [32mINFO[0m - Stability analysis for task f117a3f9-0ef1-4e2a-bfc2-075c1c0e7b7e: overall_cv=0.0000
2025-12-09 22:10:04 - api.request - [32mINFO[0m - GET /api/v1/optimization/tasks/f117a3f9-0ef1-4e2a-bfc2-075c1c0e7b7e/analysis/stability - 200 - 0.022s
2025-12-09 22:10:04 - api.middleware.request - [32mINFO[0m - [0b11a56a] Completed GET /api/v1/optimization/tasks/f117a3f9-0ef1-4e2a-bfc2-075c1c0e7b7e/analysis/stability - 200 - 0.022s
INFO:     127.0.0.1:55541 - "GET /api/v1/optimization/tasks/f117a3f9-0ef1-4e2a-bfc2-075c1c0e7b7e/analysis/stability HTTP/1.1" 200 OK
2025-12-09 22:10:04 - api.middleware.request - [32mINFO[0m - [79df06cf] Started GET /api/v1/optimization/tasks/f117a3f9-0ef1-4e2a-bfc2-075c1c0e7b7e/trials from 127.0.0.1
2025-12-09 22:10:04 - momentum.Optimization.result_analyzer - [32mINFO[0m - Retrieved top 1 trials
2025-12-09 22:10:04 - api.routes.optimization_analysis - [32mINFO[0m - Retrieved top 1 trials for task f117a3f9-0ef1-4e2a-bfc2-075c1c0e7b7e
2025-12-09 22:10:04 - api.request - [32mINFO[0m - GET /api/v1/optimization/tasks/f117a3f9-0ef1-4e2a-bfc2-075c1c0e7b7e/trials - 200 - 0.023s
2025-12-09 22:10:04 - api.middleware.request - [32mINFO[0m - [79df06cf] Completed GET /api/v1/optimization/tasks/f117a3f9-0ef1-4e2a-bfc2-075c1c0e7b7e/trials - 200 - 0.023s
INFO:     127.0.0.1:55543 - "GET /api/v1/optimization/tasks/f117a3f9-0ef1-4e2a-bfc2-075c1c0e7b7e/trials?top_n=5 HTTP/1.1" 200 OK
/Library/Developer/CommandLineTools/Library/Frameworks/Python3.framework/Versions/3.9/lib/python3.9/multiprocessing/resource_tracker.py:216: UserWarning: resource_tracker: There appear to be 1 leaked semaphore objects to clean up at shutdown
  warnings.warn('resource_tracker: There appear to be %d '
