
> frontend@0.1.0 dev
> next dev --turbopack

 ⚠ Port 3000 is in use, using available port 3003 instead.
   ▲ Next.js 15.3.4 (Turbopack)
   - Local:        http://localhost:3003
   - Network:      http://192.168.0.211:3003
   - En ○ Compiling /strategy-test ...
 ✓ Compiled /strategy-test in 2s
 GET /strategy-test 200 in 2195ms
 GET /strategy-test 200 in 26ms
 GET /strategy-test?symbol=ETHUSDT&timeframe=1h&start=2025-09-26&end=2025-12-25&dataSources=volume&indicatorType=ema&strategyLogic=three_line&emaShort=11&emaMid=14&emaLong=22&lookback=24&farLookback=100&forward=0&clusterWeight=0.5&state=JTdCJTIyZGF0YVNvdXJjZXMlMjIlM0ElMjJ2b2x1bWUlMjIlMkMlMjJpbmRpY2F0b3JUeXBlJTIyJTNBJTIyZW1hJTIyJTJDJTIyc3RyYXRlZ3lMb2dpYyUyMiUzQSUyMnRocmVlX2xpbmUlMjIlMkMlMjJpbmRpY2F0b3JQYXJhbXMlMjIlM0ElN0IlMjJzaG9ydF9wZXJpb2QlMjIlM0ExMSUyQyUyMm1pZF9wZXJpb2QlMjIlM0ExNCUyQyUyMmxvbmdfcGVyaW9kJTIyJTNBMjIlN0QlMkMlMjJ3aW5kb3dDb25maWclMjIlM0ElN0IlMjJyZWZlcmVuY2VfcG9pbnQlMjIlM0ElMjJUTyUyMiUyQyUyMmxvb2tiYWNrX2JhcnMlMjIlM0EyNCUyQyUyMmxvb2tmb3J3YXJkX2JhcnMlMjIlM0EwJTJDJTIyZmFyX2xvb2tiYWNrX2JhcnMlMjIlM0ExMDAlMkMlMjJtb2RlJTIyJTNBJTIycmVsYXRpdmUlMjIlN0QlMkMlMjJzeW1ib2wlMjIlM0ElMjJFVEhVU0RUJTIyJTJDJTIydGltZWZyYW1lJTIyJTNBJTIyMWglMjIlMkMlMjJkYXRlUmFuZ2UlMjIlM0ElN0IlMjJzdGFydCUyMiUzQSUyMjIwMjUtMDktMjYlMjIlMkMlMjJlbmQlMjIlM0ElMjIyMDI1LTEyLTI1JTIyJTdEJTJDJTIyY2x1c3RlcmluZ1dlaWdodCUyMiUzQTAuNSU3RA%3D%3D 200 in 35ms
 GET /strategy-test?symbol=ETHUSDT&timeframe=1h&start=2025-09-26&end=2025-12-25&dataSources=volume&indicatorType=ema&strategyLogic=three_line&emaShort=11&emaMid=14&emaLong=22&lookback=24&farLookback=100&forward=0&clusterWeight=0.5&state=JTdCJTIyZGF0YVNvdXJjZXMlMjIlM0ElMjJ2b2x1bWUlMjIlMkMlMjJpbmRpY2F0b3JUeXBlJTIyJTNBJTIyZW1hJTIyJTJDJTIyc3RyYXRlZ3lMb2dpYyUyMiUzQSUyMnRocmVlX2xpbmUlMjIlMkMlMjJpbmRpY2F0b3JQYXJhbXMlMjIlM0ElN0IlMjJzaG9ydF9wZXJpb2QlMjIlM0ExMSUyQyUyMm1pZF9wZXJpb2QlMjIlM0ExNCUyQyUyMmxvbmdfcGVyaW9kJTIyJTNBMjIlN0QlMkMlMjJ3aW5kb3dDb25maWclMjIlM0ElN0IlMjJyZWZlcmVuY2VfcG9pbnQlMjIlM0ElMjJUTyUyMiUyQyUyMmxvb2tiYWNrX2JhcnMlMjIlM0EyNCUyQyUyMmxvb2tmb3J3YXJkX2JhcnMlMjIlM0EwJTJDJTIyZmFyX2xvb2tiYWNrX2JhcnMlMjIlM0ExMDAlMkMlMjJtb2RlJTIyJTNBJTIycmVsYXRpdmUlMjIlN0QlMkMlMjJzeW1ib2wlMjIlM0ElMjJFVEhVU0RUJTIyJTJDJTIydGltZWZyYW1lJTIyJTNBJTIyMWglMjIlMkMlMjJkYXRlUmFuZ2UlMjIlM0ElN0IlMjJzdGFydCUyMiUzQSUyMjIwMjUtMDktMjYlMjIlMkMlMjJlbmQlMjIlM0ElMjIyMDI1LTEyLTI1JTIyJTdEJTJDJTIyY2x1c3RlcmluZ1dlaWdodCUyMiUzQTAuNSU3RA%3D%3D 200 in 182ms
 ✓ Compiled /favicon.ico in 492ms
 GET /favicon.ico?favicon.45db1c09.ico 200 in 737ms
 ○ Compiling /optimization-result/[taskId] ...
 ✓ Compiled /optimization-result/[taskId] in 1559ms
 GET /optimization-result/0d66ff98-fcc6-4f34-abaf-0328be6d8ff9 200 in 1924ms
 GET /optimization-result/0d66ff98-fcc6-4f34-abaf-0328be6d8ff9 200 in 259ms
 GET /favicon.ico?favicon.45db1c09.ico 200 in 282ms
 GET /optimization-result/0d66ff98-fcc6-4f34-abaf-0328be6d8ff9 200 in 62ms
 GET /favicon.ico?favicon.45db1c09.ico 200 in 247ms
 GET /strategy-test 200 in 67ms
 GET /strategy-test?symbol=ETHUSDT&timeframe=1h&start=2025-09-26&end=2025-12-25&dataSources=volume&indicatorType=ema&strategyLogic=three_line&emaShort=11&emaMid=14&emaLong=22&lookback=24&farLookback=100&forward=0&clusterWeight=0.5&state=JTdCJTIyZGF0YVNvdXJjZXMlMjIlM0ElMjJ2b2x1bWUlMjIlMkMlMjJpbmRpY2F0b3JUeXBlJTIyJTNBJTIyZW1hJTIyJTJDJTIyc3RyYXRlZ3lMb2dpYyUyMiUzQSUyMnRocmVlX2xpbmUlMjIlMkMlMjJpbmRpY2F0b3JQYXJhbXMlMjIlM0ElN0IlMjJzaG9ydF9wZXJpb2QlMjIlM0ExMSUyQyUyMm1pZF9wZXJpb2QlMjIlM0ExNCUyQyUyMmxvbmdfcGVyaW9kJTIyJTNBMjIlN0QlMkMlMjJ3aW5kb3dDb25maWclMjIlM0ElN0IlMjJyZWZlcmVuY2VfcG9pbnQlMjIlM0ElMjJUTyUyMiUyQyUyMmxvb2tiYWNrX2JhcnMlMjIlM0EyNCUyQyUyMmxvb2tmb3J3YXJkX2JhcnMlMjIlM0EwJTJDJTIyZmFyX2xvb2tiYWNrX2JhcnMlMjIlM0ExMDAlMkMlMjJtb2RlJTIyJTNBJTIycmVsYXRpdmUlMjIlN0QlMkMlMjJzeW1ib2wlMjIlM0ElMjJFVEhVU0RUJTIyJTJDJTIydGltZWZyYW1lJTIyJTNBJTIyMWglMjIlMkMlMjJkYXRlUmFuZ2UlMjIlM0ElN0IlMjJzdGFydCUyMiUzQSUyMjIwMjUtMDktMjYlMjIlMkMlMjJlbmQlMjIlM0ElMjIyMDI1LTEyLTI1JTIyJTdEJTJDJTIyY2x1c3RlcmluZ1dlaWdodCUyMiUzQTAuNSU3RA%3D%3D 200 in 31ms
 GET /strategy-test?symbol=ETHUSDT&timeframe=1h&start=2025-09-26&end=2025-12-25&dataSources=volume&indicatorType=ema&strategyLogic=three_line&emaShort=11&emaMid=14&emaLong=22&lookback=24&farLookback=100&forward=0&clusterWeight=0.5&state=JTdCJTIyZGF0YVNvdXJjZXMlMjIlM0ElMjJ2b2x1bWUlMjIlMkMlMjJpbmRpY2F0b3JUeXBlJTIyJTNBJTIyZW1hJTIyJTJDJTIyc3RyYXRlZ3lMb2dpYyUyMiUzQSUyMnRocmVlX2xpbmUlMjIlMkMlMjJpbmRpY2F0b3JQYXJhbXMlMjIlM0ElN0IlMjJzaG9ydF9wZXJpb2QlMjIlM0ExMSUyQyUyMm1pZF9wZXJpb2QlMjIlM0ExNCUyQyUyMmxvbmdfcGVyaW9kJTIyJTNBMjIlN0QlMkMlMjJ3aW5kb3dDb25maWclMjIlM0ElN0IlMjJyZWZlcmVuY2VfcG9pbnQlMjIlM0ElMjJUTyUyMiUyQyUyMmxvb2tiYWNrX2JhcnMlMjIlM0EyNCUyQyUyMmxvb2tmb3J3YXJkX2JhcnMlMjIlM0EwJTJDJTIyZmFyX2xvb2tiYWNrX2JhcnMlMjIlM0ExMDAlMkMlMjJtb2RlJTIyJTNBJTIycmVsYXRpdmUlMjIlN0QlMkMlMjJzeW1ib2wlMjIlM0ElMjJFVEhVU0RUJTIyJTJDJTIydGltZWZyYW1lJTIyJTNBJTIyMWglMjIlMkMlMjJkYXRlUmFuZ2UlMjIlM0ElN0IlMjJzdGFydCUyMiUzQSUyMjIwMjUtMDktMjYlMjIlMkMlMjJlbmQlMjIlM0ElMjIyMDI1LTEyLTI1JTIyJTdEJTJDJTIyY2x1c3RlcmluZ1dlaWdodCUyMiUzQTAuNSU3RA%3D%3D 200 in 120ms
 GET /favicon.ico?favicon.45db1c09.ico 200 in 236ms
 GET /optimization-result/0ceb35a2-b0a7-4b6e-8b7b-049f8e1e9a11 200 in 33ms
 GET /strategy-test 200 in 34ms
 GET /strategy-test?symbol=ETHUSDT&timeframe=1h&start=2025-09-26&end=2025-12-25&dataSources=volume&indicatorType=ema&strategyLogic=three_line&emaShort=11&emaMid=14&emaLong=22&lookback=24&farLookback=100&forward=0&clusterWeight=0.5&state=JTdCJTIyZGF0YVNvdXJjZXMlMjIlM0ElMjJ2b2x1bWUlMjIlMkMlMjJpbmRpY2F0b3JUeXBlJTIyJTNBJTIyZW1hJTIyJTJDJTIyc3RyYXRlZ3lMb2dpYyUyMiUzQSUyMnRocmVlX2xpbmUlMjIlMkMlMjJpbmRpY2F0b3JQYXJhbXMlMjIlM0ElN0IlMjJzaG9ydF9wZXJpb2QlMjIlM0ExMSUyQyUyMm1pZF9wZXJpb2QlMjIlM0ExNCUyQyUyMmxvbmdfcGVyaW9kJTIyJTNBMjIlN0QlMkMlMjJ3aW5kb3dDb25maWclMjIlM0ElN0IlMjJyZWZlcmVuY2VfcG9pbnQlMjIlM0ElMjJUTyUyMiUyQyUyMmxvb2tiYWNrX2JhcnMlMjIlM0EyNCUyQyUyMmxvb2tmb3J3YXJkX2JhcnMlMjIlM0EwJTJDJTIyZmFyX2xvb2tiYWNrX2JhcnMlMjIlM0ExMDAlMkMlMjJtb2RlJTIyJTNBJTIycmVsYXRpdmUlMjIlN0QlMkMlMjJzeW1ib2wlMjIlM0ElMjJFVEhVU0RUJTIyJTJDJTIydGltZWZyYW1lJTIyJTNBJTIyMWglMjIlMkMlMjJkYXRlUmFuZ2UlMjIlM0ElN0IlMjJzdGFydCUyMiUzQSUyMjIwMjUtMDktMjYlMjIlMkMlMjJlbmQlMjIlM0ElMjIyMDI1LTEyLTI1JTIyJTdEJTJDJTIyY2x1c3RlcmluZ1dlaWdodCUyMiUzQTAuNSU3RA%3D%3D 200 in 32ms
 GET /optimization-result/65ad674e-4991-453c-a801-655d2aa99e0c 200 in 58ms
 GET /strategy-test 200 in 95ms
 GET /strategy-test?symbol=ETHUSDT&timeframe=1h&start=2025-09-26&end=2025-12-25&dataSources=volume&indicatorType=ema&strategyLogic=three_line&emaShort=11&emaMid=14&emaLong=22&lookback=24&farLookback=100&forward=0&clusterWeight=0.5&state=JTdCJTIyZGF0YVNvdXJjZXMlMjIlM0ElMjJ2b2x1bWUlMjIlMkMlMjJpbmRpY2F0b3JUeXBlJTIyJTNBJTIyZW1hJTIyJTJDJTIyc3RyYXRlZ3lMb2dpYyUyMiUzQSUyMnRocmVlX2xpbmUlMjIlMkMlMjJpbmRpY2F0b3JQYXJhbXMlMjIlM0ElN0IlMjJzaG9ydF9wZXJpb2QlMjIlM0ExMSUyQyUyMm1pZF9wZXJpb2QlMjIlM0ExNCUyQyUyMmxvbmdfcGVyaW9kJTIyJTNBMjIlN0QlMkMlMjJ3aW5kb3dDb25maWclMjIlM0ElN0IlMjJyZWZlcmVuY2VfcG9pbnQlMjIlM0ElMjJUTyUyMiUyQyUyMmxvb2tiYWNrX2JhcnMlMjIlM0EyNCUyQyUyMmxvb2tmb3J3YXJkX2JhcnMlMjIlM0EwJTJDJTIyZmFyX2xvb2tiYWNrX2JhcnMlMjIlM0ExMDAlMkMlMjJtb2RlJTIyJTNBJTIycmVsYXRpdmUlMjIlN0QlMkMlMjJzeW1ib2wlMjIlM0ElMjJFVEhVU0RUJTIyJTJDJTIydGltZWZyYW1lJTIyJTNBJTIyMWglMjIlMkMlMjJkYXRlUmFuZ2UlMjIlM0ElN0IlMjJzdGFydCUyMiUzQSUyMjIwMjUtMDktMjYlMjIlMkMlMjJlbmQlMjIlM0ElMjIyMDI1LTEyLTI1JTIyJTdEJTJDJTIyY2x1c3RlcmluZ1dlaWdodCUyMiUzQTAuNSU3RA%3D%3D 200 in 25ms
 GET /optimization-result/755c0c2e-5823-4eee-ad79-d1342084659d 200 in 52ms
 GET /strategy-test 200 in 106ms
 GET /strategy-test?symbol=ETHUSDT&timeframe=1h&start=2025-09-26&end=2025-12-25&dataSources=volume&indicatorType=ema&strategyLogic=three_line&emaShort=11&emaMid=14&emaLong=22&lookback=24&farLookback=100&forward=0&clusterWeight=0.5&state=JTdCJTIyZGF0YVNvdXJjZXMlMjIlM0ElMjJ2b2x1bWUlMjIlMkMlMjJpbmRpY2F0b3JUeXBlJTIyJTNBJTIyZW1hJTIyJTJDJTIyc3RyYXRlZ3lMb2dpYyUyMiUzQSUyMnRocmVlX2xpbmUlMjIlMkMlMjJpbmRpY2F0b3JQYXJhbXMlMjIlM0ElN0IlMjJzaG9ydF9wZXJpb2QlMjIlM0ExMSUyQyUyMm1pZF9wZXJpb2QlMjIlM0ExNCUyQyUyMmxvbmdfcGVyaW9kJTIyJTNBMjIlN0QlMkMlMjJ3aW5kb3dDb25maWclMjIlM0ElN0IlMjJyZWZlcmVuY2VfcG9pbnQlMjIlM0ElMjJUTyUyMiUyQyUyMmxvb2tiYWNrX2JhcnMlMjIlM0EyNCUyQyUyMmxvb2tmb3J3YXJkX2JhcnMlMjIlM0EwJTJDJTIyZmFyX2xvb2tiYWNrX2JhcnMlMjIlM0ExMDAlMkMlMjJtb2RlJTIyJTNBJTIycmVsYXRpdmUlMjIlN0QlMkMlMjJzeW1ib2wlMjIlM0ElMjJFVEhVU0RUJTIyJTJDJTIydGltZWZyYW1lJTIyJTNBJTIyMWglMjIlMkMlMjJkYXRlUmFuZ2UlMjIlM0ElN0IlMjJzdGFydCUyMiUzQSUyMjIwMjUtMDktMjYlMjIlMkMlMjJlbmQlMjIlM0ElMjIyMDI1LTEyLTI1JTIyJTdEJTJDJTIyY2x1c3RlcmluZ1dlaWdodCUyMiUzQTAuNSU3RA%3D%3D 200 in 43ms
 GET /optimization-result/3e16c3f8-0f5b-4c6e-aa72-6f7f47e2dd4d 200 in 163ms
 GET /strategy-test 200 in 93ms
 GET /strategy-test?symbol=ETHUSDT&timeframe=1h&start=2025-09-26&end=2025-12-25&dataSources=volume&indicatorType=ema&strategyLogic=three_line&emaShort=11&emaMid=14&emaLong=22&lookback=24&farLookback=100&forward=0&clusterWeight=0.5&state=JTdCJTIyZGF0YVNvdXJjZXMlMjIlM0ElMjJ2b2x1bWUlMjIlMkMlMjJpbmRpY2F0b3JUeXBlJTIyJTNBJTIyZW1hJTIyJTJDJTIyc3RyYXRlZ3lMb2dpYyUyMiUzQSUyMnRocmVlX2xpbmUlMjIlMkMlMjJpbmRpY2F0b3JQYXJhbXMlMjIlM0ElN0IlMjJzaG9ydF9wZXJpb2QlMjIlM0ExMSUyQyUyMm1pZF9wZXJpb2QlMjIlM0ExNCUyQyUyMmxvbmdfcGVyaW9kJTIyJTNBMjIlN0QlMkMlMjJ3aW5kb3dDb25maWclMjIlM0ElN0IlMjJyZWZlcmVuY2VfcG9pbnQlMjIlM0ElMjJUTyUyMiUyQyUyMmxvb2tiYWNrX2JhcnMlMjIlM0EyNCUyQyUyMmxvb2tmb3J3YXJkX2JhcnMlMjIlM0EwJTJDJTIyZmFyX2xvb2tiYWNrX2JhcnMlMjIlM0ExMDAlMkMlMjJtb2RlJTIyJTNBJTIycmVsYXRpdmUlMjIlN0QlMkMlMjJzeW1ib2wlMjIlM0ElMjJFVEhVU0RUJTIyJTJDJTIydGltZWZyYW1lJTIyJTNBJTIyMWglMjIlMkMlMjJkYXRlUmFuZ2UlMjIlM0ElN0IlMjJzdGFydCUyMiUzQSUyMjIwMjUtMDktMjYlMjIlMkMlMjJlbmQlMjIlM0ElMjIyMDI1LTEyLTI1JTIyJTdEJTJDJTIyY2x1c3RlcmluZ1dlaWdodCUyMiUzQTAuNSU3RA%3D%3D 200 in 49ms
 GET /strategy-test?symbol=ETHUSDT&timeframe=1h&start=2025-09-26&end=2025-12-25&dataSources=volume&indicatorType=ema&strategyLogic=three_line&emaShort=11&emaMid=14&emaLong=22&lookback=24&farLookback=100&forward=0&clusterWeight=0.5&state=JTdCJTIyZGF0YVNvdXJjZXMlMjIlM0ElMjJ2b2x1bWUlMjIlMkMlMjJpbmRpY2F0b3JUeXBlJTIyJTNBJTIyZW1hJTIyJTJDJTIyc3RyYXRlZ3lMb2dpYyUyMiUzQSUyMnRocmVlX2xpbmUlMjIlMkMlMjJpbmRpY2F0b3JQYXJhbXMlMjIlM0ElN0IlMjJzaG9ydF9wZXJpb2QlMjIlM0ExMSUyQyUyMm1pZF9wZXJpb2QlMjIlM0ExNCUyQyUyMmxvbmdfcGVyaW9kJTIyJTNBMjIlN0QlMkMlMjJ3aW5kb3dDb25maWclMjIlM0ElN0IlMjJyZWZlcmVuY2VfcG9pbnQlMjIlM0ElMjJUTyUyMiUyQyUyMmxvb2tiYWNrX2JhcnMlMjIlM0EyNCUyQyUyMmxvb2tmb3J3YXJkX2JhcnMlMjIlM0EwJTJDJTIyZmFyX2xvb2tiYWNrX2JhcnMlMjIlM0ExMDAlMkMlMjJtb2RlJTIyJTNBJTIycmVsYXRpdmUlMjIlN0QlMkMlMjJzeW1ib2wlMjIlM0ElMjJFVEhVU0RUJTIyJTJDJTIydGltZWZyYW1lJTIyJTNBJTIyMWglMjIlMkMlMjJkYXRlUmFuZ2UlMjIlM0ElN0IlMjJzdGFydCUyMiUzQSUyMjIwMjUtMDktMjYlMjIlMkMlMjJlbmQlMjIlM0ElMjIyMDI1LTEyLTI1JTIyJTdEJTJDJTIyY2x1c3RlcmluZ1dlaWdodCUyMiUzQTAuNSU3RA%3D%3D 200 in 119ms
 GET /favicon.ico?favicon.45db1c09.ico 200 in 265ms
 GET /optimization-result/43e70b6d-2db1-4baf-a925-57e7447640d2 200 in 46ms
 GET /optimization-result/43e70b6d-2db1-4baf-a925-57e7447640d2 200 in 110ms
 GET /favicon.ico?favicon.45db1c09.ico 200 in 243ms
 GET /strategy-test 200 in 54ms
 GET /strategy-test?symbol=ETHUSDT&timeframe=1h&start=2025-09-26&end=2025-12-25&dataSources=volume&indicatorType=ema&strategyLogic=three_line&emaShort=11&emaMid=14&emaLong=22&lookback=24&farLookback=100&forward=0&clusterWeight=0.5&state=JTdCJTIyZGF0YVNvdXJjZXMlMjIlM0ElMjJ2b2x1bWUlMjIlMkMlMjJpbmRpY2F0b3JUeXBlJTIyJTNBJTIyZW1hJTIyJTJDJTIyc3RyYXRlZ3lMb2dpYyUyMiUzQSUyMnRocmVlX2xpbmUlMjIlMkMlMjJpbmRpY2F0b3JQYXJhbXMlMjIlM0ElN0IlMjJzaG9ydF9wZXJpb2QlMjIlM0ExMSUyQyUyMm1pZF9wZXJpb2QlMjIlM0ExNCUyQyUyMmxvbmdfcGVyaW9kJTIyJTNBMjIlN0QlMkMlMjJ3aW5kb3dDb25maWclMjIlM0ElN0IlMjJyZWZlcmVuY2VfcG9pbnQlMjIlM0ElMjJUTyUyMiUyQyUyMmxvb2tiYWNrX2JhcnMlMjIlM0EyNCUyQyUyMmxvb2tmb3J3YXJkX2JhcnMlMjIlM0EwJTJDJTIyZmFyX2xvb2tiYWNrX2JhcnMlMjIlM0ExMDAlMkMlMjJtb2RlJTIyJTNBJTIycmVsYXRpdmUlMjIlN0QlMkMlMjJzeW1ib2wlMjIlM0ElMjJFVEhVU0RUJTIyJTJDJTIydGltZWZyYW1lJTIyJTNBJTIyMWglMjIlMkMlMjJkYXRlUmFuZ2UlMjIlM0ElN0IlMjJzdGFydCUyMiUzQSUyMjIwMjUtMDktMjYlMjIlMkMlMjJlbmQlMjIlM0ElMjIyMDI1LTEyLTI1JTIyJTdEJTJDJTIyY2x1c3RlcmluZ1dlaWdodCUyMiUzQTAuNSU3RA%3D%3D 200 in 37ms
 GET /strategy-test?symbol=ETHUSDT&timeframe=1h&start=2025-09-26&end=2025-12-25&dataSources=volume&indicatorType=ema&strategyLogic=three_line&emaShort=11&emaMid=14&emaLong=22&lookback=24&farLookback=100&forward=0&clusterWeight=0.5&state=JTdCJTIyZGF0YVNvdXJjZXMlMjIlM0ElMjJ2b2x1bWUlMjIlMkMlMjJpbmRpY2F0b3JUeXBlJTIyJTNBJTIyZW1hJTIyJTJDJTIyc3RyYXRlZ3lMb2dpYyUyMiUzQSUyMnRocmVlX2xpbmUlMjIlMkMlMjJpbmRpY2F0b3JQYXJhbXMlMjIlM0ElN0IlMjJzaG9ydF9wZXJpb2QlMjIlM0ExMSUyQyUyMm1pZF9wZXJpb2QlMjIlM0ExNCUyQyUyMmxvbmdfcGVyaW9kJTIyJTNBMjIlN0QlMkMlMjJ3aW5kb3dDb25maWclMjIlM0ElN0IlMjJyZWZlcmVuY2VfcG9pbnQlMjIlM0ElMjJUTyUyMiUyQyUyMmxvb2tiYWNrX2JhcnMlMjIlM0EyNCUyQyUyMmxvb2tmb3J3YXJkX2JhcnMlMjIlM0EwJTJDJTIyZmFyX2xvb2tiYWNrX2JhcnMlMjIlM0ExMDAlMkMlMjJtb2RlJTIyJTNBJTIycmVsYXRpdmUlMjIlN0QlMkMlMjJzeW1ib2wlMjIlM0ElMjJFVEhVU0RUJTIyJTJDJTIydGltZWZyYW1lJTIyJTNBJTIyMWglMjIlMkMlMjJkYXRlUmFuZ2UlMjIlM0ElN0IlMjJzdGFydCUyMiUzQSUyMjIwMjUtMDktMjYlMjIlMkMlMjJlbmQlMjIlM0ElMjIyMDI1LTEyLTI1JTIyJTdEJTJDJTIyY2x1c3RlcmluZ1dlaWdodCUyMiUzQTAuNSU3RA%3D%3D 200 in 92ms
 GET /favicon.ico?favicon.45db1c09.ico 200 in 241ms
 ○ Compiling / ...
 ✓ Compiled / in 1339ms
 GET / 200 in 1433ms
 GET / 200 in 70ms
 ○ Compiling /charts ...
 ✓ Compiled /charts in 769ms
 GET /charts 200 in 788ms
 ○ Compiling /data-preparation ...
 ✓ Compiled /data-preparation in 551ms
 GET /data-preparation 200 in 581ms
 GET /strategy-test 200 in 43ms
 GET /strategy-test?symbol=ETHUSDT&timeframe=1h&start=2025-09-26&end=2025-12-25&dataSources=volume&indicatorType=ema&strategyLogic=three_line&emaShort=11&emaMid=14&emaLong=22&lookback=24&farLookback=100&forward=0&clusterWeight=0.5&state=JTdCJTIyZGF0YVNvdXJjZXMlMjIlM0ElMjJ2b2x1bWUlMjIlMkMlMjJpbmRpY2F0b3JUeXBlJTIyJTNBJTIyZW1hJTIyJTJDJTIyc3RyYXRlZ3lMb2dpYyUyMiUzQSUyMnRocmVlX2xpbmUlMjIlMkMlMjJpbmRpY2F0b3JQYXJhbXMlMjIlM0ElN0IlMjJzaG9ydF9wZXJpb2QlMjIlM0ExMSUyQyUyMm1pZF9wZXJpb2QlMjIlM0ExNCUyQyUyMmxvbmdfcGVyaW9kJTIyJTNBMjIlN0QlMkMlMjJ3aW5kb3dDb25maWclMjIlM0ElN0IlMjJyZWZlcmVuY2VfcG9pbnQlMjIlM0ElMjJUTyUyMiUyQyUyMmxvb2tiYWNrX2JhcnMlMjIlM0EyNCUyQyUyMmxvb2tmb3J3YXJkX2JhcnMlMjIlM0EwJTJDJTIyZmFyX2xvb2tiYWNrX2JhcnMlMjIlM0ExMDAlMkMlMjJtb2RlJTIyJTNBJTIycmVsYXRpdmUlMjIlN0QlMkMlMjJzeW1ib2wlMjIlM0ElMjJFVEhVU0RUJTIyJTJDJTIydGltZWZyYW1lJTIyJTNBJTIyMWglMjIlMkMlMjJkYXRlUmFuZ2UlMjIlM0ElN0IlMjJzdGFydCUyMiUzQSUyMjIwMjUtMDktMjYlMjIlMkMlMjJlbmQlMjIlM0ElMjIyMDI1LTEyLTI1JTIyJTdEJTJDJTIyY2x1c3RlcmluZ1dlaWdodCUyMiUzQTAuNSU3RA%3D%3D 200 in 25ms
 GET /optimization-result/93fa9412-2579-4985-915d-81c4e6a563cd 200 in 39ms
 GET /strategy-test 200 in 97ms
 GET /strategy-test?symbol=ETHUSDT&timeframe=1h&start=2025-09-26&end=2025-12-25&dataSources=volume&indicatorType=ema&strategyLogic=three_line&emaShort=11&emaMid=14&emaLong=22&lookback=24&farLookback=100&forward=0&clusterWeight=0.5&state=JTdCJTIyZGF0YVNvdXJjZXMlMjIlM0ElMjJ2b2x1bWUlMjIlMkMlMjJpbmRpY2F0b3JUeXBlJTIyJTNBJTIyZW1hJTIyJTJDJTIyc3RyYXRlZ3lMb2dpYyUyMiUzQSUyMnRocmVlX2xpbmUlMjIlMkMlMjJpbmRpY2F0b3JQYXJhbXMlMjIlM0ElN0IlMjJzaG9ydF9wZXJpb2QlMjIlM0ExMSUyQyUyMm1pZF9wZXJpb2QlMjIlM0ExNCUyQyUyMmxvbmdfcGVyaW9kJTIyJTNBMjIlN0QlMkMlMjJ3aW5kb3dDb25maWclMjIlM0ElN0IlMjJyZWZlcmVuY2VfcG9pbnQlMjIlM0ElMjJUTyUyMiUyQyUyMmxvb2tiYWNrX2JhcnMlMjIlM0EyNCUyQyUyMmxvb2tmb3J3YXJkX2JhcnMlMjIlM0EwJTJDJTIyZmFyX2xvb2tiYWNrX2JhcnMlMjIlM0ExMDAlMkMlMjJtb2RlJTIyJTNBJTIycmVsYXRpdmUlMjIlN0QlMkMlMjJzeW1ib2wlMjIlM0ElMjJFVEhVU0RUJTIyJTJDJTIydGltZWZyYW1lJTIyJTNBJTIyMWglMjIlMkMlMjJkYXRlUmFuZ2UlMjIlM0ElN0IlMjJzdGFydCUyMiUzQSUyMjIwMjUtMDktMjYlMjIlMkMlMjJlbmQlMjIlM0ElMjIyMDI1LTEyLTI1JTIyJTdEJTJDJTIyY2x1c3RlcmluZ1dlaWdodCUyMiUzQTAuNSU3RA%3D%3D 200 in 20ms
 GET /optimization-result/931a5a1b-58dc-4323-9151-9987aa98365d 200 in 89ms
 GET /strategy-test 200 in 76ms
 GET /strategy-test?symbol=ETHUSDT&timeframe=1h&start=2025-09-26&end=2025-12-25&dataSources=volume&indicatorType=ema&strategyLogic=three_line&emaShort=11&emaMid=14&emaLong=22&lookback=24&farLookback=100&forward=0&clusterWeight=0.5&state=JTdCJTIyZGF0YVNvdXJjZXMlMjIlM0ElMjJ2b2x1bWUlMjIlMkMlMjJpbmRpY2F0b3JUeXBlJTIyJTNBJTIyZW1hJTIyJTJDJTIyc3RyYXRlZ3lMb2dpYyUyMiUzQSUyMnRocmVlX2xpbmUlMjIlMkMlMjJpbmRpY2F0b3JQYXJhbXMlMjIlM0ElN0IlMjJzaG9ydF9wZXJpb2QlMjIlM0ExMSUyQyUyMm1pZF9wZXJpb2QlMjIlM0ExNCUyQyUyMmxvbmdfcGVyaW9kJTIyJTNBMjIlN0QlMkMlMjJ3aW5kb3dDb25maWclMjIlM0ElN0IlMjJyZWZlcmVuY2VfcG9pbnQlMjIlM0ElMjJUTyUyMiUyQyUyMmxvb2tiYWNrX2JhcnMlMjIlM0EyNCUyQyUyMmxvb2tmb3J3YXJkX2JhcnMlMjIlM0EwJTJDJTIyZmFyX2xvb2tiYWNrX2JhcnMlMjIlM0ExMDAlMkMlMjJtb2RlJTIyJTNBJTIycmVsYXRpdmUlMjIlN0QlMkMlMjJzeW1ib2wlMjIlM0ElMjJFVEhVU0RUJTIyJTJDJTIydGltZWZyYW1lJTIyJTNBJTIyMWglMjIlMkMlMjJkYXRlUmFuZ2UlMjIlM0ElN0IlMjJzdGFydCUyMiUzQSUyMjIwMjUtMDktMjYlMjIlMkMlMjJlbmQlMjIlM0ElMjIyMDI1LTEyLTI1JTIyJTdEJTJDJTIyY2x1c3RlcmluZ1dlaWdodCUyMiUzQTAuNSU3RA%3D%3D 200 in 44ms
 GET /strategy-test?symbol=ETHUSDT&timeframe=1h&start=2025-09-26&end=2025-12-25&dataSources=volume&indicatorType=ema&strategyLogic=three_line&emaShort=11&emaMid=14&emaLong=22&lookback=24&farLookback=100&forward=0&clusterWeight=0.5&state=JTdCJTIyZGF0YVNvdXJjZXMlMjIlM0ElMjJ2b2x1bWUlMjIlMkMlMjJpbmRpY2F0b3JUeXBlJTIyJTNBJTIyZW1hJTIyJTJDJTIyc3RyYXRlZ3lMb2dpYyUyMiUzQSUyMnRocmVlX2xpbmUlMjIlMkMlMjJpbmRpY2F0b3JQYXJhbXMlMjIlM0ElN0IlMjJzaG9ydF9wZXJpb2QlMjIlM0ExMSUyQyUyMm1pZF9wZXJpb2QlMjIlM0ExNCUyQyUyMmxvbmdfcGVyaW9kJTIyJTNBMjIlN0QlMkMlMjJ3aW5kb3dDb25maWclMjIlM0ElN0IlMjJyZWZlcmVuY2VfcG9pbnQlMjIlM0ElMjJUTyUyMiUyQyUyMmxvb2tiYWNrX2JhcnMlMjIlM0EyNCUyQyUyMmxvb2tmb3J3YXJkX2JhcnMlMjIlM0EwJTJDJTIyZmFyX2xvb2tiYWNrX2JhcnMlMjIlM0ExMDAlMkMlMjJtb2RlJTIyJTNBJTIycmVsYXRpdmUlMjIlN0QlMkMlMjJzeW1ib2wlMjIlM0ElMjJFVEhVU0RUJTIyJTJDJTIydGltZWZyYW1lJTIyJTNBJTIyMWglMjIlMkMlMjJkYXRlUmFuZ2UlMjIlM0ElN0IlMjJzdGFydCUyMiUzQSUyMjIwMjUtMDktMjYlMjIlMkMlMjJlbmQlMjIlM0ElMjIyMDI1LTEyLTI1JTIyJTdEJTJDJTIyY2x1c3RlcmluZ1dlaWdodCUyMiUzQTAuNSU3RA%3D%3D 200 in 92ms
 GET /favicon.ico?favicon.45db1c09.ico 200 in 256ms
 GET /optimization-result/8b1c7cb6-a27c-434d-bf7e-f63ed7cf496f 200 in 81ms
 GET /strategy-test 200 in 68ms
 GET /strategy-test?symbol=ETHUSDT&timeframe=1h&start=2025-09-26&end=2025-12-25&dataSources=volume&indicatorType=ema&strategyLogic=three_line&emaShort=11&emaMid=14&emaLong=22&lookback=24&farLookback=100&forward=0&clusterWeight=0.5&state=JTdCJTIyZGF0YVNvdXJjZXMlMjIlM0ElMjJ2b2x1bWUlMjIlMkMlMjJpbmRpY2F0b3JUeXBlJTIyJTNBJTIyZW1hJTIyJTJDJTIyc3RyYXRlZ3lMb2dpYyUyMiUzQSUyMnRocmVlX2xpbmUlMjIlMkMlMjJpbmRpY2F0b3JQYXJhbXMlMjIlM0ElN0IlMjJzaG9ydF9wZXJpb2QlMjIlM0ExMSUyQyUyMm1pZF9wZXJpb2QlMjIlM0ExNCUyQyUyMmxvbmdfcGVyaW9kJTIyJTNBMjIlN0QlMkMlMjJ3aW5kb3dDb25maWclMjIlM0ElN0IlMjJyZWZlcmVuY2VfcG9pbnQlMjIlM0ElMjJUTyUyMiUyQyUyMmxvb2tiYWNrX2JhcnMlMjIlM0EyNCUyQyUyMmxvb2tmb3J3YXJkX2JhcnMlMjIlM0EwJTJDJTIyZmFyX2xvb2tiYWNrX2JhcnMlMjIlM0ExMDAlMkMlMjJtb2RlJTIyJTNBJTIycmVsYXRpdmUlMjIlN0QlMkMlMjJzeW1ib2wlMjIlM0ElMjJFVEhVU0RUJTIyJTJDJTIydGltZWZyYW1lJTIyJTNBJTIyMWglMjIlMkMlMjJkYXRlUmFuZ2UlMjIlM0ElN0IlMjJzdGFydCUyMiUzQSUyMjIwMjUtMDktMjYlMjIlMkMlMjJlbmQlMjIlM0ElMjIyMDI1LTEyLTI1JTIyJTdEJTJDJTIyY2x1c3RlcmluZ1dlaWdodCUyMiUzQTAuNSU3RA%3D%3D 200 in 39ms
 ○ Compiling /_not-found/page ...
 ✓ Compiled /_not-found/page in 838ms
 GET /optimization-result 404 in 909ms
 GET /optimization-result 404 in 47ms
 GET /strategy-test 200 in 27ms
 GET /strategy-test?symbol=ETHUSDT&timeframe=1h&start=2025-09-26&end=2025-12-25&dataSources=volume&indicatorType=ema&strategyLogic=three_line&emaShort=11&emaMid=14&emaLong=22&lookback=24&farLookback=100&forward=0&clusterWeight=0.5&state=JTdCJTIyZGF0YVNvdXJjZXMlMjIlM0ElMjJ2b2x1bWUlMjIlMkMlMjJpbmRpY2F0b3JUeXBlJTIyJTNBJTIyZW1hJTIyJTJDJTIyc3RyYXRlZ3lMb2dpYyUyMiUzQSUyMnRocmVlX2xpbmUlMjIlMkMlMjJpbmRpY2F0b3JQYXJhbXMlMjIlM0ElN0IlMjJzaG9ydF9wZXJpb2QlMjIlM0ExMSUyQyUyMm1pZF9wZXJpb2QlMjIlM0ExNCUyQyUyMmxvbmdfcGVyaW9kJTIyJTNBMjIlN0QlMkMlMjJ3aW5kb3dDb25maWclMjIlM0ElN0IlMjJyZWZlcmVuY2VfcG9pbnQlMjIlM0ElMjJUTyUyMiUyQyUyMmxvb2tiYWNrX2JhcnMlMjIlM0EyNCUyQyUyMmxvb2tmb3J3YXJkX2JhcnMlMjIlM0EwJTJDJTIyZmFyX2xvb2tiYWNrX2JhcnMlMjIlM0ExMDAlMkMlMjJtb2RlJTIyJTNBJTIycmVsYXRpdmUlMjIlN0QlMkMlMjJzeW1ib2wlMjIlM0ElMjJFVEhVU0RUJTIyJTJDJTIydGltZWZyYW1lJTIyJTNBJTIyMWglMjIlMkMlMjJkYXRlUmFuZ2UlMjIlM0ElN0IlMjJzdGFydCUyMiUzQSUyMjIwMjUtMDktMjYlMjIlMkMlMjJlbmQlMjIlM0ElMjIyMDI1LTEyLTI1JTIyJTdEJTJDJTIyY2x1c3RlcmluZ1dlaWdodCUyMiUzQTAuNSU3RA%3D%3D 200 in 25ms
 GET /optimization-result/1044e9db-c9ef-4d0d-8ed5-382e70733c29 200 in 42ms
