============================= test session starts ==============================
platform darwin -- Python 3.9.6, pytest-8.4.2, pluggy-1.6.0 -- /Users/louis/Desktop/quantitative_trading_system/venv/bin/python3
cachedir: .pytest_cache
rootdir: /Users/louis/Desktop/quantitative_trading_system
configfile: pytest.ini
plugins: asyncio-1.2.0, anyio-4.10.0, cov-7.0.0
asyncio: mode=strict, debug=False, asyncio_default_fixture_loop_scope=None, asyncio_default_test_loop_scope=function
collecting ... 
----------------------------- live log collection ------------------------------
00:05:12 [INFO] ✅ 成功註冊 EMAExtractor
collected 1 item

tests/test_feature_factory_operators.py::test_derived_operators_distance_cross_ratio_momentum_binary 
-------------------------------- live log call ---------------------------------
00:05:13 [INFO] KlineStorageManager initialized: data_cache/feature_klines/kline_cache.h5
00:05:13 [INFO] Read 1672 klines from BTCUSDT/12h in 0.003s
00:05:13 [INFO] KlineStorageManager initialized: data_cache/feature_klines/kline_cache.h5
00:05:13 [INFO] Fetching spot data: BTCUSDT/12h
00:05:13 [INFO] Read 1672 klines from BTCUSDT/12h in 0.002s
00:05:13 [INFO] Loaded 132 TA-Lib indicators
FAILED                                                                   [100%]

=================================== FAILURES ===================================
_________ test_derived_operators_distance_cross_ratio_momentum_binary __________
tests/test_feature_factory_operators.py:66: in test_derived_operators_distance_cross_ratio_momentum_binary
    assert cross_col in derived.columns
E   AssertionError: assert 'close_trend_EMA_8_21_Cross' in Index(['close_trend_EMA_8_Distance', 'close_trend_EMA_21_Distance',\n       'close_trend_EMA_8_Momentum_L3', 'close_trend_EMA_8_Momentum_L5',\n       'close_trend_EMA_8_Momentum_L8', 'close_trend_EMA_8_Momentum_L13',\n       'close_trend_EMA_8_Momentum_L21', 'close_trend_EMA_8_Momentum_L34',\n       'close_trend_EMA_8_Momentum_L55', 'close_trend_EMA_8_Momentum_L89',\n       'close_trend_EMA_8_Momentum_L144', 'close_trend_EMA_8_Momentum_L233',\n       'close_trend_EMA_21_Momentum_L3', 'close_trend_EMA_21_Momentum_L5',\n       'close_trend_EMA_21_Momentum_L8', 'close_trend_EMA_21_Momentum_L13',\n       'close_trend_EMA_21_Momentum_L21', 'close_trend_EMA_21_Momentum_L34',\n       'close_trend_EMA_21_Momentum_L55', 'close_trend_EMA_21_Momentum_L89',\n       'close_trend_EMA_21_Momentum_L144', 'close_trend_EMA_21_Momentum_L233',\n       'close_momentum_RSI_14_Momentum_L3',\n       'close_momentum_RSI_14_Momentum_L5',\n       'close_momentum_RSI_14_Momentum_L8',\n       'close_momentum_RSI_14_Momentum_L13',\n       'close_momentum_RSI_14_Momentum_L21',\n       'close_momentum_RSI_14_Momentum_L34',\n       'close_momentum_RSI_14_Momentum_L55',\n       'close_momentum_RSI_14_Momentum_L89',\n       'close_momentum_RSI_14_Momentum_L144',\n       'close_momentum_RSI_14_Momentum_L233',\n       'close_momentum_RSI_14_BinarySignal_Overbought',\n       'close_momentum_RSI_14_BinarySignal_Oversold',\n       'close_trend_EMA_8_TsArgmax_W5', 'close_trend_EMA_8_TsArgmin_W5',\n       'close_trend_EMA_8_TsRank_W5', 'close_trend_EMA_8_DecayLinear_W5',\n       'close_trend_EMA_8_TsArgmax_W13', 'close_trend_EMA_8_TsArgmin_W13',\n       'close_trend_EMA_8_TsRank_W13', 'close_trend_EMA_8_DecayLinear_W13',\n       'close_trend_EMA_8_TsArgmax_W21', 'close_trend_EMA_8_TsArgmin_W21',\n       'close_trend_EMA_8_TsRank_W21', 'close_trend_EMA_8_DecayLinear_W21',\n       'close_trend_EMA_8_Sign', 'close_trend_EMA_8_Log1p',\n       'close_trend_EMA_8_Abs', 'close_trend_EMA_8_Clip',\n       'close_trend_EMA_21_TsArgmax_W5', 'close_trend_EMA_21_TsArgmin_W5',\n       'close_trend_EMA_21_TsRank_W5', 'close_trend_EMA_21_DecayLinear_W5',\n       'close_trend_EMA_21_TsArgmax_W13', 'close_trend_EMA_21_TsArgmin_W13',\n       'close_trend_EMA_21_TsRank_W13', 'close_trend_EMA_21_DecayLinear_W13',\n       'close_trend_EMA_21_TsArgmax_W21', 'close_trend_EMA_21_TsArgmin_W21',\n       'close_trend_EMA_21_TsRank_W21', 'close_trend_EMA_21_DecayLinear_W21',\n       'close_trend_EMA_21_Sign', 'close_trend_EMA_21_Log1p',\n       'close_trend_EMA_21_Abs', 'close_trend_EMA_21_Clip',\n       'close_momentum_RSI_14_TsArgmax_W5',\n       'close_momentum_RSI_14_TsArgmin_W5', 'close_momentum_RSI_14_TsRank_W5',\n       'close_momentum_RSI_14_DecayLinear_W5',\n       'close_momentum_RSI_14_TsArgmax_W13',\n       'close_momentum_RSI_14_TsArgmin_W13',\n       'close_momentum_RSI_14_TsRank_W13',\n       'close_momentum_RSI_14_DecayLinear_W13',\n       'close_momentum_RSI_14_TsArgmax_W21',\n       'close_momentum_RSI_14_TsArgmin_W21',\n       'close_momentum_RSI_14_TsRank_W21',\n       'close_momentum_RSI_14_DecayLinear_W21', 'close_momentum_RSI_14_Sign',\n       'close_momentum_RSI_14_Log1p', 'close_momentum_RSI_14_Abs',\n       'close_momentum_RSI_14_Clip'],\n      dtype='object')
E    +  where Index(['close_trend_EMA_8_Distance', 'close_trend_EMA_21_Distance',\n       'close_trend_EMA_8_Momentum_L3', 'close_trend_EMA_8_Momentum_L5',\n       'close_trend_EMA_8_Momentum_L8', 'close_trend_EMA_8_Momentum_L13',\n       'close_trend_EMA_8_Momentum_L21', 'close_trend_EMA_8_Momentum_L34',\n       'close_trend_EMA_8_Momentum_L55', 'close_trend_EMA_8_Momentum_L89',\n       'close_trend_EMA_8_Momentum_L144', 'close_trend_EMA_8_Momentum_L233',\n       'close_trend_EMA_21_Momentum_L3', 'close_trend_EMA_21_Momentum_L5',\n       'close_trend_EMA_21_Momentum_L8', 'close_trend_EMA_21_Momentum_L13',\n       'close_trend_EMA_21_Momentum_L21', 'close_trend_EMA_21_Momentum_L34',\n       'close_trend_EMA_21_Momentum_L55', 'close_trend_EMA_21_Momentum_L89',\n       'close_trend_EMA_21_Momentum_L144', 'close_trend_EMA_21_Momentum_L233',\n       'close_momentum_RSI_14_Momentum_L3',\n       'close_momentum_RSI_14_Momentum_L5',\n       'close_momentum_RSI_14_Momentum_L8',\n       'close_momentum_RSI_14_Momentum_L13',\n       'close_momentum_RSI_14_Momentum_L21',\n       'close_momentum_RSI_14_Momentum_L34',\n       'close_momentum_RSI_14_Momentum_L55',\n       'close_momentum_RSI_14_Momentum_L89',\n       'close_momentum_RSI_14_Momentum_L144',\n       'close_momentum_RSI_14_Momentum_L233',\n       'close_momentum_RSI_14_BinarySignal_Overbought',\n       'close_momentum_RSI_14_BinarySignal_Oversold',\n       'close_trend_EMA_8_TsArgmax_W5', 'close_trend_EMA_8_TsArgmin_W5',\n       'close_trend_EMA_8_TsRank_W5', 'close_trend_EMA_8_DecayLinear_W5',\n       'close_trend_EMA_8_TsArgmax_W13', 'close_trend_EMA_8_TsArgmin_W13',\n       'close_trend_EMA_8_TsRank_W13', 'close_trend_EMA_8_DecayLinear_W13',\n       'close_trend_EMA_8_TsArgmax_W21', 'close_trend_EMA_8_TsArgmin_W21',\n       'close_trend_EMA_8_TsRank_W21', 'close_trend_EMA_8_DecayLinear_W21',\n       'close_trend_EMA_8_Sign', 'close_trend_EMA_8_Log1p',\n       'close_trend_EMA_8_Abs', 'close_trend_EMA_8_Clip',\n       'close_trend_EMA_21_TsArgmax_W5', 'close_trend_EMA_21_TsArgmin_W5',\n       'close_trend_EMA_21_TsRank_W5', 'close_trend_EMA_21_DecayLinear_W5',\n       'close_trend_EMA_21_TsArgmax_W13', 'close_trend_EMA_21_TsArgmin_W13',\n       'close_trend_EMA_21_TsRank_W13', 'close_trend_EMA_21_DecayLinear_W13',\n       'close_trend_EMA_21_TsArgmax_W21', 'close_trend_EMA_21_TsArgmin_W21',\n       'close_trend_EMA_21_TsRank_W21', 'close_trend_EMA_21_DecayLinear_W21',\n       'close_trend_EMA_21_Sign', 'close_trend_EMA_21_Log1p',\n       'close_trend_EMA_21_Abs', 'close_trend_EMA_21_Clip',\n       'close_momentum_RSI_14_TsArgmax_W5',\n       'close_momentum_RSI_14_TsArgmin_W5', 'close_momentum_RSI_14_TsRank_W5',\n       'close_momentum_RSI_14_DecayLinear_W5',\n       'close_momentum_RSI_14_TsArgmax_W13',\n       'close_momentum_RSI_14_TsArgmin_W13',\n       'close_momentum_RSI_14_TsRank_W13',\n       'close_momentum_RSI_14_DecayLinear_W13',\n       'close_momentum_RSI_14_TsArgmax_W21',\n       'close_momentum_RSI_14_TsArgmin_W21',\n       'close_momentum_RSI_14_TsRank_W21',\n       'close_momentum_RSI_14_DecayLinear_W21', 'close_momentum_RSI_14_Sign',\n       'close_momentum_RSI_14_Log1p', 'close_momentum_RSI_14_Abs',\n       'close_momentum_RSI_14_Clip'],\n      dtype='object') =             close_trend_EMA_8_Distance  ...  close_momentum_RSI_14_Clip\ntimestamp                               ...                            \n1704067200                         NaN  ...                         NaN\n1704110400                         NaN  ...                         NaN\n1704153600                         NaN  ...                         NaN\n1704196800                         NaN  ...                         NaN\n1704240000                         NaN  ...                         NaN\n...                                ...  ...                         ...\n1776081600                    0.031712  ...                         3.0\n1776124800                    0.024051  ...                         3.0\n1776168000                    0.016010  ...                         3.0\n1776211200                    0.013151  ...                         3.0\n1776254400                    0.016608  ...                         3.0\n\n[1672 rows x 82 columns].columns
----------------------------- Captured stderr call -----------------------------
[2026-04-18 00:05:13,296] INFO momentum.FeatureEngineering.adapters.crypto_spot_adapter: Fetching spot data: BTCUSDT/12h
[2026-04-18 00:05:13,303] INFO momentum.FeatureEngineering.atomic.talib_wrapper: Loaded 132 TA-Lib indicators
------------------------------ Captured log call -------------------------------
INFO     momentum.DataExtraction.kline_storage:kline_storage.py:256 KlineStorageManager initialized: data_cache/feature_klines/kline_cache.h5
INFO     momentum.DataExtraction.kline_storage:kline_storage.py:1118 Read 1672 klines from BTCUSDT/12h in 0.003s
INFO     momentum.DataExtraction.kline_storage:kline_storage.py:256 KlineStorageManager initialized: data_cache/feature_klines/kline_cache.h5
INFO     momentum.FeatureEngineering.adapters.crypto_spot_adapter:crypto_spot_adapter.py:56 Fetching spot data: BTCUSDT/12h
INFO     momentum.DataExtraction.kline_storage:kline_storage.py:1118 Read 1672 klines from BTCUSDT/12h in 0.002s
INFO     momentum.FeatureEngineering.atomic.talib_wrapper:talib_wrapper.py:276 Loaded 132 TA-Lib indicators
=========================== short test summary info ============================
FAILED tests/test_feature_factory_operators.py::test_derived_operators_distance_cross_ratio_momentum_binary - AssertionError: assert 'close_trend_EMA_8_21_Cross' in Index(['close_trend_EMA_8_Distance', 'close_trend_EMA_21_Distance',\n       'close_trend_EMA_8_Momentum_L3', 'close_trend_EMA_8_Momentum_L5',\n       'close_trend_EMA_8_Momentum_L8', 'close_trend_EMA_8_Momentum_L13',\n       'close_trend_EMA_8_Momentum_L21', 'close_trend_EMA_8_Momentum_L34',\n       'close_trend_EMA_8_Momentum_L55', 'close_trend_EMA_8_Momentum_L89',\n       'close_trend_EMA_8_Momentum_L144', 'close_trend_EMA_8_Momentum_L233',\n       'close_trend_EMA_21_Momentum_L3', 'close_trend_EMA_21_Momentum_L5',\n       'close_trend_EMA_21_Momentum_L8', 'close_trend_EMA_21_Momentum_L13',\n       'close_trend_EMA_21_Momentum_L21', 'close_trend_EMA_21_Momentum_L34',\n       'close_trend_EMA_21_Momentum_L55', 'close_trend_EMA_21_Momentum_L89',\n       'close_trend_EMA_21_Momentum_L144', 'close_trend_EMA_21_Momentum_L233',\n       'close_momentum_RSI_14_Momentum_L3',\n       'close_momentum_RSI_14_Momentum_L5',\n       'close_momentum_RSI_14_Momentum_L8',\n       'close_momentum_RSI_14_Momentum_L13',\n       'close_momentum_RSI_14_Momentum_L21',\n       'close_momentum_RSI_14_Momentum_L34',\n       'close_momentum_RSI_14_Momentum_L55',\n       'close_momentum_RSI_14_Momentum_L89',\n       'close_momentum_RSI_14_Momentum_L144',\n       'close_momentum_RSI_14_Momentum_L233',\n       'close_momentum_RSI_14_BinarySignal_Overbought',\n       'close_momentum_RSI_14_BinarySignal_Oversold',\n       'close_trend_EMA_8_TsArgmax_W5', 'close_trend_EMA_8_TsArgmin_W5',\n       'close_trend_EMA_8_TsRank_W5', 'close_trend_EMA_8_DecayLinear_W5',\n       'close_trend_EMA_8_TsArgmax_W13', 'close_trend_EMA_8_TsArgmin_W13',\n       'close_trend_EMA_8_TsRank_W13', 'close_trend_EMA_8_DecayLinear_W13',\n       'close_trend_EMA_8_TsArgmax_W21', 'close_trend_EMA_8_TsArgmin_W21',\n       'close_trend_EMA_8_TsRank_W21', 'close_trend_EMA_8_DecayLinear_W21',\n       'close_trend_EMA_8_Sign', 'close_trend_EMA_8_Log1p',\n       'close_trend_EMA_8_Abs', 'close_trend_EMA_8_Clip',\n       'close_trend_EMA_21_TsArgmax_W5', 'close_trend_EMA_21_TsArgmin_W5',\n       'close_trend_EMA_21_TsRank_W5', 'close_trend_EMA_21_DecayLinear_W5',\n       'close_trend_EMA_21_TsArgmax_W13', 'close_trend_EMA_21_TsArgmin_W13',\n       'close_trend_EMA_21_TsRank_W13', 'close_trend_EMA_21_DecayLinear_W13',\n       'close_trend_EMA_21_TsArgmax_W21', 'close_trend_EMA_21_TsArgmin_W21',\n       'close_trend_EMA_21_TsRank_W21', 'close_trend_EMA_21_DecayLinear_W21',\n       'close_trend_EMA_21_Sign', 'close_trend_EMA_21_Log1p',\n       'close_trend_EMA_21_Abs', 'close_trend_EMA_21_Clip',\n       'close_momentum_RSI_14_TsArgmax_W5',\n       'close_momentum_RSI_14_TsArgmin_W5', 'close_momentum_RSI_14_TsRank_W5',\n       'close_momentum_RSI_14_DecayLinear_W5',\n       'close_momentum_RSI_14_TsArgmax_W13',\n       'close_momentum_RSI_14_TsArgmin_W13',\n       'close_momentum_RSI_14_TsRank_W13',\n       'close_momentum_RSI_14_DecayLinear_W13',\n       'close_momentum_RSI_14_TsArgmax_W21',\n       'close_momentum_RSI_14_TsArgmin_W21',\n       'close_momentum_RSI_14_TsRank_W21',\n       'close_momentum_RSI_14_DecayLinear_W21', 'close_momentum_RSI_14_Sign',\n       'close_momentum_RSI_14_Log1p', 'close_momentum_RSI_14_Abs',\n       'close_momentum_RSI_14_Clip'],\n      dtype='object')
 +  where Index(['close_trend_EMA_8_Distance', 'close_trend_EMA_21_Distance',\n       'close_trend_EMA_8_Momentum_L3', 'close_trend_EMA_8_Momentum_L5',\n       'close_trend_EMA_8_Momentum_L8', 'close_trend_EMA_8_Momentum_L13',\n       'close_trend_EMA_8_Momentum_L21', 'close_trend_EMA_8_Momentum_L34',\n       'close_trend_EMA_8_Momentum_L55', 'close_trend_EMA_8_Momentum_L89',\n       'close_trend_EMA_8_Momentum_L144', 'close_trend_EMA_8_Momentum_L233',\n       'close_trend_EMA_21_Momentum_L3', 'close_trend_EMA_21_Momentum_L5',\n       'close_trend_EMA_21_Momentum_L8', 'close_trend_EMA_21_Momentum_L13',\n       'close_trend_EMA_21_Momentum_L21', 'close_trend_EMA_21_Momentum_L34',\n       'close_trend_EMA_21_Momentum_L55', 'close_trend_EMA_21_Momentum_L89',\n       'close_trend_EMA_21_Momentum_L144', 'close_trend_EMA_21_Momentum_L233',\n       'close_momentum_RSI_14_Momentum_L3',\n       'close_momentum_RSI_14_Momentum_L5',\n       'close_momentum_RSI_14_Momentum_L8',\n       'close_momentum_RSI_14_Momentum_L13',\n       'close_momentum_RSI_14_Momentum_L21',\n       'close_momentum_RSI_14_Momentum_L34',\n       'close_momentum_RSI_14_Momentum_L55',\n       'close_momentum_RSI_14_Momentum_L89',\n       'close_momentum_RSI_14_Momentum_L144',\n       'close_momentum_RSI_14_Momentum_L233',\n       'close_momentum_RSI_14_BinarySignal_Overbought',\n       'close_momentum_RSI_14_BinarySignal_Oversold',\n       'close_trend_EMA_8_TsArgmax_W5', 'close_trend_EMA_8_TsArgmin_W5',\n       'close_trend_EMA_8_TsRank_W5', 'close_trend_EMA_8_DecayLinear_W5',\n       'close_trend_EMA_8_TsArgmax_W13', 'close_trend_EMA_8_TsArgmin_W13',\n       'close_trend_EMA_8_TsRank_W13', 'close_trend_EMA_8_DecayLinear_W13',\n       'close_trend_EMA_8_TsArgmax_W21', 'close_trend_EMA_8_TsArgmin_W21',\n       'close_trend_EMA_8_TsRank_W21', 'close_trend_EMA_8_DecayLinear_W21',\n       'close_trend_EMA_8_Sign', 'close_trend_EMA_8_Log1p',\n       'close_trend_EMA_8_Abs', 'close_trend_EMA_8_Clip',\n       'close_trend_EMA_21_TsArgmax_W5', 'close_trend_EMA_21_TsArgmin_W5',\n       'close_trend_EMA_21_TsRank_W5', 'close_trend_EMA_21_DecayLinear_W5',\n       'close_trend_EMA_21_TsArgmax_W13', 'close_trend_EMA_21_TsArgmin_W13',\n       'close_trend_EMA_21_TsRank_W13', 'close_trend_EMA_21_DecayLinear_W13',\n       'close_trend_EMA_21_TsArgmax_W21', 'close_trend_EMA_21_TsArgmin_W21',\n       'close_trend_EMA_21_TsRank_W21', 'close_trend_EMA_21_DecayLinear_W21',\n       'close_trend_EMA_21_Sign', 'close_trend_EMA_21_Log1p',\n       'close_trend_EMA_21_Abs', 'close_trend_EMA_21_Clip',\n       'close_momentum_RSI_14_TsArgmax_W5',\n       'close_momentum_RSI_14_TsArgmin_W5', 'close_momentum_RSI_14_TsRank_W5',\n       'close_momentum_RSI_14_DecayLinear_W5',\n       'close_momentum_RSI_14_TsArgmax_W13',\n       'close_momentum_RSI_14_TsArgmin_W13',\n       'close_momentum_RSI_14_TsRank_W13',\n       'close_momentum_RSI_14_DecayLinear_W13',\n       'close_momentum_RSI_14_TsArgmax_W21',\n       'close_momentum_RSI_14_TsArgmin_W21',\n       'close_momentum_RSI_14_TsRank_W21',\n       'close_momentum_RSI_14_DecayLinear_W21', 'close_momentum_RSI_14_Sign',\n       'close_momentum_RSI_14_Log1p', 'close_momentum_RSI_14_Abs',\n       'close_momentum_RSI_14_Clip'],\n      dtype='object') =             close_trend_EMA_8_Distance  ...  close_momentum_RSI_14_Clip\ntimestamp                               ...                            \n1704067200                         NaN  ...                         NaN\n1704110400                         NaN  ...                         NaN\n1704153600                         NaN  ...                         NaN\n1704196800                         NaN  ...                         NaN\n1704240000                         NaN  ...                         NaN\n...                                ...  ...                         ...\n1776081600                    0.031712  ...                         3.0\n1776124800                    0.024051  ...                         3.0\n1776168000                    0.016010  ...                         3.0\n1776211200                    0.013151  ...                         3.0\n1776254400                    0.016608  ...                         3.0\n\n[1672 rows x 82 columns].columns
============================== 1 failed in 1.37s ===============================
