============================= test session starts ==============================
collecting ... collected 1136 items / 483 deselected / 653 selected

tests/api/test_gap3_contract_csv_guard.py::test_contract_csv_guard_marker_columns_match_backend PASSED [  0%]
tests/api/test_gap3_contract_csv_guard.py::test_contract_csv_guard_backend_accepts_same_normalizations[columns0] PASSED [  0%]
tests/api/test_gap3_contract_csv_guard.py::test_contract_csv_guard_backend_accepts_same_normalizations[columns1] PASSED [  0%]
tests/api/test_gap3_contract_csv_guard.py::test_contract_csv_guard_backend_accepts_same_normalizations[columns2] PASSED [  0%]
tests/api/test_gap3_contract_csv_guard.py::test_contract_csv_guard_backend_accepts_same_normalizations[columns3] PASSED [  0%]
tests/api/test_gap3_contract_csv_guard.py::test_contract_csv_guard_backend_accepts_same_normalizations[columns4] PASSED [  0%]
tests/api/test_gap3_contract_csv_guard.py::test_contract_csv_guard_plain_csv_not_flagged PASSED [  1%]
tests/api/test_gap3_contract_csv_guard.py::test_contract_csv_guard_frontend_normalization_rules_documented PASSED [  1%]
tests/api/test_gap3_contract_reason_registry.py::test_gap3_contract_reason_registry_01_import_failure_added PASSED [  1%]
tests/api/test_gap3_contract_reason_registry.py::test_gap3_contract_reason_registry_02_existing_prefix_unchanged PASSED [  1%]
tests/api/test_gap3_contract_reason_registry.py::test_gap3_contract_reason_registry_03_producer_reason_not_in_import_list PASSED [  1%]
tests/api/test_gap3_contract_reason_registry.py::test_gap3_contract_reason_registry_04_capability_reasons_added PASSED [  1%]
tests/api/test_gap3_contract_reason_registry.py::test_gap3_contract_reason_registry_05_filters_field_registered PASSED [  1%]
tests/api/test_gap3_contract_reason_registry.py::test_gap3_contract_reason_registry_06_baseline_fixture_byte_faithful PASSED [  2%]
tests/api/test_gap3_contract_reason_registry.py::test_gap3_contract_reason_registry_07_new_registered_fields PASSED [  2%]
tests/api/test_gap3_contract_reason_registry.py::test_gap3_contract_reason_registry_08a_flatten_prefix_preserved PASSED [  2%]
tests/api/test_gap3_contract_reason_registry.py::test_gap3_contract_reason_registry_08a2_baseline_side_has_independent_oracle PASSED [  2%]
tests/api/test_gap3_contract_reason_registry.py::test_gap3_contract_reason_registry_08b_namespaces_are_typed_dicts PASSED [  2%]
tests/api/test_gap3_contract_reason_registry.py::test_gap3_contract_reason_registry_08c_validator_rejects[neg] PASSED [  2%]
tests/api/test_gap3_contract_reason_registry.py::test_gap3_contract_reason_registry_08c_validator_rejects[float] PASSED [  3%]
tests/api/test_gap3_contract_reason_registry.py::test_gap3_contract_reason_registry_08c_validator_rejects[root_scalar] PASSED [  3%]
tests/api/test_gap3_contract_reason_registry.py::test_gap3_contract_reason_registry_08c_validator_rejects[str] PASSED [  3%]
tests/api/test_gap3_contract_reason_registry.py::test_gap3_contract_reason_registry_08c_validator_rejects[bool] PASSED [  3%]
tests/api/test_gap3_contract_reason_registry.py::test_gap3_contract_reason_registry_08d_validator_accepts_valid PASSED [  3%]
tests/api/test_gap3_contract_reason_registry.py::test_gap3_contract_reason_registry_08e_same_function_reference PASSED [  3%]
tests/api/test_gap3_contract_reason_registry.py::test_gap3_contract_reason_registry_08e2_validator_actually_calls_the_helper PASSED [  3%]
tests/api/test_gap3_csv_import.py::test_gap3_csv_import_user_column_names_accepted_and_stored PASSED [  4%]
tests/api/test_gap3_csv_import.py::test_gap3_csv_import_missing_column_mapping_rejected PASSED [  4%]
tests/api/test_gap3_csv_import.py::test_gap3_csv_import_mapping_without_label_rejected PASSED [  4%]
tests/api/test_gap3_csv_import.py::test_gap3_csv_import_column_not_found_in_file PASSED [  4%]
tests/api/test_gap3_csv_import.py::test_gap3_csv_import_label_column_not_binary PASSED [  4%]
tests/api/test_gap3_csv_import.py::test_gap3_csv_import_unmapped_columns_ignored_loudly PASSED [  4%]
tests/api/test_gap3_csv_import.py::test_gap3_csv_import_batch_defaults_fill_absent_only PASSED [  5%]
tests/api/test_gap3_csv_import.py::test_gap3_csv_import_validate_only_does_not_store PASSED [  5%]
tests/api/test_gap3_csv_import.py::test_gap3_csv_import_existing_endpoints_behaviour_unchanged PASSED [  5%]
tests/api/test_gap3_csv_import.py::test_gap3_csv_import_shared_validator_behaviour[csv] PASSED [  5%]
tests/api/test_gap3_csv_import.py::test_gap3_csv_import_shared_validator_behaviour[json] PASSED [  5%]
tests/api/test_gap3_csv_import.py::test_gap3_csv_import_ast_oracle_shared_entrypoints PASSED [  5%]
tests/api/test_gap3_csv_import.py::test_gap3_csv_import_ast_oracle_import_records_definition_is_unique PASSED [  5%]
tests/api/test_gap3_csv_import.py::test_gap3_csv_import_runtime_oracle_factory_returns_the_shared_implementation PASSED [  6%]
tests/api/test_gap3_csv_import.py::test_gap3_csv_import_ast_oracle_single_validation_and_unit_detection_site PASSED [  6%]
tests/api/test_gap3_csv_provenance.py::test_gap3_csv_provenance_records_four_items PASSED [  6%]
tests/api/test_gap3_csv_provenance.py::test_gap3_csv_provenance_missing_digest_fail_closed PASSED [  6%]
tests/api/test_gap3_csv_provenance.py::test_gap3_csv_provenance_uniform_digest_accepts PASSED [  6%]
tests/api/test_gap3_csv_provenance.py::test_gap3_csv_provenance_does_not_overwrite_existing_receipt_fields PASSED [  6%]
tests/api/test_gap3_csv_provenance.py::test_gap3_csv_provenance_server_fallback_is_disclosed PASSED [  7%]
tests/api/test_gap3_csv_provenance.py::test_gap3_csv_provenance_absent_on_json_path PASSED [  7%]
tests/api/test_gap3_csv_provenance.py::test_gap3_csv_provenance_digest_verified_only_with_companion_source PASSED [  7%]
tests/api/test_gap3_csv_provenance.py::test_gap3_csv_provenance_derive_event_id_closes_seconds_friction PASSED [  7%]
tests/api/test_gap3_csv_provenance.py::test_gap3_csv_provenance_confirmed_at_must_be_iso_utc PASSED [  7%]
tests/api/test_gap3_csv_provenance.py::test_gap3_csv_provenance_keys_match_contract_registration PASSED [  7%]
tests/api/test_gap3_csv_ragged_rows.py::test_gap3_csv_ragged_long_row_rejected PASSED [  7%]
tests/api/test_gap3_csv_ragged_rows.py::test_gap3_csv_ragged_default_pandas_would_shift_left_silently PASSED [  8%]
tests/api/test_gap3_csv_ragged_rows.py::test_gap3_csv_ragged_even_rows_accepted PASSED [  8%]
tests/api/test_gap3_csv_ragged_rows.py::test_gap3_csv_ragged_short_row_rejected PASSED [  8%]
tests/api/test_gap3_csv_ragged_rows.py::test_gap3_csv_ragged_trailing_empty_is_fail_closed PASSED [  8%]
tests/api/test_gap3_csv_ragged_rows.py::test_gap3_csv_ragged_header_only_not_blocked_by_width_guard PASSED [  8%]
tests/api/test_gap3_csv_ragged_rows.py::test_gap3_csv_ragged_blank_lines_accepted[blank_middle] PASSED [  8%]
tests/api/test_gap3_csv_ragged_rows.py::test_gap3_csv_ragged_blank_lines_accepted[blank_trailing] PASSED [  9%]
tests/api/test_gap3_csv_ragged_rows.py::test_gap3_csv_ragged_blank_lines_accepted[whitespace_only_line] PASSED [  9%]
tests/api/test_gap3_csv_ragged_rows.py::test_gap3_csv_ragged_short_all_empty_row_still_counts_as_width_violation PASSED [  9%]
tests/api/test_gap3_csv_ragged_rows.py::test_gap3_csv_ragged_full_width_all_empty_row_is_a_data_row PASSED [  9%]
tests/api/test_gap3_csv_ragged_rows.py::test_gap3_csv_ragged_lone_cr_line_endings_rejected_with_reason PASSED [  9%]
tests/api/test_gap3_csv_ragged_rows.py::test_gap3_csv_ragged_mixed_lf_and_bare_cr_rejected PASSED [  9%]
tests/api/test_gap3_csv_ragged_rows.py::test_gap3_csv_ragged_quoted_cr_and_crlf_not_rejected PASSED [  9%]
tests/api/test_gap3_csv_ragged_rows.py::test_gap3_csv_ragged_quoted_cr_preserved_by_backend PASSED [ 10%]
tests/api/test_gap3_csv_roundtrip.py::test_gap3_csv_roundtrip_contract_csv_is_accepted_with_zero_mapping PASSED [ 10%]
tests/api/test_gap3_csv_roundtrip.py::test_gap3_csv_roundtrip_meta_columns_do_not_get_rejected PASSED [ 10%]
tests/api/test_gap3_csv_roundtrip.py::test_gap3_csv_roundtrip_over_unknown_top_level_column_still_rejected PASSED [ 10%]
tests/api/test_gap3_csv_roundtrip.py::test_gap3_csv_roundtrip_label_edited_in_excel_takes_effect PASSED [ 10%]
tests/api/test_gap3_csv_roundtrip.py::test_gap3_csv_roundtrip_lookahead_bars_declared_dotted_survives PASSED [ 10%]
tests/api/test_gap3_csv_roundtrip.py::test_gap3_csv_roundtrip_nested_dotted_columns_survive PASSED [ 11%]
tests/api/test_gap3_declaration_mandatory.py::test_gap3_declaration_mandatory_02_all_resolvable_no_filters_still_requires PASSED [ 11%]
tests/api/test_gap3_declaration_mandatory.py::test_gap3_declaration_mandatory_04_json_missing_column_is_rejected_not_blocked PASSED [ 11%]
tests/api/test_gap3_declaration_mandatory.py::test_gap3_declaration_mandatory_04b_json_heterogeneous_maps_rejected PASSED [ 11%]
tests/api/test_gap3_declaration_mandatory.py::test_gap3_declaration_mandatory_04c_json_partial_column_rejected PASSED [ 11%]
tests/api/test_gap3_declaration_mandatory.py::test_gap3_declaration_mandatory_04d_json_carried_map_is_the_declaration PASSED [ 11%]
tests/api/test_gap3_declaration_mandatory.py::test_gap3_declaration_mandatory_04e_json_missing_timeframe_key_rejected PASSED [ 11%]
tests/api/test_gap3_declaration_mandatory.py::test_gap3_declaration_mandatory_zero_is_accepted_and_floor_is_one PASSED [ 12%]
tests/api/test_gap3_declaration_mandatory.py::test_gap3_declaration_mandatory_negative_or_non_int_rejected[negative] PASSED [ 12%]
tests/api/test_gap3_declaration_mandatory.py::test_gap3_declaration_mandatory_negative_or_non_int_rejected[bool] PASSED [ 12%]
tests/api/test_gap3_declaration_mandatory.py::test_gap3_declaration_mandatory_negative_or_non_int_rejected[float] PASSED [ 12%]
tests/api/test_gap3_declaration_mandatory.py::test_gap3_declaration_mandatory_negative_or_non_int_rejected[string] PASSED [ 12%]
tests/api/test_gap3_declaration_mandatory.py::test_gap3_declaration_mandatory_blank_is_not_zero PASSED [ 12%]
tests/api/test_gap3_declaration_mandatory.py::test_gap3_declaration_mandatory_form_declaration_overrides_carried_map PASSED [ 13%]
tests/api/test_gap3_declaration_mandatory.py::test_gap3_declaration_mandatory_preview_columns_endpoint_shape_and_defaults PASSED [ 13%]
tests/api/test_gap3_declaration_mandatory.py::test_gap3_declaration_mandatory_preview_columns_uses_single_impl PASSED [ 13%]
tests/api/test_gap3_declaration_mandatory.py::test_gap3_declaration_mandatory_acknowledgement_flag_matches_backend_rejection PASSED [ 13%]
tests/api/test_gap3_declaration_mandatory.py::test_gap3_declaration_mandatory_retired_depth_endpoint_is_gone PASSED [ 13%]
tests/api/test_gap3_event_analysis_horizon_purge.py::test_event_analysis_horizon_purge_09a_depth_side_wins PASSED [ 13%]
tests/api/test_gap3_event_analysis_horizon_purge.py::test_event_analysis_horizon_purge_09b_window_side_wins PASSED [ 13%]
tests/api/test_gap3_event_analysis_horizon_purge.py::test_event_analysis_horizon_purge_09c_mixed_tf_converts_per_row PASSED [ 14%]
tests/api/test_gap3_event_analysis_horizon_purge.py::test_event_analysis_horizon_purge_09d_per_symbol_not_batch_scalar PASSED [ 14%]
tests/api/test_gap3_event_analysis_horizon_purge.py::test_event_analysis_horizon_purge_09_missing_key_fail_closed PASSED [ 14%]
tests/api/test_gap3_event_analysis_horizon_purge.py::test_event_analysis_horizon_purge_09_symbol_without_window_kept PASSED [ 14%]
tests/api/test_gap3_event_analysis_horizon_purge.py::test_event_analysis_horizon_purge_09f_duplicate_symbol_raises PASSED [ 14%]
tests/api/test_gap3_event_analysis_horizon_purge.py::test_event_analysis_horizon_purge_09f_exact_projection_non_max_key PASSED [ 14%]
tests/api/test_gap3_event_analysis_horizon_purge.py::test_event_analysis_horizon_purge_09f_returns_readonly_mapping PASSED [ 15%]
tests/api/test_gap3_event_analysis_horizon_purge.py::test_event_analysis_horizon_purge_11_spec_without_import_id_is_400 PASSED [ 15%]
tests/api/test_gap3_event_analysis_horizon_purge.py::test_event_analysis_horizon_purge_11b_import_id_with_timestamps_is_rejected PASSED [ 15%]
tests/api/test_gap3_event_analysis_horizon_purge.py::test_event_analysis_horizon_purge_11c_legacy_timestamps_only_still_accepted PASSED [ 15%]
tests/api/test_gap3_event_analysis_horizon_purge.py::test_event_analysis_horizon_purge_10i_prepare_called_once PASSED [ 15%]
tests/api/test_gap3_event_analysis_horizon_purge.py::test_event_analysis_horizon_purge_r1_full_analysis_rejects_event_batch PASSED [ 15%]
tests/api/test_gap3_event_analysis_horizon_purge.py::test_event_analysis_horizon_purge_r1_cross_sectional_rejects_event_batch PASSED [ 15%]
tests/api/test_gap3_event_analysis_horizon_purge.py::test_event_analysis_horizon_purge_r1_missing_import_is_404_not_500 PASSED [ 16%]
tests/api/test_gap3_event_analysis_horizon_purge.py::test_event_analysis_horizon_purge_r1_divergent_purge_is_fail_closed PASSED [ 16%]
tests/api/test_gap3_event_analysis_horizon_purge.py::test_event_analysis_horizon_purge_r1_duplicate_cutoff_is_loud PASSED [ 16%]
tests/api/test_gap3_event_analysis_horizon_purge.py::test_event_analysis_horizon_purge_r2_declaration_from_batch_receipt PASSED [ 16%]
tests/api/test_gap3_event_analysis_horizon_purge.py::test_event_analysis_horizon_purge_r1_all_alignment_failed_is_loud PASSED [ 16%]
tests/api/test_gap3_event_analysis_horizon_purge.py::test_event_analysis_horizon_purge_timeframe_seconds_identity PASSED [ 16%]
tests/api/test_gap3_event_analysis_horizon_purge.py::test_event_analysis_horizon_purge_14abd_coverage_filter_semantics PASSED [ 16%]
tests/api/test_gap3_event_analysis_horizon_purge.py::test_event_analysis_horizon_purge_12_decision_at_mapping_k3_vs_k0 PASSED [ 17%]
tests/api/test_gap3_event_batch_detail_dims.py::test_event_batch_detail_dims_01_fact_keyset_is_exactly_five PASSED [ 17%]
tests/api/test_gap3_event_batch_detail_dims.py::test_event_batch_detail_dims_02_row_arrays_shape_and_order PASSED [ 17%]
tests/api/test_gap3_event_batch_detail_dims.py::test_event_batch_detail_dims_03_no_scalar_impersonating_batch PASSED [ 17%]
tests/api/test_gap3_event_batch_detail_dims.py::test_event_batch_detail_dims_04_seeds_present_and_not_counted PASSED [ 17%]
tests/api/test_gap3_event_batch_detail_dims.py::test_event_batch_detail_dims_05_values_equal_stored_records PASSED [ 17%]
tests/api/test_gap3_event_batch_detail_dims.py::test_event_batch_detail_dims_06_mixed_control_kind_is_null_not_majority PASSED [ 18%]
tests/api/test_gap3_event_batch_detail_dims.py::test_event_batch_detail_dims_07_single_control_kind_is_not_nulled PASSED [ 18%]
tests/api/test_gap3_event_delete.py::test_gap3_event_delete_then_get_returns_404 PASSED [ 18%]
tests/api/test_gap3_event_delete.py::test_gap3_event_delete_leaves_zero_residue_on_disk PASSED [ 18%]
tests/api/test_gap3_event_delete.py::test_gap3_event_delete_scope_expands_with_phase1_and_phase2_artifacts PASSED [ 18%]
tests/api/test_gap3_event_delete.py::test_gap3_event_delete_removes_stored_phase1_receipt_from_payload PASSED [ 18%]
tests/api/test_gap3_event_delete.py::test_gap3_event_delete_unknown_id_returns_404_not_500 PASSED [ 18%]
tests/api/test_gap3_event_delete.py::test_gap3_event_delete_path_traversal_guard_is_at_service_layer PASSED [ 19%]
tests/api/test_gap3_event_delete.py::test_gap3_event_delete_no_delete_all_endpoint_for_events PASSED [ 19%]
tests/api/test_gap3_event_delete.py::test_gap3_event_delete_only_targets_that_batch PASSED [ 19%]
tests/api/test_gap3_event_delete.py::test_gap3_event_delete_is_not_idempotent_second_call_is_404 PASSED [ 19%]
tests/api/test_gap3_event_delete.py::test_gap3_event_delete_orphan_artifact_without_payload_is_deletable PASSED [ 19%]
tests/api/test_gap3_event_delete.py::test_gap3_event_delete_symlink_dir_is_unlinked_not_followed PASSED [ 19%]
tests/api/test_gap3_event_delete.py::test_gap3_event_delete_broken_symlink_sidecar_is_removed PASSED [ 20%]
tests/api/test_gap3_event_delete.py::test_gap3_event_delete_lone_broken_symlink_is_not_a_permanent_404 PASSED [ 20%]
tests/api/test_gap3_event_delete.py::test_gap3_event_delete_symlinked_storage_root_ruled_behavior PASSED [ 20%]
tests/api/test_gap3_event_delete.py::test_gap3_event_delete_residue_predicate_excludes_lookalike_names PASSED [ 20%]
tests/api/test_gap3_feature_coverage_gate.py::test_feature_coverage_gate_01_runinfo_declares_time_range PASSED [ 20%]
tests/api/test_gap3_feature_coverage_gate.py::test_feature_coverage_gate_01c_list_runs_actually_carries_time_range PASSED [ 20%]
tests/api/test_gap3_feature_coverage_gate.py::test_feature_coverage_gate_01b_real_manifest_values_are_strings_or_none PASSED [ 20%]
tests/api/test_gap3_feature_coverage_gate.py::test_feature_coverage_gate_02_contract_reasons_final_set PASSED [ 21%]
tests/api/test_gap3_feature_coverage_gate.py::test_feature_coverage_gate_03_fully_covered_passes PASSED [ 21%]
tests/api/test_gap3_feature_coverage_gate.py::test_feature_coverage_gate_04_left_bound_uses_decision_at_not_t0 PASSED [ 21%]
tests/api/test_gap3_feature_coverage_gate.py::test_feature_coverage_gate_05_right_bound_includes_label_window PASSED [ 21%]
tests/api/test_gap3_feature_coverage_gate.py::test_feature_coverage_gate_06_per_row_timeframe_not_batch_scalar PASSED [ 21%]
tests/api/test_gap3_feature_coverage_gate.py::test_feature_coverage_gate_07_mixed_tf_matches_per_row_evaluation PASSED [ 21%]
tests/api/test_gap3_feature_coverage_gate.py::test_feature_coverage_gate_08_unknown_timeframe_uses_injected_keyset PASSED [ 22%]
tests/api/test_gap3_feature_coverage_gate.py::test_feature_coverage_gate_09_legacy_none_pair PASSED [ 22%]
tests/api/test_gap3_feature_coverage_gate.py::test_feature_coverage_gate_09b_missing_key_same_as_legacy[None] PASSED [ 22%]
tests/api/test_gap3_feature_coverage_gate.py::test_feature_coverage_gate_09b_missing_key_same_as_legacy[missing1] PASSED [ 22%]
tests/api/test_gap3_feature_coverage_gate.py::test_feature_coverage_gate_09b_missing_key_same_as_legacy[missing2] PASSED [ 22%]
tests/api/test_gap3_feature_coverage_gate.py::test_feature_coverage_gate_09b_missing_key_same_as_legacy[not-a-dict] PASSED [ 22%]
tests/api/test_gap3_feature_coverage_gate.py::test_feature_coverage_gate_09b_over_present_keys_pass[present0] PASSED [ 22%]
tests/api/test_gap3_feature_coverage_gate.py::test_feature_coverage_gate_09b_over_present_keys_pass[present1] PASSED [ 23%]
tests/api/test_gap3_feature_coverage_gate.py::test_feature_coverage_gate_09c_tz_naive_iso_rejected PASSED [ 23%]
tests/api/test_gap3_feature_coverage_gate.py::test_feature_coverage_gate_10_epoch_second_strings_parse PASSED [ 23%]
tests/api/test_gap3_feature_coverage_gate.py::test_feature_coverage_gate_11_out_of_range_epoch_rejected PASSED [ 23%]
tests/api/test_gap3_feature_coverage_gate.py::test_feature_coverage_gate_12_empty_windows_is_not_an_error PASSED [ 23%]
tests/api/test_gap3_future_column_inventory_drift.py::test_gap3_future_column_inventory_drift_fixture_matches_casedata PASSED [ 23%]
tests/api/test_gap3_future_column_inventory_drift.py::test_gap3_future_column_inventory_drift_live_columns_all_registered PASSED [ 24%]
tests/api/test_gap3_heterogeneous_rows.py::test_gap3_heterogeneous_rows_direction_rejected_with_first_three_rows PASSED [ 24%]
tests/api/test_gap3_heterogeneous_rows.py::test_gap3_heterogeneous_rows_scenario_mixed_under_batch_defaults PASSED [ 24%]
tests/api/test_gap3_heterogeneous_rows.py::test_gap3_heterogeneous_rows_label_definition_mixed PASSED [ 24%]
tests/api/test_gap3_heterogeneous_rows.py::test_gap3_heterogeneous_rows_batch_defaults_fill_absent_is_accepted PASSED [ 24%]
tests/api/test_gap3_heterogeneous_rows.py::test_gap3_heterogeneous_rows_no_silent_first_row_broadcast PASSED [ 24%]
tests/api/test_gap3_heterogeneous_rows.py::test_gap3_heterogeneous_rows_homogeneous_batch_unaffected PASSED [ 24%]
tests/api/test_gap3_horizon_declaration.py::test_gap3_horizon_declaration_01_default_is_max_available_horizon PASSED [ 25%]
tests/api/test_gap3_horizon_declaration.py::test_gap3_horizon_declaration_02_lowering_without_acknowledgement_is_fail_closed PASSED [ 25%]
tests/api/test_gap3_horizon_declaration.py::test_gap3_horizon_declaration_03_embargo_matches_declared_bars_on_1h PASSED [ 25%]
tests/api/test_gap3_horizon_declaration.py::test_gap3_horizon_declaration_04_declaration_above_file_max_is_accepted PASSED [ 25%]
tests/api/test_gap3_horizon_declaration.py::test_gap3_horizon_declaration_05_depth_formula_is_the_single_exported_function PASSED [ 25%]
tests/api/test_gap3_horizon_declaration.py::test_gap3_horizon_declaration_06_multi_timeframe_keys_are_per_tf PASSED [ 25%]
tests/api/test_gap3_horizon_declaration.py::test_gap3_horizon_declaration_07_declared_depth_reaches_split_embargo PASSED [ 26%]
tests/api/test_gap3_horizon_declaration.py::test_gap3_horizon_declaration_08_divergent_scope_bounds_are_fail_closed PASSED [ 26%]
tests/api/test_gap3_horizon_declaration.py::test_gap3_horizon_declaration_08b_equal_scope_bounds_are_accepted PASSED [ 26%]
tests/api/test_gap3_horizon_declaration.py::test_gap3_horizon_declaration_06b_single_input_applied_to_all_timeframes_is_fail_closed PASSED [ 26%]
tests/api/test_gap3_ic_feature_cap.py::test_gap3_ic_feature_cap_reason_registered_in_ic_side_contract PASSED [ 26%]
tests/api/test_gap3_ic_feature_cap.py::test_gap3_ic_feature_cap_reason_membership_not_equality PASSED [ 26%]
tests/api/test_gap3_ic_feature_cap.py::test_gap3_ic_feature_cap_literal_not_hardcoded_in_api_or_frontend PASSED [ 26%]
tests/api/test_gap3_ic_feature_cap.py::test_gap3_ic_feature_cap_unknown_category_fails_closed PASSED [ 27%]
tests/api/test_gap3_ic_progress_fields.py::test_gap3_ic_progress_fields_exposes_feature_count PASSED [ 27%]
tests/api/test_gap3_ic_progress_fields.py::test_gap3_ic_progress_fields_stage_set_is_open_not_fixed_enum PASSED [ 27%]
tests/api/test_gap3_ic_progress_fields.py::test_gap3_ic_progress_fields_no_fake_value_when_unresolvable PASSED [ 27%]
tests/api/test_gap3_ic_progress_fields.py::test_gap3_ic_progress_fields_populated_for_implicit_latest_and_full_analysis PASSED [ 27%]
tests/api/test_gap3_ic_progress_fields.py::test_gap3_ic_progress_fields_resolver_reads_registry_only PASSED [ 27%]
tests/api/test_gap3_ic_stop_gate.py::test_gap3_ic_feature_cap_rejects_big_run_without_creating_task PASSED [ 28%]
tests/api/test_gap3_ic_stop_gate.py::test_gap3_ic_feature_cap_reason_comes_from_contract_not_hardcoded PASSED [ 28%]
tests/api/test_gap3_ic_stop_gate.py::test_gap3_ic_feature_cap_unresolvable_is_allowed_through PASSED [ 28%]
tests/api/test_gap3_ic_stop_gate.py::test_gap3_ic_feature_cap_reads_features_path_not_just_hash PASSED [ 28%]
tests/api/test_gap3_ic_stop_gate.py::test_gap3_ic_feature_cap_covers_cross_sectional_runs PASSED [ 28%]
tests/api/test_gap3_ic_stop_gate.py::test_gap3_ic_feature_cap_features_path_can_be_identifier_not_file PASSED [ 28%]
tests/api/test_gap3_ic_stop_gate.py::test_gap3_ic_feature_cap_covers_implicit_latest_longitudinal PASSED [ 28%]
tests/api/test_gap3_ic_stop_gate.py::test_gap3_ic_feature_cap_covers_implicit_latest_cross_sectional PASSED [ 29%]
tests/api/test_gap3_ic_stop_gate.py::test_gap3_ic_feature_cap_implicit_latest_under_cap_still_allowed PASSED [ 29%]
tests/api/test_gap3_ic_stop_gate.py::test_gap3_ic_feature_cap_identifier_keeps_symbol_scope PASSED [ 29%]
tests/api/test_gap3_ic_stop_gate.py::test_gap3_ic_feature_cap_explicit_features_path_not_false_blocked PASSED [ 29%]
tests/api/test_gap3_ic_stop_gate.py::test_gap3_ic_feature_cap_cross_sectional_ignores_top_level_features_path PASSED [ 29%]
tests/api/test_gap3_ic_stop_gate.py::test_gap3_ic_feature_cap_full_analysis_does_not_resolve_latest PASSED [ 29%]
tests/api/test_gap3_ic_stop_gate.py::test_gap3_ic_feature_cap_cross_run_empty_hash_means_latest PASSED [ 30%]
tests/api/test_gap3_ic_stop_gate.py::test_gap3_ic_feature_cap_duplicate_symbol_uses_last_hash_like_loader PASSED [ 30%]
tests/api/test_gap3_ic_stop_gate.py::test_gap3_matrix_hash_path_conflict_big_hash_small_path_allowed PASSED [ 30%]
tests/api/test_gap3_ic_stop_gate.py::test_gap3_matrix_cross_sectional_runs_all_small_allowed PASSED [ 30%]
tests/api/test_gap3_ic_stop_gate.py::test_gap3_matrix_symbols_only_all_small_allowed PASSED [ 30%]
tests/api/test_gap3_ic_stop_gate.py::test_gap3_matrix_empty_hash_with_small_latest_allowed PASSED [ 30%]
tests/api/test_gap3_ic_stop_gate.py::test_gap3_matrix_duplicate_symbol_last_is_big_must_block PASSED [ 30%]
tests/api/test_gap3_ic_stop_gate.py::test_gap3_matrix_full_analysis_big_features_path_must_block PASSED [ 31%]
tests/api/test_gap3_ic_stop_gate.py::test_gap3_matrix_resolver_equals_loader_plan PASSED [ 31%]
tests/api/test_gap3_ic_stop_gate.py::test_gap3_ic_feature_cap_registry_lowball_is_caught_by_manifest PASSED [ 31%]
tests/api/test_gap3_ic_stop_gate.py::test_gap3_ic_feature_cap_gate_and_service_share_one_registry_snapshot PASSED [ 31%]
tests/api/test_gap3_ic_stop_gate.py::test_gap3_ic_feature_cap_identifier_scopes_by_timeframe PASSED [ 31%]
tests/api/test_gap3_ic_stop_gate.py::test_gap3_ic_feature_cap_message_does_not_ask_for_impossible_action PASSED [ 31%]
tests/api/test_gap3_ic_stop_gate.py::test_gap3_ic_feature_cap_features_file_reads_metadata_only PASSED [ 32%]
tests/api/test_gap3_ic_stop_gate.py::test_gap3_ic_feature_cap_value_is_backed_by_measurement_receipt PASSED [ 32%]
tests/api/test_gap3_ic_stop_gate.py::test_gap3_ic_stop_gate_alive_no_big_matrix_loaded PASSED [ 32%]
tests/api/test_gap3_ic_stop_gate.py::test_gap3_ic_stop_gate_alive_small_run_still_creates_task PASSED [ 32%]
tests/api/test_gap3_import.py::test_gap3_import_json_new_schema_accepted_and_stored PASSED [ 32%]
tests/api/test_gap3_import.py::test_gap3_import_validate_only_does_not_store PASSED [ 32%]
tests/api/test_gap3_import.py::test_gap3_import_csv_with_nested_json_and_dotted_columns PASSED [ 32%]
tests/api/test_gap3_import.py::test_gap3_import_legacy_three_columns_rejected_with_migration_hint PASSED [ 33%]
tests/api/test_gap3_import.py::test_gap3_import_new_schema_on_legacy_endpoint_rejected_explicitly PASSED [ 33%]
tests/api/test_gap3_import.py::test_gap3_import_mixed_columns_rejected_listing_missing_fields PASSED [ 33%]
tests/api/test_gap3_import.py::test_gap3_import_contract_reasons_passthrough_not_reimplemented PASSED [ 33%]
tests/api/test_gap3_import.py::test_gap3_import_allowed_filtering_params_from_contract PASSED [ 33%]
tests/api/test_gap3_import.py::test_gap3_import_analyze_tables_real_kline PASSED [ 33%]
tests/api/test_gap3_import.py::test_gap3_import_new_schema_case_variants_on_legacy_endpoint PASSED [ 33%]
tests/api/test_gap3_import.py::test_gap3_import_ic_timestamps_only_enables_event_filter PASSED [ 34%]
tests/api/test_gap3_import.py::test_gap3_import_analyze_all_bars_and_ic_seconds PASSED [ 34%]
tests/api/test_gap3_import.py::test_gap3_import_json_verify_source_digest_rejected PASSED [ 34%]
tests/api/test_gap3_import.py::test_gap3_import_file_verify_requires_source_file PASSED [ 34%]
tests/api/test_gap3_import.py::test_gap3_import_verify_with_companion_source_file_passes PASSED [ 34%]
tests/api/test_gap3_import.py::test_gap3_import_verify_same_file_rejected_explicitly PASSED [ 34%]
tests/api/test_gap3_lookahead_declaration.py::test_lookahead_declaration_01_unresolvable_column_requires_declaration PASSED [ 35%]
tests/api/test_gap3_lookahead_declaration.py::test_lookahead_declaration_01b_endpoint_reports_requires_declaration PASSED [ 35%]
tests/api/test_gap3_lookahead_declaration.py::test_lookahead_declaration_02_missing_declaration_is_fail_closed PASSED [ 35%]
tests/api/test_gap3_lookahead_declaration.py::test_lookahead_declaration_02b_declared_batch_is_accepted_and_stored PASSED [ 35%]
tests/api/test_gap3_lookahead_declaration.py::test_lookahead_declaration_03_unextractable_filters_are_fail_closed[filters0-\u6b04\u540d\u53ea\u5728\u904b\u7b97\u5f0f\u5b57\u4e32\u5167\u90e8_\u6574\u8a5e\u4e0d\u7b49] PASSED [ 35%]
tests/api/test_gap3_lookahead_declaration.py::test_lookahead_declaration_03_unextractable_filters_are_fail_closed[filters1-\u4ee5opaque_id\u5f15\u7528_\u6839\u672c\u6c92\u6709\u6b04\u540d] PASSED [ 35%]
tests/api/test_gap3_lookahead_declaration.py::test_lookahead_declaration_03_unextractable_filters_are_fail_closed[filters2-\u6b04\u540d\u662fdotted_path\u7684\u4e00\u6bb5] PASSED [ 35%]
tests/api/test_gap3_lookahead_declaration.py::test_lookahead_declaration_03_unextractable_filters_are_fail_closed[filters3-\u5c0d\u6620\u5f8c\u7528\u5951\u7d04\u6b04\u540d_\u53ef\u898bheader\u662f\u4f7f\u7528\u8005\u6b04\u540d] PASSED [ 36%]
tests/api/test_gap3_lookahead_declaration.py::test_lookahead_declaration_03b_no_filters_still_requires_declaration PASSED [ 36%]
tests/api/test_gap3_lookahead_declaration.py::test_lookahead_declaration_03c_no_filters_with_declaration_is_accepted PASSED [ 36%]
tests/api/test_gap3_lookahead_declaration.py::test_lookahead_declaration_04_unverifiable_declaration_requires_acknowledgement PASSED [ 36%]
tests/api/test_gap3_lookahead_depth.py::test_gap3_lookahead_depth_01_bar_named_locks_to_max PASSED [ 36%]
tests/api/test_gap3_lookahead_depth.py::test_gap3_lookahead_depth_02_hour_named_resolves_per_tf PASSED [ 36%]
tests/api/test_gap3_lookahead_depth.py::test_gap3_lookahead_depth_03_hour_named_equal_ms_across_tf PASSED [ 37%]
tests/api/test_gap3_lookahead_depth.py::test_gap3_lookahead_depth_04_single_tf_degenerates_to_one_key PASSED [ 37%]
tests/api/test_gap3_lookahead_depth.py::test_gap3_lookahead_depth_05_attached_columns_not_in_max PASSED [ 37%]
tests/api/test_gap3_lookahead_depth.py::test_gap3_lookahead_depth_06_missing_declared_key_fail_closed PASSED [ 37%]
tests/api/test_gap3_lookahead_depth.py::test_gap3_lookahead_depth_07_unresolvable_column_fail_closed PASSED [ 37%]
tests/api/test_gap3_lookahead_depth.py::test_gap3_lookahead_depth_09_map_not_collapsed_to_scalar PASSED [ 37%]
tests/api/test_gap3_lookahead_depth.py::test_gap3_lookahead_depth_08_declared_type_fail_closed PASSED [ 37%]
tests/api/test_gap3_source_digest.py::test_gap3_source_digest_changes_on_future_column_mutation[deleted] PASSED [ 38%]
tests/api/test_gap3_source_digest.py::test_gap3_source_digest_changes_on_future_column_mutation[renamed] PASSED [ 38%]
tests/api/test_gap3_source_digest.py::test_gap3_source_digest_changes_on_future_column_mutation[changed] PASSED [ 38%]
tests/api/test_gap3_source_digest.py::test_gap3_source_digest_covers_every_own_key PASSED [ 38%]
tests/api/test_gap3_source_digest.py::test_gap3_source_digest_keys_sorted_utf8_ascending PASSED [ 38%]
tests/api/test_gap3_source_digest.py::test_gap3_source_digest_s9_serialization_rules PASSED [ 38%]
tests/api/test_gap3_source_digest.py::test_gap3_source_digest_verify_only_compares_never_recomputes PASSED [ 39%]
tests/api/test_gap3_source_digest.py::test_gap3_source_digest_rule_digest_path_is_separate PASSED [ 39%]
tests/api/test_gap3_source_digest.py::test_gap3_source_digest_attached_to_search_result_response PASSED [ 39%]
tests/api/test_gap3_source_digest.py::test_gap3_source_digest_one_byte_change_flips_digest PASSED [ 39%]
tests/api/test_gap3_source_digest.py::test_gap3_source_digest_event_id_template_is_single_source PASSED [ 39%]
tests/api/test_gap3_source_digest.py::test_gap3_source_digest_non_canonical_event_id_rejected[json] PASSED [ 39%]
tests/api/test_gap3_source_digest.py::test_gap3_source_digest_non_canonical_event_id_rejected[csv] PASSED [ 39%]
tests/api/test_gap3_source_digest.py::test_gap3_source_digest_canonical_event_id_not_enforced_on_platform_path PASSED [ 40%]
tests/api/test_gap3_source_digest.py::test_gap3_source_digest_event_id_set_equal_json_export_vs_csv_reimport PASSED [ 40%]
tests/api/test_gap3_source_digest.py::test_gap3_source_digest_regenerates_frontend_golden PASSED [ 40%]
tests/api/test_gap3_source_digest.py::test_gap3_source_digest_present_on_live_http_route PASSED [ 40%]
tests/api/test_gap3_source_digest.py::test_gap3_source_digest_every_search_result_route_attaches_digest PASSED [ 40%]
tests/api/test_gap3_source_json_hint.py::test_gap3_source_json_hint_on_event_upload_endpoint PASSED [ 40%]
tests/api/test_gap3_source_json_hint.py::test_gap3_source_json_hint_on_csv_endpoint PASSED [ 41%]
tests/api/test_gap3_source_json_hint.py::test_gap3_source_json_hint_two_endpoints_share_one_literal PASSED [ 41%]
tests/api/test_gap3_source_json_hint.py::test_gap3_source_json_hint_not_shown_for_legacy_three_column_file PASSED [ 41%]
tests/api/test_gap3_source_json_hint.py::test_gap3_source_json_hint_not_shown_for_legacy_json_file PASSED [ 41%]
tests/api/test_gap3_source_json_hint.py::test_gap3_source_json_hint_not_shown_for_contract_violation PASSED [ 41%]
tests/api/test_gap3_source_json_hint.py::test_gap3_source_json_hint_not_shown_for_new_schema_with_leftover_columns PASSED [ 41%]
tests/api/test_gap3_source_json_hint.py::test_gap3_source_json_hint_detector_shape_only PASSED [ 41%]
tests/api/test_gap3_source_json_hint.py::test_gap3_source_json_hint_rejects_wrong_marker_types PASSED [ 42%]
tests/api/test_gap3_source_json_hint.py::test_gap3_source_json_hint_literal_lives_in_contract_module PASSED [ 42%]
tests/api/test_gap3_t0_unit_detect.py::test_gap3_t0_unit_detect_milliseconds_passthrough PASSED [ 42%]
tests/api/test_gap3_t0_unit_detect.py::test_gap3_t0_unit_detect_seconds_scaled_exact PASSED [ 42%]
tests/api/test_gap3_t0_unit_detect.py::test_gap3_t0_unit_detect_undetectable_rejected_without_guessing PASSED [ 42%]
tests/api/test_gap3_t0_unit_detect.py::test_gap3_t0_unit_detect_bands_are_disjoint PASSED [ 42%]
tests/api/test_gap3_t0_unit_detect.py::test_gap3_t0_unit_detect_shared_by_json_path PASSED [ 43%]
tests/api/test_gap3_t0_unit_detect.py::test_gap3_t0_unit_detect_shared_by_csv_mapping_path PASSED [ 43%]
tests/api/test_gap3_t0_unit_detect.py::test_gap3_t0_unit_detect_undetectable_still_rejected_end_to_end PASSED [ 43%]
tests/api/test_lookahead_rename_attack.py::test_lookahead_rename_attack_01_uploaded_column_requires_declaration[future_4bar_return] PASSED [ 43%]
tests/api/test_lookahead_rename_attack.py::test_lookahead_rename_attack_01_uploaded_column_requires_declaration[future_11bar_max_drawdown] PASSED [ 43%]
tests/api/test_lookahead_rename_attack.py::test_lookahead_rename_attack_01_uploaded_column_requires_declaration[future72_max_return] PASSED [ 43%]
tests/api/test_lookahead_rename_attack.py::test_lookahead_rename_attack_01_uploaded_column_requires_declaration[future24_close] PASSED [ 43%]
tests/api/test_lookahead_rename_attack.py::test_lookahead_rename_attack_01_uploaded_column_requires_declaration[future_max_return] PASSED [ 44%]
tests/api/test_lookahead_rename_attack.py::test_lookahead_rename_attack_01_uploaded_column_requires_declaration[my_custom_signal] PASSED [ 44%]
tests/api/test_lookahead_rename_attack.py::test_lookahead_rename_attack_01_uploaded_column_requires_declaration[Future_7Bar_Return_%] PASSED [ 44%]
tests/api/test_lookahead_rename_attack.py::test_lookahead_rename_attack_02_system_generated_resolves_directly[future_4bar_return-1h-4] PASSED [ 44%]
tests/api/test_lookahead_rename_attack.py::test_lookahead_rename_attack_02_system_generated_resolves_directly[future_11bar_max_drawdown-1h-11] PASSED [ 44%]
tests/api/test_lookahead_rename_attack.py::test_lookahead_rename_attack_02_system_generated_resolves_directly[future_4bar_return-12h-4] PASSED [ 44%]
tests/api/test_lookahead_rename_attack.py::test_lookahead_rename_attack_02_system_generated_resolves_directly[future72_max_return-1h-72] PASSED [ 45%]
tests/api/test_lookahead_rename_attack.py::test_lookahead_rename_attack_02_system_generated_resolves_directly[future72_max_return-12h-6] PASSED [ 45%]
tests/api/test_lookahead_rename_attack.py::test_lookahead_rename_attack_02_system_generated_resolves_directly[future24_close-12h-2] PASSED [ 45%]
tests/api/test_lookahead_rename_attack.py::test_lookahead_rename_attack_02_system_generated_resolves_directly[Future_7Bar_Return_%-1h-7] PASSED [ 45%]
tests/api/test_lookahead_rename_attack.py::test_lookahead_rename_attack_03_system_generated_unknown_still_declares PASSED [ 45%]
tests/api/test_lookahead_rename_attack.py::test_lookahead_rename_attack_04_unknown_provenance_fail_closed[trust_me] PASSED [ 45%]
tests/api/test_lookahead_rename_attack.py::test_lookahead_rename_attack_04_unknown_provenance_fail_closed[] PASSED [ 45%]
tests/api/test_lookahead_rename_attack.py::test_lookahead_rename_attack_04_unknown_provenance_fail_closed[SYSTEM_GENERATED] PASSED [ 46%]
tests/api/test_lookahead_rename_attack.py::test_lookahead_rename_attack_04_unknown_provenance_fail_closed[system-generated] PASSED [ 46%]
tests/api/test_lookahead_rename_attack.py::test_lookahead_rename_attack_04_unknown_provenance_fail_closed[external] PASSED [ 46%]
tests/api/test_lookahead_rename_attack.py::test_lookahead_rename_attack_04_unknown_provenance_fail_closed[None] PASSED [ 46%]
tests/api/test_lookahead_rename_attack.py::test_lookahead_rename_attack_04_unknown_provenance_fail_closed[0] PASSED [ 46%]
tests/api/test_lookahead_rename_attack.py::test_lookahead_rename_attack_04_unknown_provenance_fail_closed[user] PASSED [ 46%]
tests/api/test_lookahead_rename_attack.py::test_lookahead_rename_attack_04_unknown_provenance_fail_closed[internal] PASSED [ 47%]
tests/api/test_lookahead_rename_attack.py::test_lookahead_rename_attack_05_provenance_closed_set_is_exactly_two PASSED [ 47%]
tests/momentum/event_samples/test_alignment.py::test_g2_k0_integer_exact PASSED [ 47%]
tests/momentum/event_samples/test_alignment.py::test_g2_k1_offset_exact PASSED [ 47%]
tests/momentum/event_samples/test_alignment.py::test_g2_nonboundary_1h_anchor_asof PASSED [ 47%]
tests/momentum/event_samples/test_alignment.py::test_g2_data_end_label_window_incomplete PASSED [ 47%]
tests/momentum/event_samples/test_alignment.py::test_next_open_close_to_close_two_number_disclosure PASSED [ 47%]
tests/momentum/event_samples/test_alignment.py::test_label_modes_exact PASSED [ 48%]
tests/momentum/event_samples/test_alignment.py::test_accounting_conservation_m1 PASSED [ 48%]
tests/momentum/event_samples/test_alignment.py::test_warmup_insufficient_before_data_start PASSED [ 48%]
tests/momentum/event_samples/test_alignment.py::test_missing_tf_and_corrupt_bars PASSED [ 48%]
tests/momentum/event_samples/test_alignment.py::test_corrupt_close_time_rejected PASSED [ 48%]
tests/momentum/event_samples/test_alignment.py::test_uint64_descending_bars_rejected PASSED [ 48%]
tests/momentum/event_samples/test_alignment.py::test_w11_decision_gt_t0_guard_falsifiable PASSED [ 49%]
tests/momentum/event_samples/test_alignment.py::test_assert_cutoff_shift_one_bar_mutation_red PASSED [ 49%]
tests/momentum/event_samples/test_all_bars_eval.py::test_denominator_hand_exact_real_kline PASSED [ 49%]
tests/momentum/event_samples/test_all_bars_eval.py::test_decision_offset_shrinks_eligible PASSED [ 49%]
tests/momentum/event_samples/test_all_bars_eval.py::test_missing_scores_counted_not_dropped PASSED [ 49%]
tests/momentum/event_samples/test_all_bars_eval.py::test_assert_mutation_ineligible_in_denominator_red PASSED [ 49%]
tests/momentum/event_samples/test_all_bars_eval.py::test_missing_prevalence_disclosure_unavailable PASSED [ 49%]
tests/momentum/event_samples/test_all_bars_eval.py::test_multiple_label_ids_not_overwritten PASSED [ 50%]
tests/momentum/event_samples/test_all_bars_eval.py::test_common_constraint_block_present PASSED [ 50%]
tests/momentum/event_samples/test_all_bars_eval.py::test_grid_gap_counted_as_missing_bar PASSED [ 50%]
tests/momentum/event_samples/test_all_bars_eval.py::test_entry_semantic_next_open_hold_return_exact PASSED [ 50%]
tests/momentum/event_samples/test_all_bars_eval.py::test_required_entry_semantic_timeframe_and_duplicate_bar_fail_closed PASSED [ 50%]
tests/momentum/event_samples/test_all_bars_eval.py::test_common_has_actual_macro_micro_cluster_ci PASSED [ 50%]
tests/momentum/event_samples/test_all_bars_eval.py::test_rule_callable_and_kind_strata PASSED [ 50%]
tests/momentum/event_samples/test_baseline_oracle.py::test_shuffled_labels_all_in_band PASSED [ 51%]
tests/momentum/event_samples/test_baseline_oracle.py::test_informative_out_of_band_noise_in_band PASSED [ 51%]
tests/momentum/event_samples/test_baseline_oracle.py::test_deterministic_same_seed PASSED [ 51%]
tests/momentum/event_samples/test_baseline_oracle.py::test_one_class_unavailable PASSED [ 51%]
tests/momentum/event_samples/test_baseline_oracle.py::test_all_nan_feature_loud PASSED [ 51%]
tests/momentum/event_samples/test_baseline_oracle.py::test_partial_nonfinite_loud_no_silent_drop PASSED [ 51%]
tests/momentum/event_samples/test_baseline_oracle.py::test_feature_manifest_hash_in_receipts_and_required PASSED [ 52%]
tests/momentum/event_samples/test_baseline_oracle.py::test_one_class_with_nonfinite_is_loud_not_unavailable PASSED [ 52%]
tests/momentum/event_samples/test_baseline_oracle.py::test_m8_identity_permutation_hard_check PASSED [ 52%]
tests/momentum/event_samples/test_baseline_oracle.py::test_pit_shift_kills_signal PASSED [ 52%]
tests/momentum/event_samples/test_baseline_oracle.py::test_conditional_ic_core_reuse PASSED [ 52%]
tests/momentum/event_samples/test_candidate_ledger.py::test_to_return_series_hand_exact_each_entry_semantic[trigger_open-0] PASSED [ 52%]
tests/momentum/event_samples/test_candidate_ledger.py::test_to_return_series_hand_exact_each_entry_semantic[trigger_close-0] PASSED [ 52%]
tests/momentum/event_samples/test_candidate_ledger.py::test_to_return_series_hand_exact_each_entry_semantic[next_open-0] PASSED [ 53%]
tests/momentum/event_samples/test_candidate_ledger.py::test_to_return_series_hand_exact_each_entry_semantic[decision_bar_open-1] PASSED [ 53%]
tests/momentum/event_samples/test_candidate_ledger.py::test_to_return_series_hand_exact_each_entry_semantic[decision_bar_close-1] PASSED [ 53%]
tests/momentum/event_samples/test_candidate_ledger.py::test_to_return_series_short_sign_and_threshold PASSED [ 53%]
tests/momentum/event_samples/test_candidate_ledger.py::test_to_return_series_w8_mismatch_rejected PASSED [ 53%]
tests/momentum/event_samples/test_candidate_ledger.py::test_ledger_empty_unavailable PASSED [ 53%]
tests/momentum/event_samples/test_candidate_ledger.py::test_record_then_n_from_ledger_dsr_pbo_eligibility PASSED [ 54%]
tests/momentum/event_samples/test_candidate_ledger.py::test_auc_fed_to_dsr_rejected_mechanically PASSED [ 54%]
tests/momentum/event_samples/test_candidate_ledger.py::test_min_btl_shortfall_loud PASSED [ 54%]
tests/momentum/event_samples/test_candidate_ledger.py::test_single_candidate_pbo_unavailable_and_obs_below_blocks PASSED [ 54%]
tests/momentum/event_samples/test_candidate_ledger.py::test_record_guards_and_ledger_mismatch_unverifiable PASSED [ 54%]
tests/momentum/event_samples/test_candidate_ledger.py::test_disguised_score_series_rejected PASSED [ 54%]
tests/momentum/event_samples/test_candidate_ledger.py::test_unlogged_candidate_cannot_be_champion PASSED [ 54%]
tests/momentum/event_samples/test_candidate_ledger.py::test_pbo_observation_axis_by_entry_time_not_lexicographic PASSED [ 55%]
tests/momentum/event_samples/test_candidate_ledger.py::test_stale_receipt_after_copy_mutation_rejected PASSED [ 55%]
tests/momentum/event_samples/test_candidate_ledger.py::test_sidecar_first_and_ledger_without_provenance_unavailable PASSED [ 55%]
tests/momentum/event_samples/test_candidate_ledger.py::test_record_requires_command_and_expected_before_any_write PASSED [ 55%]
tests/momentum/event_samples/test_canonical_serialize.py::test_canonical_serialize_01_bytes_equal_golden PASSED [ 55%]
tests/momentum/event_samples/test_canonical_serialize.py::test_canonical_serialize_02_separators_change_hash PASSED [ 55%]
tests/momentum/event_samples/test_canonical_serialize.py::test_canonical_serialize_03_trailing_newline_changes_hash PASSED [ 56%]
tests/momentum/event_samples/test_canonical_serialize.py::test_canonical_serialize_04_ensure_ascii_changes_hash PASSED [ 56%]
tests/momentum/event_samples/test_canonical_serialize.py::test_canonical_serialize_05_unnormalized_nan_raises PASSED [ 56%]
tests/momentum/event_samples/test_canonical_serialize.py::test_canonical_serialize_06_negative_zero_preserved PASSED [ 56%]
tests/momentum/event_samples/test_canonical_serialize.py::test_canonical_serialize_07_duplicate_horizon_raises PASSED [ 56%]
tests/momentum/event_samples/test_canonical_serialize.py::test_canonical_serialize_08_type_whitelist_fail_closed PASSED [ 56%]
tests/momentum/event_samples/test_canonical_serialize.py::test_canonical_serialize_09_absent_key_and_key_order PASSED [ 56%]
tests/momentum/event_samples/test_condition_engine.py::test_feature_role_rejects_future_column PASSED [ 57%]
tests/momentum/event_samples/test_condition_engine.py::test_selection_predicate_accepts_future_column_and_records_role PASSED [ 57%]
tests/momentum/event_samples/test_condition_engine.py::test_feature_role_rejects_trigger_outcome_and_future_prefix_backstop PASSED [ 57%]
tests/momentum/event_samples/test_condition_engine.py::test_label_role_requires_outcome_column PASSED [ 57%]
tests/momentum/event_samples/test_condition_engine.py::test_label_role_rejects_mixed_feature_and_outcome PASSED [ 57%]
tests/momentum/event_samples/test_condition_engine.py::test_future_prefix_backstop_is_case_insensitive PASSED [ 57%]
tests/momentum/event_samples/test_condition_engine.py::test_logical_tautology_rejected[True or rsi_14 > 0] PASSED [ 58%]
tests/momentum/event_samples/test_condition_engine.py::test_logical_tautology_rejected[rsi_14 > 0 or True] PASSED [ 58%]
tests/momentum/event_samples/test_condition_engine.py::test_logical_tautology_rejected[False and rsi_14 > 0] PASSED [ 58%]
tests/momentum/event_samples/test_condition_engine.py::test_logical_tautology_rejected[rsi_14 > 0 or not rsi_14 > 0] PASSED [ 58%]
tests/momentum/event_samples/test_condition_engine.py::test_logical_tautology_rejected[rsi_14 > 0 and not (rsi_14 > 0)] PASSED [ 58%]
tests/momentum/event_samples/test_condition_engine.py::test_logical_tautology_rejected[not (rsi_14 > 0 or not rsi_14 > 0)] PASSED [ 58%]
tests/momentum/event_samples/test_condition_engine.py::test_logical_tautology_rejected[(1 < 2 or rsi_14 > 0) and ema_gap > 0 or True] PASSED [ 58%]
tests/momentum/event_samples/test_condition_engine.py::test_logical_tautology_rejected[rsi_14 <= rsi_14 and ema_gap > 0 or 3 > 2] PASSED [ 59%]
tests/momentum/event_samples/test_condition_engine.py::test_non_tautology_with_constant_subterm_accepted PASSED [ 59%]
tests/momentum/event_samples/test_condition_engine.py::test_contract_cache_immutable PASSED [ 59%]
tests/momentum/event_samples/test_condition_engine.py::test_rejects_outside_safe_subset[-empty_expression] PASSED [ 59%]
tests/momentum/event_samples/test_condition_engine.py::test_rejects_outside_safe_subset[   -empty_expression] PASSED [ 59%]
tests/momentum/event_samples/test_condition_engine.py::test_rejects_outside_safe_subset[rsi_14 <-syntax_error] PASSED [ 59%]
tests/momentum/event_samples/test_condition_engine.py::test_rejects_outside_safe_subset[rsi_14 + 1 > 0-disallowed_node] PASSED [ 60%]
tests/momentum/event_samples/test_condition_engine.py::test_rejects_outside_safe_subset[__import__('os')-disallowed_function] PASSED [ 60%]
tests/momentum/event_samples/test_condition_engine.py::test_rejects_outside_safe_subset[rsi_14.mean() > 0-disallowed_function] PASSED [ 60%]
tests/momentum/event_samples/test_condition_engine.py::test_rejects_outside_safe_subset[foo > 1-unregistered_column] PASSED [ 60%]
tests/momentum/event_samples/test_condition_engine.py::test_rejects_outside_safe_subset[1 < 2-constant_expression] PASSED [ 60%]
tests/momentum/event_samples/test_condition_engine.py::test_rejects_outside_safe_subset[True-constant_expression] PASSED [ 60%]
tests/momentum/event_samples/test_condition_engine.py::test_rejects_outside_safe_subset[rsi_14 == rsi_14-constant_expression] PASSED [ 60%]
tests/momentum/event_samples/test_condition_engine.py::test_rejects_outside_safe_subset[lag(rsi_14, -1) > 0-invalid_lag] PASSED [ 61%]
tests/momentum/event_samples/test_condition_engine.py::test_rejects_outside_safe_subset[lag(rsi_14, 0) > 0-invalid_lag] PASSED [ 61%]
tests/momentum/event_samples/test_condition_engine.py::test_rejects_outside_safe_subset[lag(1, 2) > 0-invalid_lag] PASSED [ 61%]
tests/momentum/event_samples/test_condition_engine.py::test_rejects_outside_safe_subset[sqrt(rsi_14) > 0-disallowed_function] PASSED [ 61%]
tests/momentum/event_samples/test_condition_engine.py::test_rejects_outside_safe_subset[rsi_14 in [1, 2]-disallowed_node] PASSED [ 61%]
tests/momentum/event_samples/test_condition_engine.py::test_rejects_outside_safe_subset[rsi_14 if True else 0-disallowed_node] PASSED [ 61%]
tests/momentum/event_samples/test_condition_engine.py::test_unknown_column_role_and_unknown_expression_role PASSED [ 62%]
tests/momentum/event_samples/test_condition_engine.py::test_failure_reasons_all_in_contract PASSED [ 62%]
tests/momentum/event_samples/test_condition_engine.py::test_digest_invariant_to_whitespace_and_operand_order PASSED [ 62%]
tests/momentum/event_samples/test_condition_engine.py::test_digest_chained_interval_equals_explicit_and PASSED [ 62%]
tests/momentum/event_samples/test_condition_engine.py::test_digest_independent_of_role_and_and_or_distinct PASSED [ 62%]
tests/momentum/event_samples/test_condition_engine.py::test_max_lookback_from_lag PASSED [ 62%]
tests/momentum/event_samples/test_condition_engine.py::test_evaluate_hand_exact_with_nan_and_interval PASSED [ 62%]
tests/momentum/event_samples/test_condition_engine.py::test_evaluate_lag_only_looks_back PASSED [ 63%]
tests/momentum/event_samples/test_condition_engine.py::test_evaluate_missing_column_loud PASSED [ 63%]
tests/momentum/event_samples/test_condition_engine.py::test_assert_no_outcome_columns PASSED [ 63%]
tests/momentum/event_samples/test_condition_engine.py::test_allowed_filtering_params_from_contract PASSED [ 63%]
tests/momentum/event_samples/test_counterexample_classifier.py::test_boundary_fixture_exact[0.05--0.01-a_trigger_no_follow] PASSED [ 63%]
tests/momentum/event_samples/test_counterexample_classifier.py::test_boundary_fixture_exact[0.050000001--0.01-a_trigger_no_follow] PASSED [ 63%]
tests/momentum/event_samples/test_counterexample_classifier.py::test_boundary_fixture_exact[0.049999999--0.01-unclassifiable] PASSED [ 64%]
tests/momentum/event_samples/test_counterexample_classifier.py::test_boundary_fixture_exact[0.06-0.0-a_trigger_no_follow] PASSED [ 64%]
tests/momentum/event_samples/test_counterexample_classifier.py::test_boundary_fixture_exact[0.06-1e-09-unclassifiable] PASSED [ 64%]
tests/momentum/event_samples/test_counterexample_classifier.py::test_boundary_fixture_exact[0.06--1e-09-a_trigger_no_follow] PASSED [ 64%]
tests/momentum/event_samples/test_counterexample_classifier.py::test_boundary_fixture_exact[0.01-0.05-b_range] PASSED [ 64%]
tests/momentum/event_samples/test_counterexample_classifier.py::test_boundary_fixture_exact[0.010000001-0.05-unclassifiable] PASSED [ 64%]
tests/momentum/event_samples/test_counterexample_classifier.py::test_boundary_fixture_exact[0.009999999-0.05-b_range] PASSED [ 64%]
tests/momentum/event_samples/test_counterexample_classifier.py::test_boundary_fixture_exact[-0.05-0.0-c_drop] PASSED [ 65%]
tests/momentum/event_samples/test_counterexample_classifier.py::test_boundary_fixture_exact[-0.049999999-0.0-unclassifiable] PASSED [ 65%]
tests/momentum/event_samples/test_counterexample_classifier.py::test_boundary_fixture_exact[-0.050000001-0.0-c_drop] PASSED [ 65%]
tests/momentum/event_samples/test_counterexample_classifier.py::test_multi_hit_unclassifiable_not_guess PASSED [ 65%]
tests/momentum/event_samples/test_counterexample_classifier.py::test_real_kline_auto_classification PASSED [ 65%]
tests/momentum/event_samples/test_counterexample_classifier.py::test_user_label_kept_with_conflict_trace PASSED [ 65%]
tests/momentum/event_samples/test_counterexample_classifier.py::test_window_incomplete_unclassifiable PASSED [ 66%]
tests/momentum/event_samples/test_dedupe.py::test_scenario_c_policy_primary_cluster_first_representative PASSED [ 66%]
tests/momentum/event_samples/test_dedupe.py::test_uniqueness_weights_exact_hand_example PASSED [ 66%]
tests/momentum/event_samples/test_dedupe.py::test_single_event_weight_one_own_cluster PASSED [ 66%]
tests/momentum/event_samples/test_dedupe.py::test_extreme_all_same_interval_effective_one PASSED [ 66%]
tests/momentum/event_samples/test_dedupe.py::test_missing_interval_fail_closed PASSED [ 66%]
tests/momentum/event_samples/test_dedupe.py::test_transitive_overlap_union_find_composer_counterexample PASSED [ 66%]
tests/momentum/event_samples/test_dedupe.py::test_transitive_overlap_union_find_codex_counterexample PASSED [ 67%]
tests/momentum/event_samples/test_dedupe.py::test_events_context_join PASSED [ 67%]
tests/momentum/event_samples/test_event_split.py::test_boundary_purge_exact_hand_example PASSED [ 67%]
tests/momentum/event_samples/test_event_split.py::test_no_positional_index_row_order_invariant PASSED [ 67%]
tests/momentum/event_samples/test_event_split.py::test_macro_micro_both_output_and_labeled PASSED [ 67%]
tests/momentum/event_samples/test_event_split.py::test_time_cluster_weight_sums_to_one PASSED [ 67%]
tests/momentum/event_samples/test_event_split.py::test_single_symbol_degraded PASSED [ 67%]
tests/momentum/event_samples/test_event_split.py::test_tier_insufficient_loud_no_fallback PASSED [ 68%]
tests/momentum/event_samples/test_event_split.py::test_extreme_all_symbols_same_instant_single_cluster PASSED [ 68%]
tests/momentum/event_samples/test_event_split.py::test_mixed_tf_requires_explicit_bucket PASSED [ 68%]
tests/momentum/event_samples/test_event_split.py::test_embargo_smaller_than_window_rejected PASSED [ 68%]
tests/momentum/event_samples/test_feature_materialization.py::test_long_segment_equals_full_history PASSED [ 68%]
tests/momentum/event_samples/test_feature_materialization.py::test_causal_invariant_truncate_future PASSED [ 68%]
tests/momentum/event_samples/test_feature_materialization.py::test_manifest_hash_deterministic PASSED [ 69%]
tests/momentum/event_samples/test_feature_materialization.py::test_warmup_event_goes_to_failures_not_nan PASSED [ 69%]
tests/momentum/event_samples/test_feature_materialization.py::test_corrupt_row_id_rejected_in_full_mode PASSED [ 69%]
tests/momentum/event_samples/test_feature_materialization.py::test_column_collision_loud PASSED [ 69%]
tests/momentum/event_samples/test_feature_materialization.py::test_missing_events_context_fail_closed PASSED [ 69%]
tests/momentum/event_samples/test_gap3_analysis_label_producer.py::test_analysis_label_producer_01_long_exact PASSED [ 69%]
tests/momentum/event_samples/test_gap3_analysis_label_producer.py::test_analysis_label_producer_02_short_is_exact_negation PASSED [ 69%]
tests/momentum/event_samples/test_gap3_analysis_label_producer.py::test_analysis_label_producer_03_next_open_unsupported PASSED [ 70%]
tests/momentum/event_samples/test_gap3_analysis_label_producer.py::test_analysis_label_producer_04_k3_unsupported_but_decision_before_t0 PASSED [ 70%]
tests/momentum/event_samples/test_gap3_analysis_label_producer.py::test_analysis_label_producer_05_open_to_close_unsupported PASSED [ 70%]
tests/momentum/event_samples/test_gap3_analysis_label_producer.py::test_analysis_label_producer_06_h3_vs_h7 PASSED [ 70%]
tests/momentum/event_samples/test_gap3_analysis_label_producer.py::test_analysis_label_producer_07_tail_insufficient_absent_not_zero PASSED [ 70%]
tests/momentum/event_samples/test_gap3_analysis_label_producer.py::test_analysis_label_producer_a023_direction_sign_in_hash PASSED [ 70%]
tests/momentum/event_samples/test_gap3_analysis_label_producer.py::test_analysis_label_producer_a023_mixed_direction_rejected PASSED [ 71%]
tests/momentum/event_samples/test_gap3_analysis_label_producer.py::test_analysis_label_producer_a023_direction_bad_values_rejected[None] PASSED [ 71%]
tests/momentum/event_samples/test_gap3_analysis_label_producer.py::test_analysis_label_producer_a023_direction_bad_values_rejected[Long] PASSED [ 71%]
tests/momentum/event_samples/test_gap3_analysis_label_producer.py::test_analysis_label_producer_a023_direction_bad_values_rejected[LONG] PASSED [ 71%]
tests/momentum/event_samples/test_gap3_analysis_label_producer.py::test_analysis_label_producer_a023_direction_bad_values_rejected[] PASSED [ 71%]
tests/momentum/event_samples/test_gap3_analysis_label_producer.py::test_analysis_label_producer_a023_direction_bad_values_rejected[buy] PASSED [ 71%]
tests/momentum/event_samples/test_gap3_analysis_label_producer.py::test_analysis_label_producer_a023_direction_bad_values_rejected[1] PASSED [ 71%]
tests/momentum/event_samples/test_gap3_analysis_label_producer.py::test_analysis_label_producer_a023_direction_good_values_accepted[long-1] PASSED [ 72%]
tests/momentum/event_samples/test_gap3_analysis_label_producer.py::test_analysis_label_producer_a023_direction_good_values_accepted[short--1] PASSED [ 72%]
tests/momentum/event_samples/test_gap3_analysis_label_producer.py::test_analysis_label_producer_spec_binding_h7_prepare_h3_resolve PASSED [ 72%]
tests/momentum/event_samples/test_gap3_analysis_label_producer.py::test_analysis_label_producer_coverage_replace_keeps_identity PASSED [ 72%]
tests/momentum/event_samples/test_gap3_attached_columns_contract.py::test_gap3_attached_columns_contract_accepts_declared_and_future_columns PASSED [ 72%]
tests/momentum/event_samples/test_gap3_attached_columns_contract.py::test_gap3_attached_columns_contract_rejects_bad_declared_map[bool] PASSED [ 72%]
tests/momentum/event_samples/test_gap3_attached_columns_contract.py::test_gap3_attached_columns_contract_rejects_bad_declared_map[bool_value] PASSED [ 73%]
tests/momentum/event_samples/test_gap3_attached_columns_contract.py::test_gap3_attached_columns_contract_rejects_bad_declared_map[negative] PASSED [ 73%]
tests/momentum/event_samples/test_gap3_attached_columns_contract.py::test_gap3_attached_columns_contract_rejects_bad_declared_map[non_str_key] PASSED [ 73%]
tests/momentum/event_samples/test_gap3_attached_columns_contract.py::test_gap3_attached_columns_contract_rejects_bad_declared_map[float_value] PASSED [ 73%]
tests/momentum/event_samples/test_gap3_attached_columns_contract.py::test_gap3_attached_columns_contract_rejects_bad_declared_map[str] PASSED [ 73%]
tests/momentum/event_samples/test_gap3_attached_columns_contract.py::test_gap3_attached_columns_contract_rejects_non_float_future_column PASSED [ 73%]
tests/momentum/event_samples/test_gap3_attached_columns_contract.py::test_gap3_attached_columns_contract_rejects_non_finite_future_column[nan] PASSED [ 73%]
tests/momentum/event_samples/test_gap3_attached_columns_contract.py::test_gap3_attached_columns_contract_rejects_non_finite_future_column[inf] PASSED [ 74%]
tests/momentum/event_samples/test_gap3_attached_columns_contract.py::test_gap3_attached_columns_contract_rejects_non_finite_future_column[-inf] PASSED [ 74%]
tests/momentum/event_samples/test_gap3_attached_columns_contract.py::test_gap3_attached_columns_contract_no_double_registration PASSED [ 74%]
tests/momentum/event_samples/test_gap3_attached_columns_contract.py::test_gap3_attached_columns_contract_receipt_batch_key_preserved PASSED [ 74%]
tests/momentum/event_samples/test_gap3_attached_columns_contract.py::test_gap3_attached_columns_contract_rejects_batch_inconsistent_declared PASSED [ 74%]
tests/momentum/event_samples/test_gap3_attached_columns_contract.py::test_gap3_attached_columns_contract_rejects_partially_present_declared PASSED [ 74%]
tests/momentum/event_samples/test_gap3_attached_columns_contract.py::test_gap3_attached_columns_contract_future_columns_never_reach_ic_feed PASSED [ 75%]
tests/momentum/event_samples/test_gap3_conditional_ic.py::test_conditional_ic_feed_missing_label_value_unavailable PASSED [ 75%]
tests/momentum/event_samples/test_gap3_conditional_ic.py::test_conditional_ic_feed_timestamps_are_cutoff_bars_and_anchor_fixed PASSED [ 75%]
tests/momentum/event_samples/test_gap3_conditional_ic.py::test_conditional_ic_feed_mismatch_flag_and_duplicate_loud PASSED [ 75%]
tests/momentum/event_samples/test_gap3_conditional_ic.py::test_conditional_ic_feed_emits_event_context PASSED [ 75%]
tests/momentum/event_samples/test_gap3_conditional_ic.py::test_conditional_ic_orchestrator_label_override_wiring_and_survivor_v2 PASSED [ 75%]
tests/momentum/event_samples/test_gap3_conditional_ic.py::test_conditional_ic_orchestrator_nonfinite_label_loud PASSED [ 75%]
tests/momentum/event_samples/test_gap3_conditional_ic.py::test_conditional_ic_orchestrator_missing_label_loud PASSED [ 76%]
tests/momentum/event_samples/test_gap3_conditional_ic.py::test_conditional_ic_orchestrator_aprime_fallback_passthrough PASSED [ 76%]
tests/momentum/event_samples/test_gap3_horizon_curve.py::test_gap3_horizon_curve_row_count_equals_len_horizons PASSED [ 76%]
tests/momentum/event_samples/test_gap3_horizon_curve.py::test_gap3_horizon_curve_per_horizon_values_do_not_depend_on_the_set PASSED [ 76%]
tests/momentum/event_samples/test_gap3_horizon_curve.py::test_gap3_horizon_curve_n_eff_definition_is_not_row_count PASSED [ 76%]
tests/momentum/event_samples/test_gap3_horizon_curve.py::test_gap3_horizon_curve_rejects_empty_and_nonpositive_and_duplicate PASSED [ 76%]
tests/momentum/event_samples/test_gap3_split_blocked.py::test_gap3_split_blocked_01_event_study_only_never_calls_split_events PASSED [ 77%]
tests/momentum/event_samples/test_gap3_split_blocked.py::test_gap3_split_blocked_01b_run_raises_before_calling_split_events PASSED [ 77%]
tests/momentum/event_samples/test_gap3_split_blocked.py::test_gap3_split_blocked_02_conditional_ic_capability_unavailable PASSED [ 77%]
tests/momentum/event_samples/test_gap3_split_blocked.py::test_gap3_split_blocked_03_event_study_table_still_produced PASSED [ 77%]
tests/momentum/event_samples/test_gap3_split_blocked.py::test_gap3_split_blocked_03b_ci_unavailable_when_no_split_plan PASSED [ 77%]
tests/momentum/event_samples/test_gap3_split_blocked.py::test_gap3_split_blocked_03c_fake_empty_split_plan_raises PASSED [ 77%]
tests/momentum/event_samples/test_gap3_split_blocked.py::test_gap3_split_blocked_03c2_fake_plan_without_any_assignment_raises PASSED [ 77%]
tests/momentum/event_samples/test_gap3_split_blocked.py::test_gap3_split_blocked_03c3_all_purged_plan_is_still_accepted PASSED [ 78%]
tests/momentum/event_samples/test_gap3_split_blocked.py::test_gap3_split_blocked_04_reason_literal_lives_only_in_contract PASSED [ 78%]
tests/momentum/event_samples/test_generator_adapters.py::test_G1_cat1_price_drop_trigger_outcome PASSED [ 78%]
tests/momentum/event_samples/test_generator_adapters.py::test_G1_cat2_ma_cross_pit_feature PASSED [ 78%]
tests/momentum/event_samples/test_generator_adapters.py::test_G1_cat3_volatility_state PASSED [ 78%]
tests/momentum/event_samples/test_generator_adapters.py::test_G1_cat10_combination_with_future_column PASSED [ 78%]
tests/momentum/event_samples/test_generator_adapters.py::test_G2_multi_label_manifest_and_hand_exact_labels PASSED [ 79%]
tests/momentum/event_samples/test_generator_adapters.py::test_G2_default_scenario_C_dedupes_per_label_id PASSED [ 79%]
tests/momentum/event_samples/test_generator_adapters.py::test_control_kind_not_overridable PASSED [ 79%]
tests/momentum/event_samples/test_generator_adapters.py::test_short_with_raw_outcome_selection_flagged PASSED [ 79%]
tests/momentum/event_samples/test_generator_adapters.py::test_G3_auto_fields PASSED [ 79%]
tests/momentum/event_samples/test_generator_adapters.py::test_G4_dedupe_reports_raw_and_after PASSED [ 79%]
tests/momentum/event_samples/test_generator_adapters.py::test_G5_output_passes_same_validator_and_control_kind PASSED [ 79%]
tests/momentum/event_samples/test_generator_adapters.py::test_G5_one_class_fail_closed PASSED [ 80%]
tests/momentum/event_samples/test_generator_adapters.py::test_empty_hits_loud_non_error PASSED [ 80%]
tests/momentum/event_samples/test_generator_adapters.py::test_always_true_flagged PASSED [ 80%]
tests/momentum/event_samples/test_generator_adapters.py::test_input_guards PASSED [ 80%]
tests/momentum/event_samples/test_generator_adapters.py::test_G6_calls_evaluate_all_bars_not_parallel PASSED [ 80%]
tests/momentum/event_samples/test_generator_adapters.py::test_G6_offset_shift_consistent PASSED [ 80%]
tests/momentum/event_samples/test_generator_adapters.py::test_event_filter_legacy_query_path_unchanged PASSED [ 81%]
tests/momentum/event_samples/test_generator_adapters.py::test_event_filter_condition_spec_feature_role PASSED [ 81%]
tests/momentum/event_samples/test_generator_adapters.py::test_event_filter_rejects_selection_predicate_and_mixed PASSED [ 81%]
tests/momentum/event_samples/test_generator_adapters.py::test_allowed_filtering_params_contractized PASSED [ 81%]
tests/momentum/event_samples/test_import_contract.py::test_valid_batch_passes_and_normalizes PASSED [ 81%]
tests/momentum/event_samples/test_import_contract.py::test_top_level_keyset_equals_contract_enumeration PASSED [ 81%]
tests/momentum/event_samples/test_import_contract.py::test_unknown_key_rejected PASSED [ 81%]
tests/momentum/event_samples/test_import_contract.py::test_missing_required_rejected PASSED [ 82%]
tests/momentum/event_samples/test_import_contract.py::test_enum_closed_sets[entry_price_semantic-open] PASSED [ 82%]
tests/momentum/event_samples/test_import_contract.py::test_enum_closed_sets[direction-both] PASSED [ 82%]
tests/momentum/event_samples/test_import_contract.py::test_enum_closed_sets[scenario-D] PASSED [ 82%]
tests/momentum/event_samples/test_import_contract.py::test_enum_closed_sets[control_kind-user_x] PASSED [ 82%]
tests/momentum/event_samples/test_import_contract.py::test_enum_closed_sets[counterexample_kind-d_other] PASSED [ 82%]
tests/momentum/event_samples/test_import_contract.py::test_enum_closed_sets[kind_source-guess] PASSED [ 83%]
tests/momentum/event_samples/test_import_contract.py::test_label_return_mode_enum_and_default PASSED [ 83%]
tests/momentum/event_samples/test_import_contract.py::test_single_class_missing_control_group PASSED [ 83%]
tests/momentum/event_samples/test_import_contract.py::test_ms_magnitude_gate PASSED [ 83%]
tests/momentum/event_samples/test_import_contract.py::test_digest_tamper_negative_fixture PASSED [ 83%]
tests/momentum/event_samples/test_import_contract.py::test_direction_single_value_per_batch PASSED [ 83%]
tests/momentum/event_samples/test_import_contract.py::test_platform_random_bars_always_rejected PASSED [ 83%]
tests/momentum/event_samples/test_import_contract.py::test_unclassifiable_not_importable PASSED [ 84%]
tests/momentum/event_samples/test_import_contract.py::test_empty_import_loud PASSED [ 84%]
tests/momentum/event_samples/test_import_contract.py::test_duplicate_event_id_rejected PASSED [ 84%]
tests/momentum/event_samples/test_import_contract.py::test_label_value_type_error_but_absent_ok PASSED [ 84%]
tests/momentum/event_samples/test_import_contract.py::test_t9_availability_gate PASSED [ 84%]
tests/momentum/event_samples/test_import_contract.py::test_t8_reference_symbols_all_fields_required PASSED [ 84%]
tests/momentum/event_samples/test_import_contract.py::test_nested_conditional_types_fail_closed[<lambda>0] PASSED [ 84%]
tests/momentum/event_samples/test_import_contract.py::test_nested_conditional_types_fail_closed[<lambda>1] PASSED [ 85%]
tests/momentum/event_samples/test_import_contract.py::test_nested_conditional_types_fail_closed[<lambda>2] PASSED [ 85%]
tests/momentum/event_samples/test_import_contract.py::test_nested_conditional_types_fail_closed[<lambda>3] PASSED [ 85%]
tests/momentum/event_samples/test_import_contract.py::test_nested_conditional_types_fail_closed[<lambda>4] PASSED [ 85%]
tests/momentum/event_samples/test_import_contract.py::test_t10_interval_trigger PASSED [ 85%]
tests/momentum/event_samples/test_lookahead_registry.py::test_lookahead_registry_complete_01_no_unregistered_future_columns PASSED [ 85%]
tests/momentum/event_samples/test_lookahead_registry.py::test_lookahead_registry_complete_01b_detector_catches_unregistered[future_999bar_return] PASSED [ 86%]
tests/momentum/event_samples/test_lookahead_registry.py::test_lookahead_registry_complete_01b_detector_catches_unregistered[future_999bar_max_drawdown] PASSED [ 86%]
tests/momentum/event_samples/test_lookahead_registry.py::test_lookahead_registry_complete_01b_detector_catches_unregistered[future999_close_return] PASSED [ 86%]
tests/momentum/event_samples/test_lookahead_registry.py::test_lookahead_registry_complete_01b_detector_catches_unregistered[futureXYZ] PASSED [ 86%]
tests/momentum/event_samples/test_lookahead_registry.py::test_lookahead_registry_complete_01b_detector_catches_unregistered[Future_999Bar_Return_%] PASSED [ 86%]
tests/momentum/event_samples/test_lookahead_registry.py::test_lookahead_registry_complete_01c_filter_covers_no_underscore_forms PASSED [ 86%]
tests/momentum/event_samples/test_lookahead_registry.py::test_lookahead_registry_complete_01d_non_future_columns_ignored PASSED [ 86%]
tests/momentum/event_samples/test_lookahead_registry.py::test_lookahead_registry_complete_02_units_and_conversion PASSED [ 87%]
tests/momentum/event_samples/test_lookahead_registry.py::test_lookahead_registry_complete_03_bar_named_depth_equals_n PASSED [ 87%]
tests/momentum/event_samples/test_lookahead_registry.py::test_lookahead_registry_complete_04_header_forms[Return-1] PASSED [ 87%]
tests/momentum/event_samples/test_lookahead_registry.py::test_lookahead_registry_complete_04_header_forms[Return-2] PASSED [ 87%]
tests/momentum/event_samples/test_lookahead_registry.py::test_lookahead_registry_complete_04_header_forms[Return-3] PASSED [ 87%]
tests/momentum/event_samples/test_lookahead_registry.py::test_lookahead_registry_complete_04_header_forms[Return-4] PASSED [ 87%]
tests/momentum/event_samples/test_lookahead_registry.py::test_lookahead_registry_complete_04_header_forms[Return-7] PASSED [ 88%]
tests/momentum/event_samples/test_lookahead_registry.py::test_lookahead_registry_complete_04_header_forms[Return-11] PASSED [ 88%]
tests/momentum/event_samples/test_lookahead_registry.py::test_lookahead_registry_complete_04_header_forms[Return-12] PASSED [ 88%]
tests/momentum/event_samples/test_lookahead_registry.py::test_lookahead_registry_complete_04_header_forms[Drawdown-1] PASSED [ 88%]
tests/momentum/event_samples/test_lookahead_registry.py::test_lookahead_registry_complete_04_header_forms[Drawdown-2] PASSED [ 88%]
tests/momentum/event_samples/test_lookahead_registry.py::test_lookahead_registry_complete_04_header_forms[Drawdown-3] PASSED [ 88%]
tests/momentum/event_samples/test_lookahead_registry.py::test_lookahead_registry_complete_04_header_forms[Drawdown-4] PASSED [ 88%]
tests/momentum/event_samples/test_lookahead_registry.py::test_lookahead_registry_complete_04_header_forms[Drawdown-7] PASSED [ 89%]
tests/momentum/event_samples/test_lookahead_registry.py::test_lookahead_registry_complete_04_header_forms[Drawdown-11] PASSED [ 89%]
tests/momentum/event_samples/test_lookahead_registry.py::test_lookahead_registry_complete_04_header_forms[Drawdown-12] PASSED [ 89%]
tests/momentum/event_samples/test_lookahead_registry.py::test_lookahead_registry_complete_05_registry_content_correct PASSED [ 89%]
tests/momentum/event_samples/test_lookahead_registry.py::test_lookahead_registry_complete_05b_producer_oracle_covers_every_non_bar_column PASSED [ 89%]
tests/momentum/event_samples/test_lookahead_registry.py::test_lookahead_registry_complete_05c_shift_named_columns_are_bar_kind PASSED [ 89%]
tests/momentum/event_samples/test_lookahead_registry.py::test_lookahead_registry_complete_06_legacy_columns_marked_unknown[future_max_return] PASSED [ 90%]
tests/momentum/event_samples/test_lookahead_registry.py::test_lookahead_registry_complete_06_legacy_columns_marked_unknown[future_max_drawdown] PASSED [ 90%]
tests/momentum/event_samples/test_lookahead_registry.py::test_lookahead_registry_complete_07_hours_to_bars_is_ceil PASSED [ 90%]
tests/momentum/event_samples/test_lookahead_registry.py::test_lookahead_registry_complete_08_unknown_timeframe_fail_closed PASSED [ 90%]
tests/momentum/event_samples/test_metrics_glossary.py::test_gap3_metrics_glossary_covers_spec_keys PASSED [ 90%]
tests/momentum/event_samples/test_metrics_glossary.py::test_gap3_metrics_glossary_loader_covers_spec_keys PASSED [ 90%]
tests/momentum/event_samples/test_metrics_glossary.py::test_gap3_metrics_glossary_entries_are_text_only PASSED [ 90%]
tests/momentum/event_samples/test_metrics_glossary.py::test_gap3_metrics_glossary_loader_fail_closed_on_missing_definition PASSED [ 91%]
tests/momentum/event_samples/test_metrics_glossary.py::test_gap3_metrics_glossary_n_eff_claim_binds_to_equal_weight_micro PASSED [ 91%]
tests/momentum/event_samples/test_metrics_glossary.py::test_gap3_metrics_glossary_prevalence_full_denominator_is_labeled_not_total PASSED [ 91%]
tests/momentum/event_samples/test_metrics_glossary.py::test_gap3_metrics_glossary_eligibility_terms_match_manifest PASSED [ 91%]
tests/momentum/event_samples/test_metrics_glossary.py::test_gap3_metrics_glossary_duplicate_bars_reject_batch_not_counted_in_unknown PASSED [ 91%]
tests/momentum/event_samples/test_metrics_glossary.py::test_gap3_metrics_glossary_purge_removes_train_side_only PASSED [ 91%]
tests/momentum/event_samples/test_metrics_glossary.py::test_gap3_metrics_glossary_horizon_counts_from_entry_bar PASSED [ 92%]
tests/momentum/event_samples/test_metrics_glossary.py::test_gap3_metrics_glossary_macro_uses_primary_retained_set PASSED [ 92%]
tests/momentum/event_samples/test_metrics_glossary.py::test_gap3_metrics_glossary_n_test_is_three_way_intersection PASSED [ 92%]
tests/momentum/event_samples/test_metrics_glossary.py::test_gap3_metrics_glossary_formula_ref_paths_exist PASSED [ 92%]
tests/momentum/event_samples/test_metrics_glossary.py::test_gap3_metrics_glossary_loader_returns_deep_copy PASSED [ 92%]
tests/momentum/event_samples/test_mutation_guard.py::test_M1_failure_accounting_swallow_detected PASSED [ 92%]
tests/momentum/event_samples/test_mutation_guard.py::test_M2_pit_shift_next_bar_detected PASSED [ 92%]
tests/momentum/event_samples/test_mutation_guard.py::test_M3_ms_gate_removed_lets_seconds_pass PASSED [ 93%]
tests/momentum/event_samples/test_mutation_guard.py::test_M5_cluster_weight_all_one_detected PASSED [ 93%]
tests/momentum/event_samples/test_mutation_guard.py::test_M8_identity_permutation_hard_check PASSED [ 93%]
tests/momentum/event_samples/test_mutation_guard.py::test_M9_offset_k_minus_one_detected PASSED [ 93%]
tests/momentum/event_samples/test_mutation_guard.py::test_M10_multi_hit_precedence_guess_detected PASSED [ 93%]
tests/momentum/event_samples/test_mutation_guard.py::test_M4_denominator_tamper_detected PASSED [ 93%]
tests/momentum/event_samples/test_mutation_guard.py::test_M7_prevalence_disclosure_removed_detected PASSED [ 94%]
tests/momentum/event_samples/test_mutation_guard.py::test_M11_degraded_flag_removed_detected PASSED [ 94%]
tests/momentum/event_samples/test_mutation_guard.py::test_M12_t9_availability_removed_accepts PASSED [ 94%]
tests/momentum/event_samples/test_mutation_guard.py::test_M6_role_isolation_removed_detected PASSED [ 94%]
tests/momentum/event_samples/test_pattern_bridge.py::test_happy_path_rules_and_test_score PASSED [ 94%]
tests/momentum/event_samples/test_pattern_bridge.py::test_split_missing_fail_closed_no_fallback PASSED [ 94%]
tests/momentum/event_samples/test_pattern_bridge.py::test_train_test_isolation_fit_sees_only_train_rows PASSED [ 94%]
tests/momentum/event_samples/test_pattern_bridge.py::test_shuffled_labels_auc_in_permutation_band PASSED [ 95%]
tests/momentum/event_samples/test_pattern_bridge.py::test_test_one_class_unavailable PASSED [ 95%]
tests/momentum/event_samples/test_pattern_bridge.py::test_j8_ic_prescreen_train_only PASSED [ 95%]
tests/momentum/event_samples/test_pattern_bridge.py::test_survivor_v2_restricts_features_and_v1_rejected PASSED [ 95%]
tests/momentum/event_samples/test_pattern_bridge.py::test_labels_and_inputs_guards PASSED [ 95%]
tests/momentum/event_samples/test_pattern_bridge.py::test_receipt_deterministic PASSED [ 95%]
tests/momentum/event_samples/test_pattern_bridge.py::test_manifest_required_fail_closed_and_common_n PASSED [ 96%]
tests/momentum/event_samples/test_pipeline.py::test_factories_single_outlet_and_contract_readonly PASSED [ 96%]
tests/momentum/event_samples/test_pipeline.py::test_analyze_tables_includes_all_bars_event_membership PASSED [ 96%]
tests/momentum/event_samples/test_pipeline.py::test_validate_returns_failures_without_raise PASSED [ 96%]
tests/momentum/event_samples/test_pipeline.py::test_run_full_chain_accounting PASSED [ 96%]
tests/momentum/event_samples/test_pipeline.py::test_run_loud_on_invalid_mixed_scenario_and_all_failed PASSED [ 96%]
tests/momentum/event_samples/test_pipeline.py::test_all_bars_signal_indexed_at_decision_bar_and_mixed_k_rejected PASSED [ 96%]
tests/momentum/event_samples/test_return_table_by_label.py::test_return_table_by_label_01_top_level_still_eight_keys PASSED [ 97%]
tests/momentum/event_samples/test_return_table_by_label.py::test_return_table_by_label_02_group_keys_exact PASSED [ 97%]
tests/momentum/event_samples/test_return_table_by_label.py::test_return_table_by_label_03_row_counts_equal_horizons PASSED [ 97%]
tests/momentum/event_samples/test_return_table_by_label.py::test_return_table_by_label_04_same_trigger_all_computable_and_n_adds_up PASSED [ 97%]
tests/momentum/event_samples/test_return_table_by_label.py::test_return_table_by_label_05_platform_same_trigger_rule_is_computable PASSED [ 97%]
tests/momentum/event_samples/test_return_table_by_label.py::test_return_table_by_label_06_user_labeled_other_not_computed PASSED [ 97%]
tests/momentum/event_samples/test_return_table_by_label.py::test_return_table_by_label_07_mixed_control_kind_not_majority PASSED [ 98%]
tests/momentum/event_samples/test_return_table_by_label.py::test_return_table_by_label_08_control_kind_in_manifest_columns PASSED [ 98%]
tests/momentum/event_samples/test_return_table_by_label.py::test_return_table_by_label_09_contract_registers_reasons PASSED [ 98%]
tests/momentum/event_samples/test_return_table_by_label.py::test_return_table_by_label_10_pos_neg_byte_identical_across_control_kinds PASSED [ 98%]
tests/momentum/event_samples/test_return_table_by_label.py::test_return_table_by_label_11_manifest_column_does_not_leak_into_output PASSED [ 98%]
tests/momentum/event_samples/test_return_table_by_label.py::test_return_table_by_label_12_independent_hand_oracle PASSED [ 98%]
tests/momentum/event_samples/test_return_table_by_label.py::test_return_table_by_label_13_g2_golden_byte_frozen PASSED [ 98%]
tests/momentum/event_samples/test_tables.py::test_forward_return_hand_example_exact PASSED [ 99%]
tests/momentum/event_samples/test_tables.py::test_forward_return_ci_deterministic_and_horizon_excluded PASSED [ 99%]
tests/momentum/event_samples/test_tables.py::test_forward_return_single_event_ci_unavailable PASSED [ 99%]
tests/momentum/event_samples/test_tables.py::test_forward_return_bad_horizons_rejected PASSED [ 99%]
tests/momentum/event_samples/test_tables.py::test_discrimination_oos_only_and_kind_strata PASSED [ 99%]
tests/momentum/event_samples/test_tables.py::test_discrimination_shuffled_in_band_and_one_class PASSED [ 99%]
tests/momentum/event_samples/test_tables.py::test_discrimination_kind_layer_zero_unavailable_not_empty PASSED [100%]

=============================== warnings summary ===============================
venv/lib/python3.9/site-packages/fastapi/applications.py:1051
  /Users/louis/Desktop/quantitative_trading_system/venv/lib/python3.9/site-packages/fastapi/applications.py:1051: PytestCollectionWarning: cannot collect 'test_app' because it is not a function.
    async def __call__(self, scope: Scope, receive: Receive, send: Send) -> None:

tests/api/test_gap3_event_analysis_horizon_purge.py::test_event_analysis_horizon_purge_11c_legacy_timestamps_only_still_accepted
  /Users/louis/Desktop/quantitative_trading_system/momentum/Analysis/ic_engine.py:963: OptimizeWarning: Covariance of the parameters could not be estimated
    params, _ = optimize.curve_fit(model, x, y, maxfev=2000)

-- Docs: https://docs.pytest.org/en/stable/how-to/capture-warnings.html
=============== 653 passed, 483 deselected, 2 warnings in 46.96s ===============
