============================= test session starts ==============================
platform darwin -- Python 3.9.6, pytest-8.4.2, pluggy-1.6.0
rootdir: /Users/louis/Desktop/quantitative_trading_system
configfile: pytest.ini
plugins: asyncio-1.2.0, anyio-4.10.0, cov-7.0.0
asyncio: mode=strict, debug=False, asyncio_default_fixture_loop_scope=None, asyncio_default_test_loop_scope=function
collected 110 items

tests/governance/test_govb1_template_check_ext.py::test_t15_c0_frozen_docs_still_pass[spec-doc0] PASSED [  0%]
tests/governance/test_govb1_template_check_ext.py::test_t15_c0_frozen_docs_still_pass[todo-doc1] PASSED [  1%]
tests/governance/test_govb1_template_check_ext.py::test_t15_c0_anchoring_is_load_bearing PASSED [  2%]
tests/governance/test_govb1_template_check_ext.py::test_t15_b1_func_exists[py_fn-0-Python def] PASSED [  3%]
tests/governance/test_govb1_template_check_ext.py::test_t15_b1_func_exists[sh_paren-0-shell name() {] PASSED [  4%]
tests/governance/test_govb1_template_check_ext.py::test_t15_b1_func_exists[sh_noparen-0-\U0001f534 POSIX function name {\uff08TODO \u507d\u78bc\u6f0f\u63a5\uff09] PASSED [  5%]
tests/governance/test_govb1_template_check_ext.py::test_t15_b1_func_exists[sh_both-0-shell function name() {] PASSED [  6%]
tests/governance/test_govb1_template_check_ext.py::test_t15_b1_func_exists[commented_fn-1-\u8a3b\u89e3\u4e2d\u4e0d\u7b97\u5b58\u5728\uff08^ \u9328\u9ede\u5df2\u6eff\u8db3\uff0c\u4e0d\u5fc5\u53e6\u525d\u9664 #\uff09] PASSED [  7%]
tests/governance/test_govb1_template_check_ext.py::test_t15_b1_func_exists[nosuch-1-\u4e0d\u5b58\u5728] PASSED [  8%]
tests/governance/test_govb1_template_check_ext.py::test_t15_b1_func_exists[f.oo-1-\U0001f534 `.` \u4e0d\u5f97\u7576 regex \u8aa4\u547d\u4e2d fXoo] PASSED [  9%]
tests/governance/test_govb1_template_check_ext.py::test_t15_b1_func_exists[f*-1-\U0001f534 `*` \u4e0d\u5f97\u7576 regex \u8aa4\u547d\u4e2d f] PASSED [ 10%]
tests/governance/test_govb1_template_check_ext.py::test_t15_c1_scope_claim_grammar[\u5408\u6cd5-SCOPE-CLAIM:S1 \u5168\u90e8\u5b88\u885b\u5df2\u9a57 DERIVE:grep -c foo bar.sh-0] PASSED [ 10%]
tests/governance/test_govb1_template_check_ext.py::test_t15_c1_scope_claim_grammar[\u7e2e\u6392\u5408\u6cd5-   SCOPE-CLAIM:S1 \u5168\u90e8\u5b88\u885b\u5df2\u9a57 DERIVE:grep -c foo bar.sh-0] PASSED [ 11%]
tests/governance/test_govb1_template_check_ext.py::test_t15_c1_scope_claim_grammar[\u7f3a DERIVE-SCOPE-CLAIM:S1 \u5168\u90e8\u5b88\u885b\u5df2\u9a57-1] PASSED [ 12%]
tests/governance/test_govb1_template_check_ext.py::test_t15_c1_scope_claim_grammar[\u7a7a subject-SCOPE-CLAIM:S1 DERIVE:grep -c foo bar.sh-1] PASSED [ 13%]
tests/governance/test_govb1_template_check_ext.py::test_t15_c1_scope_claim_grammar[\u7a7a\u547d\u4ee4-SCOPE-CLAIM:S1 \u5168\u90e8\u5b88\u885b\u5df2\u9a57 DERIVE:-1] PASSED [ 14%]
tests/governance/test_govb1_template_check_ext.py::test_t15_c1_scope_claim_grammar[id \u542b\u975e\u6cd5\u5b57\u5143-SCOPE-CLAIM:S!1 \u5168\u90e8 DERIVE:x-1] PASSED [ 15%]
tests/governance/test_govb1_template_check_ext.py::test_t15_c1_scope_claim_grammar[id \u7f3a\u5e2d-SCOPE-CLAIM: \u5168\u90e8 DERIVE:x-1] PASSED [ 16%]
tests/governance/test_govb1_template_check_ext.py::test_t15_c1_scope_claim_grammar[DERIVE \u51fa\u73fe\u5169\u6b21-SCOPE-CLAIM:S1 a DERIVE:x DERIVE:y-1] PASSED [ 17%]
tests/governance/test_govb1_template_check_ext.py::test_t15_c1_scope_claim_grammar[\u91cd\u8907 id-SCOPE-CLAIM:D1 a DERIVE:x\nSCOPE-CLAIM:D1 b DERIVE:y-1] PASSED [ 18%]
tests/governance/test_govb1_template_check_ext.py::test_t15_c1_scope_claim_grammar[fence \u5167\u4e0d\u7b97\u5ba3\u544a-```\nSCOPE-CLAIM:F1 fence \u5167\n```-0] PASSED [ 19%]
tests/governance/test_govb1_template_check_ext.py::test_t15_c1_scope_claim_grammar[CRLF \u9808\u6b63\u898f\u5316-SCOPE-CLAIM:R1 x DERIVE:y\r-0] PASSED [ 20%]
tests/governance/test_govb1_template_check_ext.py::test_t15_c1_scope_claim_grammar[\u666e\u901a\u6563\u6587\u63d0\u53ca\u4e0d\u89f8\u767c-\u672c\u7bc0\u8ac7\u5230 SCOPE-CLAIM: \u7684\u683c\u5f0f\uff0c\u4e0d\u662f\u884c\u9996\u5ba3\u544a-0] PASSED [ 20%]
tests/governance/test_govb1_template_check_ext.py::test_t15_c1_scope_claim_grammar[NBSP \u524d\u7db4\u4e0d\u5f97\u8996\u70ba\u884c\u9996-\xa0SCOPE-CLAIM:N1 \u7f3a DERIVE-0] PASSED [ 21%]
tests/governance/test_govb1_template_check_ext.py::test_t15_c1_scope_claim_grammar[\u5168\u5f62\u7a7a\u767d\u524d\u7db4\u4e0d\u5f97\u8996\u70ba\u884c\u9996-\u3000SCOPE-CLAIM:N2 \u7f3a DERIVE-0] PASSED [ 22%]
tests/governance/test_govb1_template_check_ext.py::test_t15_c1_scope_claim_grammar[ASCII \u7a7a\u767d\u4ecd\u9808\u8996\u70ba\u884c\u9996- SCOPE-CLAIM:N3 \u7f3a DERIVE-1] PASSED [ 23%]
tests/governance/test_govb1_template_check_ext.py::test_t15_c1_scope_claim_grammar[TAB \u4ecd\u9808\u8996\u70ba\u884c\u9996-\tSCOPE-CLAIM:N4 \u7f3a DERIVE-1] PASSED [ 24%]
tests/governance/test_govb1_template_check_ext.py::test_t15_a1_assert_rc_compared PASSED [ 25%]
tests/governance/test_govb1_template_check_ext.py::test_t15_a1_pending_requires_all_three_conditions PASSED [ 26%]
tests/governance/test_govb1_template_check_ext.py::test_t15_a1_assert_line_grammar_and_no_eval[\u91cd\u8907 THEN rc\uff08\u7578\u5f62\u884c\uff09-ASSERT false THEN rc=0 THEN rc=1-1] PASSED [ 27%]
tests/governance/test_govb1_template_check_ext.py::test_t15_a1_assert_line_grammar_and_no_eval[THEN rc \u5f8c\u6709\u5c3e\u96a8\u5b57\u5143-ASSERT true THEN rc=0 \u5099\u8a3b-1] PASSED [ 28%]
tests/governance/test_govb1_template_check_ext.py::test_t15_a1_assert_line_grammar_and_no_eval[\u91cd\u5c0e\u5411-ASSERT true > /tmp/govb1_probe_marker THEN rc=0-1] PASSED [ 29%]
tests/governance/test_govb1_template_check_ext.py::test_t15_a1_assert_line_grammar_and_no_eval[\u5206\u865f\u4e32\u63a5-ASSERT true; false THEN rc=0-1] PASSED [ 30%]
tests/governance/test_govb1_template_check_ext.py::test_t15_a1_assert_line_grammar_and_no_eval[\u547d\u4ee4\u66ff\u63db-ASSERT echo $(id) THEN rc=0-1] PASSED [ 30%]
tests/governance/test_govb1_template_check_ext.py::test_t15_a1_assert_line_grammar_and_no_eval[\u7ba1\u7dda-ASSERT true | false THEN rc=0-1] PASSED [ 31%]
tests/governance/test_govb1_template_check_ext.py::test_t15_a1_assert_line_grammar_and_no_eval[env \u524d\u7db4 + \u7d55\u5c0d\u8def\u5f91\u4e8c\u9032\u4f4d-ASSERT env FOO=bar /usr/bin/true THEN rc=0-1] PASSED [ 32%]
tests/governance/test_govb1_template_check_ext.py::test_t15_a1_assert_line_grammar_and_no_eval[../ \u8def\u5f91\u7a7f\u8d8a-ASSERT ../../../../usr/bin/true THEN rc=0-1] PASSED [ 33%]
tests/governance/test_govb1_template_check_ext.py::test_t15_a1_assert_line_grammar_and_no_eval[\u7d55\u5c0d\u8def\u5f91\u76f4\u547c-ASSERT /usr/bin/true THEN rc=0-1] PASSED [ 34%]
tests/governance/test_govb1_template_check_ext.py::test_t15_a1_assert_line_grammar_and_no_eval[\u767d\u540d\u55ae\u5916\u547d\u4ee4-ASSERT touch govb1_probe_marker THEN rc=0-1] PASSED [ 35%]
tests/governance/test_govb1_template_check_ext.py::test_t15_a1_assert_line_grammar_and_no_eval[\u8b8a\u6578\u6307\u6d3e\u524d\u7db4-ASSERT FOO=bar true THEN rc=0-1] PASSED [ 36%]
tests/governance/test_govb1_template_check_ext.py::test_t15_a1_assert_line_grammar_and_no_eval[\u5408\u6cd5\u55ae\u4e00\u547d\u4ee4-ASSERT true THEN rc=0-0] PASSED [ 37%]
tests/governance/test_govb1_template_check_ext.py::test_t15_a1_assert_line_grammar_and_no_eval[\u5408\u6cd5 bash repo \u5167\u8173\u672c-ASSERT bash scripts/template_check.sh THEN rc=1-0] PASSED [ 38%]
tests/governance/test_govb1_template_check_ext.py::test_t15_a1_assert_line_grammar_and_no_eval[\u672a\u9589\u5408 fence \u21d2 fail-closed-```\nASSERT true THEN rc=0-1] PASSED [ 39%]
tests/governance/test_govb1_template_check_ext.py::test_t15_a1_assert_line_grammar_and_no_eval[~~~ \u4e0d\u5f97\u6536\u5408 ``` -```\n~~~\nASSERT true THEN rc=0-1] PASSED [ 40%]
tests/governance/test_govb1_template_check_ext.py::test_t15_a1_no_side_effect[\u91cd\u5c0e\u5411-ASSERT : > {m} THEN rc=0] PASSED [ 40%]
tests/governance/test_govb1_template_check_ext.py::test_t15_a1_no_side_effect[env + \u7d55\u5c0d\u8def\u5f91 touch-ASSERT env FOO=bar /usr/bin/touch {m} THEN rc=0] PASSED [ 41%]
tests/governance/test_govb1_template_check_ext.py::test_t15_a1_no_side_effect[\u767d\u540d\u55ae\u5916\u547d\u4ee4 touch-ASSERT touch {m} THEN rc=0] PASSED [ 42%]
tests/governance/test_govb1_template_check_ext.py::test_t15_a1_path_hijack_blocked PASSED [ 43%]
tests/governance/test_govb1_template_check_ext.py::test_t15_a1_cmd_allowlist_is_closed_and_frozen PASSED [ 44%]
tests/governance/test_govb1_template_check_ext.py::test_t15_a1_unparseable_assert_is_failure PASSED [ 45%]
tests/governance/test_govb1_template_check_ext.py::test_t15_m1_missing_function_turns_red PASSED [ 46%]
tests/governance/test_govb1_template_check_ext.py::test_t15_ext_not_applied_to_handoffs PASSED [ 47%]
tests/governance/test_doc_format_precheck.py::test_dext_valid_passes PASSED [ 48%]
tests/governance/test_doc_format_precheck.py::test_dext_real_d001_passes PASSED [ 49%]
tests/governance/test_doc_format_precheck.py::test_dext_missing_anchor_fails[BASE: docs/SOME_SPEC.md @ 9d6e598a1b2c3d4\n-BASE:] PASSED [ 50%]
tests/governance/test_doc_format_precheck.py::test_dext_missing_anchor_fails[PREDECESSOR: none\n-PREDECESSOR:] PASSED [ 50%]
tests/governance/test_doc_format_precheck.py::test_dext_missing_anchor_fails[\u6539\u4ec0\u9ebc: \u4fee\u6b63\u4e00\u500b\u9328\u9ede\u6558\u8ff0\n-\u6539\u4ec0\u9ebc:] PASSED [ 51%]
tests/governance/test_doc_format_precheck.py::test_dext_missing_anchor_fails[\u70ba\u4ec0\u9ebc: handoffs/reconcile/xxx/synth.md\n-\u70ba\u4ec0\u9ebc:] PASSED [ 52%]
tests/governance/test_doc_format_precheck.py::test_dext_missing_anchor_fails[## \u89f8\u53ca\u9762\u5ba3\u544a\n-## \u89f8\u53ca\u9762\u5ba3\u544a] PASSED [ 53%]
tests/governance/test_doc_format_precheck.py::test_dext_missing_anchor_fails[\u65b0\u589e: none\n-\u65b0\u589e:] PASSED [ 54%]
tests/governance/test_doc_format_precheck.py::test_dext_missing_anchor_fails[\u8986\u5beb: ## \xa7A \u5047\u8a2d\u8207\u5f85\u4f7f\u7528\u8005\u78ba\u8a8d\n-\u8986\u5beb:] PASSED [ 55%]
tests/governance/test_doc_format_precheck.py::test_dext_missing_anchor_fails[\u4f9d\u8cf4: none\n-\u4f9d\u8cf4:] PASSED [ 56%]
tests/governance/test_doc_format_precheck.py::test_dext_missing_anchor_fails[## \u6233\u8a18\n-## \u6233\u8a18] PASSED [ 57%]
tests/governance/test_doc_format_precheck.py::test_dext_blank_touch_declaration_fails PASSED [ 58%]
tests/governance/test_doc_format_precheck.py::test_dext_base_without_sha_fails PASSED [ 59%]
tests/governance/test_doc_format_precheck.py::test_unknown_kind_still_rejected PASSED [ 60%]
tests/governance/test_doc_format_precheck.py::test_dext_prose_mentioning_verify_not_flagged PASSED [ 60%]
tests/governance/test_doc_format_precheck.py::test_dext_real_hollow_verify_label_still_flagged PASSED [ 61%]
tests/governance/test_doc_format_precheck.py::test_spec_kind_hollow_rule_not_relaxed PASSED [ 62%]
tests/governance/test_doc_format_precheck.py::test_precheck_routes_dext PASSED [ 63%]
tests/governance/test_doc_format_precheck.py::test_precheck_routes_brief_by_content PASSED [ 64%]
tests/governance/test_doc_format_precheck.py::test_precheck_compliant_brief_passes PASSED [ 65%]
tests/governance/test_doc_format_precheck.py::test_precheck_dext_wins_over_spec_naming PASSED [ 66%]
tests/governance/test_doc_format_precheck.py::test_precheck_skips_unrelated[docs/PLAIN.md] PASSED [ 67%]
tests/governance/test_doc_format_precheck.py::test_precheck_skips_unrelated[handoffs/no-kind.md] PASSED [ 68%]
tests/governance/test_doc_format_precheck.py::test_precheck_missing_file_is_noop PASSED [ 69%]
tests/governance/test_doc_format_precheck.py::test_precheck_hook_mode_reads_stdin_json PASSED [ 70%]
tests/governance/test_doc_format_precheck.py::test_precheck_hook_mode_bad_json_is_noop PASSED [ 70%]
tests/governance/test_doc_format_precheck.py::test_brief_conformance_emits_two_lines PASSED [ 71%]
tests/governance/test_doc_format_precheck.py::test_brief_conformance_emits_stamp_target PASSED [ 72%]
tests/governance/test_doc_format_precheck.py::test_brief_conformance_no_emit_file_on_failure PASSED [ 73%]
tests/governance/test_doc_format_precheck.py::test_brief_conformance_stamp_target_traversal_rejected PASSED [ 74%]
tests/governance/test_doc_format_precheck.py::test_mutation_dext_anchor_check_removed_turns_red PASSED [ 75%]
tests/governance/test_doc_format_precheck.py::test_mutation_blank_touch_check_removed_turns_red PASSED [ 76%]
tests/governance/test_doc_format_precheck.py::test_mutation_hollow3_narrowing_leaks_to_spec_turns_red PASSED [ 77%]
tests/governance/test_doc_format_precheck.py::test_mutation_precheck_routing_removed_turns_red PASSED [ 78%]
tests/governance/test_doc_format_precheck.py::test_nested_path_not_routed_to_dext PASSED [ 79%]
tests/governance/test_doc_format_precheck.py::test_top_level_dext_still_routed PASSED [ 80%]
tests/governance/test_doc_format_precheck.py::test_mutation_nested_glob_restored_turns_red PASSED [ 80%]
tests/governance/test_doc_format_precheck.py::test_synth_unfilled_verdict_rejected_at_write[\u9aa8\u67b6\u672a\u586b\u884c-**Verdict** \u2190 \u672a\u586b\u3002\u586b\u5beb\u6642\u6574\u884c\u6539\u5beb\u70ba\u300cVerdict\u300d\uff0b\u534a\u5f62\u5192\u865f\uff0b\u7d50\u8ad6] PASSED [ 81%]
tests/governance/test_doc_format_precheck.py::test_synth_unfilled_verdict_rejected_at_write[\u7bc4\u672c\u4f54\u4f4d-## Verdict\uff1a{{\u53ef\u6d3e\u5de5 / \u9700\u4fee\u88dc\u5f8c\u6d3e\u5de5 / \u6709\u6839\u672c\u7f3a\u9677\u9700\u91cd\u4f5c}}] PASSED [ 82%]
tests/governance/test_doc_format_precheck.py::test_synth_unfilled_verdict_rejected_at_write[\u5f85\u586b\u4f54\u4f4d-**Verdict: \uff08\u5f85\u586b\u2026\uff09**] PASSED [ 83%]
tests/governance/test_doc_format_precheck.py::test_synth_unfilled_verdict_rejected_at_write[\u53ea\u6709\u6a19\u984c\u7121\u5192\u865f-## Verdict] PASSED [ 84%]
tests/governance/test_doc_format_precheck.py::test_synth_filled_verdict_accepted_at_write[\u7c97\u9ad4 + \u5192\u865f-**Verdict**: \u53ef\u5408\u4f75] PASSED [ 85%]
tests/governance/test_doc_format_precheck.py::test_synth_filled_verdict_accepted_at_write[heading \u5168\u5f62\u5192\u865f-## Verdict\uff1a\u9700\u4fee\u88dc\u5f8c\u5408\u4f75] PASSED [ 86%]
tests/governance/test_doc_format_precheck.py::test_synth_filled_verdict_accepted_at_write[\u62ec\u865f\u88dc\u5145-Verdict\uff08\u7d9c\u5408\uff09\uff1a\u4e0d\u53ef\u5408\u4f75] PASSED [ 87%]
tests/governance/test_doc_format_precheck.py::test_reconcile_sources_not_checked PASSED [ 88%]
tests/governance/test_doc_format_precheck.py::test_mutation_synth_route_placed_after_early_exit_turns_red PASSED [ 89%]
tests/governance/test_doc_format_precheck.py::test_mutation_precheck_exit_code_swallowed_turns_red PASSED [ 90%]
tests/governance/test_gov_check_dep_failclosed.py::test_gov_check_fast_green_with_all_deps PASSED [ 90%]
tests/governance/test_gov_check_dep_failclosed.py::test_gov_check_fails_closed_when_dep_missing[doc_format_precheck.sh] PASSED [ 91%]
tests/governance/test_gov_check_dep_failclosed.py::test_gov_check_fails_closed_when_dep_missing[template_check.sh] PASSED [ 92%]
tests/governance/test_gov_check_dep_failclosed.py::test_gov_check_fails_closed_when_dep_missing[brief_conformance_check.sh] PASSED [ 93%]
tests/governance/test_gov_check_dep_failclosed.py::test_health_green_with_correct_mount PASSED [ 94%]
tests/governance/test_gov_check_dep_failclosed.py::test_health_fails_when_settings_missing PASSED [ 95%]
tests/governance/test_gov_check_dep_failclosed.py::test_health_fails_when_mounted_under_wrong_matcher PASSED [ 96%]
tests/governance/test_gov_check_dep_failclosed.py::test_health_fails_when_matcher_only_partially_matches PASSED [ 97%]
tests/governance/test_gov_check_dep_failclosed.py::test_health_fails_when_command_missing PASSED [ 98%]
tests/governance/test_gov_check_dep_failclosed.py::test_mutation_restore_conditional_mount_check_turns_red PASSED [ 99%]
tests/governance/test_gov_check_dep_failclosed.py::test_mutation_restore_conditional_skip_turns_red PASSED [100%]

============================= 110 passed in 18.29s =============================
