[baseline] 未 mutate 時各檔應全綠（🔴 K2：baseline 紅即 fail-closed 退出，不得續跑）
  baseline rc=0 (============================= 266 passed in 7.03s ==============================)
[§V-8] resolve_periods_per_year 未知 timeframe 回 730（而非 raise）
  ✅ §V-8: 轉紅 rc=1（8 條 FAILED＝斷言失敗）
[§V-15] available_years 回 n_bars（把 bar 數當年數）
  ✅ §V-15: 轉紅 rc=1（5 條 FAILED＝斷言失敗）
[§V-5] compute_sharpe 退化情形回 0.0（而非 NaN＋status）
  ✅ §V-5: 轉紅 rc=1（7 條 FAILED＝斷言失敗）
[§V-10] Mertens (γ4-1)/4 改成 γ4/4（語法合法之數值 mutant）
  ✅ §V-10: 轉紅 rc=1（1 條 FAILED＝斷言失敗）
[§V-13] Task 1.3 斷言③ 之 fixture 改用 risk_free_rate=0.02
  ✅ §V-13: 轉紅 rc=1（1 條 FAILED＝斷言失敗）
[§V-9a] returns_contract：bar_count 改回 status=ok（該語意膨脹 √(T-1)，必須非 ok）
  ✅ §V-9a: 轉紅 rc=1（1 條 FAILED＝斷言失敗）
[§V-9b] returns_contract：拿掉 source != resolved 之守衛（放行 default_730）
  ✅ §V-9b: 轉紅 rc=1（1 條 FAILED＝斷言失敗）
[§V-7] read_trial_ledger 缺檔時回 n=1（而非 fail-closed n_unknown）
  ✅ §V-7: 轉紅 rc=1（1 條 FAILED＝斷言失敗）
[§V-7b] _row_problems 拿掉 isfinite（NaN／inf 之 metric_value 放行）
  ✅ §V-7b: 轉紅 rc=1（6 條 FAILED＝斷言失敗）
[§V-7c] _snapshot_hash 改回裸 | 拼接（可碰撞之舊法）
  ✅ §V-7c: 轉紅 rc=1（5 條 FAILED＝斷言失敗）
[§V-7d] ledger_path 目錄字面改名（真實路徑推導須有回歸鎖）
  ✅ §V-7d: 轉紅 rc=1（1 條 FAILED＝斷言失敗）
[§V-7e] 拿掉 flock（掃描＋寫入不再原子 ⇒ 同 id 可雙寫）
  ✅ §V-7e: 轉紅 rc=1（1 條 FAILED＝斷言失敗）
[§V-2] min_btl_years_upper_bound 之 ln(n_trials) 改為 n_trials
  ✅ §V-2: 轉紅 rc=1（23 條 FAILED＝斷言失敗）
[§V-3] max_trials_budget 之 floor 改為 round
  ✅ §V-3: 轉紅 rc=1（9 條 FAILED＝斷言失敗）
[§V-1] DSR 之 E[maxSR] 刪 γ 項（只留 (1-γ) 之 ppf(1-1/N)... 改為裸 ppf(1-1/N)）
  ✅ §V-1: 轉紅 rc=1（3 條 FAILED＝斷言失敗）
[§V-11] DSR 分母改用跨 trial V[{SR_n}]（grok R2 建議之錯誤形式）
  ✅ §V-11: 轉紅 rc=1（2 條 FAILED＝斷言失敗）
[§V-12] compute_sharpe 之 skew/kurt 矩公式改以年化 SR 代入（單位不變性須抓到）
  ✅ §V-12: 轉紅 rc=1（5 條 FAILED＝斷言失敗）
[§V-4] PBO champion 改由 OOS metric 選（破壞「IS 選、OOS 評」⇒ golden noise band 轉紅）
  ✅ §V-4: 轉紅 rc=1（2 條 FAILED＝斷言失敗）
[§V-6] 移除 universe_provenance 守衛（一律 ok）
  ✅ §V-6: 轉紅 rc=1（6 條 FAILED＝斷言失敗）
[§V-14] PBO 名次改回以原始欄索引索引壓縮陣列（A1-15 之 IndexError／錯值反例）
  ✅ §V-14: 轉紅 rc=1（1 條 FAILED＝斷言失敗）
[verify] 還原後應無 mutant 殘留且全綠（🔴 K2：任一不成立即 exit 1）
  post-restore rc=0 (============================= 266 passed in 7.15s ==============================)
[gap1-b1-mutation] ✅ 全部 20 條 mutation 皆使測試轉紅（rc=1 斷言失敗）
rc=0
