============================= test session starts ==============================
platform darwin -- Python 3.9.6, pytest-8.4.2, pluggy-1.6.0
rootdir: /Users/louis/Desktop/quantitative_trading_system
configfile: pytest.ini
plugins: asyncio-1.2.0, anyio-4.10.0, cov-7.0.0
asyncio: mode=strict, debug=False, asyncio_default_fixture_loop_scope=None, asyncio_default_test_loop_scope=function
collected 52 items / 36 deselected / 16 selected

tests/governance/test_debt_emit.py::test_mutation_producer_forced PASSED [  6%]
tests/governance/test_debt_emit.py::test_mutation_absent_session_must_use_lock PASSED [ 12%]
tests/governance/test_debt_emit.py::test_mutation_scan_errors_fail_closed PASSED [ 18%]
tests/governance/test_debt_emit.py::test_mutation_shift_guard PASSED     [ 25%]
tests/governance/test_debt_emit.py::test_mutation_rc_propagation PASSED  [ 31%]
tests/governance/test_low_risk_impl_requires_reconcile.py::test_mutation_impl_reconcile_only_on_high_allows_low PASSED [ 37%]
tests/governance/test_reconcile_target_bound_to_synth.py::test_mutation_dirname_sess_allows_nested_bypass PASSED [ 43%]
tests/governance/test_reconcile_target_bound_to_synth.py::test_mutation_remove_realpath_allows_dropped PASSED [ 50%]
tests/governance/test_registry_v2_shape.py::test_mutation_fresh_review_requires_exactly_one_audit PASSED [ 56%]
tests/governance/test_registry_v2_shape.py::test_mutation_rebuild_requires_exactly_one_audit PASSED [ 62%]
tests/governance/test_registry_v2_shape.py::test_mutation_rebuild_requires_open_round PASSED [ 68%]
tests/governance/test_registry_v2_shape.py::test_mutation_rebuild_is_one_way PASSED [ 75%]
tests/governance/test_registry_v2_shape.py::test_mutation_rebuild_rejects_external_round_id PASSED [ 81%]
tests/governance/test_registry_v2_shape.py::test_mutation_fresh_discovery_does_not_recheck_audit PASSED [ 87%]
tests/governance/test_stamp_no_task_rejected.py::test_mutation_allow_missing_task_breaks_guard PASSED [ 93%]
tests/governance/test_waived_adversarial_still_stamps.py::test_mutation_waived_adv_skips_stamp_breaks_guard PASSED [100%]

====================== 16 passed, 36 deselected in 15.01s ======================
