== 新回歸（行為級）==
============================= test session starts ==============================
platform darwin -- Python 3.9.6, pytest-8.4.2, pluggy-1.6.0
rootdir: /Users/louis/Desktop/quantitative_trading_system
configfile: pytest.ini
plugins: asyncio-1.2.0, anyio-4.10.0, cov-7.0.0
asyncio: mode=strict, debug=False, asyncio_default_fixture_loop_scope=None, asyncio_default_test_loop_scope=function
collected 9 items

tests/momentum/DataExtraction/test_search_download_pagination.py ....... [ 77%]
s.                                                                       [100%]

=============================== warnings summary ===============================
venv/lib/python3.9/site-packages/_pytest/config/__init__.py:1474
  /Users/louis/Desktop/quantitative_trading_system/venv/lib/python3.9/site-packages/_pytest/config/__init__.py:1474: PytestConfigWarning: Unknown config option: log_cli
  
    self._warn_or_fail_if_strict(f"Unknown config option: {key}\n")

venv/lib/python3.9/site-packages/_pytest/config/__init__.py:1474
  /Users/louis/Desktop/quantitative_trading_system/venv/lib/python3.9/site-packages/_pytest/config/__init__.py:1474: PytestConfigWarning: Unknown config option: log_cli_date_format
  
    self._warn_or_fail_if_strict(f"Unknown config option: {key}\n")

venv/lib/python3.9/site-packages/_pytest/config/__init__.py:1474
  /Users/louis/Desktop/quantitative_trading_system/venv/lib/python3.9/site-packages/_pytest/config/__init__.py:1474: PytestConfigWarning: Unknown config option: log_cli_format
  
    self._warn_or_fail_if_strict(f"Unknown config option: {key}\n")

venv/lib/python3.9/site-packages/_pytest/config/__init__.py:1474
  /Users/louis/Desktop/quantitative_trading_system/venv/lib/python3.9/site-packages/_pytest/config/__init__.py:1474: PytestConfigWarning: Unknown config option: log_cli_level
  
    self._warn_or_fail_if_strict(f"Unknown config option: {key}\n")

-- Docs: https://docs.pytest.org/en/stable/how-to/capture-warnings.html
=================== 8 passed, 1 skipped, 4 warnings in 5.87s ===================
rc_new=0
== 既有消費端 ==
============================= test session starts ==============================
platform darwin -- Python 3.9.6, pytest-8.4.2, pluggy-1.6.0
rootdir: /Users/louis/Desktop/quantitative_trading_system
configfile: pytest.ini
plugins: asyncio-1.2.0, anyio-4.10.0, cov-7.0.0
asyncio: mode=strict, debug=False, asyncio_default_fixture_loop_scope=None, asyncio_default_test_loop_scope=function
collected 2 items

tests/test_legacy_storage_step6.py ..                                    [100%]

=============================== warnings summary ===============================
venv/lib/python3.9/site-packages/_pytest/config/__init__.py:1474
  /Users/louis/Desktop/quantitative_trading_system/venv/lib/python3.9/site-packages/_pytest/config/__init__.py:1474: PytestConfigWarning: Unknown config option: log_cli
  
    self._warn_or_fail_if_strict(f"Unknown config option: {key}\n")

venv/lib/python3.9/site-packages/_pytest/config/__init__.py:1474
  /Users/louis/Desktop/quantitative_trading_system/venv/lib/python3.9/site-packages/_pytest/config/__init__.py:1474: PytestConfigWarning: Unknown config option: log_cli_date_format
  
    self._warn_or_fail_if_strict(f"Unknown config option: {key}\n")

venv/lib/python3.9/site-packages/_pytest/config/__init__.py:1474
  /Users/louis/Desktop/quantitative_trading_system/venv/lib/python3.9/site-packages/_pytest/config/__init__.py:1474: PytestConfigWarning: Unknown config option: log_cli_format
  
    self._warn_or_fail_if_strict(f"Unknown config option: {key}\n")

venv/lib/python3.9/site-packages/_pytest/config/__init__.py:1474
  /Users/louis/Desktop/quantitative_trading_system/venv/lib/python3.9/site-packages/_pytest/config/__init__.py:1474: PytestConfigWarning: Unknown config option: log_cli_level
  
    self._warn_or_fail_if_strict(f"Unknown config option: {key}\n")

-- Docs: https://docs.pytest.org/en/stable/how-to/capture-warnings.html
======================== 2 passed, 4 warnings in 0.03s =========================
rc_legacy=0
== event_samples ==
============================= test session starts ==============================
platform darwin -- Python 3.9.6, pytest-8.4.2, pluggy-1.6.0
rootdir: /Users/louis/Desktop/quantitative_trading_system
configfile: pytest.ini
plugins: asyncio-1.2.0, anyio-4.10.0, cov-7.0.0
asyncio: mode=strict, debug=False, asyncio_default_fixture_loop_scope=None, asyncio_default_test_loop_scope=function
collected 230 items

tests/momentum/event_samples/test_alignment.py .............             [  5%]
tests/momentum/event_samples/test_all_bars_eval.py ............          [ 10%]
tests/momentum/event_samples/test_baseline_oracle.py ...........         [ 15%]
tests/momentum/event_samples/test_candidate_ledger.py .................. [ 23%]
.                                                                        [ 23%]
tests/momentum/event_samples/test_condition_engine.py .................. [ 31%]
.........................                                                [ 42%]
tests/momentum/event_samples/test_counterexample_classifier.py ......... [ 46%]
.......                                                                  [ 49%]
tests/momentum/event_samples/test_dedupe.py ........                     [ 53%]
tests/momentum/event_samples/test_event_split.py .........               [ 56%]
tests/momentum/event_samples/test_feature_materialization.py .......     [ 60%]
tests/momentum/event_samples/test_gap3_conditional_ic.py ........        [ 63%]
tests/momentum/event_samples/test_generator_adapters.py ................ [ 70%]
.....                                                                    [ 72%]
tests/momentum/event_samples/test_import_contract.py ................... [ 80%]
.........                                                                [ 84%]
tests/momentum/event_samples/test_mutation_guard.py ............         [ 90%]
tests/momentum/event_samples/test_pattern_bridge.py ..........           [ 94%]
tests/momentum/event_samples/test_pipeline.py ......                     [ 96%]
tests/momentum/event_samples/test_tables.py .......                      [100%]

=============================== warnings summary ===============================
venv/lib/python3.9/site-packages/_pytest/config/__init__.py:1474
  /Users/louis/Desktop/quantitative_trading_system/venv/lib/python3.9/site-packages/_pytest/config/__init__.py:1474: PytestConfigWarning: Unknown config option: log_cli
  
    self._warn_or_fail_if_strict(f"Unknown config option: {key}\n")

venv/lib/python3.9/site-packages/_pytest/config/__init__.py:1474
  /Users/louis/Desktop/quantitative_trading_system/venv/lib/python3.9/site-packages/_pytest/config/__init__.py:1474: PytestConfigWarning: Unknown config option: log_cli_date_format
  
    self._warn_or_fail_if_strict(f"Unknown config option: {key}\n")

venv/lib/python3.9/site-packages/_pytest/config/__init__.py:1474
  /Users/louis/Desktop/quantitative_trading_system/venv/lib/python3.9/site-packages/_pytest/config/__init__.py:1474: PytestConfigWarning: Unknown config option: log_cli_format
  
    self._warn_or_fail_if_strict(f"Unknown config option: {key}\n")

venv/lib/python3.9/site-packages/_pytest/config/__init__.py:1474
  /Users/louis/Desktop/quantitative_trading_system/venv/lib/python3.9/site-packages/_pytest/config/__init__.py:1474: PytestConfigWarning: Unknown config option: log_cli_level
  
    self._warn_or_fail_if_strict(f"Unknown config option: {key}\n")

-- Docs: https://docs.pytest.org/en/stable/how-to/capture-warnings.html
======================= 230 passed, 4 warnings in 26.85s =======================
rc_event_samples=0
rc_decouple=0

== 實跑（ETHUSDT 12h 2024-01-01→2026-04-27，繞過快取）==
rows=1695 index_unique=True monotonic=True bar_gaps={12:00:00}
== mutation（行為級；七條各自還原皆紅）==
advance/strftime/noguard/nosortcheck/oneday/blocking_sync/nolog_root => 各 1~3 failed；還原 => 8 passed 1 skipped
== 已知限制 ==
真子進程日誌測試在本機沙箱 skip（exitcode=1；semaphore 權限）——請委員於自身環境跑一次確認
