============================= test session starts ==============================
platform darwin -- Python 3.9.6, pytest-8.4.2, pluggy-1.6.0
rootdir: /Users/louis/Desktop/quantitative_trading_system
configfile: pytest.ini
plugins: asyncio-1.2.0, anyio-4.10.0, cov-7.0.0
asyncio: mode=strict, debug=False, asyncio_default_fixture_loop_scope=None, asyncio_default_test_loop_scope=function
collected 217 items / 195 deselected / 22 selected

tests/momentum/event_samples/test_candidate_ledger.py .............      [ 59%]
tests/momentum/event_samples/test_pattern_bridge.py .........            [100%]

=============================== warnings summary ===============================
venv/lib/python3.9/site-packages/_pytest/config/__init__.py:1474
  /Users/louis/Desktop/quantitative_trading_system/venv/lib/python3.9/site-packages/_pytest/config/__init__.py:1474: PytestConfigWarning: Unknown config option: log_cli
  
    self._warn_or_fail_if_strict(f"Unknown config option: {key}\n")

venv/lib/python3.9/site-packages/_pytest/config/__init__.py:1474
  /Users/louis/Desktop/quantitative_trading_system/venv/lib/python3.9/site-packages/_pytest/config/__init__.py:1474: PytestConfigWarning: Unknown config option: log_cli_date_format
  
    self._warn_or_fail_if_strict(f"Unknown config option: {key}\n")

venv/lib/python3.9/site-packages/_pytest/config/__init__.py:1474
  /Users/louis/Desktop/quantitative_trading_system/venv/lib/python3.9/site-packages/_pytest/config/__init__.py:1474: PytestConfigWarning: Unknown config option: log_cli_format
  
    self._warn_or_fail_if_strict(f"Unknown config option: {key}\n")

venv/lib/python3.9/site-packages/_pytest/config/__init__.py:1474
  /Users/louis/Desktop/quantitative_trading_system/venv/lib/python3.9/site-packages/_pytest/config/__init__.py:1474: PytestConfigWarning: Unknown config option: log_cli_level
  
    self._warn_or_fail_if_strict(f"Unknown config option: {key}\n")

-- Docs: https://docs.pytest.org/en/stable/how-to/capture-warnings.html
================ 22 passed, 195 deselected, 4 warnings in 3.48s ================
rc_gate=0
============================= test session starts ==============================
platform darwin -- Python 3.9.6, pytest-8.4.2, pluggy-1.6.0
rootdir: /Users/louis/Desktop/quantitative_trading_system
configfile: pytest.ini
plugins: asyncio-1.2.0, anyio-4.10.0, cov-7.0.0
asyncio: mode=strict, debug=False, asyncio_default_fixture_loop_scope=None, asyncio_default_test_loop_scope=function
collected 13 items / 12 deselected / 1 selected

tests/momentum/event_samples/test_candidate_ledger.py .                  [100%]

=============================== warnings summary ===============================
venv/lib/python3.9/site-packages/_pytest/config/__init__.py:1474
  /Users/louis/Desktop/quantitative_trading_system/venv/lib/python3.9/site-packages/_pytest/config/__init__.py:1474: PytestConfigWarning: Unknown config option: log_cli
  
    self._warn_or_fail_if_strict(f"Unknown config option: {key}\n")

venv/lib/python3.9/site-packages/_pytest/config/__init__.py:1474
  /Users/louis/Desktop/quantitative_trading_system/venv/lib/python3.9/site-packages/_pytest/config/__init__.py:1474: PytestConfigWarning: Unknown config option: log_cli_date_format
  
    self._warn_or_fail_if_strict(f"Unknown config option: {key}\n")

venv/lib/python3.9/site-packages/_pytest/config/__init__.py:1474
  /Users/louis/Desktop/quantitative_trading_system/venv/lib/python3.9/site-packages/_pytest/config/__init__.py:1474: PytestConfigWarning: Unknown config option: log_cli_format
  
    self._warn_or_fail_if_strict(f"Unknown config option: {key}\n")

venv/lib/python3.9/site-packages/_pytest/config/__init__.py:1474
  /Users/louis/Desktop/quantitative_trading_system/venv/lib/python3.9/site-packages/_pytest/config/__init__.py:1474: PytestConfigWarning: Unknown config option: log_cli_level
  
    self._warn_or_fail_if_strict(f"Unknown config option: {key}\n")

-- Docs: https://docs.pytest.org/en/stable/how-to/capture-warnings.html
================= 1 passed, 12 deselected, 4 warnings in 0.64s =================
rc_assert_auc_rejected=0
============================= test session starts ==============================
platform darwin -- Python 3.9.6, pytest-8.4.2, pluggy-1.6.0
rootdir: /Users/louis/Desktop/quantitative_trading_system
configfile: pytest.ini
plugins: asyncio-1.2.0, anyio-4.10.0, cov-7.0.0
asyncio: mode=strict, debug=False, asyncio_default_fixture_loop_scope=None, asyncio_default_test_loop_scope=function
collected 217 items

tests/momentum/event_samples/test_alignment.py .............             [  5%]
tests/momentum/event_samples/test_all_bars_eval.py ............          [ 11%]
tests/momentum/event_samples/test_baseline_oracle.py ...........         [ 16%]
tests/momentum/event_samples/test_candidate_ledger.py .............      [ 22%]
tests/momentum/event_samples/test_condition_engine.py .................. [ 30%]
.........................                                                [ 42%]
tests/momentum/event_samples/test_counterexample_classifier.py ......... [ 46%]
.......                                                                  [ 49%]
tests/momentum/event_samples/test_dedupe.py ........                     [ 53%]
tests/momentum/event_samples/test_event_split.py .........               [ 57%]
tests/momentum/event_samples/test_feature_materialization.py .......     [ 60%]
tests/momentum/event_samples/test_gap3_conditional_ic.py ........        [ 64%]
tests/momentum/event_samples/test_generator_adapters.py ................ [ 71%]
.....                                                                    [ 74%]
tests/momentum/event_samples/test_import_contract.py ................... [ 82%]
.........                                                                [ 87%]
tests/momentum/event_samples/test_mutation_guard.py ............         [ 92%]
tests/momentum/event_samples/test_pattern_bridge.py .........            [ 96%]
tests/momentum/event_samples/test_tables.py .......                      [100%]

=============================== warnings summary ===============================
venv/lib/python3.9/site-packages/_pytest/config/__init__.py:1474
  /Users/louis/Desktop/quantitative_trading_system/venv/lib/python3.9/site-packages/_pytest/config/__init__.py:1474: PytestConfigWarning: Unknown config option: log_cli
  
    self._warn_or_fail_if_strict(f"Unknown config option: {key}\n")

venv/lib/python3.9/site-packages/_pytest/config/__init__.py:1474
  /Users/louis/Desktop/quantitative_trading_system/venv/lib/python3.9/site-packages/_pytest/config/__init__.py:1474: PytestConfigWarning: Unknown config option: log_cli_date_format
  
    self._warn_or_fail_if_strict(f"Unknown config option: {key}\n")

venv/lib/python3.9/site-packages/_pytest/config/__init__.py:1474
  /Users/louis/Desktop/quantitative_trading_system/venv/lib/python3.9/site-packages/_pytest/config/__init__.py:1474: PytestConfigWarning: Unknown config option: log_cli_format
  
    self._warn_or_fail_if_strict(f"Unknown config option: {key}\n")

venv/lib/python3.9/site-packages/_pytest/config/__init__.py:1474
  /Users/louis/Desktop/quantitative_trading_system/venv/lib/python3.9/site-packages/_pytest/config/__init__.py:1474: PytestConfigWarning: Unknown config option: log_cli_level
  
    self._warn_or_fail_if_strict(f"Unknown config option: {key}\n")

-- Docs: https://docs.pytest.org/en/stable/how-to/capture-warnings.html
======================= 217 passed, 4 warnings in 26.41s =======================
rc_event_samples_all=0
============================= test session starts ==============================
platform darwin -- Python 3.9.6, pytest-8.4.2, pluggy-1.6.0
rootdir: /Users/louis/Desktop/quantitative_trading_system
configfile: pytest.ini
plugins: asyncio-1.2.0, anyio-4.10.0, cov-7.0.0
asyncio: mode=strict, debug=False, asyncio_default_fixture_loop_scope=None, asyncio_default_test_loop_scope=function
collected 272 items

tests/momentum/Analysis/strategy_validation/test_contract.py ........... [  4%]
....................                                                     [ 11%]
tests/momentum/Analysis/strategy_validation/test_cscv.py .........       [ 14%]
tests/momentum/Analysis/strategy_validation/test_deflated_sharpe.py .... [ 16%]
...............                                                          [ 21%]
tests/momentum/Analysis/strategy_validation/test_frequency.py .......... [ 25%]
............                                                             [ 29%]
tests/momentum/Analysis/strategy_validation/test_ledger.py ............. [ 34%]
............                                                             [ 38%]
tests/momentum/Analysis/strategy_validation/test_ledger_conformance.py . [ 39%]
.....................                                                    [ 47%]
tests/momentum/Analysis/strategy_validation/test_ledger_path.py ........ [ 50%]
...                                                                      [ 51%]
tests/momentum/Analysis/strategy_validation/test_min_btl.py ............ [ 55%]
....................                                                     [ 62%]
tests/momentum/Analysis/strategy_validation/test_pbo.py ................ [ 68%]
.                                                                        [ 69%]
tests/momentum/Analysis/strategy_validation/test_pbo_universe_guard.py . [ 69%]
........                                                                 [ 72%]
tests/momentum/Analysis/strategy_validation/test_report_section.py ..... [ 74%]
..........................                                               [ 83%]
tests/momentum/Analysis/strategy_validation/test_returns_contract.py ... [ 84%]
.......                                                                  [ 87%]
tests/momentum/Analysis/strategy_validation/test_sharpe.py ............. [ 92%]
..                                                                       [ 93%]
tests/momentum/Analysis/strategy_validation/test_wiring_check.py ....... [ 95%]
............                                                             [100%]

=============================== warnings summary ===============================
venv/lib/python3.9/site-packages/_pytest/config/__init__.py:1474
  /Users/louis/Desktop/quantitative_trading_system/venv/lib/python3.9/site-packages/_pytest/config/__init__.py:1474: PytestConfigWarning: Unknown config option: log_cli
  
    self._warn_or_fail_if_strict(f"Unknown config option: {key}\n")

venv/lib/python3.9/site-packages/_pytest/config/__init__.py:1474
  /Users/louis/Desktop/quantitative_trading_system/venv/lib/python3.9/site-packages/_pytest/config/__init__.py:1474: PytestConfigWarning: Unknown config option: log_cli_date_format
  
    self._warn_or_fail_if_strict(f"Unknown config option: {key}\n")

venv/lib/python3.9/site-packages/_pytest/config/__init__.py:1474
  /Users/louis/Desktop/quantitative_trading_system/venv/lib/python3.9/site-packages/_pytest/config/__init__.py:1474: PytestConfigWarning: Unknown config option: log_cli_format
  
    self._warn_or_fail_if_strict(f"Unknown config option: {key}\n")

venv/lib/python3.9/site-packages/_pytest/config/__init__.py:1474
  /Users/louis/Desktop/quantitative_trading_system/venv/lib/python3.9/site-packages/_pytest/config/__init__.py:1474: PytestConfigWarning: Unknown config option: log_cli_level
  
    self._warn_or_fail_if_strict(f"Unknown config option: {key}\n")

-- Docs: https://docs.pytest.org/en/stable/how-to/capture-warnings.html
======================= 272 passed, 4 warnings in 14.81s =======================
rc_gap1_strategy_validation=0
[gap3_freeze_golden] CHECK PASS canonical_sha=163c4cecb1006dc42dea0804acc365d83fe7cdbaf05ba64b1d794168dd67e463
rc_golden=0
