============================= test session starts ==============================
platform darwin -- Python 3.9.6, pytest-8.4.2, pluggy-1.6.0
rootdir: /Users/louis/Desktop/quantitative_trading_system
configfile: pytest.ini
plugins: asyncio-1.2.0, anyio-4.10.0, cov-7.0.0
asyncio: mode=strict, debug=False, asyncio_default_fixture_loop_scope=None, asyncio_default_test_loop_scope=function
collected 22 items

tests/governance/test_gate_deny_fields.py::test_01_rc_block_task PASSED  [  4%]
tests/governance/test_gate_deny_fields.py::test_01_rc_block_family_cli PASSED [  9%]
tests/governance/test_gate_deny_fields.py::test_01_rc_allow_read PASSED  [ 13%]
tests/governance/test_gate_deny_fields.py::test_01_rc_allow_cat PASSED   [ 18%]
tests/governance/test_gate_deny_fields.py::test_01_invariance_decision_trace PASSED [ 22%]
tests/governance/test_gate_deny_fields.py::test_01_snapshot_bundle_integrity PASSED [ 27%]
tests/governance/test_gate_deny_fields.py::test_01_snapshot_fresh_no_debt_allow PASSED [ 31%]
tests/governance/test_gate_deny_fields.py::test_01_mut_snapshot_missing_debt_dep_turns_fresh_allow_red PASSED [ 36%]
tests/governance/test_gate_deny_fields.py::test_01_corpus_a_covers_decision_branches PASSED [ 40%]
tests/governance/test_gate_deny_fields.py::test_01_corpus_a_covers_match_rule_closed_set PASSED [ 45%]
tests/governance/test_gate_deny_fields.py::test_01_fields_match_registry PASSED [ 50%]
tests/governance/test_gate_deny_fields.py::test_01_enum_match_rule_and_cmd_head PASSED [ 54%]
tests/governance/test_gate_deny_fields.py::test_01_cmd_fields_value_equal_full_command PASSED [ 59%]
tests/governance/test_gate_deny_fields.py::test_01_fresh_token_allow_when_no_open_debt PASSED [ 63%]
tests/governance/test_gate_deny_fields.py::test_01_cmd_sha256_mutation_truncated_turns_red PASSED [ 68%]
tests/governance/test_gate_deny_fields.py::test_01_enum_token_expired PASSED [ 72%]
tests/governance/test_gate_deny_fields.py::test_01_enum_claude_agent PASSED [ 77%]
tests/governance/test_gate_deny_fields.py::test_01_corpus_distinct_and_tracked PASSED [ 81%]
tests/governance/test_gate_deny_fields.py::test_01_boundary_control_chars_valid_json PASSED [ 86%]
tests/governance/test_gate_deny_fields.py::test_01_boundary_missing_command_empty_fields PASSED [ 90%]
tests/governance/test_gate_deny_fields.py::test_01_boundary_4mb_audit_line_le_1kb PASSED [ 95%]
tests/governance/test_gate_deny_fields.py::test_01_mut_remove_new_fields_turns_fields_red PASSED [100%]

============================== 22 passed in 5.82s ==============================
