============================= test session starts ==============================
platform darwin -- Python 3.9.6, pytest-8.4.2, pluggy-1.6.0
rootdir: /Users/louis/Desktop/quantitative_trading_system
configfile: pytest.ini
plugins: asyncio-1.2.0, anyio-4.10.0, cov-7.0.0
asyncio: mode=strict, debug=False, asyncio_default_fixture_loop_scope=None, asyncio_default_test_loop_scope=function
collected 39 items

tests/momentum/Analysis/test_ic_persist_redirect_unit.py::test_seam_probe_redirect_only[S1] 
-------------------------------- live log setup --------------------------------
20:07:36 [INFO] Loaded feature registry with 11 entries
20:07:37 [WARNING] /Users/louis/.matplotlib is not a writable directory
20:07:37 [WARNING] Matplotlib created a temporary cache directory at /var/folders/_c/3xdf41hd3tvgxpx63mrml2c00000gn/T/matplotlib-q0s503mh because there was an issue with the default path (/Users/louis/.matplotlib); it is highly recommended to set the MPLCONFIGDIR environment variable to a writable directory, in particular to speed up the import of Matplotlib and to better support multiprocessing.
20:07:37 [INFO] KlineStorageManager initialized: /Users/louis/Desktop/quantitative_trading_system/data_cache/feature_klines/kline_cache.h5
20:07:37 [INFO] Registered adapter: crypto_spot
20:07:37 [INFO] Loaded feature registry with 11 entries
20:07:37 [INFO] CGSA stats (tier=8gb): sync_cap=200 q_sample=1500 warmup_workers=2
20:07:39 [INFO] Restored 9 persisted feature task(s) from disk
20:07:39 [INFO] 所有中間件已設置完成
20:07:39 [INFO] 異常處理器設置完成
20:07:39 [INFO] StandaloneSearchService initialized - momentum modules will be loaded on demand
20:07:39 [INFO] CaseStorageManager initialized (persistent=True, json_path=/Users/louis/Desktop/quantitative_trading_system/data_cache/cases.json, cases=0)
20:07:39 [INFO] Created global CaseStorageManager instance
20:07:39 [INFO] CaseImportService initialized
20:07:39 [INFO] Created global CaseImportService instance with shared storage
20:07:39 [INFO] KlineStorageManager initialized: /Users/louis/Desktop/quantitative_trading_system/data_cache/kline_cache.h5
20:07:39 [INFO] KlineDownloadService initialized
20:07:39 [INFO] Rate limiter initialized: 1000 req/min
20:07:39 [INFO] BinanceProvider initialized
20:07:39 [INFO] Registered provider: binance (rate_limit=1000/min)
20:07:39 [INFO] Registered BinanceProvider to KlineDownloadService
20:07:39 [INFO] BatchDownloadService initialized
20:07:39 [INFO] Created global BatchDownloadService instance with shared storage
20:07:39 [INFO] KlineStorageManager initialized: data_cache/kline_cache.h5
20:07:39 [INFO] KlineDownloadService initialized
20:07:39 [INFO] Rate limiter initialized: 1000 req/min
20:07:39 [INFO] BinanceProvider initialized
20:07:39 [INFO] Registered provider: binance (rate_limit=1000/min)
20:07:39 [INFO] KlineStorageManager initialized: data_cache/kline_cache.h5
20:07:39 [INFO] IndicatorEngine initialized
20:07:39 [INFO] ChartDataService initialized with IndicatorEngine
20:07:39 [INFO] OptimizationTaskService initialized
20:07:39 [INFO] Loaded feature registry with 11 entries
20:07:39 [INFO] Loaded feature registry with 11 entries
20:07:39 [INFO] Loaded feature registry with 11 entries
20:07:40 [INFO] Loaded feature registry with 11 entries
20:07:40 [INFO] WebSocketConnectionManager initialized
20:07:40 [INFO] All API routes registered successfully
PASSED                                                                   [  2%]
tests/momentum/Analysis/test_ic_persist_redirect_unit.py::test_seam_probe_redirect_only[S2] PASSED [  5%]
tests/momentum/Analysis/test_ic_persist_redirect_unit.py::test_seam_probe_redirect_only[S3] PASSED [  7%]
tests/momentum/Analysis/test_ic_persist_redirect_unit.py::test_seam_probe_redirect_only[S4] PASSED [ 10%]
tests/momentum/Analysis/test_ic_persist_redirect_unit.py::test_seam_probe_redirect_only[S5] PASSED [ 12%]
tests/momentum/Analysis/test_ic_persist_redirect_unit.py::test_seam_probe_redirect_only[S6] PASSED [ 15%]
tests/momentum/Analysis/test_ic_persist_redirect_unit.py::test_seam_probe_redirect_only[S7] PASSED [ 17%]
tests/momentum/Analysis/test_ic_persist_redirect_unit.py::test_seam_probe_redirect_only[S8] PASSED [ 20%]
tests/momentum/Analysis/test_ic_persist_redirect_unit.py::test_seam_probe_redirect_only[S9] PASSED [ 23%]
tests/momentum/Analysis/test_ic_persist_redirect_unit.py::test_seam_probe_redirect_only[S10] PASSED [ 25%]
tests/momentum/Analysis/test_ic_persist_redirect_unit.py::test_seam_probe_redirect_only[S11] PASSED [ 28%]
tests/momentum/Analysis/test_ic_persist_redirect_unit.py::test_missing_target_refuses_activate[S1] PASSED [ 30%]
tests/momentum/Analysis/test_ic_persist_redirect_unit.py::test_missing_target_refuses_activate[S2] PASSED [ 33%]
tests/momentum/Analysis/test_ic_persist_redirect_unit.py::test_missing_target_refuses_activate[S3] PASSED [ 35%]
tests/momentum/Analysis/test_ic_persist_redirect_unit.py::test_missing_target_refuses_activate[S4] PASSED [ 38%]
tests/momentum/Analysis/test_ic_persist_redirect_unit.py::test_missing_target_refuses_activate[S5] PASSED [ 41%]
tests/momentum/Analysis/test_ic_persist_redirect_unit.py::test_missing_target_refuses_activate[S6] PASSED [ 43%]
tests/momentum/Analysis/test_ic_persist_redirect_unit.py::test_missing_target_refuses_activate[S7] PASSED [ 46%]
tests/momentum/Analysis/test_ic_persist_redirect_unit.py::test_missing_target_refuses_activate[S8] PASSED [ 48%]
tests/momentum/Analysis/test_ic_persist_redirect_unit.py::test_missing_target_refuses_activate[S9] PASSED [ 51%]
tests/momentum/Analysis/test_ic_persist_redirect_unit.py::test_missing_target_refuses_activate[S10] PASSED [ 53%]
tests/momentum/Analysis/test_ic_persist_redirect_unit.py::test_missing_target_refuses_activate[S11] PASSED [ 56%]
tests/momentum/Analysis/test_ic_persist_redirect_unit.py::test_missing_subtarget_refuses_activate[S2-save_report-0] PASSED [ 58%]
tests/momentum/Analysis/test_ic_persist_redirect_unit.py::test_missing_subtarget_refuses_activate[S2-save_filter_log-1] PASSED [ 61%]
tests/momentum/Analysis/test_ic_persist_redirect_unit.py::test_missing_subtarget_refuses_activate[S2-save_filtered_features-2] PASSED [ 64%]
tests/momentum/Analysis/test_ic_persist_redirect_unit.py::test_missing_subtarget_refuses_activate[S10-lightgbm-0] PASSED [ 66%]
tests/momentum/Analysis/test_ic_persist_redirect_unit.py::test_missing_subtarget_refuses_activate[S10-xgboost-1] PASSED [ 69%]
tests/momentum/Analysis/test_ic_persist_redirect_unit.py::test_missing_target_after_install_refuses_activate PASSED [ 71%]
tests/momentum/Analysis/test_ic_persist_redirect_unit.py::test_installer_mid_fail_rollback PASSED [ 74%]
tests/momentum/Analysis/test_ic_persist_redirect_unit.py::test_manifest_extra_or_missing_id[missing] PASSED [ 76%]
tests/momentum/Analysis/test_ic_persist_redirect_unit.py::test_manifest_extra_or_missing_id[extra] PASSED [ 79%]
tests/momentum/Analysis/test_ic_persist_redirect_unit.py::test_manifest_extra_or_missing_id[empty_installer] PASSED [ 82%]
tests/momentum/Analysis/test_ic_persist_redirect_unit.py::test_manifest_extra_or_missing_id[empty_probe] PASSED [ 84%]
tests/momentum/Analysis/test_ic_persist_redirect_unit.py::test_s9_helper_bypass_mutation PASSED [ 87%]
tests/momentum/Analysis/test_ic_persist_redirect_unit.py::test_s11_helper_bypass_mutation PASSED [ 89%]
tests/momentum/Analysis/test_ic_persist_redirect_unit.py::test_to_thread_polluter_writes_under_redirect PASSED [ 92%]
tests/momentum/Analysis/test_ic_persist_redirect_unit.py::test_non_opt_in_not_redirected PASSED [ 94%]
tests/momentum/Analysis/test_ic_persist_redirect_unit.py::test_nested_activate_rejected PASSED [ 97%]
tests/momentum/Analysis/test_ic_persist_redirect_unit.py::test_mutation_disable_redirect_internal PASSED [100%]

============================== 39 passed in 4.88s ==============================
