============================= test session starts ==============================
platform darwin -- Python 3.9.6, pytest-8.4.2, pluggy-1.6.0
rootdir: /Users/louis/Desktop/quantitative_trading_system
configfile: pytest.ini
plugins: asyncio-1.2.0, anyio-4.10.0, cov-7.0.0
asyncio: mode=strict, debug=False, asyncio_default_fixture_loop_scope=None, asyncio_default_test_loop_scope=function
collected 486 items / 477 deselected / 9 selected

tests/api/test_gap3_import.py .........                                  [100%]

=============================== warnings summary ===============================
venv/lib/python3.9/site-packages/_pytest/config/__init__.py:1474
  /Users/louis/Desktop/quantitative_trading_system/venv/lib/python3.9/site-packages/_pytest/config/__init__.py:1474: PytestConfigWarning: Unknown config option: log_cli
  
    self._warn_or_fail_if_strict(f"Unknown config option: {key}\n")

venv/lib/python3.9/site-packages/_pytest/config/__init__.py:1474
  /Users/louis/Desktop/quantitative_trading_system/venv/lib/python3.9/site-packages/_pytest/config/__init__.py:1474: PytestConfigWarning: Unknown config option: log_cli_date_format
  
    self._warn_or_fail_if_strict(f"Unknown config option: {key}\n")

venv/lib/python3.9/site-packages/_pytest/config/__init__.py:1474
  /Users/louis/Desktop/quantitative_trading_system/venv/lib/python3.9/site-packages/_pytest/config/__init__.py:1474: PytestConfigWarning: Unknown config option: log_cli_format
  
    self._warn_or_fail_if_strict(f"Unknown config option: {key}\n")

venv/lib/python3.9/site-packages/_pytest/config/__init__.py:1474
  /Users/louis/Desktop/quantitative_trading_system/venv/lib/python3.9/site-packages/_pytest/config/__init__.py:1474: PytestConfigWarning: Unknown config option: log_cli_level
  
    self._warn_or_fail_if_strict(f"Unknown config option: {key}\n")

venv/lib/python3.9/site-packages/fastapi/applications.py:1051
  /Users/louis/Desktop/quantitative_trading_system/venv/lib/python3.9/site-packages/fastapi/applications.py:1051: PytestCollectionWarning: cannot collect 'test_app' because it is not a function.
    async def __call__(self, scope: Scope, receive: Receive, send: Send) -> None:

-- Docs: https://docs.pytest.org/en/stable/how-to/capture-warnings.html
================ 9 passed, 477 deselected, 5 warnings in 2.79s =================
rc_api_gap3_import=0
============================= test session starts ==============================
platform darwin -- Python 3.9.6, pytest-8.4.2, pluggy-1.6.0
rootdir: /Users/louis/Desktop/quantitative_trading_system
configfile: pytest.ini
plugins: asyncio-1.2.0, anyio-4.10.0, cov-7.0.0
asyncio: mode=strict, debug=False, asyncio_default_fixture_loop_scope=None, asyncio_default_test_loop_scope=function
collected 228 items

tests/momentum/event_samples/test_alignment.py .............             [  5%]
tests/momentum/event_samples/test_all_bars_eval.py ............          [ 10%]
tests/momentum/event_samples/test_baseline_oracle.py ...........         [ 15%]
tests/momentum/event_samples/test_candidate_ledger.py .................. [ 23%]
.                                                                        [ 24%]
tests/momentum/event_samples/test_condition_engine.py .................. [ 32%]
.........................                                                [ 42%]
tests/momentum/event_samples/test_counterexample_classifier.py ......... [ 46%]
.......                                                                  [ 50%]
tests/momentum/event_samples/test_dedupe.py ........                     [ 53%]
tests/momentum/event_samples/test_event_split.py .........               [ 57%]
tests/momentum/event_samples/test_feature_materialization.py .......     [ 60%]
tests/momentum/event_samples/test_gap3_conditional_ic.py ........        [ 64%]
tests/momentum/event_samples/test_generator_adapters.py ................ [ 71%]
.....                                                                    [ 73%]
tests/momentum/event_samples/test_import_contract.py ................... [ 81%]
.........                                                                [ 85%]
tests/momentum/event_samples/test_mutation_guard.py ............         [ 90%]
tests/momentum/event_samples/test_pattern_bridge.py ..........           [ 95%]
tests/momentum/event_samples/test_pipeline.py ....                       [ 96%]
tests/momentum/event_samples/test_tables.py .......                      [100%]

=============================== warnings summary ===============================
venv/lib/python3.9/site-packages/_pytest/config/__init__.py:1474
  /Users/louis/Desktop/quantitative_trading_system/venv/lib/python3.9/site-packages/_pytest/config/__init__.py:1474: PytestConfigWarning: Unknown config option: log_cli
  
    self._warn_or_fail_if_strict(f"Unknown config option: {key}\n")

venv/lib/python3.9/site-packages/_pytest/config/__init__.py:1474
  /Users/louis/Desktop/quantitative_trading_system/venv/lib/python3.9/site-packages/_pytest/config/__init__.py:1474: PytestConfigWarning: Unknown config option: log_cli_date_format
  
    self._warn_or_fail_if_strict(f"Unknown config option: {key}\n")

venv/lib/python3.9/site-packages/_pytest/config/__init__.py:1474
  /Users/louis/Desktop/quantitative_trading_system/venv/lib/python3.9/site-packages/_pytest/config/__init__.py:1474: PytestConfigWarning: Unknown config option: log_cli_format
  
    self._warn_or_fail_if_strict(f"Unknown config option: {key}\n")

venv/lib/python3.9/site-packages/_pytest/config/__init__.py:1474
  /Users/louis/Desktop/quantitative_trading_system/venv/lib/python3.9/site-packages/_pytest/config/__init__.py:1474: PytestConfigWarning: Unknown config option: log_cli_level
  
    self._warn_or_fail_if_strict(f"Unknown config option: {key}\n")

-- Docs: https://docs.pytest.org/en/stable/how-to/capture-warnings.html
======================= 228 passed, 4 warnings in 26.57s =======================
rc_event_samples=0
============================= test session starts ==============================
platform darwin -- Python 3.9.6, pytest-8.4.2, pluggy-1.6.0
rootdir: /Users/louis/Desktop/quantitative_trading_system
configfile: pytest.ini
plugins: asyncio-1.2.0, anyio-4.10.0, cov-7.0.0
asyncio: mode=strict, debug=False, asyncio_default_fixture_loop_scope=None, asyncio_default_test_loop_scope=function
collected 289 items

tests/momentum/feature_engineering/test_state_counters.py .............. [  4%]
...                                                                      [  5%]
tests/momentum/Analysis/strategy_validation/test_contract.py ........... [  9%]
....................                                                     [ 16%]
tests/momentum/Analysis/strategy_validation/test_cscv.py .........       [ 19%]
tests/momentum/Analysis/strategy_validation/test_deflated_sharpe.py .... [ 21%]
...............                                                          [ 26%]
tests/momentum/Analysis/strategy_validation/test_frequency.py .......... [ 29%]
............                                                             [ 33%]
tests/momentum/Analysis/strategy_validation/test_ledger.py ............. [ 38%]
............                                                             [ 42%]
tests/momentum/Analysis/strategy_validation/test_ledger_conformance.py . [ 42%]
.....................                                                    [ 50%]
tests/momentum/Analysis/strategy_validation/test_ledger_path.py ........ [ 52%]
...                                                                      [ 53%]
tests/momentum/Analysis/strategy_validation/test_min_btl.py ............ [ 58%]
....................                                                     [ 65%]
tests/momentum/Analysis/strategy_validation/test_pbo.py ................ [ 70%]
.                                                                        [ 70%]
tests/momentum/Analysis/strategy_validation/test_pbo_universe_guard.py . [ 71%]
........                                                                 [ 74%]
tests/momentum/Analysis/strategy_validation/test_report_section.py ..... [ 75%]
..........................                                               [ 84%]
tests/momentum/Analysis/strategy_validation/test_returns_contract.py ... [ 85%]
.......                                                                  [ 88%]
tests/momentum/Analysis/strategy_validation/test_sharpe.py ............. [ 92%]
..                                                                       [ 93%]
tests/momentum/Analysis/strategy_validation/test_wiring_check.py ....... [ 95%]
............                                                             [100%]

=============================== warnings summary ===============================
venv/lib/python3.9/site-packages/_pytest/config/__init__.py:1474
  /Users/louis/Desktop/quantitative_trading_system/venv/lib/python3.9/site-packages/_pytest/config/__init__.py:1474: PytestConfigWarning: Unknown config option: log_cli
  
    self._warn_or_fail_if_strict(f"Unknown config option: {key}\n")

venv/lib/python3.9/site-packages/_pytest/config/__init__.py:1474
  /Users/louis/Desktop/quantitative_trading_system/venv/lib/python3.9/site-packages/_pytest/config/__init__.py:1474: PytestConfigWarning: Unknown config option: log_cli_date_format
  
    self._warn_or_fail_if_strict(f"Unknown config option: {key}\n")

venv/lib/python3.9/site-packages/_pytest/config/__init__.py:1474
  /Users/louis/Desktop/quantitative_trading_system/venv/lib/python3.9/site-packages/_pytest/config/__init__.py:1474: PytestConfigWarning: Unknown config option: log_cli_format
  
    self._warn_or_fail_if_strict(f"Unknown config option: {key}\n")

venv/lib/python3.9/site-packages/_pytest/config/__init__.py:1474
  /Users/louis/Desktop/quantitative_trading_system/venv/lib/python3.9/site-packages/_pytest/config/__init__.py:1474: PytestConfigWarning: Unknown config option: log_cli_level
  
    self._warn_or_fail_if_strict(f"Unknown config option: {key}\n")

-- Docs: https://docs.pytest.org/en/stable/how-to/capture-warnings.html
======================= 289 passed, 4 warnings in 14.91s =======================
rc_fe_gap1=0
ERROR: 白話說明/GAP-3事件型討論.md 含批次進度，但其 WATCHED 不含 scripts/ ⇒ 進度會過期且無人看管
    126:- 資料量：200 標的 × 1h／4h × 全史算 Feature Factory 是重的，但 `/data-preparation` 只抓每案例前後一段，存得下；計算時間要實測（第一批做完會量）。
    修：把進度移回 README.md／第0批-施工清單.md，本檔只留指標連結。
[plain_docs_sync] ✗ 過期: 白話說明/IC健檢偵察結果.md
    其 WATCHED（docs/IC_QUANT_GAP_REGISTRY.md）最後改動 e30f4f1d，晚於本檔最後更新 686f255e
    WATCHED 的該次改動：
      e30f4f1d docs(gap3): SPEC FROZEN——使用者白話閘核准＋三裁決入 §A（①分類門檻全部舉例可調、c 類以舉例預設啟用 ②label_return_mode 保留三值、預設 c2c ③decision_offset_bars=研究參數、訊號位置由特徵+ML 發現）；殘留 G3-R1..R8 登記 registry（三值理由+觸發）；討論文檔降為歷史；HANDOFF 改寫為 TODO 階段交接（含三條新坑：同 round 拒重派/Cursor 端點故障探針法/戳記時序）；ROADMAP/接下來 同步
[plain_docs_sync] ✗ 過期: 白話說明/README.md
    其 WATCHED（scripts/ docs/GOV tests/governance/）最後改動 4b531036，晚於本檔最後更新 48f722b7
    WATCHED 的該次改動：
      4b531036 feat(gap3-b5): B5.1 API 接線＋legacy adapter——event_samples/pipeline.py 組合殼（validate→align→dedupe→split→materialize，記帳守恆）＋factories 唯一出口 create_event_sample_pipeline（另兩個契約唯讀出口，R3）；POST /case/import-events（CSV 巢狀 JSON 儲存格／dotted 欄、JSON 端點）、GET /case/events[/{id}]；驗證唯一實作在 momentum（API 只透傳 failures、無複列 reason 字面）；舊三欄投新端點 ⇒ 400 migration_hint、新 schema 投 /case/import ⇒ 400、混合欄 ⇒ 422 逐列 reason；舊 cases.json 不遷移；requests.py allowed_filtering_params 改讀契約出口（B3 follow-up 收）；T-3 規模 receipt gap3_import_scale.json（10k 事件真實 1h kline：validate/align/split 73s、bootstrap 3.5s、峰值 RSS 305MB，記錄型）；12 tests；tests/api 既有紅 7 條於乾淨 HEAD 同紅（非本批引入，receipt 記錄）；看板 B5 施工中
[plain_docs_sync] ✗ 過期: 白話說明/接下來要做什麼.md
    其 WATCHED（scripts/ docs/GOV tests/governance/）最後改動 4b531036，晚於本檔最後更新 48f722b7
    WATCHED 的該次改動：
      4b531036 feat(gap3-b5): B5.1 API 接線＋legacy adapter——event_samples/pipeline.py 組合殼（validate→align→dedupe→split→materialize，記帳守恆）＋factories 唯一出口 create_event_sample_pipeline（另兩個契約唯讀出口，R3）；POST /case/import-events（CSV 巢狀 JSON 儲存格／dotted 欄、JSON 端點）、GET /case/events[/{id}]；驗證唯一實作在 momentum（API 只透傳 failures、無複列 reason 字面）；舊三欄投新端點 ⇒ 400 migration_hint、新 schema 投 /case/import ⇒ 400、混合欄 ⇒ 422 逐列 reason；舊 cases.json 不遷移；requests.py allowed_filtering_params 改讀契約出口（B3 follow-up 收）；T-3 規模 receipt gap3_import_scale.json（10k 事件真實 1h kline：validate/align/split 73s、bootstrap 3.5s、峰值 RSS 305MB，記錄型）；12 tests；tests/api 既有紅 7 條於乾淨 HEAD 同紅（非本批引入，receipt 記錄）；看板 B5 施工中
[plain_docs_sync] ✗ 過期: 白話說明/治理進度日誌.md
    其 WATCHED（scripts/ docs/GOV tests/governance/）最後改動 4b531036，晚於本檔最後更新 dced9d66
    WATCHED 的該次改動：
      4b531036 feat(gap3-b5): B5.1 API 接線＋legacy adapter——event_samples/pipeline.py 組合殼（validate→align→dedupe→split→materialize，記帳守恆）＋factories 唯一出口 create_event_sample_pipeline（另兩個契約唯讀出口，R3）；POST /case/import-events（CSV 巢狀 JSON 儲存格／dotted 欄、JSON 端點）、GET /case/events[/{id}]；驗證唯一實作在 momentum（API 只透傳 failures、無複列 reason 字面）；舊三欄投新端點 ⇒ 400 migration_hint、新 schema 投 /case/import ⇒ 400、混合欄 ⇒ 422 逐列 reason；舊 cases.json 不遷移；requests.py allowed_filtering_params 改讀契約出口（B3 follow-up 收）；T-3 規模 receipt gap3_import_scale.json（10k 事件真實 1h kline：validate/align/split 73s、bootstrap 3.5s、峰值 RSS 305MB，記錄型）；12 tests；tests/api 既有紅 7 條於乾淨 HEAD 同紅（非本批引入，receipt 記錄）；看板 B5 施工中
[plain_docs_sync] ✗ 過期: 白話說明/流程摩擦記錄.md
    其 WATCHED（scripts/ docs/GOV tests/governance/）最後改動 4b531036，晚於本檔最後更新 48f722b7
    WATCHED 的該次改動：
      4b531036 feat(gap3-b5): B5.1 API 接線＋legacy adapter——event_samples/pipeline.py 組合殼（validate→align→dedupe→split→materialize，記帳守恆）＋factories 唯一出口 create_event_sample_pipeline（另兩個契約唯讀出口，R3）；POST /case/import-events（CSV 巢狀 JSON 儲存格／dotted 欄、JSON 端點）、GET /case/events[/{id}]；驗證唯一實作在 momentum（API 只透傳 failures、無複列 reason 字面）；舊三欄投新端點 ⇒ 400 migration_hint、新 schema 投 /case/import ⇒ 400、混合欄 ⇒ 422 逐列 reason；舊 cases.json 不遷移；requests.py allowed_filtering_params 改讀契約出口（B3 follow-up 收）；T-3 規模 receipt gap3_import_scale.json（10k 事件真實 1h kline：validate/align/split 73s、bootstrap 3.5s、峰值 RSS 305MB，記錄型）；12 tests；tests/api 既有紅 7 條於乾淨 HEAD 同紅（非本批引入，receipt 記錄）；看板 B5 施工中
rc_plain_docs_sync=2
