============================= test session starts ==============================
platform darwin -- Python 3.9.6, pytest-8.4.2, pluggy-1.6.0
rootdir: /Users/louis/Desktop/quantitative_trading_system
configfile: pytest.ini
plugins: asyncio-1.2.0, anyio-4.10.0, cov-7.0.0
asyncio: mode=strict, debug=False, asyncio_default_fixture_loop_scope=None, asyncio_default_test_loop_scope=function
collected 27 items / 23 deselected / 4 selected

tests/momentum/Analysis/test_gap2_stage6b_wiring.py::test_mutation_fit_scope_derived_oos_breaks_root_oracle 
-------------------------------- live log call ---------------------------------
09:44:47 [INFO] IC config loaded
09:44:47 [INFO] KlineStorageManager initialized: data_cache/feature_klines/kline_cache.h5
09:44:47 [WARNING] Falling back to configured label horizon because labels_df is unavailable
09:44:47 [WARNING] Falling back to configured label horizon because labels_df is unavailable
09:44:47 [INFO] Data preprocessing complete: columns=14 fit_mode=train_mask oos_guarantees=True
09:44:47 [INFO] Read 1696 klines from ETHUSDT/12h in 0.003s
09:44:47 [WARNING] Falling back to configured label horizon because labels_df is unavailable
09:44:47 [INFO] Read 1696 klines from ETHUSDT/12h in 0.003s
09:44:47 [WARNING] Insufficient events: n=3
09:44:47 [INFO] IC autocorr persistent: count=14
09:44:47 [INFO] Read 1696 klines from ETHUSDT/12h in 0.003s
09:44:48 [INFO] Decay: 4/14 fit warnings summarized (low_r2=4)
09:44:54 [INFO] Redundancy filter completed: method=greedy input=2 output=2
09:44:58 [INFO] IC stage6b marginal_ic: status=ok reason=None survivors=2 removed=0 n_regressions=4 fit_scope=train
09:44:58 [INFO] Filtered features saved: /var/folders/_c/3xdf41hd3tvgxpx63mrml2c00000gn/T/gap2_b4_sct63p2l/features/ETHUSDT_12h_filtered.h5
09:44:58 [INFO] IC report saved: /var/folders/_c/3xdf41hd3tvgxpx63mrml2c00000gn/T/gap2_b4_sct63p2l/reports/ic_report_ic_gatekeeper.json
09:44:58 [INFO] IC survivor output saved: /var/folders/_c/3xdf41hd3tvgxpx63mrml2c00000gn/T/gap2_b4_sct63p2l/reports/ic_survivors_ic_gatekeeper.json
09:44:58 [INFO] IC report saved: /var/folders/_c/3xdf41hd3tvgxpx63mrml2c00000gn/T/gap2_b4_sct63p2l/reports/ic_report_ic_gatekeeper.json
09:44:58 [INFO] IC config loaded
09:44:58 [INFO] KlineStorageManager initialized: data_cache/feature_klines/kline_cache.h5
09:44:58 [WARNING] Falling back to configured label horizon because labels_df is unavailable
09:44:58 [WARNING] Falling back to configured label horizon because labels_df is unavailable
09:44:58 [INFO] Data preprocessing complete: columns=14 fit_mode=train_mask oos_guarantees=True
09:44:58 [INFO] Read 1696 klines from ETHUSDT/12h in 0.003s
09:44:58 [WARNING] Falling back to configured label horizon because labels_df is unavailable
09:44:58 [INFO] Read 1696 klines from ETHUSDT/12h in 0.002s
09:44:58 [WARNING] Insufficient events: n=3
09:44:58 [INFO] IC autocorr persistent: count=14
09:44:58 [INFO] Read 1696 klines from ETHUSDT/12h in 0.003s
09:44:58 [INFO] Decay: 4/14 fit warnings summarized (low_r2=4)
09:45:05 [INFO] Redundancy filter completed: method=greedy input=2 output=2
09:45:08 [INFO] IC stage6b marginal_ic: status=ok reason=None survivors=2 removed=0 n_regressions=4 fit_scope=train
09:45:08 [INFO] Filtered features saved: /var/folders/_c/3xdf41hd3tvgxpx63mrml2c00000gn/T/gap2_b4_cueb4d1w/features/ETHUSDT_12h_filtered.h5
09:45:08 [INFO] IC report saved: /var/folders/_c/3xdf41hd3tvgxpx63mrml2c00000gn/T/gap2_b4_cueb4d1w/reports/ic_report_ic_gatekeeper.json
09:45:08 [INFO] IC survivor output saved: /var/folders/_c/3xdf41hd3tvgxpx63mrml2c00000gn/T/gap2_b4_cueb4d1w/reports/ic_survivors_ic_gatekeeper.json
09:45:08 [INFO] IC report saved: /var/folders/_c/3xdf41hd3tvgxpx63mrml2c00000gn/T/gap2_b4_cueb4d1w/reports/ic_report_ic_gatekeeper.json
PASSED                                                                   [ 25%]
tests/momentum/Analysis/test_gap2_survivor_persist.py::test_mutation_persist_reads_ic_cache_breaks_cold_call 
-------------------------------- live log setup --------------------------------
09:45:08 [INFO] IC config loaded
09:45:08 [INFO] KlineStorageManager initialized: data_cache/feature_klines/kline_cache.h5
09:45:08 [WARNING] Falling back to configured label horizon because labels_df is unavailable
09:45:08 [WARNING] Falling back to configured label horizon because labels_df is unavailable
09:45:08 [INFO] Data preprocessing complete: columns=14 fit_mode=train_mask oos_guarantees=True
09:45:08 [INFO] Read 1696 klines from ETHUSDT/12h in 0.005s
09:45:08 [WARNING] Falling back to configured label horizon because labels_df is unavailable
09:45:09 [INFO] IC autocorr persistent: count=14
09:45:09 [INFO] Read 1696 klines from ETHUSDT/12h in 0.003s
09:45:09 [INFO] Decay: 4/14 fit warnings summarized (low_r2=4)
09:45:15 [INFO] Redundancy filter completed: method=greedy input=2 output=2
09:45:18 [INFO] IC stage6b marginal_ic: status=ok reason=None survivors=2 removed=0 n_regressions=4 fit_scope=train
09:45:18 [INFO] Filtered features saved: /var/folders/_c/3xdf41hd3tvgxpx63mrml2c00000gn/T/gap2_b4_ksbrxfm4/features/ETHUSDT_12h_filtered.h5
09:45:18 [INFO] IC report saved: /var/folders/_c/3xdf41hd3tvgxpx63mrml2c00000gn/T/gap2_b4_ksbrxfm4/reports/ic_report_ic_gatekeeper.json
09:45:18 [INFO] IC survivor output saved: /var/folders/_c/3xdf41hd3tvgxpx63mrml2c00000gn/T/gap2_b4_ksbrxfm4/reports/ic_survivors_ic_gatekeeper.json
09:45:18 [INFO] IC report saved: /var/folders/_c/3xdf41hd3tvgxpx63mrml2c00000gn/T/gap2_b4_ksbrxfm4/reports/ic_report_ic_gatekeeper.json
PASSED                                                                   [ 50%]
tests/momentum/Analysis/test_gap2_golden.py::test_mutation_scrub_extra_key_breaks_canonical_sha 
-------------------------------- live log setup --------------------------------
09:45:18 [INFO] IC config loaded
09:45:18 [INFO] KlineStorageManager initialized: data_cache/feature_klines/kline_cache.h5
09:45:18 [WARNING] Falling back to configured label horizon because labels_df is unavailable
09:45:18 [WARNING] Falling back to configured label horizon because labels_df is unavailable
09:45:18 [INFO] Data preprocessing complete: columns=14 fit_mode=train_mask oos_guarantees=True
09:45:18 [INFO] Read 1696 klines from ETHUSDT/12h in 0.003s
09:45:18 [WARNING] Falling back to configured label horizon because labels_df is unavailable
09:45:18 [INFO] IC autocorr persistent: count=14
09:45:18 [INFO] Read 1696 klines from ETHUSDT/12h in 0.003s
09:45:19 [INFO] Decay: 4/14 fit warnings summarized (low_r2=4)
09:45:25 [INFO] Redundancy filter completed: method=greedy input=2 output=2
09:45:28 [INFO] IC stage6b marginal_ic: status=ok reason=None survivors=2 removed=0 n_regressions=4 fit_scope=train
09:45:28 [INFO] Filtered features saved: /var/folders/_c/3xdf41hd3tvgxpx63mrml2c00000gn/T/gap2_golden_a_ahv7mqfa/features/ETHUSDT_12h_filtered.h5
09:45:28 [INFO] IC report saved: /var/folders/_c/3xdf41hd3tvgxpx63mrml2c00000gn/T/gap2_golden_a_ahv7mqfa/reports/ic_report_ic_gatekeeper.json
09:45:28 [INFO] IC survivor output saved: /var/folders/_c/3xdf41hd3tvgxpx63mrml2c00000gn/T/gap2_golden_a_ahv7mqfa/reports/ic_survivors_ic_gatekeeper.json
09:45:28 [INFO] IC report saved: /var/folders/_c/3xdf41hd3tvgxpx63mrml2c00000gn/T/gap2_golden_a_ahv7mqfa/reports/ic_report_ic_gatekeeper.json
09:45:28 [INFO] IC config loaded
09:45:28 [INFO] KlineStorageManager initialized: data_cache/feature_klines/kline_cache.h5
09:45:28 [WARNING] Falling back to configured label horizon because labels_df is unavailable
09:45:28 [WARNING] Falling back to configured label horizon because labels_df is unavailable
09:45:28 [INFO] Data preprocessing complete: columns=14 fit_mode=train_mask oos_guarantees=True
09:45:28 [INFO] Read 1696 klines from ETHUSDT/12h in 0.003s
09:45:28 [WARNING] Falling back to configured label horizon because labels_df is unavailable
09:45:28 [INFO] IC autocorr persistent: count=14
09:45:28 [INFO] Read 1696 klines from ETHUSDT/12h in 0.004s
09:45:28 [INFO] Decay: 4/14 fit warnings summarized (low_r2=4)
09:45:35 [INFO] Redundancy filter completed: method=greedy input=2 output=2
09:45:38 [INFO] IC stage6b marginal_ic: status=ok reason=None survivors=2 removed=0 n_regressions=4 fit_scope=train
09:45:38 [INFO] Filtered features saved: /var/folders/_c/3xdf41hd3tvgxpx63mrml2c00000gn/T/gap2_golden_b_swp2dfoc/features/ETHUSDT_12h_filtered.h5
09:45:38 [INFO] IC report saved: /var/folders/_c/3xdf41hd3tvgxpx63mrml2c00000gn/T/gap2_golden_b_swp2dfoc/reports/ic_report_ic_gatekeeper.json
09:45:38 [INFO] IC survivor output saved: /var/folders/_c/3xdf41hd3tvgxpx63mrml2c00000gn/T/gap2_golden_b_swp2dfoc/reports/ic_survivors_ic_gatekeeper.json
09:45:38 [INFO] IC report saved: /var/folders/_c/3xdf41hd3tvgxpx63mrml2c00000gn/T/gap2_golden_b_swp2dfoc/reports/ic_report_ic_gatekeeper.json
PASSED                                                                   [ 75%]
tests/momentum/Analysis/test_gap2_golden.py::test_mutation_counter_without_fit_call_breaks_spy PASSED [100%]

====================== 4 passed, 23 deselected in 52.30s =======================
