============================= test session starts ==============================
platform darwin -- Python 3.9.6, pytest-8.4.2, pluggy-1.6.0
rootdir: /Users/louis/Desktop/quantitative_trading_system
configfile: pytest.ini
plugins: asyncio-1.2.0, anyio-4.10.0, cov-7.0.0
asyncio: mode=strict, debug=False, asyncio_default_fixture_loop_scope=None, asyncio_default_test_loop_scope=function
collected 25 items / 21 deselected / 4 selected

tests/momentum/Analysis/test_gap2_stage6b_wiring.py::test_mutation_fit_scope_derived_oos_breaks_root_oracle 
-------------------------------- live log call ---------------------------------
09:03:36 [INFO] IC config loaded
09:03:36 [INFO] KlineStorageManager initialized: data_cache/feature_klines/kline_cache.h5
09:03:36 [WARNING] Falling back to configured label horizon because labels_df is unavailable
09:03:36 [WARNING] Falling back to configured label horizon because labels_df is unavailable
09:03:36 [INFO] Data preprocessing complete: columns=14 fit_mode=train_mask oos_guarantees=True
09:03:36 [INFO] Read 1696 klines from ETHUSDT/12h in 0.005s
09:03:36 [WARNING] Falling back to configured label horizon because labels_df is unavailable
09:03:36 [INFO] Read 1696 klines from ETHUSDT/12h in 0.006s
09:03:36 [WARNING] Insufficient events: n=3
09:03:36 [INFO] IC autocorr persistent: count=14
09:03:36 [INFO] Read 1696 klines from ETHUSDT/12h in 0.003s
09:03:37 [INFO] Decay: 4/14 fit warnings summarized (low_r2=4)
09:03:52 [INFO] Redundancy filter completed: method=greedy input=2 output=2
09:03:59 [INFO] IC stage6b marginal_ic: status=ok reason=None survivors=2 removed=0 n_regressions=4 fit_scope=train
09:03:59 [INFO] Filtered features saved: /var/folders/_c/3xdf41hd3tvgxpx63mrml2c00000gn/T/gap2_b4_qc_wa01z/features/ETHUSDT_12h_filtered.h5
09:03:59 [INFO] IC report saved: /var/folders/_c/3xdf41hd3tvgxpx63mrml2c00000gn/T/gap2_b4_qc_wa01z/reports/ic_report_ic_gatekeeper.json
09:03:59 [INFO] IC survivor output saved: /var/folders/_c/3xdf41hd3tvgxpx63mrml2c00000gn/T/gap2_b4_qc_wa01z/reports/ic_survivors_ic_gatekeeper.json
09:03:59 [INFO] IC config loaded
09:03:59 [INFO] KlineStorageManager initialized: data_cache/feature_klines/kline_cache.h5
09:03:59 [WARNING] Falling back to configured label horizon because labels_df is unavailable
09:03:59 [WARNING] Falling back to configured label horizon because labels_df is unavailable
09:03:59 [INFO] Data preprocessing complete: columns=14 fit_mode=train_mask oos_guarantees=True
09:03:59 [INFO] Read 1696 klines from ETHUSDT/12h in 0.004s
09:03:59 [WARNING] Falling back to configured label horizon because labels_df is unavailable
09:03:59 [INFO] Read 1696 klines from ETHUSDT/12h in 0.006s
09:03:59 [WARNING] Insufficient events: n=3
09:04:00 [INFO] IC autocorr persistent: count=14
09:04:00 [INFO] Read 1696 klines from ETHUSDT/12h in 0.004s
09:04:00 [INFO] Decay: 4/14 fit warnings summarized (low_r2=4)
09:04:15 [INFO] Redundancy filter completed: method=greedy input=2 output=2
09:04:23 [INFO] IC stage6b marginal_ic: status=ok reason=None survivors=2 removed=0 n_regressions=4 fit_scope=train
09:04:23 [INFO] Filtered features saved: /var/folders/_c/3xdf41hd3tvgxpx63mrml2c00000gn/T/gap2_b4_67dhcqgd/features/ETHUSDT_12h_filtered.h5
09:04:23 [INFO] IC report saved: /var/folders/_c/3xdf41hd3tvgxpx63mrml2c00000gn/T/gap2_b4_67dhcqgd/reports/ic_report_ic_gatekeeper.json
09:04:23 [INFO] IC survivor output saved: /var/folders/_c/3xdf41hd3tvgxpx63mrml2c00000gn/T/gap2_b4_67dhcqgd/reports/ic_survivors_ic_gatekeeper.json
PASSED                                                                   [ 25%]
tests/momentum/Analysis/test_gap2_survivor_persist.py::test_mutation_persist_reads_ic_cache_breaks_cold_call 
-------------------------------- live log setup --------------------------------
09:04:23 [INFO] IC config loaded
09:04:23 [INFO] KlineStorageManager initialized: data_cache/feature_klines/kline_cache.h5
09:04:23 [WARNING] Falling back to configured label horizon because labels_df is unavailable
09:04:23 [WARNING] Falling back to configured label horizon because labels_df is unavailable
09:04:23 [INFO] Data preprocessing complete: columns=14 fit_mode=train_mask oos_guarantees=True
09:04:23 [INFO] Read 1696 klines from ETHUSDT/12h in 0.005s
09:04:23 [WARNING] Falling back to configured label horizon because labels_df is unavailable
09:04:23 [INFO] IC autocorr persistent: count=14
09:04:23 [INFO] Read 1696 klines from ETHUSDT/12h in 0.016s
09:04:24 [INFO] Decay: 4/14 fit warnings summarized (low_r2=4)
09:04:39 [INFO] Redundancy filter completed: method=greedy input=2 output=2
09:04:46 [INFO] IC stage6b marginal_ic: status=ok reason=None survivors=2 removed=0 n_regressions=4 fit_scope=train
09:04:46 [INFO] Filtered features saved: /var/folders/_c/3xdf41hd3tvgxpx63mrml2c00000gn/T/gap2_b4_7ohnkth0/features/ETHUSDT_12h_filtered.h5
09:04:46 [INFO] IC report saved: /var/folders/_c/3xdf41hd3tvgxpx63mrml2c00000gn/T/gap2_b4_7ohnkth0/reports/ic_report_ic_gatekeeper.json
09:04:46 [INFO] IC survivor output saved: /var/folders/_c/3xdf41hd3tvgxpx63mrml2c00000gn/T/gap2_b4_7ohnkth0/reports/ic_survivors_ic_gatekeeper.json
PASSED                                                                   [ 50%]
tests/momentum/Analysis/test_gap2_golden.py::test_mutation_scrub_extra_key_breaks_canonical_sha 
-------------------------------- live log setup --------------------------------
09:04:46 [INFO] IC config loaded
09:04:46 [INFO] KlineStorageManager initialized: data_cache/feature_klines/kline_cache.h5
09:04:46 [WARNING] Falling back to configured label horizon because labels_df is unavailable
09:04:46 [WARNING] Falling back to configured label horizon because labels_df is unavailable
09:04:46 [INFO] Data preprocessing complete: columns=14 fit_mode=train_mask oos_guarantees=True
09:04:46 [INFO] Read 1696 klines from ETHUSDT/12h in 0.005s
09:04:46 [WARNING] Falling back to configured label horizon because labels_df is unavailable
09:04:47 [INFO] IC autocorr persistent: count=14
09:04:47 [INFO] Read 1696 klines from ETHUSDT/12h in 0.017s
09:04:47 [INFO] Decay: 4/14 fit warnings summarized (low_r2=4)
09:05:03 [INFO] Redundancy filter completed: method=greedy input=2 output=2
09:05:11 [INFO] IC stage6b marginal_ic: status=ok reason=None survivors=2 removed=0 n_regressions=4 fit_scope=train
09:05:11 [INFO] Filtered features saved: /var/folders/_c/3xdf41hd3tvgxpx63mrml2c00000gn/T/gap2_golden_a_8rlta36x/features/ETHUSDT_12h_filtered.h5
09:05:11 [INFO] IC report saved: /var/folders/_c/3xdf41hd3tvgxpx63mrml2c00000gn/T/gap2_golden_a_8rlta36x/reports/ic_report_ic_gatekeeper.json
09:05:11 [INFO] IC survivor output saved: /var/folders/_c/3xdf41hd3tvgxpx63mrml2c00000gn/T/gap2_golden_a_8rlta36x/reports/ic_survivors_ic_gatekeeper.json
09:05:11 [INFO] IC config loaded
09:05:11 [INFO] KlineStorageManager initialized: data_cache/feature_klines/kline_cache.h5
09:05:11 [WARNING] Falling back to configured label horizon because labels_df is unavailable
09:05:11 [WARNING] Falling back to configured label horizon because labels_df is unavailable
09:05:11 [INFO] Data preprocessing complete: columns=14 fit_mode=train_mask oos_guarantees=True
09:05:11 [INFO] Read 1696 klines from ETHUSDT/12h in 0.004s
09:05:11 [WARNING] Falling back to configured label horizon because labels_df is unavailable
09:05:12 [INFO] IC autocorr persistent: count=14
09:05:12 [INFO] Read 1696 klines from ETHUSDT/12h in 0.003s
09:05:12 [INFO] Decay: 4/14 fit warnings summarized (low_r2=4)
09:05:28 [INFO] Redundancy filter completed: method=greedy input=2 output=2
09:05:36 [INFO] IC stage6b marginal_ic: status=ok reason=None survivors=2 removed=0 n_regressions=4 fit_scope=train
09:05:36 [INFO] Filtered features saved: /var/folders/_c/3xdf41hd3tvgxpx63mrml2c00000gn/T/gap2_golden_b_save77xb/features/ETHUSDT_12h_filtered.h5
09:05:37 [INFO] IC report saved: /var/folders/_c/3xdf41hd3tvgxpx63mrml2c00000gn/T/gap2_golden_b_save77xb/reports/ic_report_ic_gatekeeper.json
09:05:37 [INFO] IC survivor output saved: /var/folders/_c/3xdf41hd3tvgxpx63mrml2c00000gn/T/gap2_golden_b_save77xb/reports/ic_survivors_ic_gatekeeper.json
PASSED                                                                   [ 75%]
tests/momentum/Analysis/test_gap2_golden.py::test_mutation_counter_without_fit_call_breaks_spy PASSED [100%]

================= 4 passed, 21 deselected in 123.33s (0:02:03) =================
