============================= test session starts ==============================
platform darwin -- Python 3.9.6, pytest-8.4.2, pluggy-1.6.0
rootdir: /Users/louis/Desktop/quantitative_trading_system
configfile: pytest.ini
plugins: asyncio-1.2.0, anyio-4.10.0, cov-7.0.0
asyncio: mode=strict, debug=False, asyncio_default_fixture_loop_scope=None, asyncio_default_test_loop_scope=function
collected 25 items / 21 deselected / 4 selected

tests/momentum/Analysis/test_gap2_stage6b_wiring.py::test_mutation_fit_scope_derived_oos_breaks_root_oracle 
-------------------------------- live log call ---------------------------------
09:09:03 [INFO] IC config loaded
09:09:03 [INFO] KlineStorageManager initialized: data_cache/feature_klines/kline_cache.h5
09:09:03 [WARNING] Falling back to configured label horizon because labels_df is unavailable
09:09:03 [WARNING] Falling back to configured label horizon because labels_df is unavailable
09:09:03 [INFO] Data preprocessing complete: columns=14 fit_mode=train_mask oos_guarantees=True
09:09:03 [INFO] Read 1696 klines from ETHUSDT/12h in 0.003s
09:09:03 [WARNING] Falling back to configured label horizon because labels_df is unavailable
09:09:03 [INFO] Read 1696 klines from ETHUSDT/12h in 0.003s
09:09:03 [WARNING] Insufficient events: n=3
09:09:03 [INFO] IC autocorr persistent: count=14
09:09:03 [INFO] Read 1696 klines from ETHUSDT/12h in 0.003s
09:09:03 [INFO] Decay: 4/14 fit warnings summarized (low_r2=4)
09:09:11 [INFO] Redundancy filter completed: method=greedy input=2 output=2
09:09:15 [INFO] IC stage6b marginal_ic: status=ok reason=None survivors=2 removed=0 n_regressions=4 fit_scope=train
09:09:15 [INFO] Filtered features saved: /var/folders/_c/3xdf41hd3tvgxpx63mrml2c00000gn/T/gap2_b4_m4bgk_h1/features/ETHUSDT_12h_filtered.h5
09:09:15 [INFO] IC report saved: /var/folders/_c/3xdf41hd3tvgxpx63mrml2c00000gn/T/gap2_b4_m4bgk_h1/reports/ic_report_ic_gatekeeper.json
09:09:15 [INFO] IC survivor output saved: /var/folders/_c/3xdf41hd3tvgxpx63mrml2c00000gn/T/gap2_b4_m4bgk_h1/reports/ic_survivors_ic_gatekeeper.json
09:09:15 [INFO] IC config loaded
09:09:15 [INFO] KlineStorageManager initialized: data_cache/feature_klines/kline_cache.h5
09:09:15 [WARNING] Falling back to configured label horizon because labels_df is unavailable
09:09:15 [WARNING] Falling back to configured label horizon because labels_df is unavailable
09:09:15 [INFO] Data preprocessing complete: columns=14 fit_mode=train_mask oos_guarantees=True
09:09:15 [INFO] Read 1696 klines from ETHUSDT/12h in 0.003s
09:09:15 [WARNING] Falling back to configured label horizon because labels_df is unavailable
09:09:15 [INFO] Read 1696 klines from ETHUSDT/12h in 0.003s
09:09:15 [WARNING] Insufficient events: n=3
09:09:15 [INFO] IC autocorr persistent: count=14
09:09:15 [INFO] Read 1696 klines from ETHUSDT/12h in 0.003s
09:09:15 [INFO] Decay: 4/14 fit warnings summarized (low_r2=4)
09:09:23 [INFO] Redundancy filter completed: method=greedy input=2 output=2
09:09:27 [INFO] IC stage6b marginal_ic: status=ok reason=None survivors=2 removed=0 n_regressions=4 fit_scope=train
09:09:27 [INFO] Filtered features saved: /var/folders/_c/3xdf41hd3tvgxpx63mrml2c00000gn/T/gap2_b4_kzdq5qf7/features/ETHUSDT_12h_filtered.h5
09:09:27 [INFO] IC report saved: /var/folders/_c/3xdf41hd3tvgxpx63mrml2c00000gn/T/gap2_b4_kzdq5qf7/reports/ic_report_ic_gatekeeper.json
09:09:27 [INFO] IC survivor output saved: /var/folders/_c/3xdf41hd3tvgxpx63mrml2c00000gn/T/gap2_b4_kzdq5qf7/reports/ic_survivors_ic_gatekeeper.json
PASSED                                                                   [ 25%]
tests/momentum/Analysis/test_gap2_survivor_persist.py::test_mutation_persist_reads_ic_cache_breaks_cold_call 
-------------------------------- live log setup --------------------------------
09:09:27 [INFO] IC config loaded
09:09:27 [INFO] KlineStorageManager initialized: data_cache/feature_klines/kline_cache.h5
09:09:27 [WARNING] Falling back to configured label horizon because labels_df is unavailable
09:09:27 [WARNING] Falling back to configured label horizon because labels_df is unavailable
09:09:27 [INFO] Data preprocessing complete: columns=14 fit_mode=train_mask oos_guarantees=True
09:09:27 [INFO] Read 1696 klines from ETHUSDT/12h in 0.003s
09:09:27 [WARNING] Falling back to configured label horizon because labels_df is unavailable
09:09:27 [INFO] IC autocorr persistent: count=14
09:09:27 [INFO] Read 1696 klines from ETHUSDT/12h in 0.003s
09:09:27 [INFO] Decay: 4/14 fit warnings summarized (low_r2=4)
09:09:35 [INFO] Redundancy filter completed: method=greedy input=2 output=2
09:09:38 [INFO] IC stage6b marginal_ic: status=ok reason=None survivors=2 removed=0 n_regressions=4 fit_scope=train
09:09:38 [INFO] Filtered features saved: /var/folders/_c/3xdf41hd3tvgxpx63mrml2c00000gn/T/gap2_b4_bzh4a500/features/ETHUSDT_12h_filtered.h5
09:09:38 [INFO] IC report saved: /var/folders/_c/3xdf41hd3tvgxpx63mrml2c00000gn/T/gap2_b4_bzh4a500/reports/ic_report_ic_gatekeeper.json
09:09:38 [INFO] IC survivor output saved: /var/folders/_c/3xdf41hd3tvgxpx63mrml2c00000gn/T/gap2_b4_bzh4a500/reports/ic_survivors_ic_gatekeeper.json
PASSED                                                                   [ 50%]
tests/momentum/Analysis/test_gap2_golden.py::test_mutation_scrub_extra_key_breaks_canonical_sha 
-------------------------------- live log setup --------------------------------
09:09:38 [INFO] IC config loaded
09:09:38 [INFO] KlineStorageManager initialized: data_cache/feature_klines/kline_cache.h5
09:09:38 [WARNING] Falling back to configured label horizon because labels_df is unavailable
09:09:38 [WARNING] Falling back to configured label horizon because labels_df is unavailable
09:09:38 [INFO] Data preprocessing complete: columns=14 fit_mode=train_mask oos_guarantees=True
09:09:38 [INFO] Read 1696 klines from ETHUSDT/12h in 0.003s
09:09:38 [WARNING] Falling back to configured label horizon because labels_df is unavailable
09:09:39 [INFO] IC autocorr persistent: count=14
09:09:39 [INFO] Read 1696 klines from ETHUSDT/12h in 0.003s
09:09:39 [INFO] Decay: 4/14 fit warnings summarized (low_r2=4)
09:09:46 [INFO] Redundancy filter completed: method=greedy input=2 output=2
09:09:50 [INFO] IC stage6b marginal_ic: status=ok reason=None survivors=2 removed=0 n_regressions=4 fit_scope=train
09:09:50 [INFO] Filtered features saved: /var/folders/_c/3xdf41hd3tvgxpx63mrml2c00000gn/T/gap2_golden_a_z77kq1fj/features/ETHUSDT_12h_filtered.h5
09:09:50 [INFO] IC report saved: /var/folders/_c/3xdf41hd3tvgxpx63mrml2c00000gn/T/gap2_golden_a_z77kq1fj/reports/ic_report_ic_gatekeeper.json
09:09:50 [INFO] IC survivor output saved: /var/folders/_c/3xdf41hd3tvgxpx63mrml2c00000gn/T/gap2_golden_a_z77kq1fj/reports/ic_survivors_ic_gatekeeper.json
09:09:50 [INFO] IC config loaded
09:09:50 [INFO] KlineStorageManager initialized: data_cache/feature_klines/kline_cache.h5
09:09:50 [WARNING] Falling back to configured label horizon because labels_df is unavailable
09:09:50 [WARNING] Falling back to configured label horizon because labels_df is unavailable
09:09:50 [INFO] Data preprocessing complete: columns=14 fit_mode=train_mask oos_guarantees=True
09:09:50 [INFO] Read 1696 klines from ETHUSDT/12h in 0.004s
09:09:50 [WARNING] Falling back to configured label horizon because labels_df is unavailable
09:09:50 [INFO] IC autocorr persistent: count=14
09:09:50 [INFO] Read 1696 klines from ETHUSDT/12h in 0.003s
09:09:50 [INFO] Decay: 4/14 fit warnings summarized (low_r2=4)
09:09:57 [INFO] Redundancy filter completed: method=greedy input=2 output=2
09:10:01 [INFO] IC stage6b marginal_ic: status=ok reason=None survivors=2 removed=0 n_regressions=4 fit_scope=train
09:10:01 [INFO] Filtered features saved: /var/folders/_c/3xdf41hd3tvgxpx63mrml2c00000gn/T/gap2_golden_b_zmdyv2ko/features/ETHUSDT_12h_filtered.h5
09:10:01 [INFO] IC report saved: /var/folders/_c/3xdf41hd3tvgxpx63mrml2c00000gn/T/gap2_golden_b_zmdyv2ko/reports/ic_report_ic_gatekeeper.json
09:10:01 [INFO] IC survivor output saved: /var/folders/_c/3xdf41hd3tvgxpx63mrml2c00000gn/T/gap2_golden_b_zmdyv2ko/reports/ic_survivors_ic_gatekeeper.json
PASSED                                                                   [ 75%]
tests/momentum/Analysis/test_gap2_golden.py::test_mutation_counter_without_fit_call_breaks_spy PASSED [100%]

====================== 4 passed, 21 deselected in 58.98s =======================
