============================= test session starts ==============================
platform darwin -- Python 3.9.6, pytest-8.4.2, pluggy-1.6.0
rootdir: /Users/louis/Desktop/quantitative_trading_system
configfile: pytest.ini
plugins: asyncio-1.2.0, anyio-4.10.0, cov-7.0.0
asyncio: mode=strict, debug=False, asyncio_default_fixture_loop_scope=None, asyncio_default_test_loop_scope=function
collected 27 items / 23 deselected / 4 selected

tests/momentum/Analysis/test_gap2_stage6b_wiring.py::test_mutation_fit_scope_derived_oos_breaks_root_oracle 
-------------------------------- live log call ---------------------------------
09:50:10 [INFO] IC config loaded
09:50:10 [INFO] KlineStorageManager initialized: data_cache/feature_klines/kline_cache.h5
09:50:10 [WARNING] Falling back to configured label horizon because labels_df is unavailable
09:50:10 [WARNING] Falling back to configured label horizon because labels_df is unavailable
09:50:10 [INFO] Data preprocessing complete: columns=14 fit_mode=train_mask oos_guarantees=True
09:50:10 [INFO] Read 1696 klines from ETHUSDT/12h in 0.005s
09:50:10 [WARNING] Falling back to configured label horizon because labels_df is unavailable
09:50:10 [INFO] Read 1696 klines from ETHUSDT/12h in 0.005s
09:50:10 [WARNING] Insufficient events: n=3
09:50:11 [INFO] IC autocorr persistent: count=14
09:50:11 [INFO] Read 1696 klines from ETHUSDT/12h in 0.005s
09:50:11 [INFO] Decay: 4/14 fit warnings summarized (low_r2=4)
09:50:32 [INFO] Redundancy filter completed: method=greedy input=2 output=2
09:50:42 [INFO] IC stage6b marginal_ic: status=ok reason=None survivors=2 removed=0 n_regressions=4 fit_scope=train
09:50:42 [INFO] Filtered features saved: /var/folders/_c/3xdf41hd3tvgxpx63mrml2c00000gn/T/gap2_b4__i4c3t57/features/ETHUSDT_12h_filtered.h5
09:50:42 [INFO] IC report saved: /var/folders/_c/3xdf41hd3tvgxpx63mrml2c00000gn/T/gap2_b4__i4c3t57/reports/ic_report_ic_gatekeeper.json
09:50:42 [INFO] IC survivor output saved: /var/folders/_c/3xdf41hd3tvgxpx63mrml2c00000gn/T/gap2_b4__i4c3t57/reports/ic_survivors_ic_gatekeeper.json
09:50:42 [INFO] IC report saved: /var/folders/_c/3xdf41hd3tvgxpx63mrml2c00000gn/T/gap2_b4__i4c3t57/reports/ic_report_ic_gatekeeper.json
09:50:42 [INFO] IC config loaded
09:50:42 [INFO] KlineStorageManager initialized: data_cache/feature_klines/kline_cache.h5
09:50:42 [WARNING] Falling back to configured label horizon because labels_df is unavailable
09:50:42 [WARNING] Falling back to configured label horizon because labels_df is unavailable
09:50:43 [INFO] Data preprocessing complete: columns=14 fit_mode=train_mask oos_guarantees=True
09:50:43 [INFO] Read 1696 klines from ETHUSDT/12h in 0.004s
09:50:43 [WARNING] Falling back to configured label horizon because labels_df is unavailable
09:50:43 [INFO] Read 1696 klines from ETHUSDT/12h in 0.015s
09:50:43 [WARNING] Insufficient events: n=3
09:50:43 [INFO] IC autocorr persistent: count=14
09:50:43 [INFO] Read 1696 klines from ETHUSDT/12h in 0.005s
09:50:43 [INFO] Decay: 4/14 fit warnings summarized (low_r2=4)
09:51:04 [INFO] Redundancy filter completed: method=greedy input=2 output=2
09:51:14 [INFO] IC stage6b marginal_ic: status=ok reason=None survivors=2 removed=0 n_regressions=4 fit_scope=train
09:51:14 [INFO] Filtered features saved: /var/folders/_c/3xdf41hd3tvgxpx63mrml2c00000gn/T/gap2_b4_3vinkptc/features/ETHUSDT_12h_filtered.h5
09:51:14 [INFO] IC report saved: /var/folders/_c/3xdf41hd3tvgxpx63mrml2c00000gn/T/gap2_b4_3vinkptc/reports/ic_report_ic_gatekeeper.json
09:51:14 [INFO] IC survivor output saved: /var/folders/_c/3xdf41hd3tvgxpx63mrml2c00000gn/T/gap2_b4_3vinkptc/reports/ic_survivors_ic_gatekeeper.json
09:51:15 [INFO] IC report saved: /var/folders/_c/3xdf41hd3tvgxpx63mrml2c00000gn/T/gap2_b4_3vinkptc/reports/ic_report_ic_gatekeeper.json
PASSED                                                                   [ 25%]
tests/momentum/Analysis/test_gap2_survivor_persist.py::test_mutation_persist_reads_ic_cache_breaks_cold_call 
-------------------------------- live log setup --------------------------------
09:51:15 [INFO] IC config loaded
09:51:15 [INFO] KlineStorageManager initialized: data_cache/feature_klines/kline_cache.h5
09:51:15 [WARNING] Falling back to configured label horizon because labels_df is unavailable
09:51:15 [WARNING] Falling back to configured label horizon because labels_df is unavailable
09:51:15 [INFO] Data preprocessing complete: columns=14 fit_mode=train_mask oos_guarantees=True
09:51:15 [INFO] Read 1696 klines from ETHUSDT/12h in 0.006s
09:51:15 [WARNING] Falling back to configured label horizon because labels_df is unavailable
09:51:15 [INFO] IC autocorr persistent: count=14
09:51:15 [INFO] Read 1696 klines from ETHUSDT/12h in 0.016s
09:51:15 [INFO] Decay: 4/14 fit warnings summarized (low_r2=4)
09:51:36 [INFO] Redundancy filter completed: method=greedy input=2 output=2
09:51:47 [INFO] IC stage6b marginal_ic: status=ok reason=None survivors=2 removed=0 n_regressions=4 fit_scope=train
09:51:47 [INFO] Filtered features saved: /var/folders/_c/3xdf41hd3tvgxpx63mrml2c00000gn/T/gap2_b4_pwuxyioa/features/ETHUSDT_12h_filtered.h5
09:51:47 [INFO] IC report saved: /var/folders/_c/3xdf41hd3tvgxpx63mrml2c00000gn/T/gap2_b4_pwuxyioa/reports/ic_report_ic_gatekeeper.json
09:51:47 [INFO] IC survivor output saved: /var/folders/_c/3xdf41hd3tvgxpx63mrml2c00000gn/T/gap2_b4_pwuxyioa/reports/ic_survivors_ic_gatekeeper.json
09:51:47 [INFO] IC report saved: /var/folders/_c/3xdf41hd3tvgxpx63mrml2c00000gn/T/gap2_b4_pwuxyioa/reports/ic_report_ic_gatekeeper.json
PASSED                                                                   [ 50%]
tests/momentum/Analysis/test_gap2_golden.py::test_mutation_scrub_extra_key_breaks_canonical_sha 
-------------------------------- live log setup --------------------------------
09:51:47 [INFO] IC config loaded
09:51:47 [INFO] KlineStorageManager initialized: data_cache/feature_klines/kline_cache.h5
09:51:47 [WARNING] Falling back to configured label horizon because labels_df is unavailable
09:51:47 [WARNING] Falling back to configured label horizon because labels_df is unavailable
09:51:47 [INFO] Data preprocessing complete: columns=14 fit_mode=train_mask oos_guarantees=True
09:51:47 [INFO] Read 1696 klines from ETHUSDT/12h in 0.005s
09:51:47 [WARNING] Falling back to configured label horizon because labels_df is unavailable
09:51:47 [INFO] IC autocorr persistent: count=14
09:51:47 [INFO] Read 1696 klines from ETHUSDT/12h in 0.004s
09:51:48 [INFO] Decay: 4/14 fit warnings summarized (low_r2=4)
09:52:09 [INFO] Redundancy filter completed: method=greedy input=2 output=2
09:52:19 [INFO] IC stage6b marginal_ic: status=ok reason=None survivors=2 removed=0 n_regressions=4 fit_scope=train
09:52:19 [INFO] Filtered features saved: /var/folders/_c/3xdf41hd3tvgxpx63mrml2c00000gn/T/gap2_golden_a_fqlhl9m4/features/ETHUSDT_12h_filtered.h5
09:52:19 [INFO] IC report saved: /var/folders/_c/3xdf41hd3tvgxpx63mrml2c00000gn/T/gap2_golden_a_fqlhl9m4/reports/ic_report_ic_gatekeeper.json
09:52:19 [INFO] IC survivor output saved: /var/folders/_c/3xdf41hd3tvgxpx63mrml2c00000gn/T/gap2_golden_a_fqlhl9m4/reports/ic_survivors_ic_gatekeeper.json
09:52:19 [INFO] IC report saved: /var/folders/_c/3xdf41hd3tvgxpx63mrml2c00000gn/T/gap2_golden_a_fqlhl9m4/reports/ic_report_ic_gatekeeper.json
09:52:19 [INFO] IC config loaded
09:52:19 [INFO] KlineStorageManager initialized: data_cache/feature_klines/kline_cache.h5
09:52:19 [WARNING] Falling back to configured label horizon because labels_df is unavailable
09:52:19 [WARNING] Falling back to configured label horizon because labels_df is unavailable
09:52:19 [INFO] Data preprocessing complete: columns=14 fit_mode=train_mask oos_guarantees=True
09:52:19 [INFO] Read 1696 klines from ETHUSDT/12h in 0.005s
09:52:19 [WARNING] Falling back to configured label horizon because labels_df is unavailable
09:52:20 [INFO] IC autocorr persistent: count=14
09:52:20 [INFO] Read 1696 klines from ETHUSDT/12h in 0.011s
09:52:20 [INFO] Decay: 4/14 fit warnings summarized (low_r2=4)
09:52:42 [INFO] Redundancy filter completed: method=greedy input=2 output=2
09:52:52 [INFO] IC stage6b marginal_ic: status=ok reason=None survivors=2 removed=0 n_regressions=4 fit_scope=train
09:52:52 [INFO] Filtered features saved: /var/folders/_c/3xdf41hd3tvgxpx63mrml2c00000gn/T/gap2_golden_b_5weu_lbt/features/ETHUSDT_12h_filtered.h5
09:52:52 [INFO] IC report saved: /var/folders/_c/3xdf41hd3tvgxpx63mrml2c00000gn/T/gap2_golden_b_5weu_lbt/reports/ic_report_ic_gatekeeper.json
09:52:52 [INFO] IC survivor output saved: /var/folders/_c/3xdf41hd3tvgxpx63mrml2c00000gn/T/gap2_golden_b_5weu_lbt/reports/ic_survivors_ic_gatekeeper.json
09:52:52 [INFO] IC report saved: /var/folders/_c/3xdf41hd3tvgxpx63mrml2c00000gn/T/gap2_golden_b_5weu_lbt/reports/ic_report_ic_gatekeeper.json
PASSED                                                                   [ 75%]
tests/momentum/Analysis/test_gap2_golden.py::test_mutation_counter_without_fit_call_breaks_spy PASSED [100%]

================= 4 passed, 23 deselected in 165.07s (0:02:45) =================
