============================= test session starts ==============================
platform darwin -- Python 3.9.6, pytest-8.4.2, pluggy-1.6.0
rootdir: /Users/louis/Desktop/quantitative_trading_system
configfile: pytest.ini
plugins: asyncio-1.2.0, anyio-4.10.0, cov-7.0.0
asyncio: mode=strict, debug=False, asyncio_default_fixture_loop_scope=None, asyncio_default_test_loop_scope=function
collected 25 items / 21 deselected / 4 selected

tests/momentum/Analysis/test_gap2_stage6b_wiring.py::test_mutation_fit_scope_derived_oos_breaks_root_oracle 
-------------------------------- live log call ---------------------------------
08:50:48 [INFO] IC config loaded
08:50:48 [INFO] KlineStorageManager initialized: data_cache/feature_klines/kline_cache.h5
08:50:48 [WARNING] Falling back to configured label horizon because labels_df is unavailable
08:50:48 [WARNING] Falling back to configured label horizon because labels_df is unavailable
08:50:48 [INFO] Data preprocessing complete: columns=14 fit_mode=train_mask oos_guarantees=True
08:50:48 [INFO] Read 1696 klines from ETHUSDT/12h in 0.004s
08:50:48 [WARNING] Falling back to configured label horizon because labels_df is unavailable
08:50:48 [INFO] Read 1696 klines from ETHUSDT/12h in 0.002s
08:50:48 [WARNING] Insufficient events: n=3
08:50:48 [INFO] IC autocorr persistent: count=14
08:50:48 [INFO] Read 1696 klines from ETHUSDT/12h in 0.003s
08:50:48 [INFO] Decay: 4/14 fit warnings summarized (low_r2=4)
08:50:54 [INFO] Redundancy filter completed: method=greedy input=2 output=2
08:50:58 [INFO] IC stage6b marginal_ic: status=ok reason=None survivors=2 removed=0 n_regressions=4 fit_scope=train
08:50:58 [INFO] Filtered features saved: /var/folders/_c/3xdf41hd3tvgxpx63mrml2c00000gn/T/gap2_b4_p50saq2g/features/ETHUSDT_12h_filtered.h5
08:50:58 [INFO] IC report saved: /var/folders/_c/3xdf41hd3tvgxpx63mrml2c00000gn/T/gap2_b4_p50saq2g/reports/ic_report_ic_gatekeeper.json
08:50:58 [INFO] IC survivor output saved: /var/folders/_c/3xdf41hd3tvgxpx63mrml2c00000gn/T/gap2_b4_p50saq2g/reports/ic_survivors_ic_gatekeeper.json
08:50:58 [INFO] IC config loaded
08:50:58 [INFO] KlineStorageManager initialized: data_cache/feature_klines/kline_cache.h5
08:50:58 [WARNING] Falling back to configured label horizon because labels_df is unavailable
08:50:58 [WARNING] Falling back to configured label horizon because labels_df is unavailable
08:50:58 [INFO] Data preprocessing complete: columns=14 fit_mode=train_mask oos_guarantees=True
08:50:58 [INFO] Read 1696 klines from ETHUSDT/12h in 0.003s
08:50:58 [WARNING] Falling back to configured label horizon because labels_df is unavailable
08:50:58 [INFO] Read 1696 klines from ETHUSDT/12h in 0.002s
08:50:58 [WARNING] Insufficient events: n=3
08:50:58 [INFO] IC autocorr persistent: count=14
08:50:58 [INFO] Read 1696 klines from ETHUSDT/12h in 0.003s
08:50:58 [INFO] Decay: 4/14 fit warnings summarized (low_r2=4)
08:51:04 [INFO] Redundancy filter completed: method=greedy input=2 output=2
08:51:07 [INFO] IC stage6b marginal_ic: status=ok reason=None survivors=2 removed=0 n_regressions=4 fit_scope=train
08:51:07 [INFO] Filtered features saved: /var/folders/_c/3xdf41hd3tvgxpx63mrml2c00000gn/T/gap2_b4_4f2nojtd/features/ETHUSDT_12h_filtered.h5
08:51:07 [INFO] IC report saved: /var/folders/_c/3xdf41hd3tvgxpx63mrml2c00000gn/T/gap2_b4_4f2nojtd/reports/ic_report_ic_gatekeeper.json
08:51:07 [INFO] IC survivor output saved: /var/folders/_c/3xdf41hd3tvgxpx63mrml2c00000gn/T/gap2_b4_4f2nojtd/reports/ic_survivors_ic_gatekeeper.json
PASSED                                                                   [ 25%]
tests/momentum/Analysis/test_gap2_survivor_persist.py::test_mutation_persist_reads_ic_cache_breaks_cold_call 
-------------------------------- live log setup --------------------------------
08:51:07 [INFO] IC config loaded
08:51:07 [INFO] KlineStorageManager initialized: data_cache/feature_klines/kline_cache.h5
08:51:07 [WARNING] Falling back to configured label horizon because labels_df is unavailable
08:51:07 [WARNING] Falling back to configured label horizon because labels_df is unavailable
08:51:07 [INFO] Data preprocessing complete: columns=14 fit_mode=train_mask oos_guarantees=True
08:51:07 [INFO] Read 1696 klines from ETHUSDT/12h in 0.003s
08:51:07 [WARNING] Falling back to configured label horizon because labels_df is unavailable
08:51:07 [INFO] IC autocorr persistent: count=14
08:51:07 [INFO] Read 1696 klines from ETHUSDT/12h in 0.002s
08:51:07 [INFO] Decay: 4/14 fit warnings summarized (low_r2=4)
08:51:13 [INFO] Redundancy filter completed: method=greedy input=2 output=2
08:51:17 [INFO] IC stage6b marginal_ic: status=ok reason=None survivors=2 removed=0 n_regressions=4 fit_scope=train
08:51:17 [INFO] Filtered features saved: /var/folders/_c/3xdf41hd3tvgxpx63mrml2c00000gn/T/gap2_b4_bcm0__7i/features/ETHUSDT_12h_filtered.h5
08:51:17 [INFO] IC report saved: /var/folders/_c/3xdf41hd3tvgxpx63mrml2c00000gn/T/gap2_b4_bcm0__7i/reports/ic_report_ic_gatekeeper.json
08:51:17 [INFO] IC survivor output saved: /var/folders/_c/3xdf41hd3tvgxpx63mrml2c00000gn/T/gap2_b4_bcm0__7i/reports/ic_survivors_ic_gatekeeper.json
PASSED                                                                   [ 50%]
tests/momentum/Analysis/test_gap2_golden.py::test_mutation_scrub_extra_key_breaks_canonical_sha 
-------------------------------- live log setup --------------------------------
08:51:17 [INFO] IC config loaded
08:51:17 [INFO] KlineStorageManager initialized: data_cache/feature_klines/kline_cache.h5
08:51:17 [WARNING] Falling back to configured label horizon because labels_df is unavailable
08:51:17 [WARNING] Falling back to configured label horizon because labels_df is unavailable
08:51:17 [INFO] Data preprocessing complete: columns=14 fit_mode=train_mask oos_guarantees=True
08:51:17 [INFO] Read 1696 klines from ETHUSDT/12h in 0.003s
08:51:17 [WARNING] Falling back to configured label horizon because labels_df is unavailable
08:51:17 [INFO] IC autocorr persistent: count=14
08:51:17 [INFO] Read 1696 klines from ETHUSDT/12h in 0.002s
08:51:17 [INFO] Decay: 4/14 fit warnings summarized (low_r2=4)
08:51:23 [INFO] Redundancy filter completed: method=greedy input=2 output=2
08:51:26 [INFO] IC stage6b marginal_ic: status=ok reason=None survivors=2 removed=0 n_regressions=4 fit_scope=train
08:51:26 [INFO] Filtered features saved: /var/folders/_c/3xdf41hd3tvgxpx63mrml2c00000gn/T/gap2_golden_a_ey4shto9/features/ETHUSDT_12h_filtered.h5
08:51:26 [INFO] IC report saved: /var/folders/_c/3xdf41hd3tvgxpx63mrml2c00000gn/T/gap2_golden_a_ey4shto9/reports/ic_report_ic_gatekeeper.json
08:51:26 [INFO] IC survivor output saved: /var/folders/_c/3xdf41hd3tvgxpx63mrml2c00000gn/T/gap2_golden_a_ey4shto9/reports/ic_survivors_ic_gatekeeper.json
08:51:26 [INFO] IC config loaded
08:51:26 [INFO] KlineStorageManager initialized: data_cache/feature_klines/kline_cache.h5
08:51:26 [WARNING] Falling back to configured label horizon because labels_df is unavailable
08:51:26 [WARNING] Falling back to configured label horizon because labels_df is unavailable
08:51:26 [INFO] Data preprocessing complete: columns=14 fit_mode=train_mask oos_guarantees=True
08:51:26 [INFO] Read 1696 klines from ETHUSDT/12h in 0.003s
08:51:26 [WARNING] Falling back to configured label horizon because labels_df is unavailable
08:51:26 [INFO] IC autocorr persistent: count=14
08:51:26 [INFO] Read 1696 klines from ETHUSDT/12h in 0.002s
08:51:26 [INFO] Decay: 4/14 fit warnings summarized (low_r2=4)
08:51:32 [INFO] Redundancy filter completed: method=greedy input=2 output=2
08:51:36 [INFO] IC stage6b marginal_ic: status=ok reason=None survivors=2 removed=0 n_regressions=4 fit_scope=train
08:51:36 [INFO] Filtered features saved: /var/folders/_c/3xdf41hd3tvgxpx63mrml2c00000gn/T/gap2_golden_b_9agf8cf_/features/ETHUSDT_12h_filtered.h5
08:51:36 [INFO] IC report saved: /var/folders/_c/3xdf41hd3tvgxpx63mrml2c00000gn/T/gap2_golden_b_9agf8cf_/reports/ic_report_ic_gatekeeper.json
08:51:36 [INFO] IC survivor output saved: /var/folders/_c/3xdf41hd3tvgxpx63mrml2c00000gn/T/gap2_golden_b_9agf8cf_/reports/ic_survivors_ic_gatekeeper.json
PASSED                                                                   [ 75%]
tests/momentum/Analysis/test_gap2_golden.py::test_mutation_counter_without_fit_call_breaks_spy PASSED [100%]

====================== 4 passed, 21 deselected in 48.62s =======================
