============================= test session starts ==============================
platform darwin -- Python 3.9.6, pytest-8.4.2, pluggy-1.6.0
rootdir: /Users/louis/Desktop/quantitative_trading_system
configfile: pytest.ini
plugins: asyncio-1.2.0, anyio-4.10.0, cov-7.0.0
asyncio: mode=strict, debug=False, asyncio_default_fixture_loop_scope=None, asyncio_default_test_loop_scope=function
collected 1 item

tests/momentum/test_ic_1eb_b3_xsec.py::test_t31a_xsec_p_not_none_matches_kernel_and_separates_iid 
-------------------------------- live log call ---------------------------------
03:53:44 [INFO] IC config loaded
PASSED                                                                   [100%]

=============================== warnings summary ===============================
venv/lib/python3.9/site-packages/joblib/_multiprocessing_helpers.py:44
  /Users/louis/Desktop/quantitative_trading_system/venv/lib/python3.9/site-packages/joblib/_multiprocessing_helpers.py:44: UserWarning: [Errno 1] Operation not permitted.  joblib will operate in serial mode
    warnings.warn("%s.  joblib will operate in serial mode" % (e,))

-- Docs: https://docs.pytest.org/en/stable/how-to/capture-warnings.html
========================= 1 passed, 1 warning in 1.14s =========================
============================= test session starts ==============================
platform darwin -- Python 3.9.6, pytest-8.4.2, pluggy-1.6.0
rootdir: /Users/louis/Desktop/quantitative_trading_system
configfile: pytest.ini
plugins: asyncio-1.2.0, anyio-4.10.0, cov-7.0.0
asyncio: mode=strict, debug=False, asyncio_default_fixture_loop_scope=None, asyncio_default_test_loop_scope=function
collected 1 item

tests/momentum/test_ic_1eb_b3_xsec.py::test_t31a_xsec_p_not_none_matches_kernel_and_separates_iid 
-------------------------------- live log call ---------------------------------
03:53:49 [INFO] IC config loaded
FAILED                                                                   [100%]

=================================== FAILURES ===================================
/Users/louis/Desktop/quantitative_trading_system/tests/momentum/test_ic_1eb_b3_xsec.py:110: assert False
=============================== warnings summary ===============================
venv/lib/python3.9/site-packages/joblib/_multiprocessing_helpers.py:44
  /Users/louis/Desktop/quantitative_trading_system/venv/lib/python3.9/site-packages/joblib/_multiprocessing_helpers.py:44: UserWarning: [Errno 1] Operation not permitted.  joblib will operate in serial mode
    warnings.warn("%s.  joblib will operate in serial mode" % (e,))

-- Docs: https://docs.pytest.org/en/stable/how-to/capture-warnings.html
=========================== short test summary info ============================
FAILED tests/momentum/test_ic_1eb_b3_xsec.py::test_t31a_xsec_p_not_none_matches_kernel_and_separates_iid - assert False
 +  where False = <function isclose at 0x108ad3530>(0.0005476592328160278, 0.00095642417054164, atol=0.0, rtol=0.0)
 +    where <function isclose at 0x108ad3530> = np.isclose
 +    and   0.0005476592328160278 = float(0.0005476592328160278)
 +    and   0.00095642417054164 = float(0.00095642417054164)
========================= 1 failed, 1 warning in 1.12s =========================
============================= test session starts ==============================
platform darwin -- Python 3.9.6, pytest-8.4.2, pluggy-1.6.0
rootdir: /Users/louis/Desktop/quantitative_trading_system
configfile: pytest.ini
plugins: asyncio-1.2.0, anyio-4.10.0, cov-7.0.0
asyncio: mode=strict, debug=False, asyncio_default_fixture_loop_scope=None, asyncio_default_test_loop_scope=function
collected 1 item

tests/momentum/test_ic_1eb_b3_xsec.py::test_t31a_xsec_p_not_none_matches_kernel_and_separates_iid 
-------------------------------- live log call ---------------------------------
03:53:54 [INFO] IC config loaded
PASSED                                                                   [100%]

=============================== warnings summary ===============================
venv/lib/python3.9/site-packages/joblib/_multiprocessing_helpers.py:44
  /Users/louis/Desktop/quantitative_trading_system/venv/lib/python3.9/site-packages/joblib/_multiprocessing_helpers.py:44: UserWarning: [Errno 1] Operation not permitted.  joblib will operate in serial mode
    warnings.warn("%s.  joblib will operate in serial mode" % (e,))

-- Docs: https://docs.pytest.org/en/stable/how-to/capture-warnings.html
========================= 1 passed, 1 warning in 1.10s =========================
============================= test session starts ==============================
platform darwin -- Python 3.9.6, pytest-8.4.2, pluggy-1.6.0
rootdir: /Users/louis/Desktop/quantitative_trading_system
configfile: pytest.ini
plugins: asyncio-1.2.0, anyio-4.10.0, cov-7.0.0
asyncio: mode=strict, debug=False, asyncio_default_fixture_loop_scope=None, asyncio_default_test_loop_scope=function
collected 1 item

tests/momentum/test_ic_1eb_b3_xsec.py::test_t31b_labels_path_return_5_maxlags_floor 
-------------------------------- live log call ---------------------------------
03:53:58 [INFO] IC config loaded
PASSED                                                                   [100%]

=============================== warnings summary ===============================
venv/lib/python3.9/site-packages/joblib/_multiprocessing_helpers.py:44
  /Users/louis/Desktop/quantitative_trading_system/venv/lib/python3.9/site-packages/joblib/_multiprocessing_helpers.py:44: UserWarning: [Errno 1] Operation not permitted.  joblib will operate in serial mode
    warnings.warn("%s.  joblib will operate in serial mode" % (e,))

-- Docs: https://docs.pytest.org/en/stable/how-to/capture-warnings.html
========================= 1 passed, 1 warning in 1.04s =========================
============================= test session starts ==============================
platform darwin -- Python 3.9.6, pytest-8.4.2, pluggy-1.6.0
rootdir: /Users/louis/Desktop/quantitative_trading_system
configfile: pytest.ini
plugins: asyncio-1.2.0, anyio-4.10.0, cov-7.0.0
asyncio: mode=strict, debug=False, asyncio_default_fixture_loop_scope=None, asyncio_default_test_loop_scope=function
collected 1 item

tests/momentum/test_ic_1eb_b3_xsec.py::test_t31b_labels_path_return_5_maxlags_floor 
-------------------------------- live log call ---------------------------------
03:54:02 [INFO] IC config loaded
FAILED                                                                   [100%]

=================================== FAILURES ===================================
/Users/louis/Desktop/quantitative_trading_system/tests/momentum/test_ic_1eb_b3_xsec.py:184: assert True is False
=============================== warnings summary ===============================
venv/lib/python3.9/site-packages/joblib/_multiprocessing_helpers.py:44
  /Users/louis/Desktop/quantitative_trading_system/venv/lib/python3.9/site-packages/joblib/_multiprocessing_helpers.py:44: UserWarning: [Errno 1] Operation not permitted.  joblib will operate in serial mode
    warnings.warn("%s.  joblib will operate in serial mode" % (e,))

-- Docs: https://docs.pytest.org/en/stable/how-to/capture-warnings.html
=========================== short test summary info ============================
FAILED tests/momentum/test_ic_1eb_b3_xsec.py::test_t31b_labels_path_return_5_maxlags_floor - assert True is False
========================= 1 failed, 1 warning in 1.06s =========================
============================= test session starts ==============================
platform darwin -- Python 3.9.6, pytest-8.4.2, pluggy-1.6.0
rootdir: /Users/louis/Desktop/quantitative_trading_system
configfile: pytest.ini
plugins: asyncio-1.2.0, anyio-4.10.0, cov-7.0.0
asyncio: mode=strict, debug=False, asyncio_default_fixture_loop_scope=None, asyncio_default_test_loop_scope=function
collected 1 item

tests/momentum/test_ic_1eb_b3_xsec.py::test_t31b_labels_path_return_5_maxlags_floor 
-------------------------------- live log call ---------------------------------
03:54:07 [INFO] IC config loaded
PASSED                                                                   [100%]

=============================== warnings summary ===============================
venv/lib/python3.9/site-packages/joblib/_multiprocessing_helpers.py:44
  /Users/louis/Desktop/quantitative_trading_system/venv/lib/python3.9/site-packages/joblib/_multiprocessing_helpers.py:44: UserWarning: [Errno 1] Operation not permitted.  joblib will operate in serial mode
    warnings.warn("%s.  joblib will operate in serial mode" % (e,))

-- Docs: https://docs.pytest.org/en/stable/how-to/capture-warnings.html
========================= 1 passed, 1 warning in 1.04s =========================
MUTATION PROBE PASS [iid-swap]: red exit=1, restore ok
MUTATION PROBE PASS [label-rename]: red exit=1, restore ok
MUTATION PROBE PASS: both A(iid) and B(label-rename)
