== A1 event_samples ==
============================= test session starts ==============================
platform darwin -- Python 3.9.6, pytest-8.4.2, pluggy-1.6.0
rootdir: /Users/louis/Desktop/quantitative_trading_system
configfile: pytest.ini
plugins: asyncio-1.2.0, anyio-4.10.0, cov-7.0.0
asyncio: mode=strict, debug=False, asyncio_default_fixture_loop_scope=None, asyncio_default_test_loop_scope=function
collected 230 items

tests/momentum/event_samples/test_alignment.py .............             [  5%]
tests/momentum/event_samples/test_all_bars_eval.py ............          [ 10%]
tests/momentum/event_samples/test_baseline_oracle.py ...........         [ 15%]
tests/momentum/event_samples/test_candidate_ledger.py .................. [ 23%]
.                                                                        [ 23%]
tests/momentum/event_samples/test_condition_engine.py .................. [ 31%]
.........................                                                [ 42%]
tests/momentum/event_samples/test_counterexample_classifier.py ......... [ 46%]
.......                                                                  [ 49%]
tests/momentum/event_samples/test_dedupe.py ........                     [ 53%]
tests/momentum/event_samples/test_event_split.py .........               [ 56%]
tests/momentum/event_samples/test_feature_materialization.py .......     [ 60%]
tests/momentum/event_samples/test_gap3_conditional_ic.py ........        [ 63%]
tests/momentum/event_samples/test_generator_adapters.py ................ [ 70%]
.....                                                                    [ 72%]
tests/momentum/event_samples/test_import_contract.py ................... [ 80%]
.........                                                                [ 84%]
tests/momentum/event_samples/test_mutation_guard.py ............         [ 90%]
tests/momentum/event_samples/test_pattern_bridge.py ..........           [ 94%]
tests/momentum/event_samples/test_pipeline.py ......                     [ 96%]
tests/momentum/event_samples/test_tables.py .......                      [100%]

=============================== warnings summary ===============================
venv/lib/python3.9/site-packages/_pytest/config/__init__.py:1474
  /Users/louis/Desktop/quantitative_trading_system/venv/lib/python3.9/site-packages/_pytest/config/__init__.py:1474: PytestConfigWarning: Unknown config option: log_cli
  
    self._warn_or_fail_if_strict(f"Unknown config option: {key}\n")

venv/lib/python3.9/site-packages/_pytest/config/__init__.py:1474
  /Users/louis/Desktop/quantitative_trading_system/venv/lib/python3.9/site-packages/_pytest/config/__init__.py:1474: PytestConfigWarning: Unknown config option: log_cli_date_format
  
    self._warn_or_fail_if_strict(f"Unknown config option: {key}\n")

venv/lib/python3.9/site-packages/_pytest/config/__init__.py:1474
  /Users/louis/Desktop/quantitative_trading_system/venv/lib/python3.9/site-packages/_pytest/config/__init__.py:1474: PytestConfigWarning: Unknown config option: log_cli_format
  
    self._warn_or_fail_if_strict(f"Unknown config option: {key}\n")

venv/lib/python3.9/site-packages/_pytest/config/__init__.py:1474
  /Users/louis/Desktop/quantitative_trading_system/venv/lib/python3.9/site-packages/_pytest/config/__init__.py:1474: PytestConfigWarning: Unknown config option: log_cli_level
  
    self._warn_or_fail_if_strict(f"Unknown config option: {key}\n")

-- Docs: https://docs.pytest.org/en/stable/how-to/capture-warnings.html
======================= 230 passed, 4 warnings in 25.97s =======================
rc_A1=0
== A2 state_counters ==
============================= test session starts ==============================
platform darwin -- Python 3.9.6, pytest-8.4.2, pluggy-1.6.0
rootdir: /Users/louis/Desktop/quantitative_trading_system
configfile: pytest.ini
plugins: asyncio-1.2.0, anyio-4.10.0, cov-7.0.0
asyncio: mode=strict, debug=False, asyncio_default_fixture_loop_scope=None, asyncio_default_test_loop_scope=function
collected 17 items

tests/momentum/feature_engineering/test_state_counters.py .............. [ 82%]
...                                                                      [100%]

=============================== warnings summary ===============================
venv/lib/python3.9/site-packages/_pytest/config/__init__.py:1474
  /Users/louis/Desktop/quantitative_trading_system/venv/lib/python3.9/site-packages/_pytest/config/__init__.py:1474: PytestConfigWarning: Unknown config option: log_cli
  
    self._warn_or_fail_if_strict(f"Unknown config option: {key}\n")

venv/lib/python3.9/site-packages/_pytest/config/__init__.py:1474
  /Users/louis/Desktop/quantitative_trading_system/venv/lib/python3.9/site-packages/_pytest/config/__init__.py:1474: PytestConfigWarning: Unknown config option: log_cli_date_format
  
    self._warn_or_fail_if_strict(f"Unknown config option: {key}\n")

venv/lib/python3.9/site-packages/_pytest/config/__init__.py:1474
  /Users/louis/Desktop/quantitative_trading_system/venv/lib/python3.9/site-packages/_pytest/config/__init__.py:1474: PytestConfigWarning: Unknown config option: log_cli_format
  
    self._warn_or_fail_if_strict(f"Unknown config option: {key}\n")

venv/lib/python3.9/site-packages/_pytest/config/__init__.py:1474
  /Users/louis/Desktop/quantitative_trading_system/venv/lib/python3.9/site-packages/_pytest/config/__init__.py:1474: PytestConfigWarning: Unknown config option: log_cli_level
  
    self._warn_or_fail_if_strict(f"Unknown config option: {key}\n")

-- Docs: https://docs.pytest.org/en/stable/how-to/capture-warnings.html
======================== 17 passed, 4 warnings in 0.58s ========================
rc_A2=0
== A3 GAP-1 strategy_validation ==
============================= test session starts ==============================
platform darwin -- Python 3.9.6, pytest-8.4.2, pluggy-1.6.0
rootdir: /Users/louis/Desktop/quantitative_trading_system
configfile: pytest.ini
plugins: asyncio-1.2.0, anyio-4.10.0, cov-7.0.0
asyncio: mode=strict, debug=False, asyncio_default_fixture_loop_scope=None, asyncio_default_test_loop_scope=function
collected 272 items

tests/momentum/Analysis/strategy_validation/test_contract.py ........... [  4%]
....................                                                     [ 11%]
tests/momentum/Analysis/strategy_validation/test_cscv.py .........       [ 14%]
tests/momentum/Analysis/strategy_validation/test_deflated_sharpe.py .... [ 16%]
...............                                                          [ 21%]
tests/momentum/Analysis/strategy_validation/test_frequency.py .......... [ 25%]
............                                                             [ 29%]
tests/momentum/Analysis/strategy_validation/test_ledger.py ............. [ 34%]
............                                                             [ 38%]
tests/momentum/Analysis/strategy_validation/test_ledger_conformance.py . [ 39%]
.....................                                                    [ 47%]
tests/momentum/Analysis/strategy_validation/test_ledger_path.py ........ [ 50%]
...                                                                      [ 51%]
tests/momentum/Analysis/strategy_validation/test_min_btl.py ............ [ 55%]
....................                                                     [ 62%]
tests/momentum/Analysis/strategy_validation/test_pbo.py ................ [ 68%]
.                                                                        [ 69%]
tests/momentum/Analysis/strategy_validation/test_pbo_universe_guard.py . [ 69%]
........                                                                 [ 72%]
tests/momentum/Analysis/strategy_validation/test_report_section.py ..... [ 74%]
..........................                                               [ 83%]
tests/momentum/Analysis/strategy_validation/test_returns_contract.py ... [ 84%]
.......                                                                  [ 87%]
tests/momentum/Analysis/strategy_validation/test_sharpe.py ............. [ 92%]
..                                                                       [ 93%]
tests/momentum/Analysis/strategy_validation/test_wiring_check.py ....... [ 95%]
............                                                             [100%]

=============================== warnings summary ===============================
venv/lib/python3.9/site-packages/_pytest/config/__init__.py:1474
  /Users/louis/Desktop/quantitative_trading_system/venv/lib/python3.9/site-packages/_pytest/config/__init__.py:1474: PytestConfigWarning: Unknown config option: log_cli
  
    self._warn_or_fail_if_strict(f"Unknown config option: {key}\n")

venv/lib/python3.9/site-packages/_pytest/config/__init__.py:1474
  /Users/louis/Desktop/quantitative_trading_system/venv/lib/python3.9/site-packages/_pytest/config/__init__.py:1474: PytestConfigWarning: Unknown config option: log_cli_date_format
  
    self._warn_or_fail_if_strict(f"Unknown config option: {key}\n")

venv/lib/python3.9/site-packages/_pytest/config/__init__.py:1474
  /Users/louis/Desktop/quantitative_trading_system/venv/lib/python3.9/site-packages/_pytest/config/__init__.py:1474: PytestConfigWarning: Unknown config option: log_cli_format
  
    self._warn_or_fail_if_strict(f"Unknown config option: {key}\n")

venv/lib/python3.9/site-packages/_pytest/config/__init__.py:1474
  /Users/louis/Desktop/quantitative_trading_system/venv/lib/python3.9/site-packages/_pytest/config/__init__.py:1474: PytestConfigWarning: Unknown config option: log_cli_level
  
    self._warn_or_fail_if_strict(f"Unknown config option: {key}\n")

-- Docs: https://docs.pytest.org/en/stable/how-to/capture-warnings.html
======================= 272 passed, 4 warnings in 14.82s =======================
rc_A3=0
== A4 api gap3_import ==
============================= test session starts ==============================
platform darwin -- Python 3.9.6, pytest-8.4.2, pluggy-1.6.0
rootdir: /Users/louis/Desktop/quantitative_trading_system
configfile: pytest.ini
plugins: asyncio-1.2.0, anyio-4.10.0, cov-7.0.0
asyncio: mode=strict, debug=False, asyncio_default_fixture_loop_scope=None, asyncio_default_test_loop_scope=function
collected 493 items / 477 deselected / 16 selected

tests/api/test_gap3_import.py ................                           [100%]

=============================== warnings summary ===============================
venv/lib/python3.9/site-packages/_pytest/config/__init__.py:1474
  /Users/louis/Desktop/quantitative_trading_system/venv/lib/python3.9/site-packages/_pytest/config/__init__.py:1474: PytestConfigWarning: Unknown config option: log_cli
  
    self._warn_or_fail_if_strict(f"Unknown config option: {key}\n")

venv/lib/python3.9/site-packages/_pytest/config/__init__.py:1474
  /Users/louis/Desktop/quantitative_trading_system/venv/lib/python3.9/site-packages/_pytest/config/__init__.py:1474: PytestConfigWarning: Unknown config option: log_cli_date_format
  
    self._warn_or_fail_if_strict(f"Unknown config option: {key}\n")

venv/lib/python3.9/site-packages/_pytest/config/__init__.py:1474
  /Users/louis/Desktop/quantitative_trading_system/venv/lib/python3.9/site-packages/_pytest/config/__init__.py:1474: PytestConfigWarning: Unknown config option: log_cli_format
  
    self._warn_or_fail_if_strict(f"Unknown config option: {key}\n")

venv/lib/python3.9/site-packages/_pytest/config/__init__.py:1474
  /Users/louis/Desktop/quantitative_trading_system/venv/lib/python3.9/site-packages/_pytest/config/__init__.py:1474: PytestConfigWarning: Unknown config option: log_cli_level
  
    self._warn_or_fail_if_strict(f"Unknown config option: {key}\n")

venv/lib/python3.9/site-packages/fastapi/applications.py:1051
  /Users/louis/Desktop/quantitative_trading_system/venv/lib/python3.9/site-packages/fastapi/applications.py:1051: PytestCollectionWarning: cannot collect 'test_app' because it is not a function.
    async def __call__(self, scope: Scope, receive: Receive, send: Send) -> None:

-- Docs: https://docs.pytest.org/en/stable/how-to/capture-warnings.html
================ 16 passed, 477 deselected, 5 warnings in 2.80s ================
rc_A4=0
== A5 npm run build ==
rc_A5=0
○  (Static)   prerendered as static content
ƒ  (Dynamic)  server-rendered on demand

== A6 vitest gap3 ==
rc_A6=0
 Test Files  3 passed (3)
      Tests  18 passed (18)
== A7 plain_docs_sync ==
[plain_docs_sync] ✓ 白話說明 全數同步（受管 10 檔，判準＝說明檔不早於其 WATCHED）
rc_A7=0
== A8 golden --check ==
rc_A8=0
[gap3_freeze_golden] CHECK PASS canonical_sha=163c4cecb1006dc42dea0804acc365d83fe7cdbaf05ba64b1d794168dd67e463
== A9 scale receipt ==
{"n_events":10000,"wall_clock_s":76.978,"peak_rss_mb":496.4,"api_path":"ok"}
rc_A9=0
