============================= test session starts ==============================
platform darwin -- Python 3.9.6, pytest-8.4.2, pluggy-1.6.0
rootdir: /Users/louis/Desktop/quantitative_trading_system
configfile: pytest.ini
plugins: asyncio-1.2.0, anyio-4.10.0, cov-7.0.0
asyncio: mode=strict, debug=False, asyncio_default_fixture_loop_scope=None, asyncio_default_test_loop_scope=function

----------------------------- live log collection ------------------------------
20:43:55 [INFO] Loaded feature registry with 11 entries
collected 10 items

tests/momentum/Analysis/test_ic_1a_cut1_oos.py::test_fallback_insufficient_data_marks_applied_false 
-------------------------------- live log setup --------------------------------
20:43:56 [INFO] KlineStorageManager initialized: /Users/louis/Desktop/quantitative_trading_system/data_cache/feature_klines/kline_cache.h5
20:43:56 [INFO] Registered adapter: crypto_spot
20:43:56 [INFO] Loaded feature registry with 11 entries
20:43:56 [INFO] CGSA stats (tier=8gb): sync_cap=200 q_sample=1500 warmup_workers=2
20:43:57 [INFO] Restored 9 persisted feature task(s) from disk
20:43:57 [INFO] 所有中間件已設置完成
20:43:57 [INFO] 異常處理器設置完成
20:43:57 [INFO] StandaloneSearchService initialized - momentum modules will be loaded on demand
20:43:57 [INFO] CaseStorageManager initialized (persistent=True, json_path=/Users/louis/Desktop/quantitative_trading_system/data_cache/cases.json, cases=0)
20:43:57 [INFO] Created global CaseStorageManager instance
20:43:57 [INFO] CaseImportService initialized
20:43:57 [INFO] Created global CaseImportService instance with shared storage
20:43:57 [INFO] KlineStorageManager initialized: /Users/louis/Desktop/quantitative_trading_system/data_cache/kline_cache.h5
20:43:57 [INFO] KlineDownloadService initialized
20:43:57 [INFO] Rate limiter initialized: 1000 req/min
20:43:57 [INFO] BinanceProvider initialized
20:43:57 [INFO] Registered provider: binance (rate_limit=1000/min)
20:43:57 [INFO] Registered BinanceProvider to KlineDownloadService
20:43:57 [INFO] BatchDownloadService initialized
20:43:57 [INFO] Created global BatchDownloadService instance with shared storage
20:43:57 [INFO] KlineStorageManager initialized: data_cache/kline_cache.h5
20:43:57 [INFO] KlineDownloadService initialized
20:43:57 [INFO] Rate limiter initialized: 1000 req/min
20:43:57 [INFO] BinanceProvider initialized
20:43:57 [INFO] Registered provider: binance (rate_limit=1000/min)
20:43:57 [INFO] KlineStorageManager initialized: data_cache/kline_cache.h5
20:43:57 [INFO] IndicatorEngine initialized
20:43:57 [INFO] ChartDataService initialized with IndicatorEngine
20:43:57 [INFO] OptimizationTaskService initialized
20:43:57 [INFO] Loaded feature registry with 11 entries
20:43:57 [INFO] Loaded feature registry with 11 entries
20:43:57 [INFO] Loaded feature registry with 11 entries
20:43:58 [INFO] Loaded feature registry with 11 entries
20:43:58 [INFO] WebSocketConnectionManager initialized
20:43:58 [INFO] All API routes registered successfully
-------------------------------- live log call ---------------------------------
20:43:58 [INFO] Resolved label horizon from labels_df column
20:43:58 [INFO] Resolved label horizon from labels_df column
20:43:58 [INFO] Data preprocessing complete: columns=2
20:43:58 [INFO] IC autocorr persistent: count=2
20:43:58 [WARNING] Falling back to configured label horizon because labels_df is unavailable
20:43:58 [INFO] Redundancy filter completed: method=greedy input=2 output=2
20:43:58 [INFO] Filtered features saved: /private/var/folders/_c/3xdf41hd3tvgxpx63mrml2c00000gn/T/pytest-of-louis/pytest-413/ic_redirect0/features/BTCUSDT_1h_filtered.h5
20:43:58 [INFO] IC report saved: /private/var/folders/_c/3xdf41hd3tvgxpx63mrml2c00000gn/T/pytest-of-louis/pytest-413/ic_redirect0/reports/ic_report_ic_gatekeeper.json
PASSED                                                                   [ 10%]
tests/momentum/Analysis/test_ic_1a_cut1_oos.py::test_oos_applied_true_when_sufficient 
-------------------------------- live log call ---------------------------------
20:43:58 [INFO] Resolved label horizon from labels_df column
20:43:58 [INFO] Resolved label horizon from labels_df column
20:43:58 [INFO] Data preprocessing complete: columns=2
20:43:58 [INFO] IC autocorr persistent: count=2
20:43:58 [INFO] Redundancy filter completed: method=greedy input=2 output=2
20:43:58 [INFO] Filtered features saved: /private/var/folders/_c/3xdf41hd3tvgxpx63mrml2c00000gn/T/pytest-of-louis/pytest-413/ic_redirect0/features/BTCUSDT_1h_filtered.h5
20:43:58 [INFO] IC report saved: /private/var/folders/_c/3xdf41hd3tvgxpx63mrml2c00000gn/T/pytest-of-louis/pytest-413/ic_redirect0/reports/ic_report_ic_gatekeeper.json
PASSED                                                                   [ 20%]
tests/momentum/test_ic_e2e.py::TestICGatekeeperE2E::test_full_pipeline_global_mode 
-------------------------------- live log call ---------------------------------
20:43:58 [INFO] IC config loaded
20:43:58 [INFO] Resolved label horizon from labels_df column
20:43:58 [INFO] Resolved label horizon from labels_df column
20:43:58 [INFO] Data preprocessing complete: columns=8
20:43:58 [INFO] IC autocorr persistent: count=8
20:43:58 [WARNING] Falling back to configured label horizon because labels_df is unavailable
20:43:58 [INFO] Redundancy filter completed: method=greedy input=5 output=5
20:43:58 [INFO] Filtered features saved: /private/var/folders/_c/3xdf41hd3tvgxpx63mrml2c00000gn/T/pytest-of-louis/pytest-413/ic_redirect0/features/BTCUSDT_12h_filtered.h5
20:43:58 [INFO] IC report saved: /private/var/folders/_c/3xdf41hd3tvgxpx63mrml2c00000gn/T/pytest-of-louis/pytest-413/ic_redirect0/reports/ic_report_ic_e2e_test.json
PASSED                                                                   [ 30%]
tests/momentum/test_ic_e2e.py::TestICGatekeeperE2E::test_refilter_uses_cache 
-------------------------------- live log call ---------------------------------
20:43:58 [INFO] IC config loaded
20:43:58 [INFO] Resolved label horizon from labels_df column
20:43:58 [INFO] Resolved label horizon from labels_df column
20:43:58 [INFO] Data preprocessing complete: columns=6
20:43:58 [INFO] IC autocorr persistent: count=6
20:43:58 [WARNING] Falling back to configured label horizon because labels_df is unavailable
20:43:58 [INFO] Redundancy filter completed: method=greedy input=5 output=5
20:43:58 [INFO] Filtered features saved: /private/var/folders/_c/3xdf41hd3tvgxpx63mrml2c00000gn/T/pytest-of-louis/pytest-413/ic_redirect0/features/BTCUSDT_12h_filtered.h5
20:43:58 [INFO] IC report saved: /private/var/folders/_c/3xdf41hd3tvgxpx63mrml2c00000gn/T/pytest-of-louis/pytest-413/ic_redirect0/reports/ic_report_ic_e2e_test.json
20:43:58 [WARNING] Falling back to configured label horizon because labels_df is unavailable
20:43:58 [INFO] Redundancy filter completed: method=greedy input=5 output=5
20:43:58 [INFO] Filtered features saved: /private/var/folders/_c/3xdf41hd3tvgxpx63mrml2c00000gn/T/pytest-of-louis/pytest-413/ic_redirect0/features/BTCUSDT_12h_filtered.h5
20:43:58 [INFO] IC report saved: /private/var/folders/_c/3xdf41hd3tvgxpx63mrml2c00000gn/T/pytest-of-louis/pytest-413/ic_redirect0/reports/ic_report_ic_e2e_test.json
PASSED                                                                   [ 40%]
tests/momentum/test_ic_e2e.py::TestICGatekeeperE2E::test_event_mode_with_query 
-------------------------------- live log call ---------------------------------
20:43:59 [INFO] IC config loaded
20:43:59 [INFO] Resolved label horizon from labels_df column
20:43:59 [INFO] Resolved label horizon from labels_df column
20:43:59 [INFO] Data preprocessing complete: columns=6
20:43:59 [INFO] IC autocorr persistent: count=4
20:43:59 [WARNING] Falling back to configured label horizon because labels_df is unavailable
20:43:59 [INFO] Redundancy filter completed: method=greedy input=5 output=5
20:43:59 [INFO] Filtered features saved: /private/var/folders/_c/3xdf41hd3tvgxpx63mrml2c00000gn/T/pytest-of-louis/pytest-413/ic_redirect0/features/BTCUSDT_12h_filtered.h5
20:43:59 [INFO] IC report saved: /private/var/folders/_c/3xdf41hd3tvgxpx63mrml2c00000gn/T/pytest-of-louis/pytest-413/ic_redirect0/reports/ic_report_ic_e2e_test.json
PASSED                                                                   [ 50%]
tests/momentum/test_ic_e2e.py::TestICGatekeeperE2E::test_report_json_structure 
-------------------------------- live log call ---------------------------------
20:43:59 [INFO] IC config loaded
20:43:59 [INFO] Resolved label horizon from labels_df column
20:43:59 [INFO] Resolved label horizon from labels_df column
20:43:59 [INFO] Data preprocessing complete: columns=5
20:43:59 [INFO] IC autocorr persistent: count=5
20:43:59 [WARNING] Falling back to configured label horizon because labels_df is unavailable
20:43:59 [INFO] Redundancy filter completed: method=greedy input=4 output=4
20:43:59 [INFO] Filtered features saved: /private/var/folders/_c/3xdf41hd3tvgxpx63mrml2c00000gn/T/pytest-of-louis/pytest-413/ic_redirect0/features/BTCUSDT_12h_filtered.h5
20:43:59 [INFO] IC report saved: /private/var/folders/_c/3xdf41hd3tvgxpx63mrml2c00000gn/T/pytest-of-louis/pytest-413/ic_redirect0/reports/ic_report_ic_e2e_test.json
PASSED                                                                   [ 60%]
tests/momentum/test_ic_e2e.py::TestICGatekeeperE2E::test_performance_800_features SKIPPED [ 70%]
tests/momentum/test_ic_feature_filter.py::test_analyze_applies_feature_filter_metadata_and_summary_limit 
-------------------------------- live log call ---------------------------------
20:43:59 [INFO] IC config loaded
20:43:59 [INFO] Resolved label horizon from labels_df column
20:43:59 [INFO] Resolved label horizon from labels_df column
20:43:59 [INFO] Data preprocessing complete: columns=8
20:43:59 [INFO] IC autocorr persistent: count=3
20:43:59 [WARNING] Falling back to configured label horizon because labels_df is unavailable
20:43:59 [INFO] IC report saved: /private/var/folders/_c/3xdf41hd3tvgxpx63mrml2c00000gn/T/pytest-of-louis/pytest-413/ic_redirect0/reports/ic_report_ic_gatekeeper.json
PASSED                                                                   [ 80%]
tests/momentum/Analysis/test_ic_1a_cut1_golden.py::test_flag_off_deep_equal_baseline 
-------------------------------- live log call ---------------------------------
20:44:00 [INFO] Loaded feature registry with 11 entries
20:44:00 [INFO] IC config loaded
20:44:00 [INFO] IC analysis task started: a3daa418-baa8-46d3-8371-2d9d00fcc62c
20:44:00 [INFO] KlineStorageManager initialized: data_cache/feature_klines/kline_cache.h5
20:44:00 [INFO] Data preprocessing complete: columns=50
20:44:00 [INFO] Read 20352 klines from BTCUSDT/1h in 0.013s
20:44:00 [WARNING] Falling back to configured label horizon because labels_df is unavailable
20:44:01 [INFO] IC autocorr persistent: count=38
20:44:01 [INFO] Read 20352 klines from BTCUSDT/1h in 0.012s
20:44:46 [INFO] Decay: 50/50 fit warnings summarized (insufficient_points=50)
20:44:48 [WARNING] Falling back to configured label horizon because labels_df is unavailable
20:44:57 [INFO] IC report saved: /private/var/folders/_c/3xdf41hd3tvgxpx63mrml2c00000gn/T/pytest-of-louis/pytest-413/ic_redirect0/reports/ic_report_ic_gatekeeper.json
20:44:57 [INFO] IC analysis task completed: a3daa418-baa8-46d3-8371-2d9d00fcc62c
PASSED                                                                   [ 90%]
tests/momentum/Analysis/test_ic_1a_cut1_golden.py::test_flag_on_matches_new_golden 
-------------------------------- live log call ---------------------------------
20:45:03 [INFO] Loaded feature registry with 11 entries
20:45:03 [INFO] IC config loaded
20:45:03 [INFO] IC analysis task started: 29a9fabc-d5ab-4e97-b48b-0d8458aa4275
20:45:03 [INFO] KlineStorageManager initialized: data_cache/feature_klines/kline_cache.h5
20:45:03 [WARNING] Falling back to configured label horizon because labels_df is unavailable
20:45:03 [WARNING] Falling back to configured label horizon because labels_df is unavailable
20:45:03 [INFO] Data preprocessing complete: columns=50
20:45:03 [INFO] Read 20352 klines from BTCUSDT/1h in 0.015s
20:45:03 [WARNING] Falling back to configured label horizon because labels_df is unavailable
20:45:04 [INFO] IC autocorr persistent: count=46
20:45:04 [INFO] Read 20352 klines from BTCUSDT/1h in 0.011s
20:45:05 [INFO] Decay: 8/50 fit warnings summarized (fit_exception=1, insufficient_points=1, low_r2=6)
20:45:09 [INFO] IC report saved: /private/var/folders/_c/3xdf41hd3tvgxpx63mrml2c00000gn/T/pytest-of-louis/pytest-413/ic_redirect0/reports/ic_report_ic_gatekeeper.json
20:45:09 [INFO] IC analysis task completed: 29a9fabc-d5ab-4e97-b48b-0d8458aa4275
PASSED                                                                   [100%]

=============================== warnings summary ===============================
tests/momentum/Analysis/test_ic_1a_cut1_golden.py::test_flag_on_matches_new_golden
  /Users/louis/Desktop/quantitative_trading_system/momentum/Analysis/ic_engine.py:318: RuntimeWarning: Mean of empty slice
    ic_mean = float(np.nanmean(values))

tests/momentum/Analysis/test_ic_1a_cut1_golden.py::test_flag_on_matches_new_golden
  /Users/louis/Desktop/quantitative_trading_system/venv/lib/python3.9/site-packages/numpy/lib/nanfunctions.py:1879: RuntimeWarning: Degrees of freedom <= 0 for slice.
    var = nanvar(a, axis=axis, dtype=dtype, out=out, ddof=ddof,

tests/momentum/Analysis/test_ic_1a_cut1_golden.py::test_flag_on_matches_new_golden
  /Users/louis/Desktop/quantitative_trading_system/venv/lib/python3.9/site-packages/numpy/lib/function_base.py:2897: RuntimeWarning: invalid value encountered in divide
    c /= stddev[:, None]

-- Docs: https://docs.pytest.org/en/stable/how-to/capture-warnings.html
=========================== short test summary info ============================
SKIPPED [1] tests/momentum/test_ic_e2e.py:236: Set RUN_IC_E2E_PERF=1 to run
============= 9 passed, 1 skipped, 3 warnings in 76.03s (0:01:16) ==============
SKIP_WHITELIST_FAIL[V1]=1
DIGEST_DIFF_EMPTY[V1]=1
