============================= test session starts ==============================
platform darwin -- Python 3.9.6, pytest-8.4.2, pluggy-1.6.0
rootdir: /Users/louis/Desktop/quantitative_trading_system
configfile: pytest.ini
plugins: asyncio-1.2.0, anyio-4.10.0, cov-7.0.0
asyncio: mode=strict, debug=False, asyncio_default_fixture_loop_scope=None, asyncio_default_test_loop_scope=function

----------------------------- live log collection ------------------------------
21:23:20 [INFO] KlineStorageManager initialized: /Users/louis/Desktop/quantitative_trading_system/data_cache/feature_klines/kline_cache.h5
21:23:20 [INFO] Registered adapter: crypto_spot
21:23:20 [INFO] Loaded feature registry with 16 entries
21:23:20 [INFO] CGSA stats (tier=8gb): sync_cap=200 q_sample=1500 warmup_workers=2
21:23:21 [INFO] Restored 16 persisted feature task(s) from disk
21:23:21 [INFO] 所有中間件已設置完成
21:23:21 [INFO] 異常處理器設置完成
21:23:21 [INFO] StandaloneSearchService initialized - momentum modules will be loaded on demand
21:23:21 [INFO] Loaded feature registry with 16 entries
21:23:21 [INFO] Loaded 60/60 cases from JSON
21:23:21 [INFO] Loaded 60 cases from /Users/louis/Desktop/quantitative_trading_system/data_cache/cases.json
21:23:21 [INFO] CaseStorageManager initialized (persistent=True, json_path=/Users/louis/Desktop/quantitative_trading_system/data_cache/cases.json, cases=60)
21:23:21 [INFO] Created global CaseStorageManager instance
21:23:21 [INFO] CaseImportService initialized
21:23:21 [INFO] Created global CaseImportService instance with shared storage
21:23:21 [INFO] KlineStorageManager initialized: /Users/louis/Desktop/quantitative_trading_system/data_cache/kline_cache.h5
21:23:21 [INFO] KlineDownloadService initialized
21:23:21 [INFO] Rate limiter initialized: 1000 req/min
21:23:21 [INFO] BinanceProvider initialized
21:23:21 [INFO] Registered provider: binance (rate_limit=1000/min)
21:23:21 [INFO] Registered BinanceProvider to KlineDownloadService
21:23:21 [INFO] BatchDownloadService initialized
21:23:21 [INFO] Created global BatchDownloadService instance with shared storage
21:23:21 [INFO] KlineStorageManager initialized: data_cache/kline_cache.h5
21:23:21 [INFO] KlineDownloadService initialized
21:23:21 [INFO] Rate limiter initialized: 1000 req/min
21:23:21 [INFO] BinanceProvider initialized
21:23:21 [INFO] Registered provider: binance (rate_limit=1000/min)
21:23:21 [INFO] KlineStorageManager initialized: data_cache/kline_cache.h5
21:23:21 [INFO] IndicatorEngine initialized
21:23:21 [INFO] ChartDataService initialized with IndicatorEngine
21:23:21 [INFO] OptimizationTaskService initialized
21:23:21 [INFO] Loaded feature registry with 16 entries
21:23:21 [INFO] Loaded feature registry with 16 entries
21:23:21 [INFO] Loaded feature registry with 16 entries
21:23:21 [INFO] Loaded feature registry with 16 entries
21:23:21 [INFO] WebSocketConnectionManager initialized
21:23:21 [INFO] All API routes registered successfully
collected 112 items

tests/api/test_evtwarmup.py::test_precheck_predicates_two_stage 
-------------------------------- live log call ---------------------------------
21:23:21 [INFO] IC config loaded
21:23:21 [INFO] IC config loaded
PASSED                                                                   [  0%]
tests/api/test_evtwarmup.py::test_precheck_event_conditional_skips_bar_warmup_but_global_keeps_it 
-------------------------------- live log call ---------------------------------
21:23:22 [INFO] IC config loaded
PASSED                                                                   [  1%]
tests/api/test_evtwarmup.py::test_precheck_mainline_keeps_bar_rows_even_with_timestamps 
-------------------------------- live log call ---------------------------------
21:23:22 [INFO] IC config loaded
PASSED                                                                   [  2%]
tests/api/test_evtwarmup.py::test_refilter_uses_same_scores_helper_as_analyze 
-------------------------------- live log call ---------------------------------
21:23:22 [INFO] IC config loaded
PASSED                                                                   [  3%]
tests/api/test_evtwarmup.py::test_min_test_events_floor_keeps_holdout_and_flags_reason 
-------------------------------- live log setup --------------------------------
21:23:22 [INFO] IC config loaded
21:23:22 [INFO] KlineStorageManager initialized: data_cache/feature_klines/kline_cache.h5
21:23:22 [INFO] Read 1696 klines from ETHUSDT/12h in 0.004s
21:23:22 [WARNING] No preloaded label file (labels_df=None): mainline label will be generated from kline with configured horizon (normal path, not an error)
21:23:22 [WARNING] No preloaded label file (labels_df=None): mainline label will be generated from kline with configured horizon (normal path, not an error)
21:23:22 [INFO] Data preprocessing complete: columns=14 fit_mode=train_mask oos_guarantees=True
21:23:22 [INFO] Read 1696 klines from ETHUSDT/12h in 0.002s
21:23:22 [WARNING] No preloaded label file (labels_df=None): mainline label will be generated from kline with configured horizon (normal path, not an error)
21:23:22 [INFO] Read 1696 klines from ETHUSDT/12h in 0.002s
21:23:22 [WARNING] IC holdout kept but test-segment events insufficient: test_events=13 min_test_events=30 (oos_guarantees=false; no full-sample rerun)
21:23:22 [INFO] IC autocorr persistent: count=11
21:23:22 [INFO] Read 1696 klines from ETHUSDT/12h in 0.003s
21:23:22 [INFO] Decay: 12/14 fit warnings summarized (low_r2=12)
21:23:22 [INFO] IC stage6b marginal_ic: status=not_applicable reason=no_survivors survivors=0 removed=0 n_regressions=0 fit_scope=train
21:23:22 [INFO] IC report saved: /var/folders/_c/3xdf41hd3tvgxpx63mrml2c00000gn/T/ichc_b4_sidefx_5eet6hx_/reports/ic_report_ic_gatekeeper.json
21:23:22 [INFO] IC survivor output saved: /var/folders/_c/3xdf41hd3tvgxpx63mrml2c00000gn/T/ichc_b4_sidefx_5eet6hx_/reports/ic_survivors_ic_gatekeeper.json
21:23:22 [INFO] IC report saved: /var/folders/_c/3xdf41hd3tvgxpx63mrml2c00000gn/T/ichc_b4_sidefx_5eet6hx_/reports/ic_report_ic_gatekeeper.json
PASSED                                                                   [  4%]
tests/api/test_evtwarmup.py::test_min_test_events_floor_disabled_gives_oos 
-------------------------------- live log call ---------------------------------
21:23:22 [INFO] IC config loaded
21:23:22 [INFO] KlineStorageManager initialized: data_cache/feature_klines/kline_cache.h5
21:23:22 [INFO] Read 1696 klines from ETHUSDT/12h in 0.002s
21:23:22 [WARNING] No preloaded label file (labels_df=None): mainline label will be generated from kline with configured horizon (normal path, not an error)
21:23:22 [WARNING] No preloaded label file (labels_df=None): mainline label will be generated from kline with configured horizon (normal path, not an error)
21:23:22 [INFO] Data preprocessing complete: columns=14 fit_mode=train_mask oos_guarantees=True
21:23:22 [INFO] Read 1696 klines from ETHUSDT/12h in 0.002s
21:23:22 [WARNING] No preloaded label file (labels_df=None): mainline label will be generated from kline with configured horizon (normal path, not an error)
21:23:22 [INFO] Read 1696 klines from ETHUSDT/12h in 0.002s
21:23:22 [INFO] IC autocorr persistent: count=11
21:23:22 [INFO] Read 1696 klines from ETHUSDT/12h in 0.002s
21:23:22 [INFO] Decay: 12/14 fit warnings summarized (low_r2=12)
21:23:22 [INFO] IC stage6b marginal_ic: status=not_applicable reason=no_survivors survivors=0 removed=0 n_regressions=0 fit_scope=train
21:23:22 [INFO] IC report saved: /var/folders/_c/3xdf41hd3tvgxpx63mrml2c00000gn/T/ichc_b4_sidefx_p4cbubp8/reports/ic_report_ic_gatekeeper.json
21:23:22 [INFO] IC survivor output saved: /var/folders/_c/3xdf41hd3tvgxpx63mrml2c00000gn/T/ichc_b4_sidefx_p4cbubp8/reports/ic_survivors_ic_gatekeeper.json
21:23:22 [INFO] IC report saved: /var/folders/_c/3xdf41hd3tvgxpx63mrml2c00000gn/T/ichc_b4_sidefx_p4cbubp8/reports/ic_report_ic_gatekeeper.json
PASSED                                                                   [  5%]
tests/api/test_evtwarmup.py::test_event_path_without_split_still_discloses_window_and_icir_role 
-------------------------------- live log call ---------------------------------
21:23:22 [INFO] IC config loaded
21:23:22 [INFO] KlineStorageManager initialized: data_cache/feature_klines/kline_cache.h5
21:23:22 [INFO] Read 1696 klines from ETHUSDT/12h in 0.002s
21:23:22 [INFO] Data preprocessing complete: columns=14 fit_mode=pit_expanding oos_guarantees=True
21:23:22 [INFO] Read 1696 klines from ETHUSDT/12h in 0.002s
21:23:22 [WARNING] No preloaded label file (labels_df=None): mainline label will be generated from kline with configured horizon (normal path, not an error)
21:23:22 [INFO] Read 1696 klines from ETHUSDT/12h in 0.002s
21:23:22 [INFO] Read 1696 klines from ETHUSDT/12h in 0.002s
21:23:22 [INFO] Decay: 14/14 fit warnings summarized (insufficient_points=14)
21:23:22 [WARNING] No preloaded label file (labels_df=None): mainline label will be generated from kline with configured horizon (normal path, not an error)
21:23:22 [INFO] IC report saved: /var/folders/_c/3xdf41hd3tvgxpx63mrml2c00000gn/T/ichc_b4_sidefx_cz23hepd/reports/ic_report_ic_gatekeeper.json
21:23:23 [INFO] IC survivor output saved: /var/folders/_c/3xdf41hd3tvgxpx63mrml2c00000gn/T/ichc_b4_sidefx_cz23hepd/reports/ic_survivors_ic_gatekeeper.json
21:23:23 [INFO] IC report saved: /var/folders/_c/3xdf41hd3tvgxpx63mrml2c00000gn/T/ichc_b4_sidefx_cz23hepd/reports/ic_report_ic_gatekeeper.json
PASSED                                                                   [  6%]
tests/api/test_evtwarmup.py::test_abandoned_conditional_path_is_not_flagged_insufficient_test_events 
-------------------------------- live log call ---------------------------------
21:23:23 [INFO] IC config loaded
21:23:23 [INFO] KlineStorageManager initialized: data_cache/feature_klines/kline_cache.h5
21:23:23 [INFO] Read 1696 klines from ETHUSDT/12h in 0.003s
21:23:23 [WARNING] No preloaded label file (labels_df=None): mainline label will be generated from kline with configured horizon (normal path, not an error)
21:23:23 [WARNING] No preloaded label file (labels_df=None): mainline label will be generated from kline with configured horizon (normal path, not an error)
21:23:23 [INFO] Data preprocessing complete: columns=14 fit_mode=train_mask oos_guarantees=True
21:23:23 [INFO] Read 1696 klines from ETHUSDT/12h in 0.002s
21:23:23 [WARNING] No preloaded label file (labels_df=None): mainline label will be generated from kline with configured horizon (normal path, not an error)
21:23:23 [INFO] Read 1696 klines from ETHUSDT/12h in 0.002s
21:23:23 [WARNING] Insufficient events: n=20
21:23:23 [INFO] IC autocorr persistent: count=14
21:23:23 [INFO] Read 1696 klines from ETHUSDT/12h in 0.002s
21:23:23 [INFO] Decay: 4/14 fit warnings summarized (low_r2=4)
21:23:29 [INFO] Redundancy filter completed: method=greedy input=2 output=2
21:23:32 [INFO] IC stage6b marginal_ic: status=ok reason=None survivors=2 removed=0 n_regressions=4 fit_scope=train
21:23:32 [INFO] Filtered features saved: /var/folders/_c/3xdf41hd3tvgxpx63mrml2c00000gn/T/ichc_b4_sidefx_arabm7ef/features/ETHUSDT_12h_filtered.h5
21:23:32 [INFO] IC report saved: /var/folders/_c/3xdf41hd3tvgxpx63mrml2c00000gn/T/ichc_b4_sidefx_arabm7ef/reports/ic_report_ic_gatekeeper.json
21:23:32 [INFO] IC survivor output saved: /var/folders/_c/3xdf41hd3tvgxpx63mrml2c00000gn/T/ichc_b4_sidefx_arabm7ef/reports/ic_survivors_ic_gatekeeper.json
21:23:32 [INFO] IC report saved: /var/folders/_c/3xdf41hd3tvgxpx63mrml2c00000gn/T/ichc_b4_sidefx_arabm7ef/reports/ic_report_ic_gatekeeper.json
PASSED                                                                   [  7%]
tests/api/test_evtwarmup.py::test_icir_not_a_gate_on_event_path_but_still_gate_on_global 
-------------------------------- live log call ---------------------------------
21:23:32 [INFO] IC config loaded
PASSED                                                                   [  8%]
tests/api/test_evtwarmup.py::test_finite_or_neg_inf_and_top_features_sort_none_safe 
-------------------------------- live log call ---------------------------------
21:23:32 [INFO] IC config loaded
21:23:32 [INFO] IC config loaded
PASSED                                                                   [  8%]
tests/api/test_evtwarmup.py::test_serialization_entries_have_no_nan_literal 
-------------------------------- live log call ---------------------------------
21:23:32 [INFO] IC config loaded
21:23:32 [INFO] IC report saved: /private/var/folders/_c/3xdf41hd3tvgxpx63mrml2c00000gn/T/pytest-of-louis/pytest-789/test_serialization_entries_hav0/ic_report_evtwarmup.json
PASSED                                                                   [  9%]
tests/api/test_evtwarmup.py::test_sanitize_converts_nonfinite_icir_and_ic_mean_to_null 
-------------------------------- live log call ---------------------------------
21:23:32 [INFO] IC config loaded
PASSED                                                                   [ 10%]
tests/api/test_evtwarmup.py::test_global_run_unchanged_vs_golden 
-------------------------------- live log call ---------------------------------
21:23:32 [INFO] IC config loaded
21:23:32 [INFO] KlineStorageManager initialized: data_cache/feature_klines/kline_cache.h5
21:23:32 [INFO] Read 1696 klines from ETHUSDT/12h in 0.003s
21:23:32 [WARNING] No preloaded label file (labels_df=None): mainline label will be generated from kline with configured horizon (normal path, not an error)
21:23:32 [WARNING] No preloaded label file (labels_df=None): mainline label will be generated from kline with configured horizon (normal path, not an error)
21:23:32 [INFO] Data preprocessing complete: columns=14 fit_mode=train_mask oos_guarantees=True
21:23:32 [INFO] Read 1696 klines from ETHUSDT/12h in 0.002s
21:23:32 [WARNING] No preloaded label file (labels_df=None): mainline label will be generated from kline with configured horizon (normal path, not an error)
21:23:33 [INFO] IC autocorr persistent: count=14
21:23:33 [INFO] Read 1696 klines from ETHUSDT/12h in 0.002s
21:23:33 [INFO] Decay: 4/14 fit warnings summarized (low_r2=4)
21:23:39 [INFO] Redundancy filter completed: method=greedy input=2 output=2
21:23:42 [INFO] IC stage6b marginal_ic: status=ok reason=None survivors=2 removed=0 n_regressions=4 fit_scope=train
21:23:42 [INFO] Filtered features saved: /var/folders/_c/3xdf41hd3tvgxpx63mrml2c00000gn/T/ichc_b4_sidefx_veftgze8/features/ETHUSDT_12h_filtered.h5
21:23:42 [INFO] IC report saved: /var/folders/_c/3xdf41hd3tvgxpx63mrml2c00000gn/T/ichc_b4_sidefx_veftgze8/reports/ic_report_ic_gatekeeper.json
21:23:42 [INFO] IC survivor output saved: /var/folders/_c/3xdf41hd3tvgxpx63mrml2c00000gn/T/ichc_b4_sidefx_veftgze8/reports/ic_survivors_ic_gatekeeper.json
21:23:42 [INFO] IC report saved: /var/folders/_c/3xdf41hd3tvgxpx63mrml2c00000gn/T/ichc_b4_sidefx_veftgze8/reports/ic_report_ic_gatekeeper.json
PASSED                                                                   [ 11%]
tests/api/test_evtwarmup.py::test_event_path_ic_mean_falls_back_to_pooled_point_ic_when_rolling_empty 
-------------------------------- live log call ---------------------------------
21:23:42 [INFO] IC config loaded
21:23:42 [INFO] KlineStorageManager initialized: data_cache/feature_klines/kline_cache.h5
21:23:42 [INFO] Read 1696 klines from ETHUSDT/12h in 0.003s
21:23:42 [WARNING] No preloaded label file (labels_df=None): mainline label will be generated from kline with configured horizon (normal path, not an error)
21:23:42 [WARNING] No preloaded label file (labels_df=None): mainline label will be generated from kline with configured horizon (normal path, not an error)
21:23:42 [INFO] Data preprocessing complete: columns=14 fit_mode=train_mask oos_guarantees=True
21:23:42 [INFO] Read 1696 klines from ETHUSDT/12h in 0.002s
21:23:42 [WARNING] No preloaded label file (labels_df=None): mainline label will be generated from kline with configured horizon (normal path, not an error)
21:23:42 [INFO] Read 1696 klines from ETHUSDT/12h in 0.002s
21:23:42 [WARNING] IC holdout kept but test-segment events insufficient: test_events=13 min_test_events=30 (oos_guarantees=false; no full-sample rerun)
21:23:42 [INFO] Read 1696 klines from ETHUSDT/12h in 0.002s
21:23:42 [INFO] Decay: 12/14 fit warnings summarized (low_r2=12)
21:23:42 [INFO] IC stage6b marginal_ic: status=not_applicable reason=no_survivors survivors=0 removed=0 n_regressions=0 fit_scope=train
21:23:42 [INFO] IC report saved: /var/folders/_c/3xdf41hd3tvgxpx63mrml2c00000gn/T/ichc_b4_sidefx_nv_hv99q/reports/ic_report_ic_gatekeeper.json
21:23:42 [INFO] IC survivor output saved: /var/folders/_c/3xdf41hd3tvgxpx63mrml2c00000gn/T/ichc_b4_sidefx_nv_hv99q/reports/ic_survivors_ic_gatekeeper.json
21:23:42 [INFO] IC report saved: /var/folders/_c/3xdf41hd3tvgxpx63mrml2c00000gn/T/ichc_b4_sidefx_nv_hv99q/reports/ic_report_ic_gatekeeper.json
PASSED                                                                   [ 12%]
tests/api/test_tfwindow.py::test_engine_set_timeframe_adjusts_windows_and_discloses 
-------------------------------- live log call ---------------------------------
21:23:42 [WARNING] Invalid timeframe for rolling windows: bad
PASSED                                                                   [ 13%]
tests/api/test_tfwindow.py::test_12h_fixture_windows_unchanged_and_applied 
-------------------------------- live log call ---------------------------------
21:23:42 [INFO] IC config loaded
21:23:42 [INFO] KlineStorageManager initialized: data_cache/feature_klines/kline_cache.h5
21:23:42 [INFO] Read 1696 klines from ETHUSDT/12h in 0.002s
21:23:42 [WARNING] No preloaded label file (labels_df=None): mainline label will be generated from kline with configured horizon (normal path, not an error)
21:23:42 [WARNING] No preloaded label file (labels_df=None): mainline label will be generated from kline with configured horizon (normal path, not an error)
21:23:42 [INFO] Data preprocessing complete: columns=14 fit_mode=train_mask oos_guarantees=True
21:23:42 [INFO] Read 1696 klines from ETHUSDT/12h in 0.002s
21:23:42 [WARNING] No preloaded label file (labels_df=None): mainline label will be generated from kline with configured horizon (normal path, not an error)
21:23:42 [INFO] IC autocorr persistent: count=14
21:23:42 [INFO] Read 1696 klines from ETHUSDT/12h in 0.003s
21:23:43 [INFO] Decay: 4/14 fit warnings summarized (low_r2=4)
21:23:49 [INFO] Redundancy filter completed: method=greedy input=2 output=2
21:23:52 [INFO] IC stage6b marginal_ic: status=ok reason=None survivors=2 removed=0 n_regressions=4 fit_scope=train
21:23:52 [INFO] Filtered features saved: /var/folders/_c/3xdf41hd3tvgxpx63mrml2c00000gn/T/ichc_b4_sidefx_zxfjgzni/features/ETHUSDT_12h_filtered.h5
21:23:52 [INFO] IC report saved: /var/folders/_c/3xdf41hd3tvgxpx63mrml2c00000gn/T/ichc_b4_sidefx_zxfjgzni/reports/ic_report_ic_gatekeeper.json
21:23:52 [INFO] IC survivor output saved: /var/folders/_c/3xdf41hd3tvgxpx63mrml2c00000gn/T/ichc_b4_sidefx_zxfjgzni/reports/ic_survivors_ic_gatekeeper.json
21:23:52 [INFO] IC report saved: /var/folders/_c/3xdf41hd3tvgxpx63mrml2c00000gn/T/ichc_b4_sidefx_zxfjgzni/reports/ic_report_ic_gatekeeper.json
PASSED                                                                   [ 14%]
tests/api/test_tfwindow.py::test_1h_fixture_window_keys_scaled_by_12 
-------------------------------- live log setup --------------------------------
21:23:52 [INFO] IC config loaded
21:23:52 [INFO] KlineStorageManager initialized: data_cache/feature_klines/kline_cache.h5
21:23:52 [INFO] Read 20352 klines from BTCUSDT/1h in 0.008s
21:23:52 [WARNING] No preloaded label file (labels_df=None): mainline label will be generated from kline with configured horizon (normal path, not an error)
21:23:52 [WARNING] No preloaded label file (labels_df=None): mainline label will be generated from kline with configured horizon (normal path, not an error)
21:23:52 [WARNING] IC full-sample fallback triggered: reason=rolling_warmup_insufficient train_rows=1600 test_rows=395 min_test_rows=1517 fit_mode=full_sample
21:23:52 [INFO] Read 20352 klines from BTCUSDT/1h in 0.006s
21:23:52 [INFO] Data preprocessing complete: columns=15 fit_mode=full_sample oos_guarantees=False
21:23:52 [INFO] Read 20352 klines from BTCUSDT/1h in 0.006s
21:23:52 [WARNING] No preloaded label file (labels_df=None): mainline label will be generated from kline with configured horizon (normal path, not an error)
21:23:53 [INFO] IC autocorr persistent: count=15
21:23:53 [INFO] Read 20352 klines from BTCUSDT/1h in 0.007s
21:23:54 [INFO] Decay: 15/15 fit warnings summarized (insufficient_points=15)
21:23:54 [WARNING] No preloaded label file (labels_df=None): mainline label will be generated from kline with configured horizon (normal path, not an error)
21:24:48 [INFO] IC stage6b marginal_ic: status=not_applicable reason=no_survivors survivors=0 removed=0 n_regressions=0 fit_scope=full_sample
21:24:48 [INFO] IC report saved: /var/folders/_c/3xdf41hd3tvgxpx63mrml2c00000gn/T/ichc_b4_sidefx_8z98zk6q/reports/ic_report_ic_gatekeeper.json
21:24:48 [INFO] IC survivor output saved: /var/folders/_c/3xdf41hd3tvgxpx63mrml2c00000gn/T/ichc_b4_sidefx_8z98zk6q/reports/ic_survivors_ic_gatekeeper.json
21:24:49 [INFO] IC report saved: /var/folders/_c/3xdf41hd3tvgxpx63mrml2c00000gn/T/ichc_b4_sidefx_8z98zk6q/reports/ic_report_ic_gatekeeper.json
PASSED                                                                   [ 15%]
tests/api/test_tfwindow.py::test_1h_golden_rolling_keys_values PASSED    [ 16%]
tests/api/test_tfwindow.py::test_missing_timeframe_fails_closed_before_stage4 
-------------------------------- live log call ---------------------------------
21:24:49 [INFO] IC config loaded
21:24:49 [INFO] KlineStorageManager initialized: data_cache/feature_klines/kline_cache.h5
PASSED                                                                   [ 16%]
tests/api/test_tfwindow.py::test_invalid_timeframe_fails_closed_before_stage4 
-------------------------------- live log call ---------------------------------
21:24:49 [INFO] IC config loaded
21:24:49 [INFO] KlineStorageManager initialized: data_cache/feature_klines/kline_cache.h5
21:24:49 [WARNING] Dataset BTCUSDT/bad not available in storage or legacy cache
21:24:49 [WARNING] Invalid timeframe for rolling windows: bad
PASSED                                                                   [ 17%]
tests/api/test_tfwindow.py::test_1h_golden_locks_fallback_and_features PASSED [ 18%]
tests/api/test_tfwindow.py::test_engine_rejects_semantic_invalid_timeframes 
-------------------------------- live log call ---------------------------------
21:24:49 [WARNING] Invalid timeframe for rolling windows: 0h
21:24:49 [WARNING] Invalid timeframe for rolling windows: -1h
21:24:49 [WARNING] Invalid timeframe for rolling windows: infh
21:24:49 [WARNING] Invalid timeframe for rolling windows: nanh
21:24:49 [WARNING] Invalid timeframe for rolling windows: 0d
21:24:49 [WARNING] Invalid reference_tf for rolling windows: bad
21:24:49 [WARNING] Invalid reference_tf for rolling windows: 0h
PASSED                                                                   [ 19%]
tests/api/test_tfwindow.py::test_config_override_reference_tf_reaches_engine 
-------------------------------- live log call ---------------------------------
21:24:49 [INFO] IC config loaded
21:24:49 [INFO] KlineStorageManager initialized: data_cache/feature_klines/kline_cache.h5
21:24:49 [INFO] Read 1696 klines from ETHUSDT/12h in 0.003s
21:24:49 [WARNING] No preloaded label file (labels_df=None): mainline label will be generated from kline with configured horizon (normal path, not an error)
21:24:49 [WARNING] No preloaded label file (labels_df=None): mainline label will be generated from kline with configured horizon (normal path, not an error)
21:24:49 [INFO] Data preprocessing complete: columns=14 fit_mode=train_mask oos_guarantees=True
21:24:49 [INFO] Read 1696 klines from ETHUSDT/12h in 0.002s
21:24:49 [WARNING] No preloaded label file (labels_df=None): mainline label will be generated from kline with configured horizon (normal path, not an error)
21:24:49 [INFO] Read 1696 klines from ETHUSDT/12h in 0.003s
21:24:49 [INFO] Decay: 4/14 fit warnings summarized (low_r2=4)
21:24:55 [INFO] IC stage6b marginal_ic: status=not_applicable reason=no_survivors survivors=0 removed=0 n_regressions=0 fit_scope=train
21:24:55 [INFO] IC report saved: /var/folders/_c/3xdf41hd3tvgxpx63mrml2c00000gn/T/ichc_b4_sidefx_074tglhn/reports/ic_report_ic_gatekeeper.json
21:24:55 [INFO] IC survivor output saved: /var/folders/_c/3xdf41hd3tvgxpx63mrml2c00000gn/T/ichc_b4_sidefx_074tglhn/reports/ic_survivors_ic_gatekeeper.json
21:24:55 [INFO] IC report saved: /var/folders/_c/3xdf41hd3tvgxpx63mrml2c00000gn/T/ichc_b4_sidefx_074tglhn/reports/ic_report_ic_gatekeeper.json
PASSED                                                                   [ 20%]
tests/momentum/Analysis/test_gap2_golden.py::test_g1_golden_unchanged 
-------------------------------- live log setup --------------------------------
21:24:55 [INFO] IC config loaded
21:24:55 [INFO] KlineStorageManager initialized: data_cache/feature_klines/kline_cache.h5
21:24:55 [INFO] Read 1696 klines from ETHUSDT/12h in 0.002s
21:24:55 [WARNING] No preloaded label file (labels_df=None): mainline label will be generated from kline with configured horizon (normal path, not an error)
21:24:55 [WARNING] No preloaded label file (labels_df=None): mainline label will be generated from kline with configured horizon (normal path, not an error)
21:24:55 [INFO] Data preprocessing complete: columns=14 fit_mode=train_mask oos_guarantees=True
21:24:55 [INFO] Read 1696 klines from ETHUSDT/12h in 0.002s
21:24:55 [WARNING] No preloaded label file (labels_df=None): mainline label will be generated from kline with configured horizon (normal path, not an error)
21:24:55 [INFO] IC autocorr persistent: count=14
21:24:55 [INFO] Read 1696 klines from ETHUSDT/12h in 0.002s
21:24:55 [INFO] Decay: 4/14 fit warnings summarized (low_r2=4)
21:25:01 [INFO] Redundancy filter completed: method=greedy input=2 output=2
21:25:05 [INFO] IC stage6b marginal_ic: status=ok reason=None survivors=2 removed=0 n_regressions=4 fit_scope=train
21:25:05 [INFO] Filtered features saved: /var/folders/_c/3xdf41hd3tvgxpx63mrml2c00000gn/T/gap2_golden_a_ypm1do4e/features/ETHUSDT_12h_filtered.h5
21:25:05 [INFO] IC report saved: /var/folders/_c/3xdf41hd3tvgxpx63mrml2c00000gn/T/gap2_golden_a_ypm1do4e/reports/ic_report_ic_gatekeeper.json
21:25:05 [INFO] IC survivor output saved: /var/folders/_c/3xdf41hd3tvgxpx63mrml2c00000gn/T/gap2_golden_a_ypm1do4e/reports/ic_survivors_ic_gatekeeper.json
21:25:05 [INFO] IC report saved: /var/folders/_c/3xdf41hd3tvgxpx63mrml2c00000gn/T/gap2_golden_a_ypm1do4e/reports/ic_report_ic_gatekeeper.json
21:25:05 [INFO] IC config loaded
21:25:05 [INFO] KlineStorageManager initialized: data_cache/feature_klines/kline_cache.h5
21:25:05 [INFO] Read 1696 klines from ETHUSDT/12h in 0.003s
21:25:05 [WARNING] No preloaded label file (labels_df=None): mainline label will be generated from kline with configured horizon (normal path, not an error)
21:25:05 [WARNING] No preloaded label file (labels_df=None): mainline label will be generated from kline with configured horizon (normal path, not an error)
21:25:05 [INFO] Data preprocessing complete: columns=14 fit_mode=train_mask oos_guarantees=True
21:25:05 [INFO] Read 1696 klines from ETHUSDT/12h in 0.002s
21:25:05 [WARNING] No preloaded label file (labels_df=None): mainline label will be generated from kline with configured horizon (normal path, not an error)
21:25:05 [INFO] IC autocorr persistent: count=14
21:25:05 [INFO] Read 1696 klines from ETHUSDT/12h in 0.002s
21:25:05 [INFO] Decay: 4/14 fit warnings summarized (low_r2=4)
21:25:11 [INFO] Redundancy filter completed: method=greedy input=2 output=2
21:25:14 [INFO] IC stage6b marginal_ic: status=ok reason=None survivors=2 removed=0 n_regressions=4 fit_scope=train
21:25:14 [INFO] Filtered features saved: /var/folders/_c/3xdf41hd3tvgxpx63mrml2c00000gn/T/gap2_golden_b_ymsc78lx/features/ETHUSDT_12h_filtered.h5
21:25:14 [INFO] IC report saved: /var/folders/_c/3xdf41hd3tvgxpx63mrml2c00000gn/T/gap2_golden_b_ymsc78lx/reports/ic_report_ic_gatekeeper.json
21:25:14 [INFO] IC survivor output saved: /var/folders/_c/3xdf41hd3tvgxpx63mrml2c00000gn/T/gap2_golden_b_ymsc78lx/reports/ic_survivors_ic_gatekeeper.json
21:25:14 [INFO] IC report saved: /var/folders/_c/3xdf41hd3tvgxpx63mrml2c00000gn/T/gap2_golden_b_ymsc78lx/reports/ic_report_ic_gatekeeper.json
PASSED                                                                   [ 21%]
tests/momentum/Analysis/test_gap2_golden.py::test_g2_section_and_survivor_file_deterministic PASSED [ 22%]
tests/momentum/Analysis/test_gap2_golden.py::test_budget_bench_receipt PASSED [ 23%]
tests/momentum/Analysis/test_gap2_golden.py::test_mutation_scrub_extra_key_breaks_canonical_sha PASSED [ 24%]
tests/momentum/Analysis/test_gap2_golden.py::test_mutation_counter_without_fit_call_breaks_spy PASSED [ 25%]
tests/api/test_gap3_oos_downgrade.py::test_oos_downgrade_has_exactly_three_write_sites_with_precedence PASSED [ 25%]
tests/api/test_gap3_oos_downgrade.py::test_oos_downgrade_carries_the_four_numbers_from_details 
-------------------------------- live log call ---------------------------------
21:27:47 [WARNING] IC full-sample fallback triggered: reason=rolling_warmup_insufficient train_rows=82 test_rows=30 min_test_rows=131 fit_mode=full_sample
PASSED                                                                   [ 26%]
tests/api/test_gap3_oos_downgrade.py::test_resolve_root_status_unchanged_by_this_task PASSED [ 27%]
tests/api/test_gap3_oos_downgrade.py::test_resolve_root_status_behaviour_is_baseline[oos_false] PASSED [ 28%]
tests/api/test_gap3_oos_downgrade.py::test_resolve_root_status_behaviour_is_baseline[full_sample] PASSED [ 29%]
tests/api/test_gap3_oos_downgrade.py::test_resolve_root_status_behaviour_is_baseline[split_applied] PASSED [ 30%]
tests/api/test_gap3_oos_downgrade.py::test_resolve_root_status_behaviour_is_baseline[oos_true] PASSED [ 31%]
tests/api/test_gap3_oos_downgrade.py::test_oos_downgrade_never_initialised_as_empty_dict PASSED [ 32%]
tests/api/test_gap3_oos_downgrade.py::test_frontend_reads_metadata_not_task_status PASSED [ 33%]
tests/api/test_gap3_oos_downgrade.py::test_fallback_actually_writes_oos_downgrade_into_metadata 
-------------------------------- live log call ---------------------------------
21:27:47 [WARNING] IC full-sample fallback triggered: reason=rolling_warmup_insufficient train_rows=82 test_rows=30 min_test_rows=131 fit_mode=full_sample
PASSED                                                                   [ 33%]
tests/api/test_gap3_oos_downgrade.py::test_fallback_downgrade_row_counts_are_null_when_details_incomplete 
-------------------------------- live log call ---------------------------------
21:27:47 [WARNING] IC full-sample fallback triggered: reason=some_other_reason train_rows=None test_rows=None min_test_rows=None fit_mode=full_sample
PASSED                                                                   [ 34%]
tests/api/test_gap3_oos_downgrade.py::test_fallback_downgrade_row_counts_truthful[details0-expected0] 
-------------------------------- live log call ---------------------------------
21:27:47 [WARNING] IC full-sample fallback triggered: reason=rolling_warmup_insufficient train_rows=82 test_rows=30 min_test_rows=131 fit_mode=full_sample
PASSED                                                                   [ 35%]
tests/api/test_gap3_oos_downgrade.py::test_fallback_downgrade_row_counts_truthful[details1-expected1] 
-------------------------------- live log call ---------------------------------
21:27:47 [WARNING] IC full-sample fallback triggered: reason=rolling_warmup_insufficient train_rows=82 test_rows=None min_test_rows=None fit_mode=full_sample
PASSED                                                                   [ 36%]
tests/api/test_gap3_oos_downgrade.py::test_fallback_downgrade_row_counts_truthful[details2-expected2] 
-------------------------------- live log call ---------------------------------
21:27:47 [WARNING] IC full-sample fallback triggered: reason=rolling_warmup_insufficient train_rows=None test_rows=None min_test_rows=None fit_mode=full_sample
PASSED                                                                   [ 37%]
tests/api/test_gap3_oos_downgrade.py::test_fallback_downgrade_row_counts_truthful[details3-expected3] 
-------------------------------- live log call ---------------------------------
21:27:47 [WARNING] IC full-sample fallback triggered: reason=rolling_warmup_insufficient train_rows=None test_rows=None min_test_rows=None fit_mode=full_sample
PASSED                                                                   [ 38%]
tests/api/test_gap3_oos_downgrade.py::test_fallback_downgrade_row_counts_truthful[details4-expected4] 
-------------------------------- live log call ---------------------------------
21:27:47 [WARNING] IC full-sample fallback triggered: reason=rolling_warmup_insufficient train_rows=0 test_rows=0 min_test_rows=131 fit_mode=full_sample
PASSED                                                                   [ 39%]
tests/api/test_gap3_oos_downgrade.py::test_downgrade_branch_covers_every_path[oos_false] PASSED [ 40%]
tests/api/test_gap3_oos_downgrade.py::test_downgrade_branch_covers_every_path[full_sample] PASSED [ 41%]
tests/api/test_gap3_oos_downgrade.py::test_downgrade_branch_covers_every_path[event_fallback] PASSED [ 41%]
tests/api/test_gap3_oos_downgrade.py::test_downgrade_branch_covers_every_path[split_not_applied] PASSED [ 42%]
tests/api/test_gap3_oos_downgrade.py::test_downgrade_branch_covers_every_path[split_oos_false] PASSED [ 43%]
tests/api/test_gap3_oos_downgrade.py::test_downgrade_branch_covers_every_path[empty] PASSED [ 44%]
tests/api/test_gap3_oos_downgrade.py::test_downgrade_branch_covers_every_path[split_ok] PASSED [ 45%]
tests/api/test_gap3_oos_downgrade.py::test_downgrade_branch_covers_every_path[oos_true] PASSED [ 46%]
tests/api/test_gap3_oos_downgrade.py::test_resolve_root_status_is_thin_wrapper_of_single_judgment PASSED [ 47%]
tests/api/test_gap3_oos_downgrade.py::test_annotate_backfills_downgrade_for_non_fallback_paths PASSED [ 48%]
tests/api/test_gap3_oos_downgrade.py::test_annotate_does_not_overwrite_fallback_rich_version PASSED [ 49%]
tests/api/test_gap3_oos_downgrade.py::test_annotate_writes_nothing_when_ok_oos PASSED [ 50%]
tests/api/test_gap3_oos_downgrade.py::test_one_shot_guard_reads_in_fallback_rerun_not_suppress_persist PASSED [ 50%]
tests/api/test_gap3_oos_downgrade.py::test_downgrade_reason_prefers_specific_over_circular[meta0-rolling_warmup_insufficient] PASSED [ 51%]
tests/api/test_gap3_oos_downgrade.py::test_downgrade_reason_prefers_specific_over_circular[meta1-event_filter_fallback] PASSED [ 52%]
tests/api/test_gap3_oos_downgrade.py::test_downgrade_reason_prefers_specific_over_circular[meta2-fit_mode_full_sample] PASSED [ 53%]
tests/api/test_gap3_oos_downgrade.py::test_downgrade_reason_prefers_specific_over_circular[meta3-split_not_applied] PASSED [ 54%]
tests/api/test_gap3_oos_downgrade.py::test_downgrade_reason_prefers_specific_over_circular[meta4-meta_oos_guarantees_false] PASSED [ 55%]
tests/api/test_gap3_oos_downgrade.py::test_reason_refinement_never_relaxes_the_verdict[meta0] PASSED [ 56%]
tests/api/test_gap3_oos_downgrade.py::test_reason_refinement_never_relaxes_the_verdict[meta1] PASSED [ 57%]
tests/api/test_gap3_oos_downgrade.py::test_reason_refinement_never_relaxes_the_verdict[meta2] PASSED [ 58%]
tests/api/test_gap3_oos_downgrade.py::test_reason_refinement_never_relaxes_the_verdict[meta3] PASSED [ 58%]
tests/api/test_gap3_oos_downgrade.py::test_reason_refinement_never_relaxes_the_verdict[meta4] PASSED [ 59%]
tests/api/test_gap3_oos_downgrade.py::test_forced_full_sample_is_distinguished_from_requested[meta0-fit_mode_full_sample_forced] PASSED [ 60%]
tests/api/test_gap3_oos_downgrade.py::test_forced_full_sample_is_distinguished_from_requested[meta1-fit_mode_full_sample] PASSED [ 61%]
tests/api/test_gap3_oos_downgrade.py::test_forced_full_sample_is_distinguished_from_requested[meta2-fit_mode_full_sample_forced] PASSED [ 62%]
tests/api/test_gap3_oos_downgrade.py::test_fallback_stamps_fit_mode_source 
-------------------------------- live log call ---------------------------------
21:27:47 [WARNING] IC full-sample fallback triggered: reason=insufficient_data train_rows=80 test_rows=12 min_test_rows=131 fit_mode=full_sample
PASSED                                                                   [ 63%]
tests/api/test_icresult_paging.py::test_contract_is_single_source_and_well_formed PASSED [ 64%]
tests/api/test_icresult_paging.py::test_metadata_keep_keys_cover_consumers_and_exclude_feature_names PASSED [ 65%]
tests/api/test_icresult_paging.py::test_golden_matches_live_default_result_and_projection_reference 
-------------------------------- live log call ---------------------------------
21:27:47 [INFO] 正在啟動 Case Search API...
PASSED                                                                   [ 66%]
tests/api/test_icresult_paging.py::test_sort_golden_semantics PASSED     [ 66%]
tests/api/test_icresult_paging.py::test_funnel_shape_fixture_matches_expected PASSED [ 67%]
tests/api/test_icresult_paging.py::test_collections_to_counts_does_not_mutate_source PASSED [ 68%]
tests/api/test_icresult_paging.py::test_phase_gate_parser[SIZE_GATE=PASS\nSIZE_REASON=measured\n-0-0] PASSED [ 69%]
tests/api/test_icresult_paging.py::test_phase_gate_parser[SIZE_GATE=BLOCKED\nSIZE_REASON=artifact missing\n-0-0] PASSED [ 70%]
tests/api/test_icresult_paging.py::test_phase_gate_parser[SIZE_GATE=BLOCKED\n-1-1] PASSED [ 71%]
tests/api/test_icresult_paging.py::test_phase_gate_parser[SIZE_GATE=FAIL\n-0-1] PASSED [ 72%]
tests/api/test_icresult_paging.py::test_phase_gate_parser[SIZE_REASON=x\n-0-1] PASSED [ 73%]
tests/api/test_icresult_paging.py::test_phase_gate_parser[SIZE_GATE=PASS\nSIZE_GATE=PASS\n-0-1] PASSED [ 74%]
tests/api/test_icresult_paging.py::test_phase_gate_parser[SIZE_GATE=MAYBE\n-0-1] PASSED [ 75%]
tests/api/test_icresult_paging.py::test_size_probe_emits_single_token_line PASSED [ 75%]
tests/api/test_icresult_paging.py::test_default_unchanged_raw_body_sha PASSED [ 76%]
tests/api/test_icresult_paging.py::test_to_json_compatible_is_idempotent_on_normalized_tree PASSED [ 77%]
tests/api/test_icresult_paging.py::test_task_status_has_result_revision PASSED [ 78%]
tests/api/test_icresult_paging.py::test_ast_guard_single_result_write_site PASSED [ 79%]
tests/api/test_icresult_paging.py::test_set_result_guard_raise_does_not_write PASSED [ 80%]
tests/api/test_icresult_paging.py::test_refilter_guard_fail_422_keeps_old_result PASSED [ 81%]
tests/api/test_icresult_paging.py::test_summary_page_g2a_pages_reassemble_full_table PASSED [ 82%]
tests/api/test_icresult_paging.py::test_summary_page_g2b_filtered_equals_single_materialize PASSED [ 83%]
tests/api/test_icresult_paging.py::test_summary_page_edges PASSED        [ 83%]
tests/api/test_icresult_paging.py::test_sort_by_whitelist_rejects_400 PASSED [ 84%]
tests/api/test_icresult_paging.py::test_sort_golden_endpoint_g6 PASSED   [ 85%]
tests/api/test_icresult_paging.py::test_feature_detail_g3_matches_golden_every_feature PASSED [ 86%]
tests/api/test_icresult_paging.py::test_light_view_g4 PASSED             [ 87%]
tests/api/test_icresult_paging.py::test_light_view_v2_matrix PASSED      [ 88%]
tests/api/test_icresult_paging.py::test_light_view_snapshot_immutable PASSED [ 89%]
tests/api/test_icresult_paging.py::test_no_full_tree_on_projection PASSED [ 90%]
tests/api/test_icresult_paging.py::test_funnel_g8_shape_fixture_via_light PASSED [ 91%]
tests/api/test_icresult_paging.py::test_revision_g7a_and_g7c_refilter_handshake PASSED [ 91%]
tests/api/test_icresult_paging.py::test_revision_mid_projection_uses_old_snapshot_g7b PASSED [ 92%]
tests/api/test_icresult_paging.py::test_cache_hit_and_revision_invalidation PASSED [ 93%]
tests/api/test_icresult_paging.py::test_cache_capacity_process_wide PASSED [ 94%]
tests/api/test_icresult_paging.py::test_cache_key_includes_revision PASSED [ 95%]
tests/api/test_icresult_paging.py::test_sort_golden_feature_name_desc_is_reverse_string_order PASSED [ 96%]
tests/api/test_icresult_paging.py::test_set_result_does_not_hold_lock_during_normalize PASSED [ 97%]
tests/api/test_icresult_paging.py::test_cache_key_distinguishes_none_and_empty_string PASSED [ 98%]
tests/api/test_icresult_paging.py::test_size_probe_blocked_on_setup_failure PASSED [ 99%]
tests/api/test_icresult_paging.py::test_feature_detail_grouped_ic_three_level_projection PASSED [100%]

=============================== warnings summary ===============================
tests/api/test_evtwarmup.py::test_event_path_without_split_still_discloses_window_and_icir_role
  /Users/louis/Desktop/quantitative_trading_system/venv/lib/python3.9/site-packages/numpy/lib/function_base.py:2889: RuntimeWarning: Degrees of freedom <= 0 for slice
    c = cov(x, y, rowvar, dtype=dtype)

tests/api/test_evtwarmup.py::test_event_path_without_split_still_discloses_window_and_icir_role
  /Users/louis/Desktop/quantitative_trading_system/venv/lib/python3.9/site-packages/numpy/lib/function_base.py:2748: RuntimeWarning: divide by zero encountered in divide
    c *= np.true_divide(1, fact)

tests/api/test_evtwarmup.py::test_event_path_without_split_still_discloses_window_and_icir_role
  /Users/louis/Desktop/quantitative_trading_system/venv/lib/python3.9/site-packages/numpy/lib/function_base.py:2748: RuntimeWarning: invalid value encountered in multiply
    c *= np.true_divide(1, fact)

tests/api/test_tfwindow.py::test_invalid_timeframe_fails_closed_before_stage4
  /Users/louis/Desktop/quantitative_trading_system/momentum/DataExtraction/kline_storage.py:411: DeprecationWarning: _import_from_legacy_cache() is deprecated and will be removed in a future release. Please migrate data access to kline_cache.h5 directly.
    imported = self._import_from_legacy_cache(symbol, timeframe)

-- Docs: https://docs.pytest.org/en/stable/how-to/capture-warnings.html
================= 112 passed, 4 warnings in 276.66s (0:04:36) ==================
