2026-09-09 09:37:18,705 - momentum.Indicators.indicator_engine - INFO - Registered indicator: ema -> EMAIndicator
[2026-09-09 09:37:18,751] INFO momentum.FeatureEngineering.strategy_registry: ✅ 成功註冊 EMAExtractor
2026-09-09 09:37:18,751 - momentum.FeatureEngineering.strategy_registry - INFO - ✅ 成功註冊 EMAExtractor
[2026-09-09 09:37:20,659] INFO momentum.Analysis.ic_config_schema: IC config loaded
2026-09-09 09:37:20,659 - momentum.Analysis.ic_config_schema - INFO - IC config loaded
2026-09-09 09:37:20,659 - momentum.DataExtraction.kline_storage - INFO - KlineStorageManager initialized: data_cache/feature_klines/kline_cache.h5
2026-09-09 09:37:20,662 - h5py._conv - DEBUG - Creating converter from 3 to 5
2026-09-09 09:37:20,666 - momentum.DataExtraction.kline_storage - DEBUG - Continuity check passed for ETHUSDT/12h: 1696 bars are continuous
2026-09-09 09:37:20,666 - momentum.DataExtraction.kline_storage - INFO - Read 1696 klines from ETHUSDT/12h in 0.004s
[2026-09-09 09:37:20,667] WARNING momentum.Analysis.ic_filter_orchestrator: No preloaded label file (labels_df=None): mainline label will be generated from kline with configured horizon (normal path, not an error)
2026-09-09 09:37:20,667 - momentum.Analysis.ic_filter_orchestrator - WARNING - No preloaded label file (labels_df=None): mainline label will be generated from kline with configured horizon (normal path, not an error)
[2026-09-09 09:37:20,667] WARNING momentum.Analysis.ic_filter_orchestrator: No preloaded label file (labels_df=None): mainline label will be generated from kline with configured horizon (normal path, not an error)
2026-09-09 09:37:20,667 - momentum.Analysis.ic_filter_orchestrator - WARNING - No preloaded label file (labels_df=None): mainline label will be generated from kline with configured horizon (normal path, not an error)
[2026-09-09 09:37:20,692] INFO momentum.Analysis.data_preprocessor: Data preprocessing complete: columns=14 fit_mode=train_mask oos_guarantees=True
2026-09-09 09:37:20,692 - momentum.Analysis.data_preprocessor - INFO - Data preprocessing complete: columns=14 fit_mode=train_mask oos_guarantees=True
2026-09-09 09:37:20,695 - momentum.DataExtraction.kline_storage - DEBUG - Continuity check passed for ETHUSDT/12h: 1696 bars are continuous
2026-09-09 09:37:20,695 - momentum.DataExtraction.kline_storage - INFO - Read 1696 klines from ETHUSDT/12h in 0.003s
[2026-09-09 09:37:20,696] WARNING momentum.Analysis.ic_filter_orchestrator: No preloaded label file (labels_df=None): mainline label will be generated from kline with configured horizon (normal path, not an error)
2026-09-09 09:37:20,696 - momentum.Analysis.ic_filter_orchestrator - WARNING - No preloaded label file (labels_df=None): mainline label will be generated from kline with configured horizon (normal path, not an error)
[2026-09-09 09:37:21,081] INFO momentum.Analysis.ic_engine: IC autocorr persistent: count=14
2026-09-09 09:37:21,081 - momentum.Analysis.ic_engine - INFO - IC autocorr persistent: count=14
2026-09-09 09:37:21,084 - momentum.DataExtraction.kline_storage - DEBUG - Continuity check passed for ETHUSDT/12h: 1696 bars are continuous
2026-09-09 09:37:21,084 - momentum.DataExtraction.kline_storage - INFO - Read 1696 klines from ETHUSDT/12h in 0.003s
[2026-09-09 09:37:21,227] INFO momentum.Analysis.ic_engine: Decay: 4/14 fit warnings summarized (low_r2=4)
2026-09-09 09:37:21,227 - momentum.Analysis.ic_engine - INFO - Decay: 4/14 fit warnings summarized (low_r2=4)
[2026-09-09 09:37:27,959] INFO momentum.Analysis.redundancy_filter: Redundancy filter completed: method=greedy input=2 output=2
2026-09-09 09:37:27,959 - momentum.Analysis.redundancy_filter - INFO - Redundancy filter completed: method=greedy input=2 output=2
[2026-09-09 09:37:31,259] INFO momentum.Analysis.ic_filter_orchestrator: IC stage6b marginal_ic: status=ok reason=None survivors=2 removed=0 n_regressions=4 fit_scope=train
2026-09-09 09:37:31,259 - momentum.Analysis.ic_filter_orchestrator - INFO - IC stage6b marginal_ic: status=ok reason=None survivors=2 removed=0 n_regressions=4 fit_scope=train
2026-09-09 09:37:31,261 - h5py._conv - DEBUG - Creating converter from 5 to 3
[2026-09-09 09:37:31,261] INFO momentum.Analysis.ic_reporter: Filtered features saved: /var/folders/_c/3xdf41hd3tvgxpx63mrml2c00000gn/T/ichc_b4_sidefx_e3re6obt/features/ETHUSDT_12h_filtered.h5
2026-09-09 09:37:31,261 - momentum.Analysis.ic_reporter - INFO - Filtered features saved: /var/folders/_c/3xdf41hd3tvgxpx63mrml2c00000gn/T/ichc_b4_sidefx_e3re6obt/features/ETHUSDT_12h_filtered.h5
[2026-09-09 09:37:31,312] INFO momentum.Analysis.ic_reporter: IC report saved: /var/folders/_c/3xdf41hd3tvgxpx63mrml2c00000gn/T/ichc_b4_sidefx_e3re6obt/reports/ic_report_ic_gatekeeper.json
2026-09-09 09:37:31,312 - momentum.Analysis.ic_reporter - INFO - IC report saved: /var/folders/_c/3xdf41hd3tvgxpx63mrml2c00000gn/T/ichc_b4_sidefx_e3re6obt/reports/ic_report_ic_gatekeeper.json
[2026-09-09 09:37:31,316] INFO momentum.Analysis.ic_reporter: IC survivor output saved: /var/folders/_c/3xdf41hd3tvgxpx63mrml2c00000gn/T/ichc_b4_sidefx_e3re6obt/reports/ic_survivors_ic_gatekeeper.json
2026-09-09 09:37:31,316 - momentum.Analysis.ic_reporter - INFO - IC survivor output saved: /var/folders/_c/3xdf41hd3tvgxpx63mrml2c00000gn/T/ichc_b4_sidefx_e3re6obt/reports/ic_survivors_ic_gatekeeper.json
[2026-09-09 09:37:31,370] INFO momentum.Analysis.ic_reporter: IC report saved: /var/folders/_c/3xdf41hd3tvgxpx63mrml2c00000gn/T/ichc_b4_sidefx_e3re6obt/reports/ic_report_ic_gatekeeper.json
2026-09-09 09:37:31,370 - momentum.Analysis.ic_reporter - INFO - IC report saved: /var/folders/_c/3xdf41hd3tvgxpx63mrml2c00000gn/T/ichc_b4_sidefx_e3re6obt/reports/ic_report_ic_gatekeeper.json
2026-09-09 09:37:31,626 - asyncio - DEBUG - Using selector: KqueueSelector
2026-09-09 09:37:31,629 - momentum.DataExtraction.kline_storage - INFO - KlineStorageManager initialized: /Users/louis/Desktop/quantitative_trading_system/data_cache/feature_klines/kline_cache.h5
[2026-09-09 09:37:31,629] INFO momentum.FeatureEngineering.adapters.adapter_registry: Registered adapter: crypto_spot
2026-09-09 09:37:31,629 - momentum.FeatureEngineering.adapters.adapter_registry - INFO - Registered adapter: crypto_spot
[2026-09-09 09:37:31,630] INFO momentum.FeatureEngineering.feature_registry: Loaded feature registry with 15 entries
2026-09-09 09:37:31,630 - momentum.FeatureEngineering.feature_registry - INFO - Loaded feature registry with 15 entries
2026-09-09 09:37:31,698 - api.feature_factory_service - INFO - CGSA stats (tier=8gb): sync_cap=200 q_sample=1500 warmup_workers=2
2026-09-09 09:37:31,934 - api.feature_factory_service - DEBUG - Auto-registered manifest as browse task browse_BCHUSDT_1h_4a8a0b3726cc906ab3534994605e77f5: /Users/louis/Desktop/quantitative_trading_system/data_cache/features/BCHUSDT/1h/4a8a0b3726cc906ab3534994605e77f5/feature_manifest.json
2026-09-09 09:37:32,038 - api.feature_factory_service - DEBUG - Auto-registered manifest as browse task browse_BCHUSDT_12h_e53e22906c35363757f4cd49d27f973e: /Users/louis/Desktop/quantitative_trading_system/data_cache/features/BCHUSDT/12h/e53e22906c35363757f4cd49d27f973e/feature_manifest.json
2026-09-09 09:37:32,092 - api.feature_factory_service - DEBUG - Auto-registered manifest as browse task browse_BCHUSDT_12h_f754aad4cc8fe5ccc1532296d6e279ec: /Users/louis/Desktop/quantitative_trading_system/data_cache/features/BCHUSDT/12h/f754aad4cc8fe5ccc1532296d6e279ec/feature_manifest.json
2026-09-09 09:37:32,097 - api.feature_factory_service - DEBUG - Auto-registered manifest as browse task browse_BTCUSDT_1h_cfg_batch_ret: /Users/louis/Desktop/quantitative_trading_system/data_cache/features/BTCUSDT/1h/cfg_batch_ret/feature_manifest.json
2026-09-09 09:37:32,226 - api.feature_factory_service - DEBUG - Auto-registered manifest as browse task browse_BTCUSDT_1h_4a8a0b3726cc906ab3534994605e77f5: /Users/louis/Desktop/quantitative_trading_system/data_cache/features/BTCUSDT/1h/4a8a0b3726cc906ab3534994605e77f5/feature_manifest.json
2026-09-09 09:37:32,316 - api.feature_factory_service - DEBUG - Auto-registered manifest as browse task browse_BTCUSDT_12h_e53e22906c35363757f4cd49d27f973e: /Users/louis/Desktop/quantitative_trading_system/data_cache/features/BTCUSDT/12h/e53e22906c35363757f4cd49d27f973e/feature_manifest.json
2026-09-09 09:37:32,376 - api.feature_factory_service - DEBUG - Auto-registered manifest as browse task browse_BTCUSDT_12h_f754aad4cc8fe5ccc1532296d6e279ec: /Users/louis/Desktop/quantitative_trading_system/data_cache/features/BTCUSDT/12h/f754aad4cc8fe5ccc1532296d6e279ec/feature_manifest.json
2026-09-09 09:37:32,383 - api.feature_factory_service - DEBUG - Auto-registered manifest as browse task browse_ETHUSDT_1h_cfg_batch_ret: /Users/louis/Desktop/quantitative_trading_system/data_cache/features/ETHUSDT/1h/cfg_batch_ret/feature_manifest.json
2026-09-09 09:37:32,535 - api.feature_factory_service - DEBUG - Auto-registered manifest as browse task browse_ETHUSDT_1h_4a8a0b3726cc906ab3534994605e77f5: /Users/louis/Desktop/quantitative_trading_system/data_cache/features/ETHUSDT/1h/4a8a0b3726cc906ab3534994605e77f5/feature_manifest.json
2026-09-09 09:37:32,616 - api.feature_factory_service - DEBUG - Auto-registered manifest as browse task browse_ETHUSDT_12h_e53e22906c35363757f4cd49d27f973e: /Users/louis/Desktop/quantitative_trading_system/data_cache/features/ETHUSDT/12h/e53e22906c35363757f4cd49d27f973e/feature_manifest.json
2026-09-09 09:37:32,626 - api.feature_factory_service - DEBUG - Auto-registered manifest as browse task browse_ETHUSDT_12h_be993398916ee054e0b681732961caff: /Users/louis/Desktop/quantitative_trading_system/data_cache/features/ETHUSDT/12h/be993398916ee054e0b681732961caff/feature_manifest.json
2026-09-09 09:37:32,673 - api.feature_factory_service - DEBUG - Auto-registered manifest as browse task browse_ETHUSDT_12h_f754aad4cc8fe5ccc1532296d6e279ec: /Users/louis/Desktop/quantitative_trading_system/data_cache/features/ETHUSDT/12h/f754aad4cc8fe5ccc1532296d6e279ec/feature_manifest.json
2026-09-09 09:37:32,678 - api.feature_factory_service - DEBUG - Auto-registered manifest as browse task browse_ETHUSDT_12h_abc9b9fecb7a4f42cb8e03099285b67b: /Users/louis/Desktop/quantitative_trading_system/data_cache/features/ETHUSDT/12h/abc9b9fecb7a4f42cb8e03099285b67b/feature_manifest.json
2026-09-09 09:37:32,679 - api.feature_factory_service - DEBUG - Auto-registered manifest as browse task browse_ETHUSDT_12h_1ab3fe2f34732cc9adf693a36b2ddf8d: /Users/louis/Desktop/quantitative_trading_system/data_cache/features/ETHUSDT/12h/1ab3fe2f34732cc9adf693a36b2ddf8d/feature_manifest.json
2026-09-09 09:37:32,679 - api.feature_factory_service - INFO - Restored 15 persisted feature task(s) from disk
2026-09-09 09:37:32,681 - api.middleware - INFO - 所有中間件已設置完成
2026-09-09 09:37:32,681 - api.exception_handler - INFO - 異常處理器設置完成
2026-09-09 09:37:32,716 - api.standalone_search_service - INFO - StandaloneSearchService initialized - momentum modules will be loaded on demand
[2026-09-09 09:37:32,751] INFO momentum.FeatureEngineering.feature_registry: Loaded feature registry with 15 entries
2026-09-09 09:37:32,751 - momentum.FeatureEngineering.feature_registry - INFO - Loaded feature registry with 15 entries
2026-09-09 09:37:32,752 - api.case_storage - INFO - Loaded 60/60 cases from JSON
2026-09-09 09:37:32,753 - api.case_storage - INFO - Loaded 60 cases from /Users/louis/Desktop/quantitative_trading_system/data_cache/cases.json
2026-09-09 09:37:32,753 - api.case_storage - INFO - CaseStorageManager initialized (persistent=True, json_path=/Users/louis/Desktop/quantitative_trading_system/data_cache/cases.json, cases=60)
2026-09-09 09:37:32,753 - api.case_storage - INFO - Created global CaseStorageManager instance
2026-09-09 09:37:32,753 - api.case_import_service - INFO - CaseImportService initialized
2026-09-09 09:37:32,753 - api.case_import_service - INFO - Created global CaseImportService instance with shared storage
2026-09-09 09:37:32,753 - momentum.DataExtraction.kline_storage - INFO - KlineStorageManager initialized: /Users/louis/Desktop/quantitative_trading_system/data_cache/kline_cache.h5
2026-09-09 09:37:32,753 - momentum.DataExtraction.kline_download_service.KlineDownloadService - INFO - KlineDownloadService initialized
2026-09-09 09:37:32,784 - urllib3.connectionpool - DEBUG - Starting new HTTPS connection (1): api.binance.com:443
2026-09-09 09:37:32,846 - urllib3.connectionpool - DEBUG - https://api.binance.com:443 "GET /api/v3/ping HTTP/1.1" 200 2
2026-09-09 09:37:32,847 - momentum.DataExtraction.providers.binance_provider.RateLimiter - INFO - Rate limiter initialized: 1000 req/min
2026-09-09 09:37:32,847 - momentum.DataExtraction.kline_provider_base.Binance - INFO - BinanceProvider initialized
2026-09-09 09:37:32,847 - momentum.DataExtraction.kline_download_service.ProviderRegistry - INFO - Registered provider: binance (rate_limit=1000/min)
2026-09-09 09:37:32,847 - api.batch_download_service - INFO - Registered BinanceProvider to KlineDownloadService
2026-09-09 09:37:32,847 - api.batch_download_service - INFO - BatchDownloadService initialized
2026-09-09 09:37:32,847 - api.batch_download_service - INFO - Created global BatchDownloadService instance with shared storage
2026-09-09 09:37:32,858 - momentum.DataExtraction.kline_storage - INFO - KlineStorageManager initialized: data_cache/kline_cache.h5
2026-09-09 09:37:32,859 - momentum.DataExtraction.kline_download_service.KlineDownloadService - INFO - KlineDownloadService initialized
2026-09-09 09:37:32,890 - urllib3.connectionpool - DEBUG - Starting new HTTPS connection (1): api.binance.com:443
2026-09-09 09:37:32,949 - urllib3.connectionpool - DEBUG - https://api.binance.com:443 "GET /api/v3/ping HTTP/1.1" 200 2
2026-09-09 09:37:32,949 - momentum.DataExtraction.providers.binance_provider.RateLimiter - INFO - Rate limiter initialized: 1000 req/min
2026-09-09 09:37:32,949 - momentum.DataExtraction.kline_provider_base.Binance - INFO - BinanceProvider initialized
2026-09-09 09:37:32,949 - momentum.DataExtraction.kline_download_service.ProviderRegistry - INFO - Registered provider: binance (rate_limit=1000/min)
2026-09-09 09:37:32,949 - momentum.DataExtraction.kline_storage - INFO - KlineStorageManager initialized: data_cache/kline_cache.h5
2026-09-09 09:37:32,949 - momentum.Indicators.indicator_engine - INFO - IndicatorEngine initialized
2026-09-09 09:37:32,949 - api.chart_data_service - INFO - ChartDataService initialized with IndicatorEngine
2026-09-09 09:37:32,973 - api.optimization_task_service - INFO - OptimizationTaskService initialized
[2026-09-09 09:37:33,142] INFO momentum.FeatureEngineering.feature_registry: Loaded feature registry with 15 entries
2026-09-09 09:37:33,142 - momentum.FeatureEngineering.feature_registry - INFO - Loaded feature registry with 15 entries
[2026-09-09 09:37:33,144] INFO momentum.FeatureEngineering.feature_registry: Loaded feature registry with 15 entries
2026-09-09 09:37:33,144 - momentum.FeatureEngineering.feature_registry - INFO - Loaded feature registry with 15 entries
[2026-09-09 09:37:33,312] INFO momentum.FeatureEngineering.feature_registry: Loaded feature registry with 15 entries
2026-09-09 09:37:33,312 - momentum.FeatureEngineering.feature_registry - INFO - Loaded feature registry with 15 entries
[2026-09-09 09:37:33,364] INFO momentum.FeatureEngineering.feature_registry: Loaded feature registry with 15 entries
2026-09-09 09:37:33,364 - momentum.FeatureEngineering.feature_registry - INFO - Loaded feature registry with 15 entries
2026-09-09 09:37:33,375 - api.websocket_manager - INFO - WebSocketConnectionManager initialized
2026-09-09 09:37:33,459 - api.routes - INFO - All API routes registered successfully
2026-09-09 09:37:33,463 - asyncio - DEBUG - Using selector: KqueueSelector
2026-09-09 09:37:33,464 - api.startup - INFO - 正在啟動 Case Search API...
2026-09-09 09:37:33 - api.startup - [32mINFO[0m - 日誌系統已初始化 - 級別: INFO
2026-09-09 09:37:33 - api.startup - [32mINFO[0m - 日誌路徑: /Users/louis/Desktop/quantitative_trading_system/logs
2026-09-09 09:37:33 - api.config_check - [32mINFO[0m - 幣安API憑證已設置
2026-09-09 09:37:33 - api.config_check - [32mINFO[0m - 數據緩存目錄: /Users/louis/Desktop/quantitative_trading_system/data_cache
2026-09-09 09:37:33 - api.config_check - [32mINFO[0m - 結果輸出目錄: /Users/louis/Desktop/quantitative_trading_system/search_results
2026-09-09 09:37:33 - api.config_check - [32mINFO[0m - 日誌目錄: /Users/louis/Desktop/quantitative_trading_system/logs
2026-09-09 09:37:33 - api.config_check - [32mINFO[0m - Momentum模組路徑: /Users/louis/Desktop/quantitative_trading_system/momentum
2026-09-09 09:37:33 - api.startup - [32mINFO[0m - API 服務器啟動成功 - Case Search API v1.0.0
2026-09-09 09:37:33 - api.startup - [32mINFO[0m - 運行環境: Production
2026-09-09 09:37:33 - api.startup - [32mINFO[0m - API 前綴: /api/v1
2026-09-09 09:37:33 - api.middleware.request - [32mINFO[0m - [0f215cdd] GET /api/v1/ic/result/icresult-paging-golden-fixture - 200 - 0.089s
2026-09-09 09:37:33 - httpx - [32mINFO[0m - HTTP Request: GET http://testserver/api/v1/ic/result/icresult-paging-golden-fixture "HTTP/1.1 200 OK"
2026-09-09 09:37:33 - api.startup - [32mINFO[0m - 正在關閉 Case Search API...
2026-09-09 09:37:33 - api.startup - [32mINFO[0m - 正在啟動 Case Search API...
2026-09-09 09:37:33 - api.startup - [32mINFO[0m - 日誌系統已初始化 - 級別: INFO
2026-09-09 09:37:33 - api.startup - [32mINFO[0m - 日誌路徑: /Users/louis/Desktop/quantitative_trading_system/logs
2026-09-09 09:37:33 - api.config_check - [32mINFO[0m - 幣安API憑證已設置
2026-09-09 09:37:33 - api.config_check - [32mINFO[0m - 數據緩存目錄: /Users/louis/Desktop/quantitative_trading_system/data_cache
2026-09-09 09:37:33 - api.config_check - [32mINFO[0m - 結果輸出目錄: /Users/louis/Desktop/quantitative_trading_system/search_results
2026-09-09 09:37:33 - api.config_check - [32mINFO[0m - 日誌目錄: /Users/louis/Desktop/quantitative_trading_system/logs
2026-09-09 09:37:33 - api.config_check - [32mINFO[0m - Momentum模組路徑: /Users/louis/Desktop/quantitative_trading_system/momentum
2026-09-09 09:37:33 - api.startup - [32mINFO[0m - API 服務器啟動成功 - Case Search API v1.0.0
2026-09-09 09:37:33 - api.startup - [32mINFO[0m - 運行環境: Production
2026-09-09 09:37:33 - api.startup - [32mINFO[0m - API 前綴: /api/v1
2026-09-09 09:37:33 - api.middleware.request - [32mINFO[0m - [a7303a0e] GET /api/v1/ic/result/icresult-paging-golden-fixture - 200 - 0.091s
2026-09-09 09:37:33 - httpx - [32mINFO[0m - HTTP Request: GET http://testserver/api/v1/ic/result/icresult-paging-golden-fixture "HTTP/1.1 200 OK"
2026-09-09 09:37:33 - api.startup - [32mINFO[0m - 正在關閉 Case Search API...
idempotent_default_body=YES sha=85ec16e8be1d
WROTE /Users/louis/Desktop/quantitative_trading_system/tests/golden/icresult_paging/full_report_projection.json rows=14 fixture_bytes=713187
