2025-10-19 21:00:55 - api.startup - [32mINFO[0m - 日誌系統已初始化 - 級別: INFO
2025-10-19 21:00:55 - api.startup - [32mINFO[0m - 日誌路徑: /Users/louis/Desktop/quantitative_trading_system/logs
2025-10-19 21:00:55 - api.config_check - [32mINFO[0m - 幣安API憑證已設置
2025-10-19 21:00:55 - api.config_check - [32mINFO[0m - 數據緩存目錄: /Users/louis/Desktop/quantitative_trading_system/data_cache
2025-10-19 21:00:55 - api.config_check - [32mINFO[0m - 結果輸出目錄: /Users/louis/Desktop/quantitative_trading_system/search_results
2025-10-19 21:00:55 - api.config_check - [32mINFO[0m - 日誌目錄: /Users/louis/Desktop/quantitative_trading_system/logs
2025-10-19 21:00:55 - api.config_check - [32mINFO[0m - Momentum模組路徑: /Users/louis/Desktop/quantitative_trading_system/momentum
2025-10-19 21:00:55 - api.startup - [32mINFO[0m - API 服務器啟動成功 - Case Search API v1.0.0
2025-10-19 21:00:55 - api.startup - [32mINFO[0m - 運行環境: Development
2025-10-19 21:00:55 - api.startup - [32mINFO[0m - API 前綴: /api/v1
2025-10-19 21:01:27 - api.middleware.request - [32mINFO[0m - [395e521f] Started POST /api/v1/two-stage/positive from 127.0.0.1
2025-10-19 21:01:27 - api.routes.two_stage_search - [32mINFO[0m - Positive search request: 兩階段搜索測試, timeframe: 12h, dates: 2025-01-01 to 2025-10-02
2025-10-19 21:01:27 - api.search_task_service - [32mINFO[0m - Starting positive search: 兩階段搜索測試
2025-10-19 21:01:27 - api.standalone_search_service - [32mINFO[0m - Loading momentum modules on demand...
2025-10-19 21:01:27 - numexpr.utils - [32mINFO[0m - NumExpr defaulting to 8 threads.
2025-10-19 21:01:28 - momentum.DataExtraction.data_cache_manager - [32mINFO[0m - 緩存管理器已初始化，緩存目錄: data_cache/hdf5_cache
2025-10-19 21:01:28 - DataLoader - [32mINFO[0m - HDF5緩存管理器已啟用
2025-10-19 21:01:28 - momentum.DataExtraction.parallel_search_engine - [32mINFO[0m - 自動偵測最佳worker數: 5
2025-10-19 21:01:28 - momentum.DataExtraction.parallel_search_engine - [32mINFO[0m - 並行搜索引擎已初始化: workers=5, parallel=True
2025-10-19 21:01:28 - case_search_engine - [32mINFO[0m - 並行搜索引擎已啟用
2025-10-19 21:01:29 - momentum.DataExtraction.parallel_search_engine - [32mINFO[0m - 自動偵測最佳worker數: 5
2025-10-19 21:01:29 - momentum.DataExtraction.parallel_search_engine - [32mINFO[0m - 並行搜索引擎已初始化: workers=5, parallel=True
2025-10-19 21:01:29 - momentum.DataExtraction.case_search_engine - [32mINFO[0m - 並行搜索引擎已啟用
2025-10-19 21:01:29 - api.standalone_search_service - [32mINFO[0m - ✅ Momentum modules loaded successfully on demand
2025-10-19 21:01:29 - api.standalone_task_manager - [32mINFO[0m - Created task a3832802-b64a-49f2-84b8-c5a0a834f770 for config: 兩階段搜索測試
2025-10-19 21:01:29 - api.search_task_service - [32mINFO[0m - 儲存正例搜索配置，timeframe: 12h
2025-10-19 21:01:29 - api.standalone_task_manager - [32mINFO[0m - Updated task a3832802-b64a-49f2-84b8-c5a0a834f770 status to running
2025-10-19 21:01:29 - api.standalone_search_service - [32mINFO[0m - Running real search for: 兩階段搜索測試
2025-10-19 21:01:29 - momentum.DataExtraction.case_search_engine - [32mINFO[0m - Search started: 1 symbols, 2025-01-01 to 2025-10-02
2025-10-19 21:01:29 - momentum.DataExtraction.case_search_engine - [32mINFO[0m - 使用並行處理模式
2025-10-19 21:01:29 - momentum.DataExtraction.parallel_search_engine - [32mINFO[0m - Symbol數量(1)小於worker數(5)，使用串行模式（直接處理，避免遞歸）
2025-10-19 21:01:29 - momentum.DataExtraction.parallel_search_engine - [32mINFO[0m - 執行串行 fallback 處理: 1 個 symbols
2025-10-19 21:01:29 - api.momentum_wrapper - [32mINFO[0m - Getting data for BNBUSDT: 2025-01-01 to 2025-10-02
2025-10-19 21:01:29 - momentum.DataExtraction.case_search_engine - [32mINFO[0m - Loaded 549 records for BNBUSDT
2025-10-19 21:01:29 - momentum.DataExtraction.case_search_engine - [32mINFO[0m - 時間框架: 12h, 每根K線: 12小時
2025-10-19 21:01:29 - momentum.DataExtraction.case_search_engine - [32mINFO[0m - 計算週期 - 24h: 2根, 48h: 4根, 72h: 6根
2025-10-19 21:01:29 - momentum.DataExtraction.case_search_engine - [32mINFO[0m - 使用真實的 taker_buy_base_asset_volume 數據計算taker_buy_ratio
2025-10-19 21:01:29 - momentum.DataExtraction.case_search_engine - [32mINFO[0m - 開始計算未來最大回撤（向量化）...
2025-10-19 21:01:29 - momentum.DataExtraction.case_search_engine - [32mINFO[0m - 開始計算72小時最大回報和回撤（向量化）...
2025-10-19 21:01:29 - momentum.DataExtraction.case_search_engine - [32mINFO[0m - 開始計算歷史穩定度特徵參數...
2025-10-19 21:01:29 - momentum.DataExtraction.case_search_engine - [32mINFO[0m - 分類特徵計算完成（9個參數，100%向量化）
2025-10-19 21:01:29 - momentum.DataExtraction.case_search_engine - [32mINFO[0m - === 擴充參數計算完成統計 ===
2025-10-19 21:01:29 - momentum.DataExtraction.case_search_engine - [32mINFO[0m - 基礎觸發條件參數:
2025-10-19 21:01:29 - momentum.DataExtraction.case_search_engine - [32mINFO[0m -   - price_change: 548/549 有效值 (1 NaN)
2025-10-19 21:01:29 - momentum.DataExtraction.case_search_engine - [32mINFO[0m -   - closing_strength: 549/549 有效值 (0 NaN)
2025-10-19 21:01:29 - momentum.DataExtraction.case_search_engine - [32mINFO[0m -   - price_position: 549/549 有效值 (0 NaN)
2025-10-19 21:01:29 - momentum.DataExtraction.case_search_engine - [32mINFO[0m -   - volume_multiplier: 549/549 有效值 (0 NaN)
2025-10-19 21:01:29 - momentum.DataExtraction.case_search_engine - [32mINFO[0m -   - taker_buy_ratio: 549/549 有效值 (0 NaN)
2025-10-19 21:01:29 - momentum.DataExtraction.case_search_engine - [32mINFO[0m - 未來收益參數 (1-12根K線):
2025-10-19 21:01:29 - momentum.DataExtraction.case_search_engine - [32mINFO[0m -   - future_1bar_return: 548/549 有效值
2025-10-19 21:01:29 - momentum.DataExtraction.case_search_engine - [32mINFO[0m -   - future_2bar_return: 547/549 有效值
2025-10-19 21:01:29 - momentum.DataExtraction.case_search_engine - [32mINFO[0m -   - future_3bar_return: 546/549 有效值
2025-10-19 21:01:29 - momentum.DataExtraction.case_search_engine - [32mINFO[0m -   - future_4bar_return: 545/549 有效值
2025-10-19 21:01:29 - momentum.DataExtraction.case_search_engine - [32mINFO[0m -   - future_5bar_return: 544/549 有效值
2025-10-19 21:01:29 - momentum.DataExtraction.case_search_engine - [32mINFO[0m -   - future_6bar_return: 543/549 有效值
2025-10-19 21:01:29 - momentum.DataExtraction.case_search_engine - [32mINFO[0m -   - future_7bar_return: 542/549 有效值
2025-10-19 21:01:29 - momentum.DataExtraction.case_search_engine - [32mINFO[0m -   - future_8bar_return: 541/549 有效值
2025-10-19 21:01:29 - momentum.DataExtraction.case_search_engine - [32mINFO[0m -   - future_9bar_return: 540/549 有效值
2025-10-19 21:01:29 - momentum.DataExtraction.case_search_engine - [32mINFO[0m -   - future_10bar_return: 539/549 有效值
2025-10-19 21:01:29 - momentum.DataExtraction.case_search_engine - [32mINFO[0m -   - future_11bar_return: 538/549 有效值
2025-10-19 21:01:29 - momentum.DataExtraction.case_search_engine - [32mINFO[0m -   - future_12bar_return: 537/549 有效值
2025-10-19 21:01:29 - momentum.DataExtraction.case_search_engine - [32mINFO[0m - 未來回撤參數 (1-12根K線):
2025-10-19 21:01:29 - momentum.DataExtraction.case_search_engine - [32mINFO[0m -   - future_1bar_max_drawdown: 548/549 有效值
2025-10-19 21:01:29 - momentum.DataExtraction.case_search_engine - [32mINFO[0m -   - future_2bar_max_drawdown: 548/549 有效值
2025-10-19 21:01:29 - momentum.DataExtraction.case_search_engine - [32mINFO[0m -   - future_3bar_max_drawdown: 548/549 有效值
2025-10-19 21:01:29 - momentum.DataExtraction.case_search_engine - [32mINFO[0m -   - future_4bar_max_drawdown: 548/549 有效值
2025-10-19 21:01:29 - momentum.DataExtraction.case_search_engine - [32mINFO[0m -   - future_5bar_max_drawdown: 548/549 有效值
2025-10-19 21:01:29 - momentum.DataExtraction.case_search_engine - [32mINFO[0m -   - future_6bar_max_drawdown: 548/549 有效值
2025-10-19 21:01:29 - momentum.DataExtraction.case_search_engine - [32mINFO[0m -   - future_7bar_max_drawdown: 548/549 有效值
2025-10-19 21:01:29 - momentum.DataExtraction.case_search_engine - [32mINFO[0m -   - future_8bar_max_drawdown: 548/549 有效值
2025-10-19 21:01:29 - momentum.DataExtraction.case_search_engine - [32mINFO[0m -   - future_9bar_max_drawdown: 548/549 有效值
2025-10-19 21:01:29 - momentum.DataExtraction.case_search_engine - [32mINFO[0m -   - future_10bar_max_drawdown: 548/549 有效值
2025-10-19 21:01:29 - momentum.DataExtraction.case_search_engine - [32mINFO[0m -   - future_11bar_max_drawdown: 548/549 有效值
2025-10-19 21:01:29 - momentum.DataExtraction.case_search_engine - [32mINFO[0m -   - future_12bar_max_drawdown: 548/549 有效值
2025-10-19 21:01:29 - momentum.DataExtraction.case_search_engine - [32mINFO[0m - 時間和市場參數:
2025-10-19 21:01:29 - momentum.DataExtraction.case_search_engine - [32mINFO[0m -   - hour_of_day: 549/549 有效值, 2 唯一值
2025-10-19 21:01:29 - momentum.DataExtraction.case_search_engine - [32mINFO[0m -   - day_of_week: 549/549 有效值, 7 唯一值
2025-10-19 21:01:29 - momentum.DataExtraction.case_search_engine - [32mINFO[0m -   - market_phase: 549/549 有效值, 3 唯一值
2025-10-19 21:01:29 - momentum.DataExtraction.case_search_engine - [32mINFO[0m -   - timeframe: 549/549 有效值, 1 唯一值
2025-10-19 21:01:29 - momentum.DataExtraction.case_search_engine - [32mINFO[0m - 歷史穩定度參數:
2025-10-19 21:01:29 - momentum.DataExtraction.case_search_engine - [32mINFO[0m - === 總計新增/更新了 38 個參數欄位 ===
2025-10-19 21:01:29 - momentum.DataExtraction.case_search_engine - [32mINFO[0m - No initial candidates found for BNBUSDT
2025-10-19 21:01:29 - momentum.DataExtraction.parallel_search_engine - [32mINFO[0m - 串行 fallback 完成: 0 個案例
2025-10-19 21:01:29 - api.standalone_search_service - [32mINFO[0m - Search completed: No cases found for 1 symbols with given criteria
2025-10-19 21:01:29 - api.standalone_task_manager - [32mINFO[0m - Updated task a3832802-b64a-49f2-84b8-c5a0a834f770 status to completed
2025-10-19 21:01:29 - api.search_task_service - [32mINFO[0m - Positive search a3832802-b64a-49f2-84b8-c5a0a834f770 completed with 0 cases
2025-10-19 21:01:29 - api.request - [32mINFO[0m - POST /api/v1/two-stage/positive - 200 - 2.286s
2025-10-19 21:01:29 - api.middleware.request - [32mINFO[0m - [395e521f] Completed POST /api/v1/two-stage/positive - 200 - 2.286s
2025-10-19 21:01:29 - api.middleware.request - [32mINFO[0m - [a1bbc8fd] Started OPTIONS /api/v1/search/task/a3832802-b64a-49f2-84b8-c5a0a834f770 from 127.0.0.1
2025-10-19 21:01:29 - api.request - [32mINFO[0m - OPTIONS /api/v1/search/task/a3832802-b64a-49f2-84b8-c5a0a834f770 - 200 - 0.001s
2025-10-19 21:01:29 - api.middleware.request - [32mINFO[0m - [a1bbc8fd] Completed OPTIONS /api/v1/search/task/a3832802-b64a-49f2-84b8-c5a0a834f770 - 200 - 0.001s
2025-10-19 21:01:29 - api.middleware.request - [32mINFO[0m - [8cec0922] Started GET /api/v1/search/task/a3832802-b64a-49f2-84b8-c5a0a834f770 from 127.0.0.1
2025-10-19 21:01:29 - api.request - [32mINFO[0m - GET /api/v1/search/task/a3832802-b64a-49f2-84b8-c5a0a834f770 - 200 - 0.001s
2025-10-19 21:01:29 - api.middleware.request - [32mINFO[0m - [8cec0922] Completed GET /api/v1/search/task/a3832802-b64a-49f2-84b8-c5a0a834f770 - 200 - 0.001s
2025-10-19 21:01:29 - api.middleware.request - [32mINFO[0m - [1285d0fb] Started OPTIONS /api/v1/two-stage/negative/a3832802-b64a-49f2-84b8-c5a0a834f770 from 127.0.0.1
2025-10-19 21:01:29 - api.request - [32mINFO[0m - OPTIONS /api/v1/two-stage/negative/a3832802-b64a-49f2-84b8-c5a0a834f770 - 200 - 0.001s
2025-10-19 21:01:29 - api.middleware.request - [32mINFO[0m - [1285d0fb] Completed OPTIONS /api/v1/two-stage/negative/a3832802-b64a-49f2-84b8-c5a0a834f770 - 200 - 0.001s
2025-10-19 21:01:29 - api.middleware.request - [32mINFO[0m - [2fb2c5ad] Started POST /api/v1/two-stage/negative/a3832802-b64a-49f2-84b8-c5a0a834f770 from 127.0.0.1
2025-10-19 21:01:29 - api.routes.two_stage_search - [32mINFO[0m - 🔍 接收到反例搜索請求:
2025-10-19 21:01:29 - api.routes.two_stage_search - [32mINFO[0m -   - positive_task_id: a3832802-b64a-49f2-84b8-c5a0a834f770
2025-10-19 21:01:29 - api.routes.two_stage_search - [32mINFO[0m -   - negative_ratio: 2.0
2025-10-19 21:01:29 - api.routes.two_stage_search - [32mINFO[0m -   - enable_time_separation: True
2025-10-19 21:01:29 - api.routes.two_stage_search - [32mINFO[0m -   - time_separation_days: 3
2025-10-19 21:01:29 - api.routes.two_stage_search - [32mINFO[0m -   - enable_random_sampling: True
2025-10-19 21:01:29 - api.routes.two_stage_search - [32mINFO[0m -   - sampling_strategy: time_separated
2025-10-19 21:01:29 - api.search_task_service - [32mINFO[0m - No positive cases found, returning empty negative search result
2025-10-19 21:01:29 - api.standalone_task_manager - [32mINFO[0m - Created task a90aaf2f-3f29-45eb-a963-ca3dabade1b6 for config: negative_search_empty
2025-10-19 21:01:29 - api.standalone_task_manager - [32mINFO[0m - Updated task a90aaf2f-3f29-45eb-a963-ca3dabade1b6 status to completed
2025-10-19 21:01:29 - api.request - [32mINFO[0m - POST /api/v1/two-stage/negative/a3832802-b64a-49f2-84b8-c5a0a834f770 - 200 - 0.005s
2025-10-19 21:01:29 - api.middleware.request - [32mINFO[0m - [2fb2c5ad] Completed POST /api/v1/two-stage/negative/a3832802-b64a-49f2-84b8-c5a0a834f770 - 200 - 0.005s
2025-10-19 21:01:29 - api.middleware.request - [32mINFO[0m - [27d90cd3] Started OPTIONS /api/v1/search/task/a90aaf2f-3f29-45eb-a963-ca3dabade1b6 from 127.0.0.1
2025-10-19 21:01:29 - api.request - [32mINFO[0m - OPTIONS /api/v1/search/task/a90aaf2f-3f29-45eb-a963-ca3dabade1b6 - 200 - 0.001s
2025-10-19 21:01:29 - api.middleware.request - [32mINFO[0m - [27d90cd3] Completed OPTIONS /api/v1/search/task/a90aaf2f-3f29-45eb-a963-ca3dabade1b6 - 200 - 0.001s
2025-10-19 21:01:29 - api.middleware.request - [32mINFO[0m - [6f01f942] Started GET /api/v1/search/task/a90aaf2f-3f29-45eb-a963-ca3dabade1b6 from 127.0.0.1
2025-10-19 21:01:29 - api.request - [32mINFO[0m - GET /api/v1/search/task/a90aaf2f-3f29-45eb-a963-ca3dabade1b6 - 200 - 0.001s
2025-10-19 21:01:29 - api.middleware.request - [32mINFO[0m - [6f01f942] Completed GET /api/v1/search/task/a90aaf2f-3f29-45eb-a963-ca3dabade1b6 - 200 - 0.001s
2025-10-19 21:01:29 - api.middleware.request - [32mINFO[0m - [1b91e7ce] Started OPTIONS /api/v1/two-stage/combined/a3832802-b64a-49f2-84b8-c5a0a834f770/a90aaf2f-3f29-45eb-a963-ca3dabade1b6 from 127.0.0.1
2025-10-19 21:01:29 - api.request - [32mINFO[0m - OPTIONS /api/v1/two-stage/combined/a3832802-b64a-49f2-84b8-c5a0a834f770/a90aaf2f-3f29-45eb-a963-ca3dabade1b6 - 200 - 0.001s
2025-10-19 21:01:29 - api.middleware.request - [32mINFO[0m - [1b91e7ce] Completed OPTIONS /api/v1/two-stage/combined/a3832802-b64a-49f2-84b8-c5a0a834f770/a90aaf2f-3f29-45eb-a963-ca3dabade1b6 - 200 - 0.001s
2025-10-19 21:01:29 - api.middleware.request - [32mINFO[0m - [ea24d421] Started GET /api/v1/two-stage/combined/a3832802-b64a-49f2-84b8-c5a0a834f770/a90aaf2f-3f29-45eb-a963-ca3dabade1b6 from 127.0.0.1
2025-10-19 21:01:29 - api.exception_handler - [33mWARNING[0m - HTTP 404: No results found
2025-10-19 21:01:29 - api.request - [33mWARNING[0m - GET /api/v1/two-stage/combined/a3832802-b64a-49f2-84b8-c5a0a834f770/a90aaf2f-3f29-45eb-a963-ca3dabade1b6 - 404 - 0.001s
2025-10-19 21:01:29 - api.middleware.request - [32mINFO[0m - [ea24d421] Completed GET /api/v1/two-stage/combined/a3832802-b64a-49f2-84b8-c5a0a834f770/a90aaf2f-3f29-45eb-a963-ca3dabade1b6 - 404 - 0.001s
2025-10-19 21:03:54 - api.startup - [32mINFO[0m - 正在關閉 Case Search API...
2025-10-19 21:03:55 - api.startup - [32mINFO[0m - 日誌系統已初始化 - 級別: INFO
2025-10-19 21:03:55 - api.startup - [32mINFO[0m - 日誌路徑: /Users/louis/Desktop/quantitative_trading_system/logs
2025-10-19 21:03:55 - api.config_check - [32mINFO[0m - 幣安API憑證已設置
2025-10-19 21:03:55 - api.config_check - [32mINFO[0m - 數據緩存目錄: /Users/louis/Desktop/quantitative_trading_system/data_cache
2025-10-19 21:03:55 - api.config_check - [32mINFO[0m - 結果輸出目錄: /Users/louis/Desktop/quantitative_trading_system/search_results
2025-10-19 21:03:55 - api.config_check - [32mINFO[0m - 日誌目錄: /Users/louis/Desktop/quantitative_trading_system/logs
2025-10-19 21:03:55 - api.config_check - [32mINFO[0m - Momentum模組路徑: /Users/louis/Desktop/quantitative_trading_system/momentum
2025-10-19 21:03:55 - api.startup - [32mINFO[0m - API 服務器啟動成功 - Case Search API v1.0.0
2025-10-19 21:03:55 - api.startup - [32mINFO[0m - 運行環境: Development
2025-10-19 21:03:55 - api.startup - [32mINFO[0m - API 前綴: /api/v1
2025-10-19 21:04:14 - api.middleware.request - [32mINFO[0m - [56edb43c] Started POST /api/v1/two-stage/positive from 127.0.0.1
2025-10-19 21:04:14 - api.routes.two_stage_search - [32mINFO[0m - Positive search request: 兩階段搜索測試, timeframe: 12h, dates: 2025-01-01 to 2025-10-02
2025-10-19 21:04:14 - api.search_task_service - [32mINFO[0m - Starting positive search: 兩階段搜索測試
2025-10-19 21:04:14 - api.standalone_search_service - [32mINFO[0m - Loading momentum modules on demand...
2025-10-19 21:04:14 - numexpr.utils - [32mINFO[0m - NumExpr defaulting to 8 threads.
2025-10-19 21:04:15 - momentum.DataExtraction.data_cache_manager - [32mINFO[0m - 緩存管理器已初始化，緩存目錄: data_cache/hdf5_cache
2025-10-19 21:04:15 - DataLoader - [32mINFO[0m - HDF5緩存管理器已啟用
2025-10-19 21:04:15 - momentum.DataExtraction.parallel_search_engine - [32mINFO[0m - 自動偵測最佳worker數: 6
2025-10-19 21:04:15 - momentum.DataExtraction.parallel_search_engine - [32mINFO[0m - 並行搜索引擎已初始化: workers=6, parallel=True
2025-10-19 21:04:15 - case_search_engine - [32mINFO[0m - 並行搜索引擎已啟用
2025-10-19 21:04:16 - momentum.DataExtraction.parallel_search_engine - [32mINFO[0m - 自動偵測最佳worker數: 6
2025-10-19 21:04:16 - momentum.DataExtraction.parallel_search_engine - [32mINFO[0m - 並行搜索引擎已初始化: workers=6, parallel=True
2025-10-19 21:04:16 - momentum.DataExtraction.case_search_engine - [32mINFO[0m - 並行搜索引擎已啟用
2025-10-19 21:04:16 - api.standalone_search_service - [32mINFO[0m - ✅ Momentum modules loaded successfully on demand
2025-10-19 21:04:16 - api.standalone_task_manager - [32mINFO[0m - Created task 60af2f2c-a11c-432e-adb3-4ea50db244da for config: 兩階段搜索測試
2025-10-19 21:04:16 - api.search_task_service - [32mINFO[0m - 儲存正例搜索配置，timeframe: 12h
2025-10-19 21:04:16 - api.standalone_task_manager - [32mINFO[0m - Updated task 60af2f2c-a11c-432e-adb3-4ea50db244da status to running
2025-10-19 21:04:16 - api.standalone_search_service - [32mINFO[0m - Running real search for: 兩階段搜索測試
2025-10-19 21:04:16 - momentum.DataExtraction.case_search_engine - [32mINFO[0m - Search started: 1 symbols, 2025-01-01 to 2025-10-02
2025-10-19 21:04:16 - momentum.DataExtraction.case_search_engine - [32mINFO[0m - 使用並行處理模式
2025-10-19 21:04:16 - momentum.DataExtraction.parallel_search_engine - [32mINFO[0m - Symbol數量(1)小於worker數(6)，使用串行模式（直接處理，避免遞歸）
2025-10-19 21:04:16 - momentum.DataExtraction.parallel_search_engine - [32mINFO[0m - 執行串行 fallback 處理: 1 個 symbols
2025-10-19 21:04:16 - api.momentum_wrapper - [32mINFO[0m - Getting data for BNBUSDT: 2025-01-01 to 2025-10-02
2025-10-19 21:04:16 - momentum.DataExtraction.case_search_engine - [32mINFO[0m - Loaded 549 records for BNBUSDT
2025-10-19 21:04:16 - momentum.DataExtraction.case_search_engine - [32mINFO[0m - 時間框架: 12h, 每根K線: 12小時
2025-10-19 21:04:16 - momentum.DataExtraction.case_search_engine - [32mINFO[0m - 計算週期 - 24h: 2根, 48h: 4根, 72h: 6根
2025-10-19 21:04:16 - momentum.DataExtraction.case_search_engine - [32mINFO[0m - 使用真實的 taker_buy_base_asset_volume 數據計算taker_buy_ratio
2025-10-19 21:04:16 - momentum.DataExtraction.case_search_engine - [32mINFO[0m - 開始計算未來最大回撤（向量化）...
2025-10-19 21:04:16 - momentum.DataExtraction.case_search_engine - [32mINFO[0m - 開始計算72小時最大回報和回撤（向量化）...
2025-10-19 21:04:16 - momentum.DataExtraction.case_search_engine - [32mINFO[0m - 開始計算歷史穩定度特徵參數...
2025-10-19 21:04:16 - momentum.DataExtraction.case_search_engine - [32mINFO[0m - 分類特徵計算完成（9個參數，100%向量化）
2025-10-19 21:04:16 - momentum.DataExtraction.case_search_engine - [32mINFO[0m - === 擴充參數計算完成統計 ===
2025-10-19 21:04:16 - momentum.DataExtraction.case_search_engine - [32mINFO[0m - 基礎觸發條件參數:
2025-10-19 21:04:16 - momentum.DataExtraction.case_search_engine - [32mINFO[0m -   - price_change: 548/549 有效值 (1 NaN)
2025-10-19 21:04:16 - momentum.DataExtraction.case_search_engine - [32mINFO[0m -   - closing_strength: 549/549 有效值 (0 NaN)
2025-10-19 21:04:16 - momentum.DataExtraction.case_search_engine - [32mINFO[0m -   - price_position: 549/549 有效值 (0 NaN)
2025-10-19 21:04:16 - momentum.DataExtraction.case_search_engine - [32mINFO[0m -   - volume_multiplier: 549/549 有效值 (0 NaN)
2025-10-19 21:04:16 - momentum.DataExtraction.case_search_engine - [32mINFO[0m -   - taker_buy_ratio: 549/549 有效值 (0 NaN)
2025-10-19 21:04:16 - momentum.DataExtraction.case_search_engine - [32mINFO[0m - 未來收益參數 (1-12根K線):
2025-10-19 21:04:16 - momentum.DataExtraction.case_search_engine - [32mINFO[0m -   - future_1bar_return: 548/549 有效值
2025-10-19 21:04:16 - momentum.DataExtraction.case_search_engine - [32mINFO[0m -   - future_2bar_return: 547/549 有效值
2025-10-19 21:04:16 - momentum.DataExtraction.case_search_engine - [32mINFO[0m -   - future_3bar_return: 546/549 有效值
2025-10-19 21:04:16 - momentum.DataExtraction.case_search_engine - [32mINFO[0m -   - future_4bar_return: 545/549 有效值
2025-10-19 21:04:16 - momentum.DataExtraction.case_search_engine - [32mINFO[0m -   - future_5bar_return: 544/549 有效值
2025-10-19 21:04:16 - momentum.DataExtraction.case_search_engine - [32mINFO[0m -   - future_6bar_return: 543/549 有效值
2025-10-19 21:04:16 - momentum.DataExtraction.case_search_engine - [32mINFO[0m -   - future_7bar_return: 542/549 有效值
2025-10-19 21:04:16 - momentum.DataExtraction.case_search_engine - [32mINFO[0m -   - future_8bar_return: 541/549 有效值
2025-10-19 21:04:16 - momentum.DataExtraction.case_search_engine - [32mINFO[0m -   - future_9bar_return: 540/549 有效值
2025-10-19 21:04:16 - momentum.DataExtraction.case_search_engine - [32mINFO[0m -   - future_10bar_return: 539/549 有效值
2025-10-19 21:04:16 - momentum.DataExtraction.case_search_engine - [32mINFO[0m -   - future_11bar_return: 538/549 有效值
2025-10-19 21:04:16 - momentum.DataExtraction.case_search_engine - [32mINFO[0m -   - future_12bar_return: 537/549 有效值
2025-10-19 21:04:16 - momentum.DataExtraction.case_search_engine - [32mINFO[0m - 未來回撤參數 (1-12根K線):
2025-10-19 21:04:16 - momentum.DataExtraction.case_search_engine - [32mINFO[0m -   - future_1bar_max_drawdown: 548/549 有效值
2025-10-19 21:04:16 - momentum.DataExtraction.case_search_engine - [32mINFO[0m -   - future_2bar_max_drawdown: 548/549 有效值
2025-10-19 21:04:16 - momentum.DataExtraction.case_search_engine - [32mINFO[0m -   - future_3bar_max_drawdown: 548/549 有效值
2025-10-19 21:04:16 - momentum.DataExtraction.case_search_engine - [32mINFO[0m -   - future_4bar_max_drawdown: 548/549 有效值
2025-10-19 21:04:16 - momentum.DataExtraction.case_search_engine - [32mINFO[0m -   - future_5bar_max_drawdown: 548/549 有效值
2025-10-19 21:04:16 - momentum.DataExtraction.case_search_engine - [32mINFO[0m -   - future_6bar_max_drawdown: 548/549 有效值
2025-10-19 21:04:16 - momentum.DataExtraction.case_search_engine - [32mINFO[0m -   - future_7bar_max_drawdown: 548/549 有效值
2025-10-19 21:04:16 - momentum.DataExtraction.case_search_engine - [32mINFO[0m -   - future_8bar_max_drawdown: 548/549 有效值
2025-10-19 21:04:16 - momentum.DataExtraction.case_search_engine - [32mINFO[0m -   - future_9bar_max_drawdown: 548/549 有效值
2025-10-19 21:04:16 - momentum.DataExtraction.case_search_engine - [32mINFO[0m -   - future_10bar_max_drawdown: 548/549 有效值
2025-10-19 21:04:16 - momentum.DataExtraction.case_search_engine - [32mINFO[0m -   - future_11bar_max_drawdown: 548/549 有效值
2025-10-19 21:04:16 - momentum.DataExtraction.case_search_engine - [32mINFO[0m -   - future_12bar_max_drawdown: 548/549 有效值
2025-10-19 21:04:16 - momentum.DataExtraction.case_search_engine - [32mINFO[0m - 時間和市場參數:
2025-10-19 21:04:16 - momentum.DataExtraction.case_search_engine - [32mINFO[0m -   - hour_of_day: 549/549 有效值, 2 唯一值
2025-10-19 21:04:16 - momentum.DataExtraction.case_search_engine - [32mINFO[0m -   - day_of_week: 549/549 有效值, 7 唯一值
2025-10-19 21:04:16 - momentum.DataExtraction.case_search_engine - [32mINFO[0m -   - market_phase: 549/549 有效值, 3 唯一值
2025-10-19 21:04:16 - momentum.DataExtraction.case_search_engine - [32mINFO[0m -   - timeframe: 549/549 有效值, 1 唯一值
2025-10-19 21:04:16 - momentum.DataExtraction.case_search_engine - [32mINFO[0m - 歷史穩定度參數:
2025-10-19 21:04:16 - momentum.DataExtraction.case_search_engine - [32mINFO[0m - === 總計新增/更新了 38 個參數欄位 ===
2025-10-19 21:04:16 - momentum.DataExtraction.case_search_engine - [32mINFO[0m - No initial candidates found for BNBUSDT
2025-10-19 21:04:16 - momentum.DataExtraction.parallel_search_engine - [32mINFO[0m - 串行 fallback 完成: 0 個案例
2025-10-19 21:04:16 - api.standalone_search_service - [32mINFO[0m - Search completed: No cases found for 1 symbols with given criteria
2025-10-19 21:04:16 - api.standalone_task_manager - [32mINFO[0m - Updated task 60af2f2c-a11c-432e-adb3-4ea50db244da status to completed
2025-10-19 21:04:16 - api.search_task_service - [32mINFO[0m - Positive search 60af2f2c-a11c-432e-adb3-4ea50db244da completed with 0 cases
2025-10-19 21:04:16 - api.request - [32mINFO[0m - POST /api/v1/two-stage/positive - 200 - 2.377s
2025-10-19 21:04:16 - api.middleware.request - [32mINFO[0m - [56edb43c] Completed POST /api/v1/two-stage/positive - 200 - 2.377s
2025-10-19 21:04:16 - api.middleware.request - [32mINFO[0m - [697fe2b2] Started OPTIONS /api/v1/search/task/60af2f2c-a11c-432e-adb3-4ea50db244da from 127.0.0.1
2025-10-19 21:04:16 - api.request - [32mINFO[0m - OPTIONS /api/v1/search/task/60af2f2c-a11c-432e-adb3-4ea50db244da - 200 - 0.001s
2025-10-19 21:04:16 - api.middleware.request - [32mINFO[0m - [697fe2b2] Completed OPTIONS /api/v1/search/task/60af2f2c-a11c-432e-adb3-4ea50db244da - 200 - 0.001s
2025-10-19 21:04:16 - api.middleware.request - [32mINFO[0m - [8bfe4b16] Started GET /api/v1/search/task/60af2f2c-a11c-432e-adb3-4ea50db244da from 127.0.0.1
2025-10-19 21:04:16 - api.request - [32mINFO[0m - GET /api/v1/search/task/60af2f2c-a11c-432e-adb3-4ea50db244da - 200 - 0.002s
2025-10-19 21:04:16 - api.middleware.request - [32mINFO[0m - [8bfe4b16] Completed GET /api/v1/search/task/60af2f2c-a11c-432e-adb3-4ea50db244da - 200 - 0.002s
2025-10-19 21:04:16 - api.middleware.request - [32mINFO[0m - [76d2fe05] Started OPTIONS /api/v1/two-stage/negative/60af2f2c-a11c-432e-adb3-4ea50db244da from 127.0.0.1
2025-10-19 21:04:16 - api.request - [32mINFO[0m - OPTIONS /api/v1/two-stage/negative/60af2f2c-a11c-432e-adb3-4ea50db244da - 200 - 0.001s
2025-10-19 21:04:16 - api.middleware.request - [32mINFO[0m - [76d2fe05] Completed OPTIONS /api/v1/two-stage/negative/60af2f2c-a11c-432e-adb3-4ea50db244da - 200 - 0.001s
2025-10-19 21:04:16 - api.middleware.request - [32mINFO[0m - [b2d6d72d] Started POST /api/v1/two-stage/negative/60af2f2c-a11c-432e-adb3-4ea50db244da from 127.0.0.1
2025-10-19 21:04:16 - api.routes.two_stage_search - [32mINFO[0m - 🔍 接收到反例搜索請求:
2025-10-19 21:04:16 - api.routes.two_stage_search - [32mINFO[0m -   - positive_task_id: 60af2f2c-a11c-432e-adb3-4ea50db244da
2025-10-19 21:04:16 - api.routes.two_stage_search - [32mINFO[0m -   - negative_ratio: 2.0
2025-10-19 21:04:16 - api.routes.two_stage_search - [32mINFO[0m -   - enable_time_separation: True
2025-10-19 21:04:16 - api.routes.two_stage_search - [32mINFO[0m -   - time_separation_days: 3
2025-10-19 21:04:16 - api.routes.two_stage_search - [32mINFO[0m -   - enable_random_sampling: True
2025-10-19 21:04:16 - api.routes.two_stage_search - [32mINFO[0m -   - sampling_strategy: time_separated
2025-10-19 21:04:16 - api.search_task_service - [32mINFO[0m - No positive cases found, returning empty negative search result
2025-10-19 21:04:16 - api.standalone_task_manager - [32mINFO[0m - Created task 33bd28a1-0cbc-4462-a226-3e48c0017b1f for config: negative_search_empty
2025-10-19 21:04:16 - api.standalone_task_manager - [32mINFO[0m - Updated task 33bd28a1-0cbc-4462-a226-3e48c0017b1f status to completed
2025-10-19 21:04:16 - api.request - [32mINFO[0m - POST /api/v1/two-stage/negative/60af2f2c-a11c-432e-adb3-4ea50db244da - 200 - 0.003s
2025-10-19 21:04:16 - api.middleware.request - [32mINFO[0m - [b2d6d72d] Completed POST /api/v1/two-stage/negative/60af2f2c-a11c-432e-adb3-4ea50db244da - 200 - 0.003s
2025-10-19 21:04:16 - api.middleware.request - [32mINFO[0m - [fb618b4c] Started OPTIONS /api/v1/search/task/33bd28a1-0cbc-4462-a226-3e48c0017b1f from 127.0.0.1
2025-10-19 21:04:16 - api.request - [32mINFO[0m - OPTIONS /api/v1/search/task/33bd28a1-0cbc-4462-a226-3e48c0017b1f - 200 - 0.001s
2025-10-19 21:04:16 - api.middleware.request - [32mINFO[0m - [fb618b4c] Completed OPTIONS /api/v1/search/task/33bd28a1-0cbc-4462-a226-3e48c0017b1f - 200 - 0.001s
2025-10-19 21:04:16 - api.middleware.request - [32mINFO[0m - [7129eb6f] Started GET /api/v1/search/task/33bd28a1-0cbc-4462-a226-3e48c0017b1f from 127.0.0.1
2025-10-19 21:04:16 - api.request - [32mINFO[0m - GET /api/v1/search/task/33bd28a1-0cbc-4462-a226-3e48c0017b1f - 200 - 0.001s
2025-10-19 21:04:16 - api.middleware.request - [32mINFO[0m - [7129eb6f] Completed GET /api/v1/search/task/33bd28a1-0cbc-4462-a226-3e48c0017b1f - 200 - 0.001s
2025-10-19 21:04:16 - api.middleware.request - [32mINFO[0m - [d4c416c7] Started OPTIONS /api/v1/two-stage/combined/60af2f2c-a11c-432e-adb3-4ea50db244da/33bd28a1-0cbc-4462-a226-3e48c0017b1f from 127.0.0.1
2025-10-19 21:04:16 - api.request - [32mINFO[0m - OPTIONS /api/v1/two-stage/combined/60af2f2c-a11c-432e-adb3-4ea50db244da/33bd28a1-0cbc-4462-a226-3e48c0017b1f - 200 - 0.001s
2025-10-19 21:04:16 - api.middleware.request - [32mINFO[0m - [d4c416c7] Completed OPTIONS /api/v1/two-stage/combined/60af2f2c-a11c-432e-adb3-4ea50db244da/33bd28a1-0cbc-4462-a226-3e48c0017b1f - 200 - 0.001s
2025-10-19 21:04:16 - api.middleware.request - [32mINFO[0m - [ff96261e] Started GET /api/v1/two-stage/combined/60af2f2c-a11c-432e-adb3-4ea50db244da/33bd28a1-0cbc-4462-a226-3e48c0017b1f from 127.0.0.1
2025-10-19 21:04:16 - api.routes.two_stage_search - [32mINFO[0m - 🔍 Route combined_results DEBUG:
2025-10-19 21:04:16 - api.routes.two_stage_search - [32mINFO[0m -   - combined_results is None: True
2025-10-19 21:04:16 - api.routes.two_stage_search - [32mINFO[0m -   - combined_results type: <class 'NoneType'>
2025-10-19 21:04:16 - api.routes.two_stage_search - [33mWARNING[0m - combined_results evaluated as falsy, raising 404
2025-10-19 21:04:16 - api.exception_handler - [33mWARNING[0m - HTTP 404: No results found
2025-10-19 21:04:16 - api.request - [33mWARNING[0m - GET /api/v1/two-stage/combined/60af2f2c-a11c-432e-adb3-4ea50db244da/33bd28a1-0cbc-4462-a226-3e48c0017b1f - 404 - 0.002s
2025-10-19 21:04:16 - api.middleware.request - [32mINFO[0m - [ff96261e] Completed GET /api/v1/two-stage/combined/60af2f2c-a11c-432e-adb3-4ea50db244da/33bd28a1-0cbc-4462-a226-3e48c0017b1f - 404 - 0.002s
2025-10-19 21:05:30 - api.startup - [32mINFO[0m - 正在關閉 Case Search API...
2025-10-19 21:05:31 - api.startup - [32mINFO[0m - 日誌系統已初始化 - 級別: INFO
2025-10-19 21:05:31 - api.startup - [32mINFO[0m - 日誌路徑: /Users/louis/Desktop/quantitative_trading_system/logs
2025-10-19 21:05:31 - api.config_check - [32mINFO[0m - 幣安API憑證已設置
2025-10-19 21:05:31 - api.config_check - [32mINFO[0m - 數據緩存目錄: /Users/louis/Desktop/quantitative_trading_system/data_cache
2025-10-19 21:05:31 - api.config_check - [32mINFO[0m - 結果輸出目錄: /Users/louis/Desktop/quantitative_trading_system/search_results
2025-10-19 21:05:31 - api.config_check - [32mINFO[0m - 日誌目錄: /Users/louis/Desktop/quantitative_trading_system/logs
2025-10-19 21:05:31 - api.config_check - [32mINFO[0m - Momentum模組路徑: /Users/louis/Desktop/quantitative_trading_system/momentum
2025-10-19 21:05:31 - api.startup - [32mINFO[0m - API 服務器啟動成功 - Case Search API v1.0.0
2025-10-19 21:05:31 - api.startup - [32mINFO[0m - 運行環境: Development
2025-10-19 21:05:31 - api.startup - [32mINFO[0m - API 前綴: /api/v1
