2025-11-02 12:30:24 - api.startup - [32mINFO[0m - 日誌系統已初始化 - 級別: INFO
2025-11-02 12:30:24 - api.startup - [32mINFO[0m - 日誌路徑: /Users/louis/Desktop/quantitative_trading_system/logs
2025-11-02 12:30:24 - api.config_check - [33mWARNING[0m - 未設置幣安API憑證，某些功能可能無法使用
2025-11-02 12:30:24 - api.config_check - [32mINFO[0m - 請設置環境變數: BINANCE_API_KEY 和 BINANCE_SECRET_KEY
2025-11-02 12:30:24 - api.config_check - [32mINFO[0m - 數據緩存目錄: /Users/louis/Desktop/quantitative_trading_system/data_cache
2025-11-02 12:30:24 - api.config_check - [32mINFO[0m - 結果輸出目錄: /Users/louis/Desktop/quantitative_trading_system/search_results
2025-11-02 12:30:24 - api.config_check - [32mINFO[0m - 日誌目錄: /Users/louis/Desktop/quantitative_trading_system/logs
2025-11-02 12:30:24 - api.config_check - [32mINFO[0m - Momentum模組路徑: /Users/louis/Desktop/quantitative_trading_system/momentum
2025-11-02 12:30:24 - api.startup - [32mINFO[0m - API 服務器啟動成功 - Case Search API v1.0.0
2025-11-02 12:30:24 - api.startup - [32mINFO[0m - 運行環境: Development
2025-11-02 12:30:24 - api.startup - [32mINFO[0m - API 前綴: /api/v1
2025-11-02 12:31:21 - api.startup - [32mINFO[0m - 正在關閉 Case Search API...
2025-11-02 12:31:25 - api.startup - [32mINFO[0m - 日誌系統已初始化 - 級別: INFO
2025-11-02 12:31:25 - api.startup - [32mINFO[0m - 日誌路徑: /Users/louis/Desktop/quantitative_trading_system/logs
2025-11-02 12:31:25 - api.config_check - [33mWARNING[0m - 未設置幣安API憑證，某些功能可能無法使用
2025-11-02 12:31:25 - api.config_check - [32mINFO[0m - 請設置環境變數: BINANCE_API_KEY 和 BINANCE_SECRET_KEY
2025-11-02 12:31:25 - api.config_check - [32mINFO[0m - 數據緩存目錄: /Users/louis/Desktop/quantitative_trading_system/data_cache
2025-11-02 12:31:25 - api.config_check - [32mINFO[0m - 結果輸出目錄: /Users/louis/Desktop/quantitative_trading_system/search_results
2025-11-02 12:31:25 - api.config_check - [32mINFO[0m - 日誌目錄: /Users/louis/Desktop/quantitative_trading_system/logs
2025-11-02 12:31:25 - api.config_check - [32mINFO[0m - Momentum模組路徑: /Users/louis/Desktop/quantitative_trading_system/momentum
2025-11-02 12:31:25 - api.startup - [32mINFO[0m - API 服務器啟動成功 - Case Search API v1.0.0
2025-11-02 12:31:25 - api.startup - [32mINFO[0m - 運行環境: Development
2025-11-02 12:31:25 - api.startup - [32mINFO[0m - API 前綴: /api/v1
