2025-10-25 13:08:21 - DataLoader - [31mERROR[0m - 請求錯誤（不重試）: APIError(code=-1121): Invalid symbol.
2025-10-25 13:08:21 - DataLoader - [31mERROR[0m - 獲取歷史K線時出錯: APIError(code=-1121): Invalid symbol.
2025-10-25 13:08:21 - api.momentum_wrapper - [31mERROR[0m - Error getting historical data for DOGEESDT: APIError(code=-1121): Invalid symbol.
2025-10-25 13:08:21 - momentum.DataExtraction.case_search_engine - [31mERROR[0m - [SEARCH_FAILED] Symbol: DOGEESDT | Error: BinanceAPIException: APIError(code=-1121): Invalid symbol.
2025-10-25 13:10:25 - momentum.DataExtraction.kline_storage - [31mERROR[0m - Failed to update cache index: Unable to synchronously open file (file is already open for read-only)
2025-10-25 13:10:25 - api.batch_download_service - [31mERROR[0m - Failed to save case klines for DOGEUSDT_1737043200_1: Unable to synchronously open file (file is already open for read-only)
Traceback (most recent call last):
  File "/Users/louis/Desktop/quantitative_trading_system/api/services/batch_download_service.py", line 574, in _save_case_klines
    with h5py.File(hdf5_path, 'a') as f:
  File "/Users/louis/Desktop/quantitative_trading_system/venv/lib/python3.9/site-packages/h5py/_hl/files.py", line 564, in __init__
    fid = make_fid(name, mode, userblock_size, fapl, fcpl, swmr=swmr)
  File "/Users/louis/Desktop/quantitative_trading_system/venv/lib/python3.9/site-packages/h5py/_hl/files.py", line 250, in make_fid
    fid = h5f.open(name, h5f.ACC_RDWR, fapl=fapl)
  File "h5py/_objects.pyx", line 56, in h5py._objects.with_phil.wrapper
  File "h5py/_objects.pyx", line 57, in h5py._objects.with_phil.wrapper
  File "h5py/h5f.pyx", line 102, in h5py.h5f.open
OSError: Unable to synchronously open file (file is already open for read-only)
2025-10-25 13:10:25 - api.batch_download_service - [31mERROR[0m - Failed to process case DOGEUSDT_1737043200_1: Unable to synchronously open file (file is already open for read-only)
Traceback (most recent call last):
  File "/Users/louis/Desktop/quantitative_trading_system/api/services/batch_download_service.py", line 321, in download_group
    await asyncio.to_thread(
  File "/Library/Developer/CommandLineTools/Library/Frameworks/Python3.framework/Versions/3.9/lib/python3.9/asyncio/threads.py", line 25, in to_thread
    return await loop.run_in_executor(None, func_call)
  File "/Library/Developer/CommandLineTools/Library/Frameworks/Python3.framework/Versions/3.9/lib/python3.9/concurrent/futures/thread.py", line 52, in run
    result = self.fn(*self.args, **self.kwargs)
  File "/Users/louis/Desktop/quantitative_trading_system/api/services/batch_download_service.py", line 574, in _save_case_klines
    with h5py.File(hdf5_path, 'a') as f:
  File "/Users/louis/Desktop/quantitative_trading_system/venv/lib/python3.9/site-packages/h5py/_hl/files.py", line 564, in __init__
    fid = make_fid(name, mode, userblock_size, fapl, fcpl, swmr=swmr)
  File "/Users/louis/Desktop/quantitative_trading_system/venv/lib/python3.9/site-packages/h5py/_hl/files.py", line 250, in make_fid
    fid = h5f.open(name, h5f.ACC_RDWR, fapl=fapl)
  File "h5py/_objects.pyx", line 56, in h5py._objects.with_phil.wrapper
  File "h5py/_objects.pyx", line 57, in h5py._objects.with_phil.wrapper
  File "h5py/h5f.pyx", line 102, in h5py.h5f.open
OSError: Unable to synchronously open file (file is already open for read-only)
2025-10-25 14:25:58 - api.batch_download_service - [31mERROR[0m - Failed to save case klines for DOGEUSDT_1736913600_1: Unable to synchronously open file (file is already open for read-only)
Traceback (most recent call last):
  File "/Users/louis/Desktop/quantitative_trading_system/api/services/batch_download_service.py", line 585, in _save_case_klines
    with h5py.File(hdf5_path, 'a') as f:
  File "/Users/louis/Desktop/quantitative_trading_system/venv/lib/python3.9/site-packages/h5py/_hl/files.py", line 564, in __init__
    fid = make_fid(name, mode, userblock_size, fapl, fcpl, swmr=swmr)
  File "/Users/louis/Desktop/quantitative_trading_system/venv/lib/python3.9/site-packages/h5py/_hl/files.py", line 250, in make_fid
    fid = h5f.open(name, h5f.ACC_RDWR, fapl=fapl)
  File "h5py/_objects.pyx", line 56, in h5py._objects.with_phil.wrapper
  File "h5py/_objects.pyx", line 57, in h5py._objects.with_phil.wrapper
  File "h5py/h5f.pyx", line 102, in h5py.h5f.open
OSError: Unable to synchronously open file (file is already open for read-only)
2025-10-25 14:25:58 - api.batch_download_service - [31mERROR[0m - Failed to process case DOGEUSDT_1736913600_1: Unable to synchronously open file (file is already open for read-only)
Traceback (most recent call last):
  File "/Users/louis/Desktop/quantitative_trading_system/api/services/batch_download_service.py", line 321, in download_group
    await asyncio.to_thread(
  File "/Library/Developer/CommandLineTools/Library/Frameworks/Python3.framework/Versions/3.9/lib/python3.9/asyncio/threads.py", line 25, in to_thread
    return await loop.run_in_executor(None, func_call)
  File "/Library/Developer/CommandLineTools/Library/Frameworks/Python3.framework/Versions/3.9/lib/python3.9/concurrent/futures/thread.py", line 52, in run
    result = self.fn(*self.args, **self.kwargs)
  File "/Users/louis/Desktop/quantitative_trading_system/api/services/batch_download_service.py", line 585, in _save_case_klines
    with h5py.File(hdf5_path, 'a') as f:
  File "/Users/louis/Desktop/quantitative_trading_system/venv/lib/python3.9/site-packages/h5py/_hl/files.py", line 564, in __init__
    fid = make_fid(name, mode, userblock_size, fapl, fcpl, swmr=swmr)
  File "/Users/louis/Desktop/quantitative_trading_system/venv/lib/python3.9/site-packages/h5py/_hl/files.py", line 250, in make_fid
    fid = h5f.open(name, h5f.ACC_RDWR, fapl=fapl)
  File "h5py/_objects.pyx", line 56, in h5py._objects.with_phil.wrapper
  File "h5py/_objects.pyx", line 57, in h5py._objects.with_phil.wrapper
  File "h5py/h5f.pyx", line 102, in h5py.h5f.open
OSError: Unable to synchronously open file (file is already open for read-only)
2025-10-25 17:37:03 - api.routes.chart - [31mERROR[0m - System error: ADAUSDT/1h 的緩存不足，無法提供案例所需的K線範圍。請先下載缺失的歷史資料後再重試。
2025-10-25 17:37:03 - api.exception_handler - [31mERROR[0m - HTTP 500: ADAUSDT/1h 的緩存不足，無法提供案例所需的K線範圍。請先下載缺失的歷史資料後再重試。
2025-10-25 17:37:03 - api.request - [31mERROR[0m - GET /api/v1/chart/data - 500 - 0.246s
2025-10-25 17:37:03 - api.routes.chart - [31mERROR[0m - System error: ADAUSDT/1h 的緩存不足，無法提供案例所需的K線範圍。請先下載缺失的歷史資料後再重試。
2025-10-25 17:37:03 - api.exception_handler - [31mERROR[0m - HTTP 500: ADAUSDT/1h 的緩存不足，無法提供案例所需的K線範圍。請先下載缺失的歷史資料後再重試。
2025-10-25 17:37:03 - api.request - [31mERROR[0m - GET /api/v1/chart/data - 500 - 0.073s
2025-10-25 17:37:22 - api.routes.chart - [31mERROR[0m - System error: ADAUSDT/1h 的緩存不足，無法提供案例所需的K線範圍。請先下載缺失的歷史資料後再重試。
2025-10-25 17:37:22 - api.exception_handler - [31mERROR[0m - HTTP 500: ADAUSDT/1h 的緩存不足，無法提供案例所需的K線範圍。請先下載缺失的歷史資料後再重試。
2025-10-25 17:37:22 - api.request - [31mERROR[0m - GET /api/v1/chart/data - 500 - 0.088s
2025-10-25 17:37:22 - api.routes.chart - [31mERROR[0m - System error: ADAUSDT/1h 的緩存不足，無法提供案例所需的K線範圍。請先下載缺失的歷史資料後再重試。
2025-10-25 17:37:22 - api.exception_handler - [31mERROR[0m - HTTP 500: ADAUSDT/1h 的緩存不足，無法提供案例所需的K線範圍。請先下載缺失的歷史資料後再重試。
2025-10-25 17:37:22 - api.request - [31mERROR[0m - GET /api/v1/chart/data - 500 - 0.070s
2025-10-25 17:37:27 - api.routes.chart - [31mERROR[0m - System error: DOGEUSDT/1h 的緩存不足，無法提供案例所需的K線範圍。請先下載缺失的歷史資料後再重試。
2025-10-25 17:37:27 - api.exception_handler - [31mERROR[0m - HTTP 500: DOGEUSDT/1h 的緩存不足，無法提供案例所需的K線範圍。請先下載缺失的歷史資料後再重試。
2025-10-25 17:37:27 - api.request - [31mERROR[0m - GET /api/v1/chart/data - 500 - 0.076s
2025-10-25 17:43:37 - api.routes.chart - [31mERROR[0m - System error: ADAUSDT/1h 的緩存不足，無法提供案例所需的K線範圍。請先下載缺失的歷史資料後再重試。
2025-10-25 17:43:37 - api.exception_handler - [31mERROR[0m - HTTP 500: ADAUSDT/1h 的緩存不足，無法提供案例所需的K線範圍。請先下載缺失的歷史資料後再重試。
2025-10-25 17:43:37 - api.request - [31mERROR[0m - GET /api/v1/chart/data - 500 - 0.177s
2025-10-25 17:43:37 - api.routes.chart - [31mERROR[0m - System error: ADAUSDT/1h 的緩存不足，無法提供案例所需的K線範圍。請先下載缺失的歷史資料後再重試。
2025-10-25 17:43:37 - api.exception_handler - [31mERROR[0m - HTTP 500: ADAUSDT/1h 的緩存不足，無法提供案例所需的K線範圍。請先下載缺失的歷史資料後再重試。
2025-10-25 17:43:37 - api.request - [31mERROR[0m - GET /api/v1/chart/data - 500 - 0.065s
2025-10-25 17:43:40 - api.routes.chart - [31mERROR[0m - System error: DOGEUSDT/1h 的緩存不足，無法提供案例所需的K線範圍。請先下載缺失的歷史資料後再重試。
2025-10-25 17:43:40 - api.exception_handler - [31mERROR[0m - HTTP 500: DOGEUSDT/1h 的緩存不足，無法提供案例所需的K線範圍。請先下載缺失的歷史資料後再重試。
2025-10-25 17:43:40 - api.request - [31mERROR[0m - GET /api/v1/chart/data - 500 - 0.075s
2025-10-25 18:28:05 - api.batch_download_service - [31mERROR[0m - Failed to save case klines for ADAUSDT_1736164800_0: Unable to synchronously open file (file is already open for read-only)
Traceback (most recent call last):
  File "/Users/louis/Desktop/quantitative_trading_system/api/services/batch_download_service.py", line 585, in _save_case_klines
    with h5py.File(hdf5_path, 'a') as f:
  File "/Users/louis/Desktop/quantitative_trading_system/venv/lib/python3.9/site-packages/h5py/_hl/files.py", line 564, in __init__
    fid = make_fid(name, mode, userblock_size, fapl, fcpl, swmr=swmr)
  File "/Users/louis/Desktop/quantitative_trading_system/venv/lib/python3.9/site-packages/h5py/_hl/files.py", line 250, in make_fid
    fid = h5f.open(name, h5f.ACC_RDWR, fapl=fapl)
  File "h5py/_objects.pyx", line 56, in h5py._objects.with_phil.wrapper
  File "h5py/_objects.pyx", line 57, in h5py._objects.with_phil.wrapper
  File "h5py/h5f.pyx", line 102, in h5py.h5f.open
OSError: Unable to synchronously open file (file is already open for read-only)
2025-10-25 18:28:05 - api.batch_download_service - [31mERROR[0m - Failed to process case ADAUSDT_1736164800_0: Unable to synchronously open file (file is already open for read-only)
Traceback (most recent call last):
  File "/Users/louis/Desktop/quantitative_trading_system/api/services/batch_download_service.py", line 321, in download_group
    await asyncio.to_thread(
  File "/Library/Developer/CommandLineTools/Library/Frameworks/Python3.framework/Versions/3.9/lib/python3.9/asyncio/threads.py", line 25, in to_thread
    return await loop.run_in_executor(None, func_call)
  File "/Library/Developer/CommandLineTools/Library/Frameworks/Python3.framework/Versions/3.9/lib/python3.9/concurrent/futures/thread.py", line 52, in run
    result = self.fn(*self.args, **self.kwargs)
  File "/Users/louis/Desktop/quantitative_trading_system/api/services/batch_download_service.py", line 585, in _save_case_klines
    with h5py.File(hdf5_path, 'a') as f:
  File "/Users/louis/Desktop/quantitative_trading_system/venv/lib/python3.9/site-packages/h5py/_hl/files.py", line 564, in __init__
    fid = make_fid(name, mode, userblock_size, fapl, fcpl, swmr=swmr)
  File "/Users/louis/Desktop/quantitative_trading_system/venv/lib/python3.9/site-packages/h5py/_hl/files.py", line 250, in make_fid
    fid = h5f.open(name, h5f.ACC_RDWR, fapl=fapl)
  File "h5py/_objects.pyx", line 56, in h5py._objects.with_phil.wrapper
  File "h5py/_objects.pyx", line 57, in h5py._objects.with_phil.wrapper
  File "h5py/h5f.pyx", line 102, in h5py.h5f.open
OSError: Unable to synchronously open file (file is already open for read-only)
2025-10-25 18:29:10 - api.routes.chart - [31mERROR[0m - System error: ADAUSDT/1h 的緩存不足，無法提供案例所需的K線範圍。請先下載缺失的歷史資料後再重試。
2025-10-25 18:29:10 - api.exception_handler - [31mERROR[0m - HTTP 500: ADAUSDT/1h 的緩存不足，無法提供案例所需的K線範圍。請先下載缺失的歷史資料後再重試。
2025-10-25 18:29:10 - api.request - [31mERROR[0m - GET /api/v1/chart/data - 500 - 0.146s
2025-10-25 18:29:10 - api.routes.chart - [31mERROR[0m - System error: ADAUSDT/1h 的緩存不足，無法提供案例所需的K線範圍。請先下載缺失的歷史資料後再重試。
2025-10-25 18:29:10 - api.exception_handler - [31mERROR[0m - HTTP 500: ADAUSDT/1h 的緩存不足，無法提供案例所需的K線範圍。請先下載缺失的歷史資料後再重試。
2025-10-25 18:29:10 - api.request - [31mERROR[0m - GET /api/v1/chart/data - 500 - 0.069s
2025-10-25 18:29:25 - api.routes.chart - [31mERROR[0m - System error: ADAUSDT/1h 的緩存不足，無法提供案例所需的K線範圍。請先下載缺失的歷史資料後再重試。
2025-10-25 18:29:25 - api.exception_handler - [31mERROR[0m - HTTP 500: ADAUSDT/1h 的緩存不足，無法提供案例所需的K線範圍。請先下載缺失的歷史資料後再重試。
2025-10-25 18:29:25 - api.request - [31mERROR[0m - GET /api/v1/chart/data - 500 - 0.096s
2025-10-25 18:29:25 - api.routes.chart - [31mERROR[0m - System error: ADAUSDT/1h 的緩存不足，無法提供案例所需的K線範圍。請先下載缺失的歷史資料後再重試。
2025-10-25 18:29:25 - api.exception_handler - [31mERROR[0m - HTTP 500: ADAUSDT/1h 的緩存不足，無法提供案例所需的K線範圍。請先下載缺失的歷史資料後再重試。
2025-10-25 18:29:25 - api.request - [31mERROR[0m - GET /api/v1/chart/data - 500 - 0.074s
2025-10-25 18:36:06 - api.batch_download_service - [31mERROR[0m - Failed to save case klines for ADAUSDT_1735862400_1: Unable to synchronously open file (file is already open for read-only)
Traceback (most recent call last):
  File "/Users/louis/Desktop/quantitative_trading_system/api/services/batch_download_service.py", line 585, in _save_case_klines
    with h5py.File(hdf5_path, 'a') as f:
  File "/Users/louis/Desktop/quantitative_trading_system/venv/lib/python3.9/site-packages/h5py/_hl/files.py", line 564, in __init__
    fid = make_fid(name, mode, userblock_size, fapl, fcpl, swmr=swmr)
  File "/Users/louis/Desktop/quantitative_trading_system/venv/lib/python3.9/site-packages/h5py/_hl/files.py", line 250, in make_fid
    fid = h5f.open(name, h5f.ACC_RDWR, fapl=fapl)
  File "h5py/_objects.pyx", line 56, in h5py._objects.with_phil.wrapper
  File "h5py/_objects.pyx", line 57, in h5py._objects.with_phil.wrapper
  File "h5py/h5f.pyx", line 102, in h5py.h5f.open
OSError: Unable to synchronously open file (file is already open for read-only)
2025-10-25 18:36:06 - api.batch_download_service - [31mERROR[0m - Failed to process case ADAUSDT_1735862400_1: Unable to synchronously open file (file is already open for read-only)
Traceback (most recent call last):
  File "/Users/louis/Desktop/quantitative_trading_system/api/services/batch_download_service.py", line 321, in download_group
    await asyncio.to_thread(
  File "/Library/Developer/CommandLineTools/Library/Frameworks/Python3.framework/Versions/3.9/lib/python3.9/asyncio/threads.py", line 25, in to_thread
    return await loop.run_in_executor(None, func_call)
  File "/Library/Developer/CommandLineTools/Library/Frameworks/Python3.framework/Versions/3.9/lib/python3.9/concurrent/futures/thread.py", line 52, in run
    result = self.fn(*self.args, **self.kwargs)
  File "/Users/louis/Desktop/quantitative_trading_system/api/services/batch_download_service.py", line 585, in _save_case_klines
    with h5py.File(hdf5_path, 'a') as f:
  File "/Users/louis/Desktop/quantitative_trading_system/venv/lib/python3.9/site-packages/h5py/_hl/files.py", line 564, in __init__
    fid = make_fid(name, mode, userblock_size, fapl, fcpl, swmr=swmr)
  File "/Users/louis/Desktop/quantitative_trading_system/venv/lib/python3.9/site-packages/h5py/_hl/files.py", line 250, in make_fid
    fid = h5f.open(name, h5f.ACC_RDWR, fapl=fapl)
  File "h5py/_objects.pyx", line 56, in h5py._objects.with_phil.wrapper
  File "h5py/_objects.pyx", line 57, in h5py._objects.with_phil.wrapper
  File "h5py/h5f.pyx", line 102, in h5py.h5f.open
OSError: Unable to synchronously open file (file is already open for read-only)
2025-10-25 18:42:57 - api.batch_download_service - [31mERROR[0m - Failed to save case klines for ADAUSDT_1735862400_1: Unable to synchronously open file (file is already open for read-only)
Traceback (most recent call last):
  File "/Users/louis/Desktop/quantitative_trading_system/api/services/batch_download_service.py", line 585, in _save_case_klines
    with h5py.File(hdf5_path, 'a') as f:
  File "/Users/louis/Desktop/quantitative_trading_system/venv/lib/python3.9/site-packages/h5py/_hl/files.py", line 564, in __init__
    fid = make_fid(name, mode, userblock_size, fapl, fcpl, swmr=swmr)
  File "/Users/louis/Desktop/quantitative_trading_system/venv/lib/python3.9/site-packages/h5py/_hl/files.py", line 250, in make_fid
    fid = h5f.open(name, h5f.ACC_RDWR, fapl=fapl)
  File "h5py/_objects.pyx", line 56, in h5py._objects.with_phil.wrapper
  File "h5py/_objects.pyx", line 57, in h5py._objects.with_phil.wrapper
  File "h5py/h5f.pyx", line 102, in h5py.h5f.open
OSError: Unable to synchronously open file (file is already open for read-only)
2025-10-25 18:42:57 - api.batch_download_service - [31mERROR[0m - Failed to process case ADAUSDT_1735862400_1: Unable to synchronously open file (file is already open for read-only)
Traceback (most recent call last):
  File "/Users/louis/Desktop/quantitative_trading_system/api/services/batch_download_service.py", line 321, in download_group
    await asyncio.to_thread(
  File "/Library/Developer/CommandLineTools/Library/Frameworks/Python3.framework/Versions/3.9/lib/python3.9/asyncio/threads.py", line 25, in to_thread
    return await loop.run_in_executor(None, func_call)
  File "/Library/Developer/CommandLineTools/Library/Frameworks/Python3.framework/Versions/3.9/lib/python3.9/concurrent/futures/thread.py", line 52, in run
    result = self.fn(*self.args, **self.kwargs)
  File "/Users/louis/Desktop/quantitative_trading_system/api/services/batch_download_service.py", line 585, in _save_case_klines
    with h5py.File(hdf5_path, 'a') as f:
  File "/Users/louis/Desktop/quantitative_trading_system/venv/lib/python3.9/site-packages/h5py/_hl/files.py", line 564, in __init__
    fid = make_fid(name, mode, userblock_size, fapl, fcpl, swmr=swmr)
  File "/Users/louis/Desktop/quantitative_trading_system/venv/lib/python3.9/site-packages/h5py/_hl/files.py", line 250, in make_fid
    fid = h5f.open(name, h5f.ACC_RDWR, fapl=fapl)
  File "h5py/_objects.pyx", line 56, in h5py._objects.with_phil.wrapper
  File "h5py/_objects.pyx", line 57, in h5py._objects.with_phil.wrapper
  File "h5py/h5f.pyx", line 102, in h5py.h5f.open
OSError: Unable to synchronously open file (file is already open for read-only)
2025-10-25 20:40:57 - api.routes.chart - [31mERROR[0m - System error: ADAUSDT/1h 的緩存不足，無法提供案例所需的K線範圍。請先下載缺失的歷史資料後再重試。
2025-10-25 20:40:57 - api.exception_handler - [31mERROR[0m - HTTP 500: ADAUSDT/1h 的緩存不足，無法提供案例所需的K線範圍。請先下載缺失的歷史資料後再重試。
2025-10-25 20:40:57 - api.request - [31mERROR[0m - GET /api/v1/chart/data - 500 - 0.137s
2025-10-25 20:40:57 - api.routes.chart - [31mERROR[0m - System error: ADAUSDT/1h 的緩存不足，無法提供案例所需的K線範圍。請先下載缺失的歷史資料後再重試。
2025-10-25 20:40:57 - api.exception_handler - [31mERROR[0m - HTTP 500: ADAUSDT/1h 的緩存不足，無法提供案例所需的K線範圍。請先下載缺失的歷史資料後再重試。
2025-10-25 20:40:57 - api.request - [31mERROR[0m - GET /api/v1/chart/data - 500 - 0.072s
2025-10-25 20:41:02 - api.routes.chart - [31mERROR[0m - System error: ADAUSDT/1h 的緩存不足，無法提供案例所需的K線範圍。請先下載缺失的歷史資料後再重試。
2025-10-25 20:41:02 - api.exception_handler - [31mERROR[0m - HTTP 500: ADAUSDT/1h 的緩存不足，無法提供案例所需的K線範圍。請先下載缺失的歷史資料後再重試。
2025-10-25 20:41:02 - api.request - [31mERROR[0m - GET /api/v1/chart/data - 500 - 0.096s
2025-10-25 20:41:02 - api.routes.chart - [31mERROR[0m - System error: ADAUSDT/1h 的緩存不足，無法提供案例所需的K線範圍。請先下載缺失的歷史資料後再重試。
2025-10-25 20:41:02 - api.exception_handler - [31mERROR[0m - HTTP 500: ADAUSDT/1h 的緩存不足，無法提供案例所需的K線範圍。請先下載缺失的歷史資料後再重試。
2025-10-25 20:41:02 - api.request - [31mERROR[0m - GET /api/v1/chart/data - 500 - 0.068s
2025-10-25 20:41:26 - api.routes.chart - [31mERROR[0m - System error: DOGEUSDT/1h 的緩存不足，無法提供案例所需的K線範圍。請先下載缺失的歷史資料後再重試。
2025-10-25 20:41:26 - api.exception_handler - [31mERROR[0m - HTTP 500: DOGEUSDT/1h 的緩存不足，無法提供案例所需的K線範圍。請先下載缺失的歷史資料後再重試。
2025-10-25 20:41:26 - api.request - [31mERROR[0m - GET /api/v1/chart/data - 500 - 0.127s
2025-10-25 20:41:39 - api.routes.chart - [31mERROR[0m - System error: ADAUSDT/1h 的緩存不足，無法提供案例所需的K線範圍。請先下載缺失的歷史資料後再重試。
2025-10-25 20:41:39 - api.exception_handler - [31mERROR[0m - HTTP 500: ADAUSDT/1h 的緩存不足，無法提供案例所需的K線範圍。請先下載缺失的歷史資料後再重試。
2025-10-25 20:41:39 - api.request - [31mERROR[0m - GET /api/v1/chart/data - 500 - 0.103s
2025-10-25 20:41:39 - api.routes.chart - [31mERROR[0m - System error: ADAUSDT/1h 的緩存不足，無法提供案例所需的K線範圍。請先下載缺失的歷史資料後再重試。
2025-10-25 20:41:39 - api.exception_handler - [31mERROR[0m - HTTP 500: ADAUSDT/1h 的緩存不足，無法提供案例所需的K線範圍。請先下載缺失的歷史資料後再重試。
2025-10-25 20:41:39 - api.request - [31mERROR[0m - GET /api/v1/chart/data - 500 - 0.064s
2025-10-25 20:41:54 - api.routes.chart - [31mERROR[0m - System error: ADAUSDT/1h 的緩存不足，無法提供案例所需的K線範圍。請先下載缺失的歷史資料後再重試。
2025-10-25 20:41:54 - api.exception_handler - [31mERROR[0m - HTTP 500: ADAUSDT/1h 的緩存不足，無法提供案例所需的K線範圍。請先下載缺失的歷史資料後再重試。
2025-10-25 20:41:54 - api.request - [31mERROR[0m - GET /api/v1/chart/data - 500 - 0.140s
2025-10-25 20:41:54 - api.routes.chart - [31mERROR[0m - System error: ADAUSDT/1h 的緩存不足，無法提供案例所需的K線範圍。請先下載缺失的歷史資料後再重試。
2025-10-25 20:41:54 - api.exception_handler - [31mERROR[0m - HTTP 500: ADAUSDT/1h 的緩存不足，無法提供案例所需的K線範圍。請先下載缺失的歷史資料後再重試。
2025-10-25 20:41:54 - api.request - [31mERROR[0m - GET /api/v1/chart/data - 500 - 0.068s
2025-10-25 20:41:57 - api.routes.chart - [31mERROR[0m - System error: ADAUSDT/1h 的緩存不足，無法提供案例所需的K線範圍。請先下載缺失的歷史資料後再重試。
2025-10-25 20:41:57 - api.exception_handler - [31mERROR[0m - HTTP 500: ADAUSDT/1h 的緩存不足，無法提供案例所需的K線範圍。請先下載缺失的歷史資料後再重試。
2025-10-25 20:41:57 - api.request - [31mERROR[0m - GET /api/v1/chart/data - 500 - 0.080s
2025-10-25 20:41:58 - api.routes.chart - [31mERROR[0m - System error: ADAUSDT/1h 的緩存不足，無法提供案例所需的K線範圍。請先下載缺失的歷史資料後再重試。
2025-10-25 20:41:58 - api.exception_handler - [31mERROR[0m - HTTP 500: ADAUSDT/1h 的緩存不足，無法提供案例所需的K線範圍。請先下載缺失的歷史資料後再重試。
2025-10-25 20:41:58 - api.request - [31mERROR[0m - GET /api/v1/chart/data - 500 - 0.063s
2025-10-25 20:42:08 - api.routes.chart - [31mERROR[0m - System error: ADAUSDT/1h 的緩存不足，無法提供案例所需的K線範圍。請先下載缺失的歷史資料後再重試。
2025-10-25 20:42:08 - api.exception_handler - [31mERROR[0m - HTTP 500: ADAUSDT/1h 的緩存不足，無法提供案例所需的K線範圍。請先下載缺失的歷史資料後再重試。
2025-10-25 20:42:08 - api.request - [31mERROR[0m - GET /api/v1/chart/data - 500 - 0.085s
2025-10-25 20:42:08 - api.routes.chart - [31mERROR[0m - System error: ADAUSDT/1h 的緩存不足，無法提供案例所需的K線範圍。請先下載缺失的歷史資料後再重試。
2025-10-25 20:42:08 - api.exception_handler - [31mERROR[0m - HTTP 500: ADAUSDT/1h 的緩存不足，無法提供案例所需的K線範圍。請先下載缺失的歷史資料後再重試。
2025-10-25 20:42:08 - api.request - [31mERROR[0m - GET /api/v1/chart/data - 500 - 0.068s
2025-10-25 20:44:44 - api.routes.chart - [31mERROR[0m - System error: ADAUSDT/1h 的緩存不足，無法提供案例所需的K線範圍。請先下載缺失的歷史資料後再重試。
2025-10-25 20:44:44 - api.exception_handler - [31mERROR[0m - HTTP 500: ADAUSDT/1h 的緩存不足，無法提供案例所需的K線範圍。請先下載缺失的歷史資料後再重試。
2025-10-25 20:44:44 - api.request - [31mERROR[0m - GET /api/v1/chart/data - 500 - 0.099s
2025-10-25 20:44:44 - api.routes.chart - [31mERROR[0m - System error: ADAUSDT/1h 的緩存不足，無法提供案例所需的K線範圍。請先下載缺失的歷史資料後再重試。
2025-10-25 20:44:44 - api.exception_handler - [31mERROR[0m - HTTP 500: ADAUSDT/1h 的緩存不足，無法提供案例所需的K線範圍。請先下載缺失的歷史資料後再重試。
2025-10-25 20:44:44 - api.request - [31mERROR[0m - GET /api/v1/chart/data - 500 - 0.064s
2025-10-25 20:50:06 - api.routes.chart - [31mERROR[0m - System error: ADAUSDT/1h 的緩存不足，無法提供案例所需的K線範圍。請先下載缺失的歷史資料後再重試。
2025-10-25 20:50:06 - api.exception_handler - [31mERROR[0m - HTTP 500: ADAUSDT/1h 的緩存不足，無法提供案例所需的K線範圍。請先下載缺失的歷史資料後再重試。
2025-10-25 20:50:06 - api.request - [31mERROR[0m - GET /api/v1/chart/data - 500 - 0.156s
2025-10-25 20:50:06 - api.routes.chart - [31mERROR[0m - System error: ADAUSDT/1h 的緩存不足，無法提供案例所需的K線範圍。請先下載缺失的歷史資料後再重試。
2025-10-25 20:50:06 - api.exception_handler - [31mERROR[0m - HTTP 500: ADAUSDT/1h 的緩存不足，無法提供案例所需的K線範圍。請先下載缺失的歷史資料後再重試。
2025-10-25 20:50:06 - api.request - [31mERROR[0m - GET /api/v1/chart/data - 500 - 0.065s
2025-10-25 20:50:13 - api.routes.chart - [31mERROR[0m - System error: ADAUSDT/1h 的緩存不足，無法提供案例所需的K線範圍。請先下載缺失的歷史資料後再重試。
2025-10-25 20:50:13 - api.exception_handler - [31mERROR[0m - HTTP 500: ADAUSDT/1h 的緩存不足，無法提供案例所需的K線範圍。請先下載缺失的歷史資料後再重試。
2025-10-25 20:50:13 - api.request - [31mERROR[0m - GET /api/v1/chart/data - 500 - 0.084s
2025-10-25 20:50:13 - api.routes.chart - [31mERROR[0m - System error: ADAUSDT/1h 的緩存不足，無法提供案例所需的K線範圍。請先下載缺失的歷史資料後再重試。
2025-10-25 20:50:13 - api.exception_handler - [31mERROR[0m - HTTP 500: ADAUSDT/1h 的緩存不足，無法提供案例所需的K線範圍。請先下載缺失的歷史資料後再重試。
2025-10-25 20:50:13 - api.request - [31mERROR[0m - GET /api/v1/chart/data - 500 - 0.071s
2025-10-25 20:50:30 - api.routes.chart - [31mERROR[0m - System error: ADAUSDT/1h 的緩存不足，無法提供案例所需的K線範圍。請先下載缺失的歷史資料後再重試。
2025-10-25 20:50:30 - api.exception_handler - [31mERROR[0m - HTTP 500: ADAUSDT/1h 的緩存不足，無法提供案例所需的K線範圍。請先下載缺失的歷史資料後再重試。
2025-10-25 20:50:30 - api.request - [31mERROR[0m - GET /api/v1/chart/data - 500 - 0.096s
2025-10-25 20:50:30 - api.routes.chart - [31mERROR[0m - System error: ADAUSDT/1h 的緩存不足，無法提供案例所需的K線範圍。請先下載缺失的歷史資料後再重試。
2025-10-25 20:50:30 - api.exception_handler - [31mERROR[0m - HTTP 500: ADAUSDT/1h 的緩存不足，無法提供案例所需的K線範圍。請先下載缺失的歷史資料後再重試。
2025-10-25 20:50:30 - api.request - [31mERROR[0m - GET /api/v1/chart/data - 500 - 0.073s
2025-10-25 20:50:32 - api.routes.chart - [31mERROR[0m - System error: DOGEUSDT/1h 的緩存不足，無法提供案例所需的K線範圍。請先下載缺失的歷史資料後再重試。
2025-10-25 20:50:32 - api.exception_handler - [31mERROR[0m - HTTP 500: DOGEUSDT/1h 的緩存不足，無法提供案例所需的K線範圍。請先下載缺失的歷史資料後再重試。
2025-10-25 20:50:32 - api.request - [31mERROR[0m - GET /api/v1/chart/data - 500 - 0.154s
2025-10-25 20:52:55 - api.routes.chart - [31mERROR[0m - System error: ADAUSDT/1h 的緩存不足，無法提供案例所需的K線範圍。請先下載缺失的歷史資料後再重試。
2025-10-25 20:52:55 - api.exception_handler - [31mERROR[0m - HTTP 500: ADAUSDT/1h 的緩存不足，無法提供案例所需的K線範圍。請先下載缺失的歷史資料後再重試。
2025-10-25 20:52:55 - api.request - [31mERROR[0m - GET /api/v1/chart/data - 500 - 0.120s
2025-10-25 20:52:55 - api.routes.chart - [31mERROR[0m - System error: ADAUSDT/1h 的緩存不足，無法提供案例所需的K線範圍。請先下載缺失的歷史資料後再重試。
2025-10-25 20:52:55 - api.exception_handler - [31mERROR[0m - HTTP 500: ADAUSDT/1h 的緩存不足，無法提供案例所需的K線範圍。請先下載缺失的歷史資料後再重試。
2025-10-25 20:52:55 - api.request - [31mERROR[0m - GET /api/v1/chart/data - 500 - 0.072s
2025-10-25 21:01:05 - api.routes.chart - [31mERROR[0m - System error: ADAUSDT/4h 的緩存不足，無法提供案例所需的K線範圍。請先下載缺失的歷史資料後再重試。
2025-10-25 21:01:05 - api.exception_handler - [31mERROR[0m - HTTP 500: ADAUSDT/4h 的緩存不足，無法提供案例所需的K線範圍。請先下載缺失的歷史資料後再重試。
2025-10-25 21:01:05 - api.request - [31mERROR[0m - GET /api/v1/chart/data - 500 - 0.151s
2025-10-25 21:01:05 - api.routes.chart - [31mERROR[0m - System error: ADAUSDT/4h 的緩存不足，無法提供案例所需的K線範圍。請先下載缺失的歷史資料後再重試。
2025-10-25 21:01:05 - api.exception_handler - [31mERROR[0m - HTTP 500: ADAUSDT/4h 的緩存不足，無法提供案例所需的K線範圍。請先下載缺失的歷史資料後再重試。
2025-10-25 21:01:05 - api.request - [31mERROR[0m - GET /api/v1/chart/data - 500 - 0.064s
2025-10-25 21:23:14 - api.routes.chart - [31mERROR[0m - System error: ADAUSDT/1h 的緩存不足，無法提供案例所需的K線範圍。請先下載缺失的歷史資料後再重試。
2025-10-25 21:23:14 - api.exception_handler - [31mERROR[0m - HTTP 500: ADAUSDT/1h 的緩存不足，無法提供案例所需的K線範圍。請先下載缺失的歷史資料後再重試。
2025-10-25 21:23:14 - api.request - [31mERROR[0m - GET /api/v1/chart/data - 500 - 0.134s
2025-10-25 21:23:53 - api.routes.chart - [31mERROR[0m - System error: ADAUSDT/1h 的緩存不足，無法提供案例所需的K線範圍。請先下載缺失的歷史資料後再重試。
2025-10-25 21:23:53 - api.exception_handler - [31mERROR[0m - HTTP 500: ADAUSDT/1h 的緩存不足，無法提供案例所需的K線範圍。請先下載缺失的歷史資料後再重試。
2025-10-25 21:23:53 - api.request - [31mERROR[0m - GET /api/v1/chart/data - 500 - 0.113s
2025-10-25 21:26:41 - api.routes.chart - [31mERROR[0m - System error: ADAUSDT/4h 的緩存不足，無法提供案例所需的K線範圍。請先下載缺失的歷史資料後再重試。
2025-10-25 21:26:41 - api.exception_handler - [31mERROR[0m - HTTP 500: ADAUSDT/4h 的緩存不足，無法提供案例所需的K線範圍。請先下載缺失的歷史資料後再重試。
2025-10-25 21:26:41 - api.request - [31mERROR[0m - GET /api/v1/chart/data - 500 - 0.125s
2025-10-25 21:26:41 - api.routes.chart - [31mERROR[0m - System error: ADAUSDT/4h 的緩存不足，無法提供案例所需的K線範圍。請先下載缺失的歷史資料後再重試。
2025-10-25 21:26:41 - api.exception_handler - [31mERROR[0m - HTTP 500: ADAUSDT/4h 的緩存不足，無法提供案例所需的K線範圍。請先下載缺失的歷史資料後再重試。
2025-10-25 21:26:41 - api.request - [31mERROR[0m - GET /api/v1/chart/data - 500 - 0.063s
2025-10-25 21:33:39 - api.routes.chart - [31mERROR[0m - System error: ADAUSDT/4h 的緩存不足，無法提供案例所需的K線範圍。請先下載缺失的歷史資料後再重試。
2025-10-25 21:33:39 - api.exception_handler - [31mERROR[0m - HTTP 500: ADAUSDT/4h 的緩存不足，無法提供案例所需的K線範圍。請先下載缺失的歷史資料後再重試。
2025-10-25 21:33:39 - api.request - [31mERROR[0m - GET /api/v1/chart/data - 500 - 0.153s
2025-10-25 21:33:39 - api.routes.chart - [31mERROR[0m - System error: ADAUSDT/4h 的緩存不足，無法提供案例所需的K線範圍。請先下載缺失的歷史資料後再重試。
2025-10-25 21:33:39 - api.exception_handler - [31mERROR[0m - HTTP 500: ADAUSDT/4h 的緩存不足，無法提供案例所需的K線範圍。請先下載缺失的歷史資料後再重試。
2025-10-25 21:33:39 - api.request - [31mERROR[0m - GET /api/v1/chart/data - 500 - 0.063s
2025-10-25 21:38:04 - api.routes.chart - [31mERROR[0m - System error: ADAUSDT/1h 的緩存不足，無法提供案例所需的K線範圍。請先下載缺失的歷史資料後再重試。
2025-10-25 21:38:04 - api.exception_handler - [31mERROR[0m - HTTP 500: ADAUSDT/1h 的緩存不足，無法提供案例所需的K線範圍。請先下載缺失的歷史資料後再重試。
2025-10-25 21:38:04 - api.request - [31mERROR[0m - GET /api/v1/chart/data - 500 - 0.025s
2025-10-25 21:38:42 - api.routes.chart - [31mERROR[0m - System error: ADAUSDT/1h 的緩存不足，無法提供案例所需的K線範圍。請先下載缺失的歷史資料後再重試。
2025-10-25 21:38:42 - api.exception_handler - [31mERROR[0m - HTTP 500: ADAUSDT/1h 的緩存不足，無法提供案例所需的K線範圍。請先下載缺失的歷史資料後再重試。
2025-10-25 21:38:42 - api.request - [31mERROR[0m - GET /api/v1/chart/data - 500 - 0.121s
2025-10-25 21:39:16 - api.routes.chart - [31mERROR[0m - System error: ADAUSDT/1h 的緩存不足，無法提供案例所需的K線範圍。請先下載缺失的歷史資料後再重試。
2025-10-25 21:39:16 - api.exception_handler - [31mERROR[0m - HTTP 500: ADAUSDT/1h 的緩存不足，無法提供案例所需的K線範圍。請先下載缺失的歷史資料後再重試。
2025-10-25 21:39:16 - api.request - [31mERROR[0m - GET /api/v1/chart/data - 500 - 0.124s
2025-10-25 21:39:37 - api.routes.chart - [31mERROR[0m - System error: ADAUSDT/1h 的緩存不足，無法提供案例所需的K線範圍。請先下載缺失的歷史資料後再重試。
2025-10-25 21:39:37 - api.exception_handler - [31mERROR[0m - HTTP 500: ADAUSDT/1h 的緩存不足，無法提供案例所需的K線範圍。請先下載缺失的歷史資料後再重試。
2025-10-25 21:39:37 - api.request - [31mERROR[0m - GET /api/v1/chart/data - 500 - 0.130s
2025-10-25 21:40:21 - api.routes.chart - [31mERROR[0m - System error: ADAUSDT/1h 的緩存不足，無法提供案例所需的K線範圍。請先下載缺失的歷史資料後再重試。
2025-10-25 21:40:21 - api.exception_handler - [31mERROR[0m - HTTP 500: ADAUSDT/1h 的緩存不足，無法提供案例所需的K線範圍。請先下載缺失的歷史資料後再重試。
2025-10-25 21:40:21 - api.request - [31mERROR[0m - GET /api/v1/chart/data - 500 - 0.125s
2025-10-25 21:42:28 - api.routes.chart - [31mERROR[0m - System error: ADAUSDT/1h 的緩存不足，無法提供案例所需的K線範圍。請先下載缺失的歷史資料後再重試。
2025-10-25 21:42:28 - api.exception_handler - [31mERROR[0m - HTTP 500: ADAUSDT/1h 的緩存不足，無法提供案例所需的K線範圍。請先下載缺失的歷史資料後再重試。
2025-10-25 21:42:28 - api.request - [31mERROR[0m - GET /api/v1/chart/data - 500 - 0.153s
2025-10-25 21:52:30 - api.kline_data_service - [31mERROR[0m - Failed to get kline data for ADAUSDT/1h: name 'start_ts' is not defined
Traceback (most recent call last):
  File "/Users/louis/Desktop/quantitative_trading_system/api/services/kline_data_service.py", line 215, in get_kline_data
    df = self._handle_partial_cache(
  File "/Users/louis/Desktop/quantitative_trading_system/api/services/kline_data_service.py", line 450, in _handle_partial_cache
    cache_overlap_start_ts = max(start_ts, cache_start_ts)
NameError: name 'start_ts' is not defined
2025-10-25 21:52:30 - api.routes.chart - [31mERROR[0m - System error: ADAUSDT/1h 的緩存不足，無法提供案例所需的K線範圍。請先下載缺失的歷史資料後再重試。
2025-10-25 21:52:30 - api.exception_handler - [31mERROR[0m - HTTP 500: ADAUSDT/1h 的緩存不足，無法提供案例所需的K線範圍。請先下載缺失的歷史資料後再重試。
2025-10-25 21:52:30 - api.request - [31mERROR[0m - GET /api/v1/chart/data - 500 - 0.013s
2025-10-25 21:53:13 - api.routes.chart - [31mERROR[0m - System error: ADAUSDT/1h 的緩存不足，無法提供案例所需的K線範圍。請先下載缺失的歷史資料後再重試。
2025-10-25 21:53:13 - api.exception_handler - [31mERROR[0m - HTTP 500: ADAUSDT/1h 的緩存不足，無法提供案例所需的K線範圍。請先下載缺失的歷史資料後再重試。
2025-10-25 21:53:13 - api.request - [31mERROR[0m - GET /api/v1/chart/data - 500 - 0.127s
