2025-09-11 21:34:51 - api.routes.two_stage_search - [31mERROR[0m - Error starting positive search: 2 validation errors for TaskStartResponse
data.updated_at
  Field required [type=missing, input_value={'task_id': 'a7e2526b-1a2... 'test_positive_search'}, input_type=dict]
    For further information visit https://errors.pydantic.dev/2.11/v/missing
data.config_name
  Field required [type=missing, input_value={'task_id': 'a7e2526b-1a2... 'test_positive_search'}, input_type=dict]
    For further information visit https://errors.pydantic.dev/2.11/v/missing
2025-09-11 21:34:51 - api.exception_handler - [31mERROR[0m - HTTP 500: 2 validation errors for TaskStartResponse
data.updated_at
  Field required [type=missing, input_value={'task_id': 'a7e2526b-1a2... 'test_positive_search'}, input_type=dict]
    For further information visit https://errors.pydantic.dev/2.11/v/missing
data.config_name
  Field required [type=missing, input_value={'task_id': 'a7e2526b-1a2... 'test_positive_search'}, input_type=dict]
    For further information visit https://errors.pydantic.dev/2.11/v/missing
2025-09-11 21:34:51 - api.standalone_search_service - [31mERROR[0m - Failed to convert request to search config: 'str' object has no attribute 'strftime'
2025-09-11 21:34:51 - api.standalone_search_service - [31mERROR[0m - Real search failed: 'str' object has no attribute 'strftime'
Traceback (most recent call last):
  File "/Users/louis/Desktop/quantitative_trading_system/api/services/standalone_search_service.py", line 383, in _run_search_task
    search_config = self._convert_request_to_search_config(request)
  File "/Users/louis/Desktop/quantitative_trading_system/api/services/standalone_search_service.py", line 291, in _convert_request_to_search_config
    request.start_date.strftime('%Y-%m-%d'),
AttributeError: 'str' object has no attribute 'strftime'
2025-09-11 21:34:51 - api.request - [31mERROR[0m - POST /api/v1/two-stage/positive - 500 - 0.017s
2025-09-11 21:34:59 - api.standalone_search_service - [31mERROR[0m - Failed to convert request to search config: 'str' object has no attribute 'strftime'
2025-09-11 21:34:59 - api.standalone_search_service - [31mERROR[0m - Real search failed: 'str' object has no attribute 'strftime'
Traceback (most recent call last):
  File "/Users/louis/Desktop/quantitative_trading_system/api/services/standalone_search_service.py", line 383, in _run_search_task
    search_config = self._convert_request_to_search_config(request)
  File "/Users/louis/Desktop/quantitative_trading_system/api/services/standalone_search_service.py", line 291, in _convert_request_to_search_config
    request.start_date.strftime('%Y-%m-%d'),
AttributeError: 'str' object has no attribute 'strftime'
2025-09-11 21:36:05 - api.routes.two_stage_search - [31mERROR[0m - Error starting positive search: 2 validation errors for TaskStartResponse
data.updated_at
  Field required [type=missing, input_value={'task_id': '1e203f54-3e1... 'test_positive_search'}, input_type=dict]
    For further information visit https://errors.pydantic.dev/2.11/v/missing
data.config_name
  Field required [type=missing, input_value={'task_id': '1e203f54-3e1... 'test_positive_search'}, input_type=dict]
    For further information visit https://errors.pydantic.dev/2.11/v/missing
2025-09-11 21:36:05 - api.exception_handler - [31mERROR[0m - HTTP 500: 2 validation errors for TaskStartResponse
data.updated_at
  Field required [type=missing, input_value={'task_id': '1e203f54-3e1... 'test_positive_search'}, input_type=dict]
    For further information visit https://errors.pydantic.dev/2.11/v/missing
data.config_name
  Field required [type=missing, input_value={'task_id': '1e203f54-3e1... 'test_positive_search'}, input_type=dict]
    For further information visit https://errors.pydantic.dev/2.11/v/missing
2025-09-11 21:36:05 - api.standalone_search_service - [31mERROR[0m - Failed to convert request to search config: 'str' object has no attribute 'strftime'
2025-09-11 21:36:05 - api.standalone_search_service - [31mERROR[0m - Real search failed: 'str' object has no attribute 'strftime'
Traceback (most recent call last):
  File "/Users/louis/Desktop/quantitative_trading_system/api/services/standalone_search_service.py", line 383, in _run_search_task
    search_config = self._convert_request_to_search_config(request)
  File "/Users/louis/Desktop/quantitative_trading_system/api/services/standalone_search_service.py", line 291, in _convert_request_to_search_config
    request.start_date.strftime('%Y-%m-%d'),
AttributeError: 'str' object has no attribute 'strftime'
2025-09-11 21:36:05 - api.request - [31mERROR[0m - POST /api/v1/two-stage/positive - 500 - 0.004s
2025-09-11 21:36:36 - api.standalone_search_service - [31mERROR[0m - Failed to convert request to search config: 'str' object has no attribute 'strftime'
2025-09-11 21:36:36 - api.standalone_search_service - [31mERROR[0m - Real search failed: 'str' object has no attribute 'strftime'
Traceback (most recent call last):
  File "/Users/louis/Desktop/quantitative_trading_system/api/services/standalone_search_service.py", line 383, in _run_search_task
    search_config = self._convert_request_to_search_config(request)
  File "/Users/louis/Desktop/quantitative_trading_system/api/services/standalone_search_service.py", line 291, in _convert_request_to_search_config
    request.start_date.strftime('%Y-%m-%d'),
AttributeError: 'str' object has no attribute 'strftime'
2025-09-11 21:41:45 - api.standalone_search_service - [31mERROR[0m - Failed to convert request to search config: 'str' object has no attribute 'strftime'
2025-09-11 21:41:45 - api.standalone_search_service - [31mERROR[0m - Real search failed: 'str' object has no attribute 'strftime'
Traceback (most recent call last):
  File "/Users/louis/Desktop/quantitative_trading_system/api/services/standalone_search_service.py", line 383, in _run_search_task
    search_config = self._convert_request_to_search_config(request)
  File "/Users/louis/Desktop/quantitative_trading_system/api/services/standalone_search_service.py", line 291, in _convert_request_to_search_config
    request.start_date.strftime('%Y-%m-%d'),
AttributeError: 'str' object has no attribute 'strftime'
2025-09-11 21:45:47 - DataLoader - [31mERROR[0m - 保存緩存失敗: Missing optional dependency 'pytables'.  Use pip or conda to install pytables.
