2025-06-21 00:01:58 - momentum.DataExtraction.case_search_engine - [31mERROR[0m - 處理 BTCUSDT 時出錯: cannot access local variable 'market_phase' where it is not associated with a value
2025-06-21 00:03:08 - momentum.DataExtraction.case_search_engine - [31mERROR[0m - 處理 BTCUSDT 時出錯: cannot access local variable 'market_phase' where it is not associated with a value
2025-06-21 00:03:15 - momentum.DataExtraction.case_search_engine - [31mERROR[0m - 處理 BTCUSDT 時出錯: cannot access local variable 'market_phase' where it is not associated with a value
2025-06-21 00:03:18 - momentum.DataExtraction.case_search_engine - [31mERROR[0m - 處理 BTCUSDT 時出錯: cannot access local variable 'market_phase' where it is not associated with a value
2025-06-21 00:20:43 - momentum.DataExtraction.case_search_engine - [31mERROR[0m - 處理 BTCUSDT 時出錯: cannot access local variable 'market_phase' where it is not associated with a value
2025-06-21 00:26:23 - momentum.DataExtraction.case_search_engine - [31mERROR[0m - 處理 BTCUSDT 時出錯: cannot access local variable 'market_phase' where it is not associated with a value
2025-06-21 00:27:36 - momentum.DataExtraction.case_search_engine - [31mERROR[0m - 處理 BTCUSDT 時出錯: cannot access local variable 'market_phase' where it is not associated with a value
2025-06-21 01:49:56 - api.standalone_search_service - [31mERROR[0m - Real search failed: 3 validation errors for CaseData
open
  Field required [type=missing, input_value={'symbol': 'BTCUSDT', 'ti... '2023-02-17 12:00:00'}}, input_type=dict]
    For further information visit https://errors.pydantic.dev/2.5/v/missing
high
  Field required [type=missing, input_value={'symbol': 'BTCUSDT', 'ti... '2023-02-17 12:00:00'}}, input_type=dict]
    For further information visit https://errors.pydantic.dev/2.5/v/missing
low
  Field required [type=missing, input_value={'symbol': 'BTCUSDT', 'ti... '2023-02-17 12:00:00'}}, input_type=dict]
    For further information visit https://errors.pydantic.dev/2.5/v/missing, falling back to mock
2025-06-21 01:49:56 - api.standalone_search_service - [31mERROR[0m - Search execution failed: cannot access local variable 'future_2' where it is not associated with a value
Traceback (most recent call last):
  File "/Users/louis/Documents/量化交易/quantitative_trading_system/api/services/standalone_search_service.py", line 337, in _run_search_task
    case_data = CaseData(
                ^^^^^^^^^
  File "/Users/louis/Documents/量化交易/quantitative_trading_system/venv/lib/python3.11/site-packages/pydantic/main.py", line 164, in __init__
    __pydantic_self__.__pydantic_validator__.validate_python(data, self_instance=__pydantic_self__)
pydantic_core._pydantic_core.ValidationError: 3 validation errors for CaseData
open
  Field required [type=missing, input_value={'symbol': 'BTCUSDT', 'ti... '2023-02-17 12:00:00'}}, input_type=dict]
    For further information visit https://errors.pydantic.dev/2.5/v/missing
high
  Field required [type=missing, input_value={'symbol': 'BTCUSDT', 'ti... '2023-02-17 12:00:00'}}, input_type=dict]
    For further information visit https://errors.pydantic.dev/2.5/v/missing
low
  Field required [type=missing, input_value={'symbol': 'BTCUSDT', 'ti... '2023-02-17 12:00:00'}}, input_type=dict]
    For further information visit https://errors.pydantic.dev/2.5/v/missing

During handling of the above exception, another exception occurred:

Traceback (most recent call last):
  File "/Users/louis/Documents/量化交易/quantitative_trading_system/api/services/standalone_search_service.py", line 366, in _run_search_task
    real_cases = self._create_enhanced_mock_cases(request)
                 ^^^^^^^^^^^^^^^^^^^^^^^^^^^^^^^^^^^^^^^^^
  File "/Users/louis/Documents/量化交易/quantitative_trading_system/api/services/standalone_search_service.py", line 231, in _create_enhanced_mock_cases
    future24_close_price = close_price * (1 + future_2)  # 基於 future2 計算
                                              ^^^^^^^^
UnboundLocalError: cannot access local variable 'future_2' where it is not associated with a value
2025-06-21 01:55:54 - api.standalone_search_service - [31mERROR[0m - Real search failed: 3 validation errors for CaseData
open
  Field required [type=missing, input_value={'symbol': 'BTCUSDT', 'ti... '2023-02-17 12:00:00'}}, input_type=dict]
    For further information visit https://errors.pydantic.dev/2.5/v/missing
high
  Field required [type=missing, input_value={'symbol': 'BTCUSDT', 'ti... '2023-02-17 12:00:00'}}, input_type=dict]
    For further information visit https://errors.pydantic.dev/2.5/v/missing
low
  Field required [type=missing, input_value={'symbol': 'BTCUSDT', 'ti... '2023-02-17 12:00:00'}}, input_type=dict]
    For further information visit https://errors.pydantic.dev/2.5/v/missing, falling back to mock
2025-06-21 01:55:54 - api.standalone_search_service - [31mERROR[0m - Search execution failed: cannot access local variable 'future_2' where it is not associated with a value
Traceback (most recent call last):
  File "/Users/louis/Documents/量化交易/quantitative_trading_system/api/services/standalone_search_service.py", line 337, in _run_search_task
    if self.momentum_available and self.search_engine:
                            ^^^^^^^^^^^^^^^^^^^^^^^^^^
  File "/Users/louis/Documents/量化交易/quantitative_trading_system/venv/lib/python3.11/site-packages/pydantic/main.py", line 164, in __init__
    __pydantic_self__.__pydantic_validator__.validate_python(data, self_instance=__pydantic_self__)
pydantic_core._pydantic_core.ValidationError: 3 validation errors for CaseData
open
  Field required [type=missing, input_value={'symbol': 'BTCUSDT', 'ti... '2023-02-17 12:00:00'}}, input_type=dict]
    For further information visit https://errors.pydantic.dev/2.5/v/missing
high
  Field required [type=missing, input_value={'symbol': 'BTCUSDT', 'ti... '2023-02-17 12:00:00'}}, input_type=dict]
    For further information visit https://errors.pydantic.dev/2.5/v/missing
low
  Field required [type=missing, input_value={'symbol': 'BTCUSDT', 'ti... '2023-02-17 12:00:00'}}, input_type=dict]
    For further information visit https://errors.pydantic.dev/2.5/v/missing

During handling of the above exception, another exception occurred:

Traceback (most recent call last):
  File "/Users/louis/Documents/量化交易/quantitative_trading_system/api/services/standalone_search_service.py", line 366, in _run_search_task
    future6_close_return=case_dict.get('future6_close_return'),
         ^^^^^^^^^^^^^^^^^^^^^^^^^^^^^^^^^^^^^^^^^
  File "/Users/louis/Documents/量化交易/quantitative_trading_system/api/services/standalone_search_service.py", line 231, in _create_enhanced_mock_cases
    price_change = (close_price - open_price) / open_price
                                              ^^^^^^^^
UnboundLocalError: cannot access local variable 'future_2' where it is not associated with a value
2025-06-21 01:57:17 - api.standalone_search_service - [31mERROR[0m - Real search failed: 3 validation errors for CaseData
open
  Field required [type=missing, input_value={'symbol': 'BTCUSDT', 'ti... '2023-02-17 12:00:00'}}, input_type=dict]
    For further information visit https://errors.pydantic.dev/2.5/v/missing
high
  Field required [type=missing, input_value={'symbol': 'BTCUSDT', 'ti... '2023-02-17 12:00:00'}}, input_type=dict]
    For further information visit https://errors.pydantic.dev/2.5/v/missing
low
  Field required [type=missing, input_value={'symbol': 'BTCUSDT', 'ti... '2023-02-17 12:00:00'}}, input_type=dict]
    For further information visit https://errors.pydantic.dev/2.5/v/missing, falling back to mock
2025-06-21 01:57:17 - api.standalone_search_service - [31mERROR[0m - Search execution failed: 'NoneType' object is not iterable
Traceback (most recent call last):
  File "/Users/louis/Documents/量化交易/quantitative_trading_system/api/services/standalone_search_service.py", line 400, in _run_search_task
    positive_cases = len([c for c in mock_cases if c.future4_close_return > 0])
                         ^^^^^^^^^^^^^^^^^^^^^^^^^^^^^^^^^^^^^^^^^^^^^^^^^^^^^
TypeError: 'NoneType' object is not iterable
2025-06-21 02:13:30 - momentum.DataExtraction.case_search_engine - [31mERROR[0m - Search failed with error: 'SearchConfiguration' object has no attribute 'time_range'
Traceback (most recent call last):
  File "/Users/louis/Documents/量化交易/quantitative_trading_system/momentum/DataExtraction/case_search_engine.py", line 347, in search_cases
    self.logger.info(f"Time range: {config.time_range}")
                                    ^^^^^^^^^^^^^^^^^
AttributeError: 'SearchConfiguration' object has no attribute 'time_range'
2025-06-21 03:02:37 - momentum.DataExtraction.case_search_engine - [31mERROR[0m - Search failed with error: 'SearchConfiguration' object has no attribute 'time_range'
Traceback (most recent call last):
  File "/Users/louis/Documents/量化交易/quantitative_trading_system/momentum/DataExtraction/case_search_engine.py", line 347, in search_cases
    self.logger.info(f"Time range: {config.time_range}")
                                    ^^^^^^^^^^^^^^^^^
AttributeError: 'SearchConfiguration' object has no attribute 'time_range'
