2025-09-20 13:40:09 - DataLoader - [31mERROR[0m - 保存緩存失敗: Missing optional dependency 'pytables'.  Use pip or conda to install pytables.
2025-09-20 13:41:39 - DataLoader - [31mERROR[0m - 保存緩存失敗: Missing optional dependency 'pytables'.  Use pip or conda to install pytables.
2025-09-20 13:43:52 - DataLoader - [31mERROR[0m - 保存緩存失敗: Missing optional dependency 'pytables'.  Use pip or conda to install pytables.
2025-09-20 13:53:15 - DataLoader - [31mERROR[0m - 保存緩存失敗: Missing optional dependency 'pytables'.  Use pip or conda to install pytables.
2025-09-20 14:05:40 - api.routes.two_stage_search - [31mERROR[0m - Error starting negative search: 404: No positive cases found for task 6d34441d-8a2d-469f-85a0-cccb42337946
2025-09-20 14:05:40 - api.exception_handler - [31mERROR[0m - HTTP 500: 404: No positive cases found for task 6d34441d-8a2d-469f-85a0-cccb42337946
2025-09-20 14:05:40 - api.request - [31mERROR[0m - POST /api/v1/two-stage/negative/6d34441d-8a2d-469f-85a0-cccb42337946 - 500 - 0.004s
2025-09-20 14:06:57 - DataLoader - [31mERROR[0m - 保存緩存失敗: Missing optional dependency 'pytables'.  Use pip or conda to install pytables.
2025-09-20 14:07:57 - api.routes.two_stage_search - [31mERROR[0m - Error starting negative search: 'NegativeCaseRequest' object has no attribute 'search_config'
2025-09-20 14:07:57 - api.exception_handler - [31mERROR[0m - HTTP 500: 'NegativeCaseRequest' object has no attribute 'search_config'
2025-09-20 14:07:57 - DataLoader - [31mERROR[0m - 保存緩存失敗: Missing optional dependency 'pytables'.  Use pip or conda to install pytables.
2025-09-20 14:08:00 - api.request - [31mERROR[0m - POST /api/v1/two-stage/negative/2814718c-4279-4dbe-9e20-383c9278a883 - 500 - 2.915s
2025-09-20 14:10:15 - api.routes.two_stage_search - [31mERROR[0m - Error starting negative search: 404: Positive task 2814718c-4279-4dbe-9e20-383c9278a883 not found
2025-09-20 14:10:15 - api.exception_handler - [31mERROR[0m - HTTP 500: 404: Positive task 2814718c-4279-4dbe-9e20-383c9278a883 not found
2025-09-20 14:10:15 - api.request - [31mERROR[0m - POST /api/v1/two-stage/negative/2814718c-4279-4dbe-9e20-383c9278a883 - 500 - 0.003s
2025-09-20 14:10:33 - DataLoader - [31mERROR[0m - 保存緩存失敗: Missing optional dependency 'pytables'.  Use pip or conda to install pytables.
2025-09-20 14:11:58 - api.routes.two_stage_search - [31mERROR[0m - Error starting negative search: 'TaskInfo' object has no attribute 'get'
2025-09-20 14:11:58 - api.exception_handler - [31mERROR[0m - HTTP 500: 'TaskInfo' object has no attribute 'get'
2025-09-20 14:11:58 - api.request - [31mERROR[0m - POST /api/v1/two-stage/negative/ce9bf801-28a6-462e-a8d0-3ad71392112b - 500 - 0.003s
2025-09-20 14:14:40 - DataLoader - [31mERROR[0m - 保存緩存失敗: Missing optional dependency 'pytables'.  Use pip or conda to install pytables.
2025-09-20 14:15:57 - api.routes.two_stage_search - [31mERROR[0m - Error starting negative search: 'NegativeCaseRequest' object has no attribute 'search_config'
2025-09-20 14:15:57 - api.exception_handler - [31mERROR[0m - HTTP 500: 'NegativeCaseRequest' object has no attribute 'search_config'
2025-09-20 14:15:57 - DataLoader - [31mERROR[0m - 保存緩存失敗: Missing optional dependency 'pytables'.  Use pip or conda to install pytables.
2025-09-20 14:16:00 - api.request - [31mERROR[0m - POST /api/v1/two-stage/negative/a7960148-e71b-40fb-be7d-959832ac927b - 500 - 2.852s
2025-09-20 14:21:09 - DataLoader - [31mERROR[0m - 保存緩存失敗: Missing optional dependency 'pytables'.  Use pip or conda to install pytables.
2025-09-20 14:22:32 - DataLoader - [31mERROR[0m - 保存緩存失敗: Missing optional dependency 'pytables'.  Use pip or conda to install pytables.
2025-09-20 14:25:51 - api.routes.two_stage_search - [31mERROR[0m - Error getting combined results: 3 validation errors for SearchResultData
summary
  Field required [type=missing, input_value={'cases': [{'symbol': 'BT...gative_cases_count': 46}, input_type=dict]
    For further information visit https://errors.pydantic.dev/2.11/v/missing
sampling_quality
  Field required [type=missing, input_value={'cases': [{'symbol': 'BT...gative_cases_count': 46}, input_type=dict]
    For further information visit https://errors.pydantic.dev/2.11/v/missing
cache_used
  Field required [type=missing, input_value={'cases': [{'symbol': 'BT...gative_cases_count': 46}, input_type=dict]
    For further information visit https://errors.pydantic.dev/2.11/v/missing
2025-09-20 14:25:51 - api.exception_handler - [31mERROR[0m - HTTP 500: 3 validation errors for SearchResultData
summary
  Field required [type=missing, input_value={'cases': [{'symbol': 'BT...gative_cases_count': 46}, input_type=dict]
    For further information visit https://errors.pydantic.dev/2.11/v/missing
sampling_quality
  Field required [type=missing, input_value={'cases': [{'symbol': 'BT...gative_cases_count': 46}, input_type=dict]
    For further information visit https://errors.pydantic.dev/2.11/v/missing
cache_used
  Field required [type=missing, input_value={'cases': [{'symbol': 'BT...gative_cases_count': 46}, input_type=dict]
    For further information visit https://errors.pydantic.dev/2.11/v/missing
2025-09-20 14:25:51 - api.request - [31mERROR[0m - GET /api/v1/two-stage/combined/b173bd3d-a389-4965-aec9-f436c605b477/38616d01-694e-483b-8d07-17e3522e3287 - 500 - 0.027s
2025-09-20 14:36:02 - DataLoader - [31mERROR[0m - 保存緩存失敗: Missing optional dependency 'pytables'.  Use pip or conda to install pytables.
2025-09-20 14:37:22 - DataLoader - [31mERROR[0m - 保存緩存失敗: Missing optional dependency 'pytables'.  Use pip or conda to install pytables.
2025-09-20 22:02:12 - DataLoader - [31mERROR[0m - 保存緩存失敗: Missing optional dependency 'pytables'.  Use pip or conda to install pytables.
2025-09-20 22:03:25 - DataLoader - [31mERROR[0m - 保存緩存失敗: Missing optional dependency 'pytables'.  Use pip or conda to install pytables.
2025-09-20 22:20:09 - DataLoader - [31mERROR[0m - 保存緩存失敗: Missing optional dependency 'pytables'.  Use pip or conda to install pytables.
2025-09-20 22:21:45 - DataLoader - [31mERROR[0m - 保存緩存失敗: Missing optional dependency 'pytables'.  Use pip or conda to install pytables.
2025-09-20 22:22:57 - api.routes.two_stage_search - [31mERROR[0m - Error starting negative search: Positive search results not found for task 47ce44f8-d695-42f9-8627-b51941ea67e6
2025-09-20 22:22:57 - api.exception_handler - [31mERROR[0m - HTTP 500: Positive search results not found for task 47ce44f8-d695-42f9-8627-b51941ea67e6
2025-09-20 22:22:57 - api.request - [31mERROR[0m - POST /api/v1/two-stage/negative/47ce44f8-d695-42f9-8627-b51941ea67e6 - 500 - 0.006s
2025-09-20 22:23:48 - api.routes.two_stage_search - [31mERROR[0m - Error starting negative search: Positive search results not found for task 47ce44f8-d695-42f9-8627-b51941ea67e6
2025-09-20 22:23:48 - api.exception_handler - [31mERROR[0m - HTTP 500: Positive search results not found for task 47ce44f8-d695-42f9-8627-b51941ea67e6
2025-09-20 22:23:48 - api.request - [31mERROR[0m - POST /api/v1/two-stage/negative/47ce44f8-d695-42f9-8627-b51941ea67e6 - 500 - 0.002s
2025-09-20 22:29:17 - DataLoader - [31mERROR[0m - 保存緩存失敗: Missing optional dependency 'pytables'.  Use pip or conda to install pytables.
2025-09-20 22:31:05 - DataLoader - [31mERROR[0m - 保存緩存失敗: Missing optional dependency 'pytables'.  Use pip or conda to install pytables.
2025-09-20 22:33:03 - api.routes.two_stage_search - [31mERROR[0m - Error starting negative search: Positive search results not found for task 92f29f07-6dc7-4876-9527-558dd5c600ca
2025-09-20 22:33:03 - api.exception_handler - [31mERROR[0m - HTTP 500: Positive search results not found for task 92f29f07-6dc7-4876-9527-558dd5c600ca
2025-09-20 22:33:03 - api.request - [31mERROR[0m - POST /api/v1/two-stage/negative/92f29f07-6dc7-4876-9527-558dd5c600ca - 500 - 0.004s
2025-09-20 22:34:23 - DataLoader - [31mERROR[0m - 保存緩存失敗: Missing optional dependency 'pytables'.  Use pip or conda to install pytables.
2025-09-20 22:35:49 - api.routes.two_stage_search - [31mERROR[0m - Error starting negative search: Positive search results not found for task 51af3c57-68c1-424c-8b36-28a6369e9c75
2025-09-20 22:35:49 - api.exception_handler - [31mERROR[0m - HTTP 500: Positive search results not found for task 51af3c57-68c1-424c-8b36-28a6369e9c75
2025-09-20 22:35:49 - api.request - [31mERROR[0m - POST /api/v1/two-stage/negative/51af3c57-68c1-424c-8b36-28a6369e9c75 - 500 - 0.006s
