2025-09-28 13:00:58 - DataLoader - [31mERROR[0m - 保存緩存失敗: Missing optional dependency 'pytables'.  Use pip or conda to install pytables.
2025-09-28 13:14:46 - DataLoader - [31mERROR[0m - 保存緩存失敗: Missing optional dependency 'pytables'.  Use pip or conda to install pytables.
2025-09-28 13:14:47 - DataLoader - [31mERROR[0m - 保存緩存失敗: Missing optional dependency 'pytables'.  Use pip or conda to install pytables.
2025-09-28 13:14:49 - api.search_task_service - [31mERROR[0m - Negative search failed: 3 validation errors for SearchResultData
summary
  Field required [type=missing, input_value={'cases': [CaseData(symbo...processed': ['ETHUSDT']}, input_type=dict]
    For further information visit https://errors.pydantic.dev/2.11/v/missing
sampling_quality
  Field required [type=missing, input_value={'cases': [CaseData(symbo...processed': ['ETHUSDT']}, input_type=dict]
    For further information visit https://errors.pydantic.dev/2.11/v/missing
cache_used
  Field required [type=missing, input_value={'cases': [CaseData(symbo...processed': ['ETHUSDT']}, input_type=dict]
    For further information visit https://errors.pydantic.dev/2.11/v/missing
2025-09-28 13:16:29 - DataLoader - [31mERROR[0m - 保存緩存失敗: Missing optional dependency 'pytables'.  Use pip or conda to install pytables.
2025-09-28 13:16:31 - DataLoader - [31mERROR[0m - 保存緩存失敗: Missing optional dependency 'pytables'.  Use pip or conda to install pytables.
2025-09-28 13:16:33 - api.search_task_service - [31mERROR[0m - Negative search failed: 3 validation errors for SearchResultData
summary
  Field required [type=missing, input_value={'cases': [CaseData(symbo...processed': ['ETHUSDT']}, input_type=dict]
    For further information visit https://errors.pydantic.dev/2.11/v/missing
sampling_quality
  Field required [type=missing, input_value={'cases': [CaseData(symbo...processed': ['ETHUSDT']}, input_type=dict]
    For further information visit https://errors.pydantic.dev/2.11/v/missing
cache_used
  Field required [type=missing, input_value={'cases': [CaseData(symbo...processed': ['ETHUSDT']}, input_type=dict]
    For further information visit https://errors.pydantic.dev/2.11/v/missing
2025-09-28 13:17:56 - DataLoader - [31mERROR[0m - 保存緩存失敗: Missing optional dependency 'pytables'.  Use pip or conda to install pytables.
2025-09-28 13:17:57 - DataLoader - [31mERROR[0m - 保存緩存失敗: Missing optional dependency 'pytables'.  Use pip or conda to install pytables.
2025-09-28 13:17:59 - api.search_task_service - [31mERROR[0m - Negative search failed: 3 validation errors for SearchResultData
summary
  Field required [type=missing, input_value={'cases': [CaseData(symbo...processed': ['ETHUSDT']}, input_type=dict]
    For further information visit https://errors.pydantic.dev/2.11/v/missing
sampling_quality
  Field required [type=missing, input_value={'cases': [CaseData(symbo...processed': ['ETHUSDT']}, input_type=dict]
    For further information visit https://errors.pydantic.dev/2.11/v/missing
cache_used
  Field required [type=missing, input_value={'cases': [CaseData(symbo...processed': ['ETHUSDT']}, input_type=dict]
    For further information visit https://errors.pydantic.dev/2.11/v/missing
2025-09-28 13:19:24 - DataLoader - [31mERROR[0m - 保存緩存失敗: Missing optional dependency 'pytables'.  Use pip or conda to install pytables.
2025-09-28 13:19:24 - DataLoader - [31mERROR[0m - 保存緩存失敗: Missing optional dependency 'pytables'.  Use pip or conda to install pytables.
2025-09-28 13:19:26 - api.search_task_service - [31mERROR[0m - Negative search failed: 3 validation errors for SearchResultData
summary
  Field required [type=missing, input_value={'cases': [CaseData(symbo...processed': ['ETHUSDT']}, input_type=dict]
    For further information visit https://errors.pydantic.dev/2.11/v/missing
sampling_quality
  Field required [type=missing, input_value={'cases': [CaseData(symbo...processed': ['ETHUSDT']}, input_type=dict]
    For further information visit https://errors.pydantic.dev/2.11/v/missing
cache_used
  Field required [type=missing, input_value={'cases': [CaseData(symbo...processed': ['ETHUSDT']}, input_type=dict]
    For further information visit https://errors.pydantic.dev/2.11/v/missing
2025-09-28 13:20:28 - DataLoader - [31mERROR[0m - 保存緩存失敗: Missing optional dependency 'pytables'.  Use pip or conda to install pytables.
2025-09-28 13:20:29 - DataLoader - [31mERROR[0m - 保存緩存失敗: Missing optional dependency 'pytables'.  Use pip or conda to install pytables.
2025-09-28 13:20:31 - api.search_task_service - [31mERROR[0m - Negative search failed: 3 validation errors for SearchResultData
summary
  Field required [type=missing, input_value={'cases': [CaseData(symbo...processed': ['ETHUSDT']}, input_type=dict]
    For further information visit https://errors.pydantic.dev/2.11/v/missing
sampling_quality
  Field required [type=missing, input_value={'cases': [CaseData(symbo...processed': ['ETHUSDT']}, input_type=dict]
    For further information visit https://errors.pydantic.dev/2.11/v/missing
cache_used
  Field required [type=missing, input_value={'cases': [CaseData(symbo...processed': ['ETHUSDT']}, input_type=dict]
    For further information visit https://errors.pydantic.dev/2.11/v/missing
2025-09-28 13:21:25 - DataLoader - [31mERROR[0m - 保存緩存失敗: Missing optional dependency 'pytables'.  Use pip or conda to install pytables.
2025-09-28 13:21:26 - DataLoader - [31mERROR[0m - 保存緩存失敗: Missing optional dependency 'pytables'.  Use pip or conda to install pytables.
2025-09-28 13:21:27 - DataLoader - [31mERROR[0m - 保存緩存失敗: Missing optional dependency 'pytables'.  Use pip or conda to install pytables.
2025-09-28 13:21:27 - DataLoader - [31mERROR[0m - 保存緩存失敗: Missing optional dependency 'pytables'.  Use pip or conda to install pytables.
2025-09-28 13:21:28 - DataLoader - [31mERROR[0m - 保存緩存失敗: Missing optional dependency 'pytables'.  Use pip or conda to install pytables.
2025-09-28 13:21:29 - DataLoader - [31mERROR[0m - 保存緩存失敗: Missing optional dependency 'pytables'.  Use pip or conda to install pytables.
2025-09-28 13:21:30 - api.search_task_service - [31mERROR[0m - Negative search failed: 3 validation errors for SearchResultData
summary
  Field required [type=missing, input_value={'cases': [CaseData(symbo..., 'ETHUSDT', 'BTCUSDT']}, input_type=dict]
    For further information visit https://errors.pydantic.dev/2.11/v/missing
sampling_quality
  Field required [type=missing, input_value={'cases': [CaseData(symbo..., 'ETHUSDT', 'BTCUSDT']}, input_type=dict]
    For further information visit https://errors.pydantic.dev/2.11/v/missing
cache_used
  Field required [type=missing, input_value={'cases': [CaseData(symbo..., 'ETHUSDT', 'BTCUSDT']}, input_type=dict]
    For further information visit https://errors.pydantic.dev/2.11/v/missing
2025-09-28 13:25:46 - DataLoader - [31mERROR[0m - 保存緩存失敗: Missing optional dependency 'pytables'.  Use pip or conda to install pytables.
2025-09-28 13:25:47 - DataLoader - [31mERROR[0m - 保存緩存失敗: Missing optional dependency 'pytables'.  Use pip or conda to install pytables.
2025-09-28 13:25:48 - DataLoader - [31mERROR[0m - 保存緩存失敗: Missing optional dependency 'pytables'.  Use pip or conda to install pytables.
2025-09-28 13:25:48 - DataLoader - [31mERROR[0m - 保存緩存失敗: Missing optional dependency 'pytables'.  Use pip or conda to install pytables.
2025-09-28 13:25:48 - DataLoader - [31mERROR[0m - 保存緩存失敗: Missing optional dependency 'pytables'.  Use pip or conda to install pytables.
2025-09-28 13:25:49 - DataLoader - [31mERROR[0m - 保存緩存失敗: Missing optional dependency 'pytables'.  Use pip or conda to install pytables.
2025-09-28 13:25:49 - DataLoader - [31mERROR[0m - 保存緩存失敗: Missing optional dependency 'pytables'.  Use pip or conda to install pytables.
2025-09-28 13:25:49 - DataLoader - [31mERROR[0m - 保存緩存失敗: Missing optional dependency 'pytables'.  Use pip or conda to install pytables.
2025-09-28 13:25:49 - DataLoader - [31mERROR[0m - 保存緩存失敗: Missing optional dependency 'pytables'.  Use pip or conda to install pytables.
2025-09-28 13:25:49 - DataLoader - [31mERROR[0m - 保存緩存失敗: Missing optional dependency 'pytables'.  Use pip or conda to install pytables.
2025-09-28 13:25:49 - DataLoader - [31mERROR[0m - 保存緩存失敗: Missing optional dependency 'pytables'.  Use pip or conda to install pytables.
2025-09-28 13:25:49 - DataLoader - [31mERROR[0m - 保存緩存失敗: Missing optional dependency 'pytables'.  Use pip or conda to install pytables.
2025-09-28 13:25:49 - DataLoader - [31mERROR[0m - 保存緩存失敗: Missing optional dependency 'pytables'.  Use pip or conda to install pytables.
2025-09-28 13:25:49 - DataLoader - [31mERROR[0m - 保存緩存失敗: Missing optional dependency 'pytables'.  Use pip or conda to install pytables.
2025-09-28 13:25:49 - DataLoader - [31mERROR[0m - 保存緩存失敗: Missing optional dependency 'pytables'.  Use pip or conda to install pytables.
2025-09-28 13:25:50 - DataLoader - [31mERROR[0m - 保存緩存失敗: Missing optional dependency 'pytables'.  Use pip or conda to install pytables.
2025-09-28 13:25:50 - DataLoader - [31mERROR[0m - 保存緩存失敗: Missing optional dependency 'pytables'.  Use pip or conda to install pytables.
2025-09-28 13:25:50 - DataLoader - [31mERROR[0m - 保存緩存失敗: Missing optional dependency 'pytables'.  Use pip or conda to install pytables.
2025-09-28 13:25:50 - DataLoader - [31mERROR[0m - 保存緩存失敗: Missing optional dependency 'pytables'.  Use pip or conda to install pytables.
2025-09-28 13:25:50 - DataLoader - [31mERROR[0m - 保存緩存失敗: Missing optional dependency 'pytables'.  Use pip or conda to install pytables.
2025-09-28 13:25:50 - DataLoader - [31mERROR[0m - 保存緩存失敗: Missing optional dependency 'pytables'.  Use pip or conda to install pytables.
2025-09-28 13:25:51 - DataLoader - [31mERROR[0m - 保存緩存失敗: Missing optional dependency 'pytables'.  Use pip or conda to install pytables.
2025-09-28 13:25:51 - DataLoader - [31mERROR[0m - 保存緩存失敗: Missing optional dependency 'pytables'.  Use pip or conda to install pytables.
2025-09-28 13:25:51 - DataLoader - [31mERROR[0m - 保存緩存失敗: Missing optional dependency 'pytables'.  Use pip or conda to install pytables.
2025-09-28 13:25:51 - DataLoader - [31mERROR[0m - 保存緩存失敗: Missing optional dependency 'pytables'.  Use pip or conda to install pytables.
2025-09-28 13:25:51 - DataLoader - [31mERROR[0m - 保存緩存失敗: Missing optional dependency 'pytables'.  Use pip or conda to install pytables.
2025-09-28 13:25:51 - DataLoader - [31mERROR[0m - 保存緩存失敗: Missing optional dependency 'pytables'.  Use pip or conda to install pytables.
2025-09-28 13:25:51 - DataLoader - [31mERROR[0m - 保存緩存失敗: Missing optional dependency 'pytables'.  Use pip or conda to install pytables.
2025-09-28 13:25:51 - DataLoader - [31mERROR[0m - 保存緩存失敗: Missing optional dependency 'pytables'.  Use pip or conda to install pytables.
2025-09-28 13:25:51 - DataLoader - [31mERROR[0m - 保存緩存失敗: Missing optional dependency 'pytables'.  Use pip or conda to install pytables.
2025-09-28 13:25:51 - DataLoader - [31mERROR[0m - 保存緩存失敗: Missing optional dependency 'pytables'.  Use pip or conda to install pytables.
2025-09-28 13:25:52 - DataLoader - [31mERROR[0m - 保存緩存失敗: Missing optional dependency 'pytables'.  Use pip or conda to install pytables.
2025-09-28 13:25:52 - DataLoader - [31mERROR[0m - 保存緩存失敗: Missing optional dependency 'pytables'.  Use pip or conda to install pytables.
2025-09-28 13:25:52 - DataLoader - [31mERROR[0m - 保存緩存失敗: Missing optional dependency 'pytables'.  Use pip or conda to install pytables.
2025-09-28 13:25:52 - DataLoader - [31mERROR[0m - 保存緩存失敗: Missing optional dependency 'pytables'.  Use pip or conda to install pytables.
2025-09-28 13:25:52 - DataLoader - [31mERROR[0m - 保存緩存失敗: Missing optional dependency 'pytables'.  Use pip or conda to install pytables.
2025-09-28 13:25:52 - DataLoader - [31mERROR[0m - 保存緩存失敗: Missing optional dependency 'pytables'.  Use pip or conda to install pytables.
2025-09-28 13:25:52 - DataLoader - [31mERROR[0m - 保存緩存失敗: Missing optional dependency 'pytables'.  Use pip or conda to install pytables.
2025-09-28 13:25:52 - DataLoader - [31mERROR[0m - 保存緩存失敗: Missing optional dependency 'pytables'.  Use pip or conda to install pytables.
2025-09-28 13:25:52 - DataLoader - [31mERROR[0m - 保存緩存失敗: Missing optional dependency 'pytables'.  Use pip or conda to install pytables.
2025-09-28 13:25:52 - DataLoader - [31mERROR[0m - 保存緩存失敗: Missing optional dependency 'pytables'.  Use pip or conda to install pytables.
2025-09-28 13:25:53 - DataLoader - [31mERROR[0m - 保存緩存失敗: Missing optional dependency 'pytables'.  Use pip or conda to install pytables.
2025-09-28 13:25:53 - DataLoader - [31mERROR[0m - 保存緩存失敗: Missing optional dependency 'pytables'.  Use pip or conda to install pytables.
2025-09-28 13:25:53 - DataLoader - [31mERROR[0m - 保存緩存失敗: Missing optional dependency 'pytables'.  Use pip or conda to install pytables.
2025-09-28 13:25:53 - DataLoader - [31mERROR[0m - 保存緩存失敗: Missing optional dependency 'pytables'.  Use pip or conda to install pytables.
2025-09-28 13:25:53 - DataLoader - [31mERROR[0m - 保存緩存失敗: Missing optional dependency 'pytables'.  Use pip or conda to install pytables.
2025-09-28 13:25:53 - DataLoader - [31mERROR[0m - 保存緩存失敗: Missing optional dependency 'pytables'.  Use pip or conda to install pytables.
2025-09-28 13:25:53 - DataLoader - [31mERROR[0m - 保存緩存失敗: Missing optional dependency 'pytables'.  Use pip or conda to install pytables.
2025-09-28 13:25:53 - DataLoader - [31mERROR[0m - 保存緩存失敗: Missing optional dependency 'pytables'.  Use pip or conda to install pytables.
2025-09-28 13:25:53 - DataLoader - [31mERROR[0m - 保存緩存失敗: Missing optional dependency 'pytables'.  Use pip or conda to install pytables.
2025-09-28 13:25:53 - DataLoader - [31mERROR[0m - 保存緩存失敗: Missing optional dependency 'pytables'.  Use pip or conda to install pytables.
2025-09-28 13:25:53 - DataLoader - [31mERROR[0m - 保存緩存失敗: Missing optional dependency 'pytables'.  Use pip or conda to install pytables.
2025-09-28 13:25:54 - DataLoader - [31mERROR[0m - 保存緩存失敗: Missing optional dependency 'pytables'.  Use pip or conda to install pytables.
2025-09-28 13:25:54 - DataLoader - [31mERROR[0m - 保存緩存失敗: Missing optional dependency 'pytables'.  Use pip or conda to install pytables.
2025-09-28 13:25:54 - DataLoader - [31mERROR[0m - 保存緩存失敗: Missing optional dependency 'pytables'.  Use pip or conda to install pytables.
2025-09-28 13:25:54 - DataLoader - [31mERROR[0m - 保存緩存失敗: Missing optional dependency 'pytables'.  Use pip or conda to install pytables.
2025-09-28 13:25:54 - DataLoader - [31mERROR[0m - 保存緩存失敗: Missing optional dependency 'pytables'.  Use pip or conda to install pytables.
2025-09-28 13:25:54 - DataLoader - [31mERROR[0m - 保存緩存失敗: Missing optional dependency 'pytables'.  Use pip or conda to install pytables.
2025-09-28 13:25:54 - DataLoader - [31mERROR[0m - 保存緩存失敗: Missing optional dependency 'pytables'.  Use pip or conda to install pytables.
2025-09-28 13:25:54 - api.search_task_service - [31mERROR[0m - Negative search failed: 3 validation errors for SearchResultData
summary
  Field required [type=missing, input_value={'cases': [CaseData(symbo..., 'ETHUSDT', 'BTCUSDT']}, input_type=dict]
    For further information visit https://errors.pydantic.dev/2.11/v/missing
sampling_quality
  Field required [type=missing, input_value={'cases': [CaseData(symbo..., 'ETHUSDT', 'BTCUSDT']}, input_type=dict]
    For further information visit https://errors.pydantic.dev/2.11/v/missing
cache_used
  Field required [type=missing, input_value={'cases': [CaseData(symbo..., 'ETHUSDT', 'BTCUSDT']}, input_type=dict]
    For further information visit https://errors.pydantic.dev/2.11/v/missing
2025-09-28 14:24:53 - DataLoader - [31mERROR[0m - 保存緩存失敗: Missing optional dependency 'pytables'.  Use pip or conda to install pytables.
2025-09-28 14:26:57 - DataLoader - [31mERROR[0m - 保存緩存失敗: Missing optional dependency 'pytables'.  Use pip or conda to install pytables.
2025-09-28 14:27:01 - DataLoader - [31mERROR[0m - 保存緩存失敗: Missing optional dependency 'pytables'.  Use pip or conda to install pytables.
2025-09-28 14:27:31 - DataLoader - [31mERROR[0m - 保存緩存失敗: Missing optional dependency 'pytables'.  Use pip or conda to install pytables.
2025-09-28 14:28:19 - DataLoader - [31mERROR[0m - 保存緩存失敗: Missing optional dependency 'pytables'.  Use pip or conda to install pytables.
2025-09-28 14:28:20 - DataLoader - [31mERROR[0m - 保存緩存失敗: Missing optional dependency 'pytables'.  Use pip or conda to install pytables.
2025-09-28 14:28:21 - DataLoader - [31mERROR[0m - 保存緩存失敗: Missing optional dependency 'pytables'.  Use pip or conda to install pytables.
2025-09-28 15:15:54 - DataLoader - [31mERROR[0m - 保存緩存失敗: Missing optional dependency 'pytables'.  Use pip or conda to install pytables.
2025-09-28 15:15:55 - DataLoader - [31mERROR[0m - 保存緩存失敗: Missing optional dependency 'pytables'.  Use pip or conda to install pytables.
2025-09-28 15:15:57 - api.search_task_service - [31mERROR[0m - Negative search failed: 3 validation errors for SearchResultData
summary
  Field required [type=missing, input_value={'cases': [CaseData(symbo...processed': ['ETHUSDT']}, input_type=dict]
    For further information visit https://errors.pydantic.dev/2.11/v/missing
sampling_quality
  Field required [type=missing, input_value={'cases': [CaseData(symbo...processed': ['ETHUSDT']}, input_type=dict]
    For further information visit https://errors.pydantic.dev/2.11/v/missing
cache_used
  Field required [type=missing, input_value={'cases': [CaseData(symbo...processed': ['ETHUSDT']}, input_type=dict]
    For further information visit https://errors.pydantic.dev/2.11/v/missing
2025-09-28 15:16:44 - DataLoader - [31mERROR[0m - 保存緩存失敗: Missing optional dependency 'pytables'.  Use pip or conda to install pytables.
2025-09-28 15:27:56 - DataLoader - [31mERROR[0m - 保存緩存失敗: Missing optional dependency 'pytables'.  Use pip or conda to install pytables.
